[33mΓ¥»[39m Building...
[32mΓ£ö[39m Building...
Application bundle generation failed. [18.577 seconds]

node.exe : [1m[33m[33mΓû▓ [43;33m[[43;30mWARNING[43;33m][0m [1m1 repetitive deprecation warnings omitted.
At C:\Users\Sfiso\AppData\Roaming\npm\ng.ps1:24 char:5
+     & "node$exe"  "$basedir/node_modules/@angular/cli/bin/ng.js" $arg ...
+     ~~~~~~~~~~~~~~~~~~~~~~~~~~~~~~~~~~~~~~~~~~~~~~~~~~~~~~~~~~~~~~~~~
    + CategoryInfo          : NotSpecified: ([1m[33m[33mΓ...rnings omitted.:String) [], RemoteException
    + FullyQualifiedErrorId : NativeCommandError
 
Run in verbose mode to see all warnings.[0m [1m[35m[plugin angular-sass][0m

  null


[33mΓû▓ [43;33m[[43;30mWARNING[43;33m][0m [1m1 repetitive deprecation warnings omitted.
Run in verbose mode to see all warnings.[0m [1m[35m[plugin angular-sass][0m

  null


[33mΓû▓ [43;33m[[43;30mWARNING[43;33m][0m [1m1 repetitive deprecation warnings omitted.
Run in verbose mode to see all warnings.[0m [1m[35m[plugin angular-sass][0m

  null


[33mΓû▓ [43;33m[[43;30mWARNING[43;33m][0m [1m1 repetitive deprecation warnings omitted.
Run in verbose mode to see all warnings.[0m [1m[35m[plugin angular-sass][0m

  null


[33mΓû▓ [43;33m[[43;30mWARNING[43;33m][0m [1m1 repetitive deprecation warnings omitted.
Run in verbose mode to see all warnings.[0m [1m[35m[plugin angular-sass][0m

  null


[33mΓû▓ [43;33m[[43;30mWARNING[43;33m][0m [1m1 repetitive deprecation warnings omitted.
Run in verbose mode to see all warnings.[0m [1m[35m[plugin angular-sass][0m

  null


[33mΓû▓ [43;33m[[43;30mWARNING[43;33m][0m [1m1 repetitive deprecation warnings omitted.
Run in verbose mode to see all warnings.[0m [1m[35m[plugin angular-sass][0m

  null


[33mΓû▓ [43;33m[[43;30mWARNING[43;33m][0m [1m1 repetitive deprecation warnings omitted.
Run in verbose mode to see all warnings.[0m [1m[35m[plugin angular-sass][0m

  null


[33mΓû▓ [43;33m[[43;30mWARNING[43;33m][0m [1m1 repetitive deprecation warnings omitted.
Run in verbose mode to see all warnings.[0m [1m[35m[plugin angular-sass][0m

  null


[33mΓû▓ [43;33m[[43;30mWARNING[43;33m][0m [1m1 repetitive deprecation warnings omitted.
Run in verbose mode to see all warnings.[0m [1m[35m[plugin angular-sass][0m

  null


[33mΓû▓ [43;33m[[43;30mWARNING[43;33m][0m [1m1 repetitive deprecation warnings omitted.
Run in verbose mode to see all warnings.[0m [1m[35m[plugin angular-sass][0m

  null


[33mΓû▓ [43;33m[[43;30mWARNING[43;33m][0m [1m1 repetitive deprecation warnings omitted.
Run in verbose mode to see all warnings.[0m [1m[35m[plugin angular-sass][0m

  null


[33mΓû▓ [43;33m[[43;30mWARNING[43;33m][0m [1m1 repetitive deprecation warnings omitted.
Run in verbose mode to see all warnings.[0m [1m[35m[plugin angular-sass][0m

  null


[33mΓû▓ [43;33m[[43;30mWARNING[43;33m][0m [1m1 repetitive deprecation warnings omitted.
Run in verbose mode to see all warnings.[0m [1m[35m[plugin angular-sass][0m

  null


[33mΓû▓ [43;33m[[43;30mWARNING[43;33m][0m [1m1 repetitive deprecation warnings omitted.
Run in verbose mode to see all warnings.[0m [1m[35m[plugin angular-sass][0m

  null


[33mΓû▓ [43;33m[[43;30mWARNING[43;33m][0m [1m1 repetitive deprecation warnings omitted.
Run in verbose mode to see all warnings.[0m [1m[35m[plugin angular-sass][0m

  null


[33mΓû▓ [43;33m[[43;30mWARNING[43;33m][0m [1m1 repetitive deprecation warnings omitted.
Run in verbose mode to see all warnings.[0m [1m[35m[plugin angular-sass][0m

  null


[33mΓû▓ [43;33m[[43;30mWARNING[43;33m][0m [1m1 repetitive deprecation warnings omitted.
Run in verbose mode to see all warnings.[0m [1m[35m[plugin angular-sass][0m

  null


[33mΓû▓ [43;33m[[43;30mWARNING[43;33m][0m [1m1 repetitive deprecation warnings omitted.
Run in verbose mode to see all warnings.[0m [1m[35m[plugin angular-sass][0m

  null


[33mΓû▓ [43;33m[[43;30mWARNING[43;33m][0m [1m1 repetitive deprecation warnings omitted.
Run in verbose mode to see all warnings.[0m [1m[35m[plugin angular-sass][0m

  null


[33mΓû▓ [43;33m[[43;30mWARNING[43;33m][0m [1m1 repetitive deprecation warnings omitted.
Run in verbose mode to see all warnings.[0m [1m[35m[plugin angular-sass][0m

  null


[33mΓû▓ [43;33m[[43;30mWARNING[43;33m][0m [1m1 repetitive deprecation warnings omitted.
Run in verbose mode to see all warnings.[0m [1m[35m[plugin angular-sass][0m

  null


[33mΓû▓ [43;33m[[43;30mWARNING[43;33m][0m [1m1 repetitive deprecation warnings omitted.
Run in verbose mode to see all warnings.[0m [1m[35m[plugin angular-sass][0m

  null


[33mΓû▓ [43;33m[[43;30mWARNING[43;33m][0m [1m1 repetitive deprecation warnings omitted.
Run in verbose mode to see all warnings.[0m [1m[35m[plugin angular-sass][0m

  null


[33mΓû▓ [43;33m[[43;30mWARNING[43;33m][0m [1m1 repetitive deprecation warnings omitted.
Run in verbose mode to see all warnings.[0m [1m[35m[plugin angular-sass][0m

  null


[33mΓû▓ [43;33m[[43;30mWARNING[43;33m][0m [1m1 repetitive deprecation warnings omitted.
Run in verbose mode to see all warnings.[0m [1m[35m[plugin angular-sass][0m

  null


[33mΓû▓ [43;33m[[43;30mWARNING[43;33m][0m [1m1 repetitive deprecation warnings omitted.
Run in verbose mode to see all warnings.[0m [1m[35m[plugin angular-sass][0m

  null


[33mΓû▓ [43;33m[[43;30mWARNING[43;33m][0m [1m1 repetitive deprecation warnings omitted.
Run in verbose mode to see all warnings.[0m [1m[35m[plugin angular-sass][0m

  null


[33mΓû▓ [43;33m[[43;30mWARNING[43;33m][0m [1m1 repetitive deprecation warnings omitted.
Run in verbose mode to see all warnings.[0m [1m[35m[plugin angular-sass][0m

  null


[33mΓû▓ [43;33m[[43;30mWARNING[43;33m][0m [1m1 repetitive deprecation warnings omitted.
Run in verbose mode to see all warnings.[0m [1m[35m[plugin angular-sass][0m

  null


[33mΓû▓ [43;33m[[43;30mWARNING[43;33m][0m [1m1 repetitive deprecation warnings omitted.
Run in verbose mode to see all warnings.[0m [1m[35m[plugin angular-sass][0m

  null


[33mΓû▓ [43;33m[[43;30mWARNING[43;33m][0m [1m1 repetitive deprecation warnings omitted.
Run in verbose mode to see all warnings.[0m [1m[35m[plugin angular-sass][0m

  null


[33mΓû▓ [43;33m[[43;30mWARNING[43;33m][0m [1mNG8107: The left side of this optional chain operation does not include 'null' or 
'undefined' in its type, therefore the '?.' operator can be replaced with the '.' operator.[0m [1m[35m[plugin angular-compiler][0m

    src/app/building-blocks/featured-products-widget/featured-products-widget.component.ts:15:62:
[37m      15 Γöé ...mages && product.images[0]?.[32mimageUrl[37m) || product.images?.[0]?.u...
         Γò╡                                [32m~~~~~~~~[0m


[33mΓû▓ [43;33m[[43;30mWARNING[43;33m][0m [1mNG8107: The left side of this optional chain operation does not include 'null' or 
'undefined' in its type, therefore the '?.' operator can be replaced with the '.' operator.[0m [1m[35m[plugin angular-compiler][0m

    src/app/building-blocks/products-widget/products-widget.component.ts:27:64:
[37m      27 Γöé ...mages && product.images[0]?.[32mimageUrl[37m) || product.images?.[0]?.u...
         Γò╡                                [32m~~~~~~~~[0m


[33mΓû▓ [43;33m[[43;30mWARNING[43;33m][0m [1mDeprecation[0m [1m[35m[plugin angular-sass][0m

    src/app/pages/asset-management/asset-management.component.scss:1:8:
[37m      1 Γöé @import [32m[37m'../../shared/styles/modern-ui.scss';
        Γò╡         [32m^[0m


  Sass @import rules are deprecated and will be removed in Dart Sass 3.0.0.
  
  More info and automated migrator: [4mhttps://sass-lang.com/d/import[0m


[33mΓû▓ [43;33m[[43;30mWARNING[43;33m][0m [1mDeprecation[0m [1m[35m[plugin angular-sass][0m

    src/app/pages/auth/change-password-dialog/change-password-dialog.component.scss:1:8:
[37m      1 Γöé @import [32m[37m'../../../shared/styles/modern-ui.scss';
        Γò╡         [32m^[0m


  Sass @import rules are deprecated and will be removed in Dart Sass 3.0.0.
  
  More info and automated migrator: [4mhttps://sass-lang.com/d/import[0m


[33mΓû▓ [43;33m[[43;30mWARNING[43;33m][0m [1mDeprecation[0m [1m[35m[plugin angular-sass][0m

    src/app/pages/auth/forgot-password.component.scss:1:8:
[37m      1 Γöé @import [32m[37m'../../shared/styles/modern-ui.scss';
        Γò╡         [32m^[0m


  Sass @import rules are deprecated and will be removed in Dart Sass 3.0.0.
  
  More info and automated migrator: [4mhttps://sass-lang.com/d/import[0m


[33mΓû▓ [43;33m[[43;30mWARNING[43;33m][0m [1mDeprecation[0m [1m[35m[plugin angular-sass][0m

    src/app/pages/auth/login.component.scss:1:8:
[37m      1 Γöé @import [32m[37m'../../shared/styles/modern-ui.scss';
        Γò╡         [32m^[0m


  Sass @import rules are deprecated and will be removed in Dart Sass 3.0.0.
  
  More info and automated migrator: [4mhttps://sass-lang.com/d/import[0m


[33mΓû▓ [43;33m[[43;30mWARNING[43;33m][0m [1mDeprecation[0m [1m[35m[plugin angular-sass][0m

    src/app/pages/auth/member-registration.component.scss:1:8:
[37m      1 Γöé @import [32m[37m'../../shared/styles/modern-ui.scss';
        Γò╡         [32m^[0m


  Sass @import rules are deprecated and will be removed in Dart Sass 3.0.0.
  
  More info and automated migrator: [4mhttps://sass-lang.com/d/import[0m


[33mΓû▓ [43;33m[[43;30mWARNING[43;33m][0m [1mDeprecation[0m [1m[35m[plugin angular-sass][0m

    src/app/pages/auth/policy-selection-modal/policy-selection-modal.component.scss:1:8:
[37m      1 Γöé @import [32m[37m'../../../shared/styles/modern-ui.scss';
        Γò╡         [32m^[0m


  Sass @import rules are deprecated and will be removed in Dart Sass 3.0.0.
  
  More info and automated migrator: [4mhttps://sass-lang.com/d/import[0m


[33mΓû▓ [43;33m[[43;30mWARNING[43;33m][0m [1mDeprecation[0m [1m[35m[plugin angular-sass][0m

    src/app/pages/auth/register.component.scss:1:8:
[37m      1 Γöé @import [32m[37m'../../shared/styles/modern-ui.scss';
        Γò╡         [32m^[0m


  Sass @import rules are deprecated and will be removed in Dart Sass 3.0.0.
  
  More info and automated migrator: [4mhttps://sass-lang.com/d/import[0m


[33mΓû▓ [43;33m[[43;30mWARNING[43;33m][0m [1mDeprecation[0m [1m[35m[plugin angular-sass][0m

    src/app/pages/auth/reset-password.component.scss:1:8:
[37m      1 Γöé @import [32m[37m'../../shared/styles/modern-ui.scss';
        Γò╡         [32m^[0m


  Sass @import rules are deprecated and will be removed in Dart Sass 3.0.0.
  
  More info and automated migrator: [4mhttps://sass-lang.com/d/import[0m


[33mΓû▓ [43;33m[[43;30mWARNING[43;33m][0m [1mDeprecation[0m [1m[35m[plugin angular-sass][0m

    src/app/pages/claims/claims.component.scss:1:8:
[37m      1 Γöé @import [32m[37m'../../shared/styles/modern-ui.scss';
        Γò╡         [32m^[0m


  Sass @import rules are deprecated and will be removed in Dart Sass 3.0.0.
  
  More info and automated migrator: [4mhttps://sass-lang.com/d/import[0m


[33mΓû▓ [43;33m[[43;30mWARNING[43;33m][0m [1mDeprecation[0m [1m[35m[plugin angular-sass][0m

    src/app/pages/dashboard-settings/dashboard-settings.component.scss:1:8:
[37m      1 Γöé @import [32m[37m'../../shared/styles/modern-ui.scss';
        Γò╡         [32m^[0m


  Sass @import rules are deprecated and will be removed in Dart Sass 3.0.0.
  
  More info and automated migrator: [4mhttps://sass-lang.com/d/import[0m


[33mΓû▓ [43;33m[[43;30mWARNING[43;33m][0m [1mDeprecation[0m [1m[35m[plugin angular-sass][0m

    src/app/pages/dashboard/dashboard.scss:1:8:
[37m      1 Γöé @import [32m[37m'../../shared/styles/modern-ui.scss';
        Γò╡         [32m^[0m


  Sass @import rules are deprecated and will be removed in Dart Sass 3.0.0.
  
  More info and automated migrator: [4mhttps://sass-lang.com/d/import[0m


[33mΓû▓ [43;33m[[43;30mWARNING[43;33m][0m [1mDeprecation[0m [1m[35m[plugin angular-sass][0m

    src/app/pages/dashboard/widgets/member-growth-widget/member-growth-widget.component.scss:1:8:
[37m      1 Γöé @import [32m[37m'../../../../shared/styles/modern-ui.scss';
        Γò╡         [32m^[0m


  Sass @import rules are deprecated and will be removed in Dart Sass 3.0.0.
  
  More info and automated migrator: [4mhttps://sass-lang.com/d/import[0m


[33mΓû▓ [43;33m[[43;30mWARNING[43;33m][0m [1mDeprecation[0m [1m[35m[plugin angular-sass][0m

    src/app/pages/dashboard/widgets/recent-claims-widget/recent-claims-widget.component.scss:1:8:
[37m      1 Γöé @import [32m[37m'../../../../shared/styles/modern-ui.scss';
        Γò╡         [32m^[0m


  Sass @import rules are deprecated and will be removed in Dart Sass 3.0.0.
  
  More info and automated migrator: [4mhttps://sass-lang.com/d/import[0m


[33mΓû▓ [43;33m[[43;30mWARNING[43;33m][0m [1mDeprecation[0m [1m[35m[plugin angular-sass][0m

    src/app/pages/dashboard/widgets/revenue-chart-widget/revenue-chart-widget.component.scss:1:8:
[37m      1 Γöé @import [32m[37m'../../../../shared/styles/modern-ui.scss';
        Γò╡         [32m^[0m


  Sass @import rules are deprecated and will be removed in Dart Sass 3.0.0.
  
  More info and automated migrator: [4mhttps://sass-lang.com/d/import[0m


[33mΓû▓ [43;33m[[43;30mWARNING[43;33m][0m [1mDeprecation[0m [1m[35m[plugin angular-sass][0m

    src/app/pages/dashboard/widgets/stats-summary-widget/stats-summary-widget.component.scss:1:8:
[37m      1 Γöé @import [32m[37m'../../../../shared/styles/modern-ui.scss';
        Γò╡         [32m^[0m


  Sass @import rules are deprecated and will be removed in Dart Sass 3.0.0.
  
  More info and automated migrator: [4mhttps://sass-lang.com/d/import[0m


[33mΓû▓ [43;33m[[43;30mWARNING[43;33m][0m [1mDeprecation[0m [1m[35m[plugin angular-sass][0m

    src/app/pages/funeral-events/funeral-events.component.scss:1:8:
[37m      1 Γöé @import [32m[37m'../../shared/styles/modern-ui.scss';
        Γò╡         [32m^[0m


  Sass @import rules are deprecated and will be removed in Dart Sass 3.0.0.
  
  More info and automated migrator: [4mhttps://sass-lang.com/d/import[0m


[33mΓû▓ [43;33m[[43;30mWARNING[43;33m][0m [1mDeprecation[0m [1m[35m[plugin angular-sass][0m

    src/app/pages/landing-renderer/landing-page-renderer.component.ts:2:20:
[37m      2 Γöé             @import [32m[37m'../../building-blocks/animations.scss';
        Γò╡                     [32m^[0m


  Sass @import rules are deprecated and will be removed in Dart Sass 3.0.0.
  
  More info and automated migrator: [4mhttps://sass-lang.com/d/import[0m


[33mΓû▓ [43;33m[[43;30mWARNING[43;33m][0m [1mNG8107: The left side of this optional chain operation does not include 'null' or 
'undefined' in its type, therefore the '?.' operator can be replaced with the '.' operator.[0m [1m[35m[plugin angular-compiler][0m

    src/app/pages/landing-renderer/landing-page-renderer.component.ts:30:115:
[37m      30 Γöé ...| _settings.title || tenantSettings?.[32mtenantName[37m || 'Mizo'}}</span>
         Γò╡                                         [32m~~~~~~~~~~[0m


[33mΓû▓ [43;33m[[43;30mWARNING[43;33m][0m [1mDeprecation[0m [1m[35m[plugin angular-sass][0m

    src/app/pages/member-management/member-management.component.scss:1:8:
[37m      1 Γöé @import [32m[37m'../../shared/styles/modern-ui.scss';
        Γò╡         [32m^[0m


  Sass @import rules are deprecated and will be removed in Dart Sass 3.0.0.
  
  More info and automated migrator: [4mhttps://sass-lang.com/d/import[0m


[33mΓû▓ [43;33m[[43;30mWARNING[43;33m][0m [1mDeprecation[0m [1m[35m[plugin angular-sass][0m

    src/app/pages/member-onboarding/member-onboarding.component.scss:1:8:
[37m      1 Γöé @import [32m[37m'../../shared/styles/modern-ui.scss';
        Γò╡         [32m^[0m


  Sass @import rules are deprecated and will be removed in Dart Sass 3.0.0.
  
  More info and automated migrator: [4mhttps://sass-lang.com/d/import[0m


[33mΓû▓ [43;33m[[43;30mWARNING[43;33m][0m [1mDeprecation[0m [1m[35m[plugin angular-sass][0m

    src/app/pages/member-onboarding/steps/banking-details-step.component.scss:1:8:
[37m      1 Γöé @import [32m[37m'../../../shared/styles/modern-ui.scss';
        Γò╡         [32m^[0m


  Sass @import rules are deprecated and will be removed in Dart Sass 3.0.0.
  
  More info and automated migrator: [4mhttps://sass-lang.com/d/import[0m


[33mΓû▓ [43;33m[[43;30mWARNING[43;33m][0m [1mDeprecation[0m [1m[35m[plugin angular-sass][0m

    src/app/pages/member-onboarding/steps/personal-info-step.component.scss:1:8:
[37m      1 Γöé @import [32m[37m'../../../shared/styles/modern-ui.scss';
        Γò╡         [32m^[0m


  Sass @import rules are deprecated and will be removed in Dart Sass 3.0.0.
  
  More info and automated migrator: [4mhttps://sass-lang.com/d/import[0m


[33mΓû▓ [43;33m[[43;30mWARNING[43;33m][0m [1mDeprecation[0m [1m[35m[plugin angular-sass][0m

    src/app/pages/member-onboarding/steps/summary-step/summary-step.component.scss:1:8:
[37m      1 Γöé @import [32m[37m'../../../../shared/styles/modern-ui.scss';
        Γò╡         [32m^[0m


  Sass @import rules are deprecated and will be removed in Dart Sass 3.0.0.
  
  More info and automated migrator: [4mhttps://sass-lang.com/d/import[0m


[33mΓû▓ [43;33m[[43;30mWARNING[43;33m][0m [1mDeprecation[0m [1m[35m[plugin angular-sass][0m

    src/app/pages/notfound/notfound.scss:1:8:
[37m      1 Γöé @import [32m[37m'../../shared/styles/modern-ui.scss';
        Γò╡         [32m^[0m


  Sass @import rules are deprecated and will be removed in Dart Sass 3.0.0.
  
  More info and automated migrator: [4mhttps://sass-lang.com/d/import[0m


[33mΓû▓ [43;33m[[43;30mWARNING[43;33m][0m [1mDeprecation[0m [1m[35m[plugin angular-sass][0m

    src/app/pages/onboarding-settings/field-configuration/field-configuration.component.scss:1:8:
[37m      1 Γöé @import [32m[37m'../../../shared/styles/modern-ui.scss';
        Γò╡         [32m^[0m


  Sass @import rules are deprecated and will be removed in Dart Sass 3.0.0.
  
  More info and automated migrator: [4mhttps://sass-lang.com/d/import[0m


[33mΓû▓ [43;33m[[43;30mWARNING[43;33m][0m [1mDeprecation[0m [1m[35m[plugin angular-sass][0m

    src/app/pages/onboarding-settings/onboarding-settings.component.scss:1:8:
[37m      1 Γöé @import [32m[37m'../../shared/styles/modern-ui.scss';
        Γò╡         [32m^[0m


  Sass @import rules are deprecated and will be removed in Dart Sass 3.0.0.
  
  More info and automated migrator: [4mhttps://sass-lang.com/d/import[0m


[33mΓû▓ [43;33m[[43;30mWARNING[43;33m][0m [1mDeprecation[0m [1m[35m[plugin angular-sass][0m

    src/app/pages/onboarding-settings/required-documents/required-documents.component.scss:1:8:
[37m      1 Γöé @import [32m[37m'../../../shared/styles/modern-ui.scss';
        Γò╡         [32m^[0m


  Sass @import rules are deprecated and will be removed in Dart Sass 3.0.0.
  
  More info and automated migrator: [4mhttps://sass-lang.com/d/import[0m


[33mΓû▓ [43;33m[[43;30mWARNING[43;33m][0m [1mDeprecation[0m [1m[35m[plugin angular-sass][0m

    src/app/pages/onboarding-settings/terms-management/terms-management.component.scss:1:8:
[37m      1 Γöé @import [32m[37m'../../../shared/styles/modern-ui.scss';
        Γò╡         [32m^[0m


  Sass @import rules are deprecated and will be removed in Dart Sass 3.0.0.
  
  More info and automated migrator: [4mhttps://sass-lang.com/d/import[0m


[33mΓû▓ [43;33m[[43;30mWARNING[43;33m][0m [1mDeprecation[0m [1m[35m[plugin angular-sass][0m

    src/app/pages/personnel/personnel.component.scss:1:8:
[37m      1 Γöé @import [32m[37m'../../shared/styles/modern-ui.scss';
        Γò╡         [32m^[0m


  Sass @import rules are deprecated and will be removed in Dart Sass 3.0.0.
  
  More info and automated migrator: [4mhttps://sass-lang.com/d/import[0m


[33mΓû▓ [43;33m[[43;30mWARNING[43;33m][0m [1mDeprecation[0m [1m[35m[plugin angular-sass][0m

    src/app/pages/policy-attributes/policy-attributes.component.scss:1:8:
[37m      1 Γöé @import [32m[37m'../../shared/styles/modern-ui.scss';
        Γò╡         [32m^[0m


  Sass @import rules are deprecated and will be removed in Dart Sass 3.0.0.
  
  More info and automated migrator: [4mhttps://sass-lang.com/d/import[0m


[33mΓû▓ [43;33m[[43;30mWARNING[43;33m][0m [1mDeprecation[0m [1m[35m[plugin angular-sass][0m

    src/app/pages/roles/roles.component.scss:1:8:
[37m      1 Γöé @import [32m[37m'../../shared/styles/modern-ui.scss';
        Γò╡         [32m^[0m


  Sass @import rules are deprecated and will be removed in Dart Sass 3.0.0.
  
  More info and automated migrator: [4mhttps://sass-lang.com/d/import[0m


[33mΓû▓ [43;33m[[43;30mWARNING[43;33m][0m [1mDeprecation[0m [1m[35m[plugin angular-sass][0m

    src/app/pages/timesheets/timesheets.component.scss:1:8:
[37m      1 Γöé @import [32m[37m'../../shared/styles/modern-ui.scss';
        Γò╡         [32m^[0m


  Sass @import rules are deprecated and will be removed in Dart Sass 3.0.0.
  
  More info and automated migrator: [4mhttps://sass-lang.com/d/import[0m


[33mΓû▓ [43;33m[[43;30mWARNING[43;33m][0m [1mDeprecation[0m [1m[35m[plugin angular-sass][0m

    src/app/shared/components/identity-verification/identity-verification-form.component.scss:1:8:
[37m      1 Γöé @import [32m[37m'../../styles/modern-ui.scss';
        Γò╡         [32m^[0m


  Sass @import rules are deprecated and will be removed in Dart Sass 3.0.0.
  
  More info and automated migrator: [4mhttps://sass-lang.com/d/import[0m


[33mΓû▓ [43;33m[[43;30mWARNING[43;33m][0m [1mDeprecation[0m [1m[35m[plugin angular-sass][0m

    src/app/shared/components/verification-status/verification-status.component.scss:1:8:
[37m      1 Γöé @import [32m[37m'../../styles/modern-ui.scss';
        Γò╡         [32m^[0m


  Sass @import rules are deprecated and will be removed in Dart Sass 3.0.0.
  
  More info and automated migrator: [4mhttps://sass-lang.com/d/import[0m


[33mΓû▓ [43;33m[[43;30mWARNING[43;33m][0m [1mDeprecation[0m [1m[35m[plugin angular-sass][0m

    src/app/shared/styles/_mixins.scss:7:8:
[37m      7 Γöé @import [32m[37m'design-tokens';
        Γò╡         [32m^[0m


  Sass @import rules are deprecated and will be removed in Dart Sass 3.0.0.
  
  More info and automated migrator: [4mhttps://sass-lang.com/d/import[0m


[33mΓû▓ [43;33m[[43;30mWARNING[43;33m][0m [1mDeprecation[0m [1m[35m[plugin angular-sass][0m

    src/app/shared/styles/_mixins.scss:7:8:
[37m      7 Γöé @import [32m[37m'design-tokens';
        Γò╡         [32m^[0m


  Sass @import rules are deprecated and will be removed in Dart Sass 3.0.0.
  
  More info and automated migrator: [4mhttps://sass-lang.com/d/import[0m


[33mΓû▓ [43;33m[[43;30mWARNING[43;33m][0m [1mDeprecation[0m [1m[35m[plugin angular-sass][0m

    src/app/shared/styles/_mixins.scss:7:8:
[37m      7 Γöé @import [32m[37m'design-tokens';
        Γò╡         [32m^[0m


  Sass @import rules are deprecated and will be removed in Dart Sass 3.0.0.
  
  More info and automated migrator: [4mhttps://sass-lang.com/d/import[0m


[33mΓû▓ [43;33m[[43;30mWARNING[43;33m][0m [1mDeprecation[0m [1m[35m[plugin angular-sass][0m

    src/app/shared/styles/_mixins.scss:7:8:
[37m      7 Γöé @import [32m[37m'design-tokens';
        Γò╡         [32m^[0m


  Sass @import rules are deprecated and will be removed in Dart Sass 3.0.0.
  
  More info and automated migrator: [4mhttps://sass-lang.com/d/import[0m


[33mΓû▓ [43;33m[[43;30mWARNING[43;33m][0m [1mDeprecation[0m [1m[35m[plugin angular-sass][0m

    src/app/shared/styles/_mixins.scss:7:8:
[37m      7 Γöé @import [32m[37m'design-tokens';
        Γò╡         [32m^[0m


  Sass @import rules are deprecated and will be removed in Dart Sass 3.0.0.
  
  More info and automated migrator: [4mhttps://sass-lang.com/d/import[0m


[33mΓû▓ [43;33m[[43;30mWARNING[43;33m][0m [1mDeprecation[0m [1m[35m[plugin angular-sass][0m

    src/app/shared/styles/_mixins.scss:7:8:
[37m      7 Γöé @import [32m[37m'design-tokens';
        Γò╡         [32m^[0m


  Sass @import rules are deprecated and will be removed in Dart Sass 3.0.0.
  
  More info and automated migrator: [4mhttps://sass-lang.com/d/import[0m


[33mΓû▓ [43;33m[[43;30mWARNING[43;33m][0m [1mDeprecation[0m [1m[35m[plugin angular-sass][0m

    src/app/shared/styles/_mixins.scss:7:8:
[37m      7 Γöé @import [32m[37m'design-tokens';
        Γò╡         [32m^[0m


  Sass @import rules are deprecated and will be removed in Dart Sass 3.0.0.
  
  More info and automated migrator: [4mhttps://sass-lang.com/d/import[0m


[33mΓû▓ [43;33m[[43;30mWARNING[43;33m][0m [1mDeprecation[0m [1m[35m[plugin angular-sass][0m

    src/app/shared/styles/_mixins.scss:7:8:
[37m      7 Γöé @import [32m[37m'design-tokens';
        Γò╡         [32m^[0m


  Sass @import rules are deprecated and will be removed in Dart Sass 3.0.0.
  
  More info and automated migrator: [4mhttps://sass-lang.com/d/import[0m


[33mΓû▓ [43;33m[[43;30mWARNING[43;33m][0m [1mDeprecation[0m [1m[35m[plugin angular-sass][0m

    src/app/shared/styles/_mixins.scss:7:8:
[37m      7 Γöé @import [32m[37m'design-tokens';
        Γò╡         [32m^[0m


  Sass @import rules are deprecated and will be removed in Dart Sass 3.0.0.
  
  More info and automated migrator: [4mhttps://sass-lang.com/d/import[0m


[33mΓû▓ [43;33m[[43;30mWARNING[43;33m][0m [1mDeprecation[0m [1m[35m[plugin angular-sass][0m

    src/app/shared/styles/_mixins.scss:7:8:
[37m      7 Γöé @import [32m[37m'design-tokens';
        Γò╡         [32m^[0m


  Sass @import rules are deprecated and will be removed in Dart Sass 3.0.0.
  
  More info and automated migrator: [4mhttps://sass-lang.com/d/import[0m


[33mΓû▓ [43;33m[[43;30mWARNING[43;33m][0m [1mDeprecation[0m [1m[35m[plugin angular-sass][0m

    src/app/shared/styles/_mixins.scss:7:8:
[37m      7 Γöé @import [32m[37m'design-tokens';
        Γò╡         [32m^[0m


  Sass @import rules are deprecated and will be removed in Dart Sass 3.0.0.
  
  More info and automated migrator: [4mhttps://sass-lang.com/d/import[0m


[33mΓû▓ [43;33m[[43;30mWARNING[43;33m][0m [1mDeprecation[0m [1m[35m[plugin angular-sass][0m

    src/app/shared/styles/_mixins.scss:7:8:
[37m      7 Γöé @import [32m[37m'design-tokens';
        Γò╡         [32m^[0m


  Sass @import rules are deprecated and will be removed in Dart Sass 3.0.0.
  
  More info and automated migrator: [4mhttps://sass-lang.com/d/import[0m


[33mΓû▓ [43;33m[[43;30mWARNING[43;33m][0m [1mDeprecation[0m [1m[35m[plugin angular-sass][0m

    src/app/shared/styles/_mixins.scss:7:8:
[37m      7 Γöé @import [32m[37m'design-tokens';
        Γò╡         [32m^[0m


  Sass @import rules are deprecated and will be removed in Dart Sass 3.0.0.
  
  More info and automated migrator: [4mhttps://sass-lang.com/d/import[0m


[33mΓû▓ [43;33m[[43;30mWARNING[43;33m][0m [1mDeprecation[0m [1m[35m[plugin angular-sass][0m

    src/app/shared/styles/_mixins.scss:7:8:
[37m      7 Γöé @import [32m[37m'design-tokens';
        Γò╡         [32m^[0m


  Sass @import rules are deprecated and will be removed in Dart Sass 3.0.0.
  
  More info and automated migrator: [4mhttps://sass-lang.com/d/import[0m


[33mΓû▓ [43;33m[[43;30mWARNING[43;33m][0m [1mDeprecation[0m [1m[35m[plugin angular-sass][0m

    src/app/shared/styles/_mixins.scss:7:8:
[37m      7 Γöé @import [32m[37m'design-tokens';
        Γò╡         [32m^[0m


  Sass @import rules are deprecated and will be removed in Dart Sass 3.0.0.
  
  More info and automated migrator: [4mhttps://sass-lang.com/d/import[0m


[33mΓû▓ [43;33m[[43;30mWARNING[43;33m][0m [1mDeprecation[0m [1m[35m[plugin angular-sass][0m

    src/app/shared/styles/_mixins.scss:7:8:
[37m      7 Γöé @import [32m[37m'design-tokens';
        Γò╡         [32m^[0m


  Sass @import rules are deprecated and will be removed in Dart Sass 3.0.0.
  
  More info and automated migrator: [4mhttps://sass-lang.com/d/import[0m


[33mΓû▓ [43;33m[[43;30mWARNING[43;33m][0m [1mDeprecation[0m [1m[35m[plugin angular-sass][0m

    src/app/shared/styles/_mixins.scss:7:8:
[37m      7 Γöé @import [32m[37m'design-tokens';
        Γò╡         [32m^[0m


  Sass @import rules are deprecated and will be removed in Dart Sass 3.0.0.
  
  More info and automated migrator: [4mhttps://sass-lang.com/d/import[0m


[33mΓû▓ [43;33m[[43;30mWARNING[43;33m][0m [1mDeprecation[0m [1m[35m[plugin angular-sass][0m

    src/app/shared/styles/_mixins.scss:7:8:
[37m      7 Γöé @import [32m[37m'design-tokens';
        Γò╡         [32m^[0m


  Sass @import rules are deprecated and will be removed in Dart Sass 3.0.0.
  
  More info and automated migrator: [4mhttps://sass-lang.com/d/import[0m


[33mΓû▓ [43;33m[[43;30mWARNING[43;33m][0m [1mDeprecation[0m [1m[35m[plugin angular-sass][0m

    src/app/shared/styles/_mixins.scss:7:8:
[37m      7 Γöé @import [32m[37m'design-tokens';
        Γò╡         [32m^[0m


  Sass @import rules are deprecated and will be removed in Dart Sass 3.0.0.
  
  More info and automated migrator: [4mhttps://sass-lang.com/d/import[0m


[33mΓû▓ [43;33m[[43;30mWARNING[43;33m][0m [1mDeprecation[0m [1m[35m[plugin angular-sass][0m

    src/app/shared/styles/_mixins.scss:7:8:
[37m      7 Γöé @import [32m[37m'design-tokens';
        Γò╡         [32m^[0m


  Sass @import rules are deprecated and will be removed in Dart Sass 3.0.0.
  
  More info and automated migrator: [4mhttps://sass-lang.com/d/import[0m


[33mΓû▓ [43;33m[[43;30mWARNING[43;33m][0m [1mDeprecation[0m [1m[35m[plugin angular-sass][0m

    src/app/shared/styles/_mixins.scss:7:8:
[37m      7 Γöé @import [32m[37m'design-tokens';
        Γò╡         [32m^[0m


  Sass @import rules are deprecated and will be removed in Dart Sass 3.0.0.
  
  More info and automated migrator: [4mhttps://sass-lang.com/d/import[0m


[33mΓû▓ [43;33m[[43;30mWARNING[43;33m][0m [1mDeprecation[0m [1m[35m[plugin angular-sass][0m

    src/app/shared/styles/_mixins.scss:7:8:
[37m      7 Γöé @import [32m[37m'design-tokens';
        Γò╡         [32m^[0m


  Sass @import rules are deprecated and will be removed in Dart Sass 3.0.0.
  
  More info and automated migrator: [4mhttps://sass-lang.com/d/import[0m


[33mΓû▓ [43;33m[[43;30mWARNING[43;33m][0m [1mDeprecation[0m [1m[35m[plugin angular-sass][0m

    src/app/shared/styles/_mixins.scss:7:8:
[37m      7 Γöé @import [32m[37m'design-tokens';
        Γò╡         [32m^[0m


  Sass @import rules are deprecated and will be removed in Dart Sass 3.0.0.
  
  More info and automated migrator: [4mhttps://sass-lang.com/d/import[0m


[33mΓû▓ [43;33m[[43;30mWARNING[43;33m][0m [1mDeprecation[0m [1m[35m[plugin angular-sass][0m

    src/app/shared/styles/_mixins.scss:7:8:
[37m      7 Γöé @import [32m[37m'design-tokens';
        Γò╡         [32m^[0m


  Sass @import rules are deprecated and will be removed in Dart Sass 3.0.0.
  
  More info and automated migrator: [4mhttps://sass-lang.com/d/import[0m


[33mΓû▓ [43;33m[[43;30mWARNING[43;33m][0m [1mDeprecation[0m [1m[35m[plugin angular-sass][0m

    src/app/shared/styles/_mixins.scss:7:8:
[37m      7 Γöé @import [32m[37m'design-tokens';
        Γò╡         [32m^[0m


  Sass @import rules are deprecated and will be removed in Dart Sass 3.0.0.
  
  More info and automated migrator: [4mhttps://sass-lang.com/d/import[0m


[33mΓû▓ [43;33m[[43;30mWARNING[43;33m][0m [1mDeprecation[0m [1m[35m[plugin angular-sass][0m

    src/app/shared/styles/_mixins.scss:7:8:
[37m      7 Γöé @import [32m[37m'design-tokens';
        Γò╡         [32m^[0m


  Sass @import rules are deprecated and will be removed in Dart Sass 3.0.0.
  
  More info and automated migrator: [4mhttps://sass-lang.com/d/import[0m


[33mΓû▓ [43;33m[[43;30mWARNING[43;33m][0m [1mDeprecation[0m [1m[35m[plugin angular-sass][0m

    src/app/shared/styles/_mixins.scss:7:8:
[37m      7 Γöé @import [32m[37m'design-tokens';
        Γò╡         [32m^[0m


  Sass @import rules are deprecated and will be removed in Dart Sass 3.0.0.
  
  More info and automated migrator: [4mhttps://sass-lang.com/d/import[0m


[33mΓû▓ [43;33m[[43;30mWARNING[43;33m][0m [1mDeprecation[0m [1m[35m[plugin angular-sass][0m

    src/app/shared/styles/_mixins.scss:7:8:
[37m      7 Γöé @import [32m[37m'design-tokens';
        Γò╡         [32m^[0m


  Sass @import rules are deprecated and will be removed in Dart Sass 3.0.0.
  
  More info and automated migrator: [4mhttps://sass-lang.com/d/import[0m


[33mΓû▓ [43;33m[[43;30mWARNING[43;33m][0m [1mDeprecation[0m [1m[35m[plugin angular-sass][0m

    src/app/shared/styles/_mixins.scss:7:8:
[37m      7 Γöé @import [32m[37m'design-tokens';
        Γò╡         [32m^[0m


  Sass @import rules are deprecated and will be removed in Dart Sass 3.0.0.
  
  More info and automated migrator: [4mhttps://sass-lang.com/d/import[0m


[33mΓû▓ [43;33m[[43;30mWARNING[43;33m][0m [1mDeprecation[0m [1m[35m[plugin angular-sass][0m

    src/app/shared/styles/_mixins.scss:7:8:
[37m      7 Γöé @import [32m[37m'design-tokens';
        Γò╡         [32m^[0m


  Sass @import rules are deprecated and will be removed in Dart Sass 3.0.0.
  
  More info and automated migrator: [4mhttps://sass-lang.com/d/import[0m


[33mΓû▓ [43;33m[[43;30mWARNING[43;33m][0m [1mDeprecation[0m [1m[35m[plugin angular-sass][0m

    src/app/shared/styles/_mixins.scss:7:8:
[37m      7 Γöé @import [32m[37m'design-tokens';
        Γò╡         [32m^[0m


  Sass @import rules are deprecated and will be removed in Dart Sass 3.0.0.
  
  More info and automated migrator: [4mhttps://sass-lang.com/d/import[0m


[33mΓû▓ [43;33m[[43;30mWARNING[43;33m][0m [1mDeprecation[0m [1m[35m[plugin angular-sass][0m

    src/app/shared/styles/_mixins.scss:7:8:
[37m      7 Γöé @import [32m[37m'design-tokens';
        Γò╡         [32m^[0m


  Sass @import rules are deprecated and will be removed in Dart Sass 3.0.0.
  
  More info and automated migrator: [4mhttps://sass-lang.com/d/import[0m


[33mΓû▓ [43;33m[[43;30mWARNING[43;33m][0m [1mDeprecation[0m [1m[35m[plugin angular-sass][0m

    src/app/shared/styles/_mixins.scss:205:2:
[37m      205 Γöé   [32m[37mbackground: $gradient-primary;
          Γò╡   [32m^[0m


  Sass's behavior for declarations that appear after nested
  rules will be changing to match the behavior specified by CSS in an upcoming
  version. To keep the existing behavior, move the declaration above the nested
  rule. To opt into the new behavior, wrap the declaration in `& {}`.
  
  More info: [4mhttps://sass-lang.com/d/mixed-decls[0m


[33mΓû▓ [43;33m[[43;30mWARNING[43;33m][0m [1mDeprecation[0m [1m[35m[plugin angular-sass][0m

    src/app/shared/styles/_mixins.scss:205:2:
[37m      205 Γöé   [32m[37mbackground: $gradient-primary;
          Γò╡   [32m^[0m


  Sass's behavior for declarations that appear after nested
  rules will be changing to match the behavior specified by CSS in an upcoming
  version. To keep the existing behavior, move the declaration above the nested
  rule. To opt into the new behavior, wrap the declaration in `& {}`.
  
  More info: [4mhttps://sass-lang.com/d/mixed-decls[0m


[33mΓû▓ [43;33m[[43;30mWARNING[43;33m][0m [1mDeprecation[0m [1m[35m[plugin angular-sass][0m

    src/app/shared/styles/_mixins.scss:205:2:
[37m      205 Γöé   [32m[37mbackground: $gradient-primary;
          Γò╡   [32m^[0m


  Sass's behavior for declarations that appear after nested
  rules will be changing to match the behavior specified by CSS in an upcoming
  version. To keep the existing behavior, move the declaration above the nested
  rule. To opt into the new behavior, wrap the declaration in `& {}`.
  
  More info: [4mhttps://sass-lang.com/d/mixed-decls[0m


[33mΓû▓ [43;33m[[43;30mWARNING[43;33m][0m [1mDeprecation[0m [1m[35m[plugin angular-sass][0m

    src/app/shared/styles/_mixins.scss:205:2:
[37m      205 Γöé   [32m[37mbackground: $gradient-primary;
          Γò╡   [32m^[0m


  Sass's behavior for declarations that appear after nested
  rules will be changing to match the behavior specified by CSS in an upcoming
  version. To keep the existing behavior, move the declaration above the nested
  rule. To opt into the new behavior, wrap the declaration in `& {}`.
  
  More info: [4mhttps://sass-lang.com/d/mixed-decls[0m


[33mΓû▓ [43;33m[[43;30mWARNING[43;33m][0m [1mDeprecation[0m [1m[35m[plugin angular-sass][0m

    src/app/shared/styles/_mixins.scss:205:2:
[37m      205 Γöé   [32m[37mbackground: $gradient-primary;
          Γò╡   [32m^[0m


  Sass's behavior for declarations that appear after nested
  rules will be changing to match the behavior specified by CSS in an upcoming
  version. To keep the existing behavior, move the declaration above the nested
  rule. To opt into the new behavior, wrap the declaration in `& {}`.
  
  More info: [4mhttps://sass-lang.com/d/mixed-decls[0m


[33mΓû▓ [43;33m[[43;30mWARNING[43;33m][0m [1mDeprecation[0m [1m[35m[plugin angular-sass][0m

    src/app/shared/styles/_mixins.scss:205:2:
[37m      205 Γöé   [32m[37mbackground: $gradient-primary;
          Γò╡   [32m^[0m


  Sass's behavior for declarations that appear after nested
  rules will be changing to match the behavior specified by CSS in an upcoming
  version. To keep the existing behavior, move the declaration above the nested
  rule. To opt into the new behavior, wrap the declaration in `& {}`.
  
  More info: [4mhttps://sass-lang.com/d/mixed-decls[0m


[33mΓû▓ [43;33m[[43;30mWARNING[43;33m][0m [1mDeprecation[0m [1m[35m[plugin angular-sass][0m

    src/app/shared/styles/_mixins.scss:205:2:
[37m      205 Γöé   [32m[37mbackground: $gradient-primary;
          Γò╡   [32m^[0m


  Sass's behavior for declarations that appear after nested
  rules will be changing to match the behavior specified by CSS in an upcoming
  version. To keep the existing behavior, move the declaration above the nested
  rule. To opt into the new behavior, wrap the declaration in `& {}`.
  
  More info: [4mhttps://sass-lang.com/d/mixed-decls[0m


[33mΓû▓ [43;33m[[43;30mWARNING[43;33m][0m [1mDeprecation[0m [1m[35m[plugin angular-sass][0m

    src/app/shared/styles/_mixins.scss:205:2:
[37m      205 Γöé   [32m[37mbackground: $gradient-primary;
          Γò╡   [32m^[0m


  Sass's behavior for declarations that appear after nested
  rules will be changing to match the behavior specified by CSS in an upcoming
  version. To keep the existing behavior, move the declaration above the nested
  rule. To opt into the new behavior, wrap the declaration in `& {}`.
  
  More info: [4mhttps://sass-lang.com/d/mixed-decls[0m


[33mΓû▓ [43;33m[[43;30mWARNING[43;33m][0m [1mDeprecation[0m [1m[35m[plugin angular-sass][0m

    src/app/shared/styles/_mixins.scss:205:2:
[37m      205 Γöé   [32m[37mbackground: $gradient-primary;
          Γò╡   [32m^[0m


  Sass's behavior for declarations that appear after nested
  rules will be changing to match the behavior specified by CSS in an upcoming
  version. To keep the existing behavior, move the declaration above the nested
  rule. To opt into the new behavior, wrap the declaration in `& {}`.
  
  More info: [4mhttps://sass-lang.com/d/mixed-decls[0m


[33mΓû▓ [43;33m[[43;30mWARNING[43;33m][0m [1mDeprecation[0m [1m[35m[plugin angular-sass][0m

    src/app/shared/styles/_mixins.scss:205:2:
[37m      205 Γöé   [32m[37mbackground: $gradient-primary;
          Γò╡   [32m^[0m


  Sass's behavior for declarations that appear after nested
  rules will be changing to match the behavior specified by CSS in an upcoming
  version. To keep the existing behavior, move the declaration above the nested
  rule. To opt into the new behavior, wrap the declaration in `& {}`.
  
  More info: [4mhttps://sass-lang.com/d/mixed-decls[0m


[33mΓû▓ [43;33m[[43;30mWARNING[43;33m][0m [1mDeprecation[0m [1m[35m[plugin angular-sass][0m

    src/app/shared/styles/_mixins.scss:205:2:
[37m      205 Γöé   [32m[37mbackground: $gradient-primary;
          Γò╡   [32m^[0m


  Sass's behavior for declarations that appear after nested
  rules will be changing to match the behavior specified by CSS in an upcoming
  version. To keep the existing behavior, move the declaration above the nested
  rule. To opt into the new behavior, wrap the declaration in `& {}`.
  
  More info: [4mhttps://sass-lang.com/d/mixed-decls[0m


[33mΓû▓ [43;33m[[43;30mWARNING[43;33m][0m [1mDeprecation[0m [1m[35m[plugin angular-sass][0m

    src/app/shared/styles/_mixins.scss:205:2:
[37m      205 Γöé   [32m[37mbackground: $gradient-primary;
          Γò╡   [32m^[0m


  Sass's behavior for declarations that appear after nested
  rules will be changing to match the behavior specified by CSS in an upcoming
  version. To keep the existing behavior, move the declaration above the nested
  rule. To opt into the new behavior, wrap the declaration in `& {}`.
  
  More info: [4mhttps://sass-lang.com/d/mixed-decls[0m


[33mΓû▓ [43;33m[[43;30mWARNING[43;33m][0m [1mDeprecation[0m [1m[35m[plugin angular-sass][0m

    src/app/shared/styles/_mixins.scss:205:2:
[37m      205 Γöé   [32m[37mbackground: $gradient-primary;
          Γò╡   [32m^[0m


  Sass's behavior for declarations that appear after nested
  rules will be changing to match the behavior specified by CSS in an upcoming
  version. To keep the existing behavior, move the declaration above the nested
  rule. To opt into the new behavior, wrap the declaration in `& {}`.
  
  More info: [4mhttps://sass-lang.com/d/mixed-decls[0m


[33mΓû▓ [43;33m[[43;30mWARNING[43;33m][0m [1mDeprecation[0m [1m[35m[plugin angular-sass][0m

    src/app/shared/styles/_mixins.scss:205:2:
[37m      205 Γöé   [32m[37mbackground: $gradient-primary;
          Γò╡   [32m^[0m


  Sass's behavior for declarations that appear after nested
  rules will be changing to match the behavior specified by CSS in an upcoming
  version. To keep the existing behavior, move the declaration above the nested
  rule. To opt into the new behavior, wrap the declaration in `& {}`.
  
  More info: [4mhttps://sass-lang.com/d/mixed-decls[0m


[33mΓû▓ [43;33m[[43;30mWARNING[43;33m][0m [1mDeprecation[0m [1m[35m[plugin angular-sass][0m

    src/app/shared/styles/_mixins.scss:205:2:
[37m      205 Γöé   [32m[37mbackground: $gradient-primary;
          Γò╡   [32m^[0m


  Sass's behavior for declarations that appear after nested
  rules will be changing to match the behavior specified by CSS in an upcoming
  version. To keep the existing behavior, move the declaration above the nested
  rule. To opt into the new behavior, wrap the declaration in `& {}`.
  
  More info: [4mhttps://sass-lang.com/d/mixed-decls[0m


[33mΓû▓ [43;33m[[43;30mWARNING[43;33m][0m [1mDeprecation[0m [1m[35m[plugin angular-sass][0m

    src/app/shared/styles/_mixins.scss:205:2:
[37m      205 Γöé   [32m[37mbackground: $gradient-primary;
          Γò╡   [32m^[0m


  Sass's behavior for declarations that appear after nested
  rules will be changing to match the behavior specified by CSS in an upcoming
  version. To keep the existing behavior, move the declaration above the nested
  rule. To opt into the new behavior, wrap the declaration in `& {}`.
  
  More info: [4mhttps://sass-lang.com/d/mixed-decls[0m


[33mΓû▓ [43;33m[[43;30mWARNING[43;33m][0m [1mDeprecation[0m [1m[35m[plugin angular-sass][0m

    src/app/shared/styles/_mixins.scss:205:2:
[37m      205 Γöé   [32m[37mbackground: $gradient-primary;
          Γò╡   [32m^[0m


  Sass's behavior for declarations that appear after nested
  rules will be changing to match the behavior specified by CSS in an upcoming
  version. To keep the existing behavior, move the declaration above the nested
  rule. To opt into the new behavior, wrap the declaration in `& {}`.
  
  More info: [4mhttps://sass-lang.com/d/mixed-decls[0m


[33mΓû▓ [43;33m[[43;30mWARNING[43;33m][0m [1mDeprecation[0m [1m[35m[plugin angular-sass][0m

    src/app/shared/styles/_mixins.scss:205:2:
[37m      205 Γöé   [32m[37mbackground: $gradient-primary;
          Γò╡   [32m^[0m


  Sass's behavior for declarations that appear after nested
  rules will be changing to match the behavior specified by CSS in an upcoming
  version. To keep the existing behavior, move the declaration above the nested
  rule. To opt into the new behavior, wrap the declaration in `& {}`.
  
  More info: [4mhttps://sass-lang.com/d/mixed-decls[0m


[33mΓû▓ [43;33m[[43;30mWARNING[43;33m][0m [1mDeprecation[0m [1m[35m[plugin angular-sass][0m

    src/app/shared/styles/_mixins.scss:205:2:
[37m      205 Γöé   [32m[37mbackground: $gradient-primary;
          Γò╡   [32m^[0m


  Sass's behavior for declarations that appear after nested
  rules will be changing to match the behavior specified by CSS in an upcoming
  version. To keep the existing behavior, move the declaration above the nested
  rule. To opt into the new behavior, wrap the declaration in `& {}`.
  
  More info: [4mhttps://sass-lang.com/d/mixed-decls[0m


[33mΓû▓ [43;33m[[43;30mWARNING[43;33m][0m [1mDeprecation[0m [1m[35m[plugin angular-sass][0m

    src/app/shared/styles/_mixins.scss:205:2:
[37m      205 Γöé   [32m[37mbackground: $gradient-primary;
          Γò╡   [32m^[0m


  Sass's behavior for declarations that appear after nested
  rules will be changing to match the behavior specified by CSS in an upcoming
  version. To keep the existing behavior, move the declaration above the nested
  rule. To opt into the new behavior, wrap the declaration in `& {}`.
  
  More info: [4mhttps://sass-lang.com/d/mixed-decls[0m


[33mΓû▓ [43;33m[[43;30mWARNING[43;33m][0m [1mDeprecation[0m [1m[35m[plugin angular-sass][0m

    src/app/shared/styles/_mixins.scss:205:2:
[37m      205 Γöé   [32m[37mbackground: $gradient-primary;
          Γò╡   [32m^[0m


  Sass's behavior for declarations that appear after nested
  rules will be changing to match the behavior specified by CSS in an upcoming
  version. To keep the existing behavior, move the declaration above the nested
  rule. To opt into the new behavior, wrap the declaration in `& {}`.
  
  More info: [4mhttps://sass-lang.com/d/mixed-decls[0m


[33mΓû▓ [43;33m[[43;30mWARNING[43;33m][0m [1mDeprecation[0m [1m[35m[plugin angular-sass][0m

    src/app/shared/styles/_mixins.scss:205:2:
[37m      205 Γöé   [32m[37mbackground: $gradient-primary;
          Γò╡   [32m^[0m


  Sass's behavior for declarations that appear after nested
  rules will be changing to match the behavior specified by CSS in an upcoming
  version. To keep the existing behavior, move the declaration above the nested
  rule. To opt into the new behavior, wrap the declaration in `& {}`.
  
  More info: [4mhttps://sass-lang.com/d/mixed-decls[0m


[33mΓû▓ [43;33m[[43;30mWARNING[43;33m][0m [1mDeprecation[0m [1m[35m[plugin angular-sass][0m

    src/app/shared/styles/_mixins.scss:205:2:
[37m      205 Γöé   [32m[37mbackground: $gradient-primary;
          Γò╡   [32m^[0m


  Sass's behavior for declarations that appear after nested
  rules will be changing to match the behavior specified by CSS in an upcoming
  version. To keep the existing behavior, move the declaration above the nested
  rule. To opt into the new behavior, wrap the declaration in `& {}`.
  
  More info: [4mhttps://sass-lang.com/d/mixed-decls[0m


[33mΓû▓ [43;33m[[43;30mWARNING[43;33m][0m [1mDeprecation[0m [1m[35m[plugin angular-sass][0m

    src/app/shared/styles/_mixins.scss:205:2:
[37m      205 Γöé   [32m[37mbackground: $gradient-primary;
          Γò╡   [32m^[0m


  Sass's behavior for declarations that appear after nested
  rules will be changing to match the behavior specified by CSS in an upcoming
  version. To keep the existing behavior, move the declaration above the nested
  rule. To opt into the new behavior, wrap the declaration in `& {}`.
  
  More info: [4mhttps://sass-lang.com/d/mixed-decls[0m


[33mΓû▓ [43;33m[[43;30mWARNING[43;33m][0m [1mDeprecation[0m [1m[35m[plugin angular-sass][0m

    src/app/shared/styles/_mixins.scss:205:2:
[37m      205 Γöé   [32m[37mbackground: $gradient-primary;
          Γò╡   [32m^[0m


  Sass's behavior for declarations that appear after nested
  rules will be changing to match the behavior specified by CSS in an upcoming
  version. To keep the existing behavior, move the declaration above the nested
  rule. To opt into the new behavior, wrap the declaration in `& {}`.
  
  More info: [4mhttps://sass-lang.com/d/mixed-decls[0m


[33mΓû▓ [43;33m[[43;30mWARNING[43;33m][0m [1mDeprecation[0m [1m[35m[plugin angular-sass][0m

    src/app/shared/styles/_mixins.scss:205:2:
[37m      205 Γöé   [32m[37mbackground: $gradient-primary;
          Γò╡   [32m^[0m


  Sass's behavior for declarations that appear after nested
  rules will be changing to match the behavior specified by CSS in an upcoming
  version. To keep the existing behavior, move the declaration above the nested
  rule. To opt into the new behavior, wrap the declaration in `& {}`.
  
  More info: [4mhttps://sass-lang.com/d/mixed-decls[0m


[33mΓû▓ [43;33m[[43;30mWARNING[43;33m][0m [1mDeprecation[0m [1m[35m[plugin angular-sass][0m

    src/app/shared/styles/_mixins.scss:205:2:
[37m      205 Γöé   [32m[37mbackground: $gradient-primary;
          Γò╡   [32m^[0m


  Sass's behavior for declarations that appear after nested
  rules will be changing to match the behavior specified by CSS in an upcoming
  version. To keep the existing behavior, move the declaration above the nested
  rule. To opt into the new behavior, wrap the declaration in `& {}`.
  
  More info: [4mhttps://sass-lang.com/d/mixed-decls[0m


[33mΓû▓ [43;33m[[43;30mWARNING[43;33m][0m [1mDeprecation[0m [1m[35m[plugin angular-sass][0m

    src/app/shared/styles/_mixins.scss:205:2:
[37m      205 Γöé   [32m[37mbackground: $gradient-primary;
          Γò╡   [32m^[0m


  Sass's behavior for declarations that appear after nested
  rules will be changing to match the behavior specified by CSS in an upcoming
  version. To keep the existing behavior, move the declaration above the nested
  rule. To opt into the new behavior, wrap the declaration in `& {}`.
  
  More info: [4mhttps://sass-lang.com/d/mixed-decls[0m


[33mΓû▓ [43;33m[[43;30mWARNING[43;33m][0m [1mDeprecation[0m [1m[35m[plugin angular-sass][0m

    src/app/shared/styles/_mixins.scss:205:2:
[37m      205 Γöé   [32m[37mbackground: $gradient-primary;
          Γò╡   [32m^[0m


  Sass's behavior for declarations that appear after nested
  rules will be changing to match the behavior specified by CSS in an upcoming
  version. To keep the existing behavior, move the declaration above the nested
  rule. To opt into the new behavior, wrap the declaration in `& {}`.
  
  More info: [4mhttps://sass-lang.com/d/mixed-decls[0m


[33mΓû▓ [43;33m[[43;30mWARNING[43;33m][0m [1mDeprecation[0m [1m[35m[plugin angular-sass][0m

    src/app/shared/styles/_mixins.scss:205:2:
[37m      205 Γöé   [32m[37mbackground: $gradient-primary;
          Γò╡   [32m^[0m


  Sass's behavior for declarations that appear after nested
  rules will be changing to match the behavior specified by CSS in an upcoming
  version. To keep the existing behavior, move the declaration above the nested
  rule. To opt into the new behavior, wrap the declaration in `& {}`.
  
  More info: [4mhttps://sass-lang.com/d/mixed-decls[0m


[33mΓû▓ [43;33m[[43;30mWARNING[43;33m][0m [1mDeprecation[0m [1m[35m[plugin angular-sass][0m

    src/app/shared/styles/_mixins.scss:205:2:
[37m      205 Γöé   [32m[37mbackground: $gradient-primary;
          Γò╡   [32m^[0m


  Sass's behavior for declarations that appear after nested
  rules will be changing to match the behavior specified by CSS in an upcoming
  version. To keep the existing behavior, move the declaration above the nested
  rule. To opt into the new behavior, wrap the declaration in `& {}`.
  
  More info: [4mhttps://sass-lang.com/d/mixed-decls[0m


[33mΓû▓ [43;33m[[43;30mWARNING[43;33m][0m [1mDeprecation[0m [1m[35m[plugin angular-sass][0m

    src/app/shared/styles/_mixins.scss:205:2:
[37m      205 Γöé   [32m[37mbackground: $gradient-primary;
          Γò╡   [32m^[0m


  Sass's behavior for declarations that appear after nested
  rules will be changing to match the behavior specified by CSS in an upcoming
  version. To keep the existing behavior, move the declaration above the nested
  rule. To opt into the new behavior, wrap the declaration in `& {}`.
  
  More info: [4mhttps://sass-lang.com/d/mixed-decls[0m


[33mΓû▓ [43;33m[[43;30mWARNING[43;33m][0m [1mDeprecation[0m [1m[35m[plugin angular-sass][0m

    src/app/shared/styles/_mixins.scss:205:2:
[37m      205 Γöé   [32m[37mbackground: $gradient-primary;
          Γò╡   [32m^[0m


  Sass's behavior for declarations that appear after nested
  rules will be changing to match the behavior specified by CSS in an upcoming
  version. To keep the existing behavior, move the declaration above the nested
  rule. To opt into the new behavior, wrap the declaration in `& {}`.
  
  More info: [4mhttps://sass-lang.com/d/mixed-decls[0m


[33mΓû▓ [43;33m[[43;30mWARNING[43;33m][0m [1mDeprecation[0m [1m[35m[plugin angular-sass][0m

    src/app/shared/styles/_mixins.scss:205:2:
[37m      205 Γöé   [32m[37mbackground: $gradient-primary;
          Γò╡   [32m^[0m


  Sass's behavior for declarations that appear after nested
  rules will be changing to match the behavior specified by CSS in an upcoming
  version. To keep the existing behavior, move the declaration above the nested
  rule. To opt into the new behavior, wrap the declaration in `& {}`.
  
  More info: [4mhttps://sass-lang.com/d/mixed-decls[0m


[33mΓû▓ [43;33m[[43;30mWARNING[43;33m][0m [1mDeprecation[0m [1m[35m[plugin angular-sass][0m

    src/app/shared/styles/_mixins.scss:205:2:
[37m      205 Γöé   [32m[37mbackground: $gradient-primary;
          Γò╡   [32m^[0m


  Sass's behavior for declarations that appear after nested
  rules will be changing to match the behavior specified by CSS in an upcoming
  version. To keep the existing behavior, move the declaration above the nested
  rule. To opt into the new behavior, wrap the declaration in `& {}`.
  
  More info: [4mhttps://sass-lang.com/d/mixed-decls[0m


[33mΓû▓ [43;33m[[43;30mWARNING[43;33m][0m [1mDeprecation[0m [1m[35m[plugin angular-sass][0m

    src/app/shared/styles/_mixins.scss:205:2:
[37m      205 Γöé   [32m[37mbackground: $gradient-primary;
          Γò╡   [32m^[0m


  Sass's behavior for declarations that appear after nested
  rules will be changing to match the behavior specified by CSS in an upcoming
  version. To keep the existing behavior, move the declaration above the nested
  rule. To opt into the new behavior, wrap the declaration in `& {}`.
  
  More info: [4mhttps://sass-lang.com/d/mixed-decls[0m


[33mΓû▓ [43;33m[[43;30mWARNING[43;33m][0m [1mDeprecation[0m [1m[35m[plugin angular-sass][0m

    src/app/shared/styles/_mixins.scss:205:2:
[37m      205 Γöé   [32m[37mbackground: $gradient-primary;
          Γò╡   [32m^[0m


  Sass's behavior for declarations that appear after nested
  rules will be changing to match the behavior specified by CSS in an upcoming
  version. To keep the existing behavior, move the declaration above the nested
  rule. To opt into the new behavior, wrap the declaration in `& {}`.
  
  More info: [4mhttps://sass-lang.com/d/mixed-decls[0m


[33mΓû▓ [43;33m[[43;30mWARNING[43;33m][0m [1mDeprecation[0m [1m[35m[plugin angular-sass][0m

    src/app/shared/styles/_mixins.scss:205:2:
[37m      205 Γöé   [32m[37mbackground: $gradient-primary;
          Γò╡   [32m^[0m


  Sass's behavior for declarations that appear after nested
  rules will be changing to match the behavior specified by CSS in an upcoming
  version. To keep the existing behavior, move the declaration above the nested
  rule. To opt into the new behavior, wrap the declaration in `& {}`.
  
  More info: [4mhttps://sass-lang.com/d/mixed-decls[0m


[33mΓû▓ [43;33m[[43;30mWARNING[43;33m][0m [1mDeprecation[0m [1m[35m[plugin angular-sass][0m

    src/app/shared/styles/_mixins.scss:205:2:
[37m      205 Γöé   [32m[37mbackground: $gradient-primary;
          Γò╡   [32m^[0m


  Sass's behavior for declarations that appear after nested
  rules will be changing to match the behavior specified by CSS in an upcoming
  version. To keep the existing behavior, move the declaration above the nested
  rule. To opt into the new behavior, wrap the declaration in `& {}`.
  
  More info: [4mhttps://sass-lang.com/d/mixed-decls[0m


[33mΓû▓ [43;33m[[43;30mWARNING[43;33m][0m [1mDeprecation[0m [1m[35m[plugin angular-sass][0m

    src/app/shared/styles/_mixins.scss:205:2:
[37m      205 Γöé   [32m[37mbackground: $gradient-primary;
          Γò╡   [32m^[0m


  Sass's behavior for declarations that appear after nested
  rules will be changing to match the behavior specified by CSS in an upcoming
  version. To keep the existing behavior, move the declaration above the nested
  rule. To opt into the new behavior, wrap the declaration in `& {}`.
  
  More info: [4mhttps://sass-lang.com/d/mixed-decls[0m


[33mΓû▓ [43;33m[[43;30mWARNING[43;33m][0m [1mDeprecation[0m [1m[35m[plugin angular-sass][0m

    src/app/shared/styles/_mixins.scss:205:2:
[37m      205 Γöé   [32m[37mbackground: $gradient-primary;
          Γò╡   [32m^[0m


  Sass's behavior for declarations that appear after nested
  rules will be changing to match the behavior specified by CSS in an upcoming
  version. To keep the existing behavior, move the declaration above the nested
  rule. To opt into the new behavior, wrap the declaration in `& {}`.
  
  More info: [4mhttps://sass-lang.com/d/mixed-decls[0m


[33mΓû▓ [43;33m[[43;30mWARNING[43;33m][0m [1mDeprecation[0m [1m[35m[plugin angular-sass][0m

    src/app/shared/styles/_mixins.scss:205:2:
[37m      205 Γöé   [32m[37mbackground: $gradient-primary;
          Γò╡   [32m^[0m


  Sass's behavior for declarations that appear after nested
  rules will be changing to match the behavior specified by CSS in an upcoming
  version. To keep the existing behavior, move the declaration above the nested
  rule. To opt into the new behavior, wrap the declaration in `& {}`.
  
  More info: [4mhttps://sass-lang.com/d/mixed-decls[0m


[33mΓû▓ [43;33m[[43;30mWARNING[43;33m][0m [1mDeprecation[0m [1m[35m[plugin angular-sass][0m

    src/app/shared/styles/_mixins.scss:205:2:
[37m      205 Γöé   [32m[37mbackground: $gradient-primary;
          Γò╡   [32m^[0m


  Sass's behavior for declarations that appear after nested
  rules will be changing to match the behavior specified by CSS in an upcoming
  version. To keep the existing behavior, move the declaration above the nested
  rule. To opt into the new behavior, wrap the declaration in `& {}`.
  
  More info: [4mhttps://sass-lang.com/d/mixed-decls[0m


[33mΓû▓ [43;33m[[43;30mWARNING[43;33m][0m [1mDeprecation[0m [1m[35m[plugin angular-sass][0m

    src/app/shared/styles/_mixins.scss:205:2:
[37m      205 Γöé   [32m[37mbackground: $gradient-primary;
          Γò╡   [32m^[0m


  Sass's behavior for declarations that appear after nested
  rules will be changing to match the behavior specified by CSS in an upcoming
  version. To keep the existing behavior, move the declaration above the nested
  rule. To opt into the new behavior, wrap the declaration in `& {}`.
  
  More info: [4mhttps://sass-lang.com/d/mixed-decls[0m


[33mΓû▓ [43;33m[[43;30mWARNING[43;33m][0m [1mDeprecation[0m [1m[35m[plugin angular-sass][0m

    src/app/shared/styles/_mixins.scss:205:2:
[37m      205 Γöé   [32m[37mbackground: $gradient-primary;
          Γò╡   [32m^[0m


  Sass's behavior for declarations that appear after nested
  rules will be changing to match the behavior specified by CSS in an upcoming
  version. To keep the existing behavior, move the declaration above the nested
  rule. To opt into the new behavior, wrap the declaration in `& {}`.
  
  More info: [4mhttps://sass-lang.com/d/mixed-decls[0m


[33mΓû▓ [43;33m[[43;30mWARNING[43;33m][0m [1mDeprecation[0m [1m[35m[plugin angular-sass][0m

    src/app/shared/styles/_mixins.scss:205:2:
[37m      205 Γöé   [32m[37mbackground: $gradient-primary;
          Γò╡   [32m^[0m


  Sass's behavior for declarations that appear after nested
  rules will be changing to match the behavior specified by CSS in an upcoming
  version. To keep the existing behavior, move the declaration above the nested
  rule. To opt into the new behavior, wrap the declaration in `& {}`.
  
  More info: [4mhttps://sass-lang.com/d/mixed-decls[0m


[33mΓû▓ [43;33m[[43;30mWARNING[43;33m][0m [1mDeprecation[0m [1m[35m[plugin angular-sass][0m

    src/app/shared/styles/_mixins.scss:205:2:
[37m      205 Γöé   [32m[37mbackground: $gradient-primary;
          Γò╡   [32m^[0m


  Sass's behavior for declarations that appear after nested
  rules will be changing to match the behavior specified by CSS in an upcoming
  version. To keep the existing behavior, move the declaration above the nested
  rule. To opt into the new behavior, wrap the declaration in `& {}`.
  
  More info: [4mhttps://sass-lang.com/d/mixed-decls[0m


[33mΓû▓ [43;33m[[43;30mWARNING[43;33m][0m [1mDeprecation[0m [1m[35m[plugin angular-sass][0m

    src/app/shared/styles/_mixins.scss:205:2:
[37m      205 Γöé   [32m[37mbackground: $gradient-primary;
          Γò╡   [32m^[0m


  Sass's behavior for declarations that appear after nested
  rules will be changing to match the behavior specified by CSS in an upcoming
  version. To keep the existing behavior, move the declaration above the nested
  rule. To opt into the new behavior, wrap the declaration in `& {}`.
  
  More info: [4mhttps://sass-lang.com/d/mixed-decls[0m


[33mΓû▓ [43;33m[[43;30mWARNING[43;33m][0m [1mDeprecation[0m [1m[35m[plugin angular-sass][0m

    src/app/shared/styles/_mixins.scss:205:2:
[37m      205 Γöé   [32m[37mbackground: $gradient-primary;
          Γò╡   [32m^[0m


  Sass's behavior for declarations that appear after nested
  rules will be changing to match the behavior specified by CSS in an upcoming
  version. To keep the existing behavior, move the declaration above the nested
  rule. To opt into the new behavior, wrap the declaration in `& {}`.
  
  More info: [4mhttps://sass-lang.com/d/mixed-decls[0m


[33mΓû▓ [43;33m[[43;30mWARNING[43;33m][0m [1mDeprecation[0m [1m[35m[plugin angular-sass][0m

    src/app/shared/styles/_mixins.scss:205:2:
[37m      205 Γöé   [32m[37mbackground: $gradient-primary;
          Γò╡   [32m^[0m


  Sass's behavior for declarations that appear after nested
  rules will be changing to match the behavior specified by CSS in an upcoming
  version. To keep the existing behavior, move the declaration above the nested
  rule. To opt into the new behavior, wrap the declaration in `& {}`.
  
  More info: [4mhttps://sass-lang.com/d/mixed-decls[0m


[33mΓû▓ [43;33m[[43;30mWARNING[43;33m][0m [1mDeprecation[0m [1m[35m[plugin angular-sass][0m

    src/app/shared/styles/_mixins.scss:205:2:
[37m      205 Γöé   [32m[37mbackground: $gradient-primary;
          Γò╡   [32m^[0m


  Sass's behavior for declarations that appear after nested
  rules will be changing to match the behavior specified by CSS in an upcoming
  version. To keep the existing behavior, move the declaration above the nested
  rule. To opt into the new behavior, wrap the declaration in `& {}`.
  
  More info: [4mhttps://sass-lang.com/d/mixed-decls[0m


[33mΓû▓ [43;33m[[43;30mWARNING[43;33m][0m [1mDeprecation[0m [1m[35m[plugin angular-sass][0m

    src/app/shared/styles/_mixins.scss:205:2:
[37m      205 Γöé   [32m[37mbackground: $gradient-primary;
          Γò╡   [32m^[0m


  Sass's behavior for declarations that appear after nested
  rules will be changing to match the behavior specified by CSS in an upcoming
  version. To keep the existing behavior, move the declaration above the nested
  rule. To opt into the new behavior, wrap the declaration in `& {}`.
  
  More info: [4mhttps://sass-lang.com/d/mixed-decls[0m


[33mΓû▓ [43;33m[[43;30mWARNING[43;33m][0m [1mDeprecation[0m [1m[35m[plugin angular-sass][0m

    src/app/shared/styles/_mixins.scss:205:2:
[37m      205 Γöé   [32m[37mbackground: $gradient-primary;
          Γò╡   [32m^[0m


  Sass's behavior for declarations that appear after nested
  rules will be changing to match the behavior specified by CSS in an upcoming
  version. To keep the existing behavior, move the declaration above the nested
  rule. To opt into the new behavior, wrap the declaration in `& {}`.
  
  More info: [4mhttps://sass-lang.com/d/mixed-decls[0m


[33mΓû▓ [43;33m[[43;30mWARNING[43;33m][0m [1mDeprecation[0m [1m[35m[plugin angular-sass][0m

    src/app/shared/styles/_mixins.scss:205:2:
[37m      205 Γöé   [32m[37mbackground: $gradient-primary;
          Γò╡   [32m^[0m


  Sass's behavior for declarations that appear after nested
  rules will be changing to match the behavior specified by CSS in an upcoming
  version. To keep the existing behavior, move the declaration above the nested
  rule. To opt into the new behavior, wrap the declaration in `& {}`.
  
  More info: [4mhttps://sass-lang.com/d/mixed-decls[0m


[33mΓû▓ [43;33m[[43;30mWARNING[43;33m][0m [1mDeprecation[0m [1m[35m[plugin angular-sass][0m

    src/app/shared/styles/_mixins.scss:205:2:
[37m      205 Γöé   [32m[37mbackground: $gradient-primary;
          Γò╡   [32m^[0m


  Sass's behavior for declarations that appear after nested
  rules will be changing to match the behavior specified by CSS in an upcoming
  version. To keep the existing behavior, move the declaration above the nested
  rule. To opt into the new behavior, wrap the declaration in `& {}`.
  
  More info: [4mhttps://sass-lang.com/d/mixed-decls[0m


[33mΓû▓ [43;33m[[43;30mWARNING[43;33m][0m [1mDeprecation[0m [1m[35m[plugin angular-sass][0m

    src/app/shared/styles/_mixins.scss:205:2:
[37m      205 Γöé   [32m[37mbackground: $gradient-primary;
          Γò╡   [32m^[0m


  Sass's behavior for declarations that appear after nested
  rules will be changing to match the behavior specified by CSS in an upcoming
  version. To keep the existing behavior, move the declaration above the nested
  rule. To opt into the new behavior, wrap the declaration in `& {}`.
  
  More info: [4mhttps://sass-lang.com/d/mixed-decls[0m


[33mΓû▓ [43;33m[[43;30mWARNING[43;33m][0m [1mDeprecation[0m [1m[35m[plugin angular-sass][0m

    src/app/shared/styles/_mixins.scss:205:2:
[37m      205 Γöé   [32m[37mbackground: $gradient-primary;
          Γò╡   [32m^[0m


  Sass's behavior for declarations that appear after nested
  rules will be changing to match the behavior specified by CSS in an upcoming
  version. To keep the existing behavior, move the declaration above the nested
  rule. To opt into the new behavior, wrap the declaration in `& {}`.
  
  More info: [4mhttps://sass-lang.com/d/mixed-decls[0m


[33mΓû▓ [43;33m[[43;30mWARNING[43;33m][0m [1mDeprecation[0m [1m[35m[plugin angular-sass][0m

    src/app/shared/styles/_mixins.scss:205:2:
[37m      205 Γöé   [32m[37mbackground: $gradient-primary;
          Γò╡   [32m^[0m


  Sass's behavior for declarations that appear after nested
  rules will be changing to match the behavior specified by CSS in an upcoming
  version. To keep the existing behavior, move the declaration above the nested
  rule. To opt into the new behavior, wrap the declaration in `& {}`.
  
  More info: [4mhttps://sass-lang.com/d/mixed-decls[0m


[33mΓû▓ [43;33m[[43;30mWARNING[43;33m][0m [1mDeprecation[0m [1m[35m[plugin angular-sass][0m

    src/app/shared/styles/_mixins.scss:205:2:
[37m      205 Γöé   [32m[37mbackground: $gradient-primary;
          Γò╡   [32m^[0m


  Sass's behavior for declarations that appear after nested
  rules will be changing to match the behavior specified by CSS in an upcoming
  version. To keep the existing behavior, move the declaration above the nested
  rule. To opt into the new behavior, wrap the declaration in `& {}`.
  
  More info: [4mhttps://sass-lang.com/d/mixed-decls[0m


[33mΓû▓ [43;33m[[43;30mWARNING[43;33m][0m [1mDeprecation[0m [1m[35m[plugin angular-sass][0m

    src/app/shared/styles/_mixins.scss:205:2:
[37m      205 Γöé   [32m[37mbackground: $gradient-primary;
          Γò╡   [32m^[0m


  Sass's behavior for declarations that appear after nested
  rules will be changing to match the behavior specified by CSS in an upcoming
  version. To keep the existing behavior, move the declaration above the nested
  rule. To opt into the new behavior, wrap the declaration in `& {}`.
  
  More info: [4mhttps://sass-lang.com/d/mixed-decls[0m


[33mΓû▓ [43;33m[[43;30mWARNING[43;33m][0m [1mDeprecation[0m [1m[35m[plugin angular-sass][0m

    src/app/shared/styles/_mixins.scss:205:2:
[37m      205 Γöé   [32m[37mbackground: $gradient-primary;
          Γò╡   [32m^[0m


  Sass's behavior for declarations that appear after nested
  rules will be changing to match the behavior specified by CSS in an upcoming
  version. To keep the existing behavior, move the declaration above the nested
  rule. To opt into the new behavior, wrap the declaration in `& {}`.
  
  More info: [4mhttps://sass-lang.com/d/mixed-decls[0m


[33mΓû▓ [43;33m[[43;30mWARNING[43;33m][0m [1mDeprecation[0m [1m[35m[plugin angular-sass][0m

    src/app/shared/styles/_mixins.scss:205:2:
[37m      205 Γöé   [32m[37mbackground: $gradient-primary;
          Γò╡   [32m^[0m


  Sass's behavior for declarations that appear after nested
  rules will be changing to match the behavior specified by CSS in an upcoming
  version. To keep the existing behavior, move the declaration above the nested
  rule. To opt into the new behavior, wrap the declaration in `& {}`.
  
  More info: [4mhttps://sass-lang.com/d/mixed-decls[0m


[33mΓû▓ [43;33m[[43;30mWARNING[43;33m][0m [1mDeprecation[0m [1m[35m[plugin angular-sass][0m

    src/app/shared/styles/_mixins.scss:205:2:
[37m      205 Γöé   [32m[37mbackground: $gradient-primary;
          Γò╡   [32m^[0m


  Sass's behavior for declarations that appear after nested
  rules will be changing to match the behavior specified by CSS in an upcoming
  version. To keep the existing behavior, move the declaration above the nested
  rule. To opt into the new behavior, wrap the declaration in `& {}`.
  
  More info: [4mhttps://sass-lang.com/d/mixed-decls[0m


[33mΓû▓ [43;33m[[43;30mWARNING[43;33m][0m [1mDeprecation[0m [1m[35m[plugin angular-sass][0m

    src/app/shared/styles/_mixins.scss:205:2:
[37m      205 Γöé   [32m[37mbackground: $gradient-primary;
          Γò╡   [32m^[0m


  Sass's behavior for declarations that appear after nested
  rules will be changing to match the behavior specified by CSS in an upcoming
  version. To keep the existing behavior, move the declaration above the nested
  rule. To opt into the new behavior, wrap the declaration in `& {}`.
  
  More info: [4mhttps://sass-lang.com/d/mixed-decls[0m


[33mΓû▓ [43;33m[[43;30mWARNING[43;33m][0m [1mDeprecation[0m [1m[35m[plugin angular-sass][0m

    src/app/shared/styles/_mixins.scss:206:2:
[37m      206 Γöé   [32m[37mcolor: $color-text-inverse;
          Γò╡   [32m^[0m


  Sass's behavior for declarations that appear after nested
  rules will be changing to match the behavior specified by CSS in an upcoming
  version. To keep the existing behavior, move the declaration above the nested
  rule. To opt into the new behavior, wrap the declaration in `& {}`.
  
  More info: [4mhttps://sass-lang.com/d/mixed-decls[0m


[33mΓû▓ [43;33m[[43;30mWARNING[43;33m][0m [1mDeprecation[0m [1m[35m[plugin angular-sass][0m

    src/app/shared/styles/_mixins.scss:206:2:
[37m      206 Γöé   [32m[37mcolor: $color-text-inverse;
          Γò╡   [32m^[0m


  Sass's behavior for declarations that appear after nested
  rules will be changing to match the behavior specified by CSS in an upcoming
  version. To keep the existing behavior, move the declaration above the nested
  rule. To opt into the new behavior, wrap the declaration in `& {}`.
  
  More info: [4mhttps://sass-lang.com/d/mixed-decls[0m


[33mΓû▓ [43;33m[[43;30mWARNING[43;33m][0m [1mDeprecation[0m [1m[35m[plugin angular-sass][0m

    src/app/shared/styles/_mixins.scss:206:2:
[37m      206 Γöé   [32m[37mcolor: $color-text-inverse;
          Γò╡   [32m^[0m


  Sass's behavior for declarations that appear after nested
  rules will be changing to match the behavior specified by CSS in an upcoming
  version. To keep the existing behavior, move the declaration above the nested
  rule. To opt into the new behavior, wrap the declaration in `& {}`.
  
  More info: [4mhttps://sass-lang.com/d/mixed-decls[0m


[33mΓû▓ [43;33m[[43;30mWARNING[43;33m][0m [1mDeprecation[0m [1m[35m[plugin angular-sass][0m

    src/app/shared/styles/_mixins.scss:206:2:
[37m      206 Γöé   [32m[37mcolor: $color-text-inverse;
          Γò╡   [32m^[0m


  Sass's behavior for declarations that appear after nested
  rules will be changing to match the behavior specified by CSS in an upcoming
  version. To keep the existing behavior, move the declaration above the nested
  rule. To opt into the new behavior, wrap the declaration in `& {}`.
  
  More info: [4mhttps://sass-lang.com/d/mixed-decls[0m


[33mΓû▓ [43;33m[[43;30mWARNING[43;33m][0m [1mDeprecation[0m [1m[35m[plugin angular-sass][0m

    src/app/shared/styles/_mixins.scss:206:2:
[37m      206 Γöé   [32m[37mcolor: $color-text-inverse;
          Γò╡   [32m^[0m


  Sass's behavior for declarations that appear after nested
  rules will be changing to match the behavior specified by CSS in an upcoming
  version. To keep the existing behavior, move the declaration above the nested
  rule. To opt into the new behavior, wrap the declaration in `& {}`.
  
  More info: [4mhttps://sass-lang.com/d/mixed-decls[0m


[33mΓû▓ [43;33m[[43;30mWARNING[43;33m][0m [1mDeprecation[0m [1m[35m[plugin angular-sass][0m

    src/app/shared/styles/_mixins.scss:206:2:
[37m      206 Γöé   [32m[37mcolor: $color-text-inverse;
          Γò╡   [32m^[0m


  Sass's behavior for declarations that appear after nested
  rules will be changing to match the behavior specified by CSS in an upcoming
  version. To keep the existing behavior, move the declaration above the nested
  rule. To opt into the new behavior, wrap the declaration in `& {}`.
  
  More info: [4mhttps://sass-lang.com/d/mixed-decls[0m


[33mΓû▓ [43;33m[[43;30mWARNING[43;33m][0m [1mDeprecation[0m [1m[35m[plugin angular-sass][0m

    src/app/shared/styles/_mixins.scss:206:2:
[37m      206 Γöé   [32m[37mcolor: $color-text-inverse;
          Γò╡   [32m^[0m


  Sass's behavior for declarations that appear after nested
  rules will be changing to match the behavior specified by CSS in an upcoming
  version. To keep the existing behavior, move the declaration above the nested
  rule. To opt into the new behavior, wrap the declaration in `& {}`.
  
  More info: [4mhttps://sass-lang.com/d/mixed-decls[0m


[33mΓû▓ [43;33m[[43;30mWARNING[43;33m][0m [1mDeprecation[0m [1m[35m[plugin angular-sass][0m

    src/app/shared/styles/_mixins.scss:206:2:
[37m      206 Γöé   [32m[37mcolor: $color-text-inverse;
          Γò╡   [32m^[0m


  Sass's behavior for declarations that appear after nested
  rules will be changing to match the behavior specified by CSS in an upcoming
  version. To keep the existing behavior, move the declaration above the nested
  rule. To opt into the new behavior, wrap the declaration in `& {}`.
  
  More info: [4mhttps://sass-lang.com/d/mixed-decls[0m


[33mΓû▓ [43;33m[[43;30mWARNING[43;33m][0m [1mDeprecation[0m [1m[35m[plugin angular-sass][0m

    src/app/shared/styles/_mixins.scss:206:2:
[37m      206 Γöé   [32m[37mcolor: $color-text-inverse;
          Γò╡   [32m^[0m


  Sass's behavior for declarations that appear after nested
  rules will be changing to match the behavior specified by CSS in an upcoming
  version. To keep the existing behavior, move the declaration above the nested
  rule. To opt into the new behavior, wrap the declaration in `& {}`.
  
  More info: [4mhttps://sass-lang.com/d/mixed-decls[0m


[33mΓû▓ [43;33m[[43;30mWARNING[43;33m][0m [1mDeprecation[0m [1m[35m[plugin angular-sass][0m

    src/app/shared/styles/_mixins.scss:206:2:
[37m      206 Γöé   [32m[37mcolor: $color-text-inverse;
          Γò╡   [32m^[0m


  Sass's behavior for declarations that appear after nested
  rules will be changing to match the behavior specified by CSS in an upcoming
  version. To keep the existing behavior, move the declaration above the nested
  rule. To opt into the new behavior, wrap the declaration in `& {}`.
  
  More info: [4mhttps://sass-lang.com/d/mixed-decls[0m


[33mΓû▓ [43;33m[[43;30mWARNING[43;33m][0m [1mDeprecation[0m [1m[35m[plugin angular-sass][0m

    src/app/shared/styles/_mixins.scss:206:2:
[37m      206 Γöé   [32m[37mcolor: $color-text-inverse;
          Γò╡   [32m^[0m


  Sass's behavior for declarations that appear after nested
  rules will be changing to match the behavior specified by CSS in an upcoming
  version. To keep the existing behavior, move the declaration above the nested
  rule. To opt into the new behavior, wrap the declaration in `& {}`.
  
  More info: [4mhttps://sass-lang.com/d/mixed-decls[0m


[33mΓû▓ [43;33m[[43;30mWARNING[43;33m][0m [1mDeprecation[0m [1m[35m[plugin angular-sass][0m

    src/app/shared/styles/_mixins.scss:206:2:
[37m      206 Γöé   [32m[37mcolor: $color-text-inverse;
          Γò╡   [32m^[0m


  Sass's behavior for declarations that appear after nested
  rules will be changing to match the behavior specified by CSS in an upcoming
  version. To keep the existing behavior, move the declaration above the nested
  rule. To opt into the new behavior, wrap the declaration in `& {}`.
  
  More info: [4mhttps://sass-lang.com/d/mixed-decls[0m


[33mΓû▓ [43;33m[[43;30mWARNING[43;33m][0m [1mDeprecation[0m [1m[35m[plugin angular-sass][0m

    src/app/shared/styles/_mixins.scss:206:2:
[37m      206 Γöé   [32m[37mcolor: $color-text-inverse;
          Γò╡   [32m^[0m


  Sass's behavior for declarations that appear after nested
  rules will be changing to match the behavior specified by CSS in an upcoming
  version. To keep the existing behavior, move the declaration above the nested
  rule. To opt into the new behavior, wrap the declaration in `& {}`.
  
  More info: [4mhttps://sass-lang.com/d/mixed-decls[0m


[33mΓû▓ [43;33m[[43;30mWARNING[43;33m][0m [1mDeprecation[0m [1m[35m[plugin angular-sass][0m

    src/app/shared/styles/_mixins.scss:206:2:
[37m      206 Γöé   [32m[37mcolor: $color-text-inverse;
          Γò╡   [32m^[0m


  Sass's behavior for declarations that appear after nested
  rules will be changing to match the behavior specified by CSS in an upcoming
  version. To keep the existing behavior, move the declaration above the nested
  rule. To opt into the new behavior, wrap the declaration in `& {}`.
  
  More info: [4mhttps://sass-lang.com/d/mixed-decls[0m


[33mΓû▓ [43;33m[[43;30mWARNING[43;33m][0m [1mDeprecation[0m [1m[35m[plugin angular-sass][0m

    src/app/shared/styles/_mixins.scss:206:2:
[37m      206 Γöé   [32m[37mcolor: $color-text-inverse;
          Γò╡   [32m^[0m


  Sass's behavior for declarations that appear after nested
  rules will be changing to match the behavior specified by CSS in an upcoming
  version. To keep the existing behavior, move the declaration above the nested
  rule. To opt into the new behavior, wrap the declaration in `& {}`.
  
  More info: [4mhttps://sass-lang.com/d/mixed-decls[0m


[33mΓû▓ [43;33m[[43;30mWARNING[43;33m][0m [1mDeprecation[0m [1m[35m[plugin angular-sass][0m

    src/app/shared/styles/_mixins.scss:206:2:
[37m      206 Γöé   [32m[37mcolor: $color-text-inverse;
          Γò╡   [32m^[0m


  Sass's behavior for declarations that appear after nested
  rules will be changing to match the behavior specified by CSS in an upcoming
  version. To keep the existing behavior, move the declaration above the nested
  rule. To opt into the new behavior, wrap the declaration in `& {}`.
  
  More info: [4mhttps://sass-lang.com/d/mixed-decls[0m


[33mΓû▓ [43;33m[[43;30mWARNING[43;33m][0m [1mDeprecation[0m [1m[35m[plugin angular-sass][0m

    src/app/shared/styles/_mixins.scss:206:2:
[37m      206 Γöé   [32m[37mcolor: $color-text-inverse;
          Γò╡   [32m^[0m


  Sass's behavior for declarations that appear after nested
  rules will be changing to match the behavior specified by CSS in an upcoming
  version. To keep the existing behavior, move the declaration above the nested
  rule. To opt into the new behavior, wrap the declaration in `& {}`.
  
  More info: [4mhttps://sass-lang.com/d/mixed-decls[0m


[33mΓû▓ [43;33m[[43;30mWARNING[43;33m][0m [1mDeprecation[0m [1m[35m[plugin angular-sass][0m

    src/app/shared/styles/_mixins.scss:206:2:
[37m      206 Γöé   [32m[37mcolor: $color-text-inverse;
          Γò╡   [32m^[0m


  Sass's behavior for declarations that appear after nested
  rules will be changing to match the behavior specified by CSS in an upcoming
  version. To keep the existing behavior, move the declaration above the nested
  rule. To opt into the new behavior, wrap the declaration in `& {}`.
  
  More info: [4mhttps://sass-lang.com/d/mixed-decls[0m


[33mΓû▓ [43;33m[[43;30mWARNING[43;33m][0m [1mDeprecation[0m [1m[35m[plugin angular-sass][0m

    src/app/shared/styles/_mixins.scss:206:2:
[37m      206 Γöé   [32m[37mcolor: $color-text-inverse;
          Γò╡   [32m^[0m


  Sass's behavior for declarations that appear after nested
  rules will be changing to match the behavior specified by CSS in an upcoming
  version. To keep the existing behavior, move the declaration above the nested
  rule. To opt into the new behavior, wrap the declaration in `& {}`.
  
  More info: [4mhttps://sass-lang.com/d/mixed-decls[0m


[33mΓû▓ [43;33m[[43;30mWARNING[43;33m][0m [1mDeprecation[0m [1m[35m[plugin angular-sass][0m

    src/app/shared/styles/_mixins.scss:206:2:
[37m      206 Γöé   [32m[37mcolor: $color-text-inverse;
          Γò╡   [32m^[0m


  Sass's behavior for declarations that appear after nested
  rules will be changing to match the behavior specified by CSS in an upcoming
  version. To keep the existing behavior, move the declaration above the nested
  rule. To opt into the new behavior, wrap the declaration in `& {}`.
  
  More info: [4mhttps://sass-lang.com/d/mixed-decls[0m


[33mΓû▓ [43;33m[[43;30mWARNING[43;33m][0m [1mDeprecation[0m [1m[35m[plugin angular-sass][0m

    src/app/shared/styles/_mixins.scss:206:2:
[37m      206 Γöé   [32m[37mcolor: $color-text-inverse;
          Γò╡   [32m^[0m


  Sass's behavior for declarations that appear after nested
  rules will be changing to match the behavior specified by CSS in an upcoming
  version. To keep the existing behavior, move the declaration above the nested
  rule. To opt into the new behavior, wrap the declaration in `& {}`.
  
  More info: [4mhttps://sass-lang.com/d/mixed-decls[0m


[33mΓû▓ [43;33m[[43;30mWARNING[43;33m][0m [1mDeprecation[0m [1m[35m[plugin angular-sass][0m

    src/app/shared/styles/_mixins.scss:206:2:
[37m      206 Γöé   [32m[37mcolor: $color-text-inverse;
          Γò╡   [32m^[0m


  Sass's behavior for declarations that appear after nested
  rules will be changing to match the behavior specified by CSS in an upcoming
  version. To keep the existing behavior, move the declaration above the nested
  rule. To opt into the new behavior, wrap the declaration in `& {}`.
  
  More info: [4mhttps://sass-lang.com/d/mixed-decls[0m


[33mΓû▓ [43;33m[[43;30mWARNING[43;33m][0m [1mDeprecation[0m [1m[35m[plugin angular-sass][0m

    src/app/shared/styles/_mixins.scss:206:2:
[37m      206 Γöé   [32m[37mcolor: $color-text-inverse;
          Γò╡   [32m^[0m


  Sass's behavior for declarations that appear after nested
  rules will be changing to match the behavior specified by CSS in an upcoming
  version. To keep the existing behavior, move the declaration above the nested
  rule. To opt into the new behavior, wrap the declaration in `& {}`.
  
  More info: [4mhttps://sass-lang.com/d/mixed-decls[0m


[33mΓû▓ [43;33m[[43;30mWARNING[43;33m][0m [1mDeprecation[0m [1m[35m[plugin angular-sass][0m

    src/app/shared/styles/_mixins.scss:206:2:
[37m      206 Γöé   [32m[37mcolor: $color-text-inverse;
          Γò╡   [32m^[0m


  Sass's behavior for declarations that appear after nested
  rules will be changing to match the behavior specified by CSS in an upcoming
  version. To keep the existing behavior, move the declaration above the nested
  rule. To opt into the new behavior, wrap the declaration in `& {}`.
  
  More info: [4mhttps://sass-lang.com/d/mixed-decls[0m


[33mΓû▓ [43;33m[[43;30mWARNING[43;33m][0m [1mDeprecation[0m [1m[35m[plugin angular-sass][0m

    src/app/shared/styles/_mixins.scss:206:2:
[37m      206 Γöé   [32m[37mcolor: $color-text-inverse;
          Γò╡   [32m^[0m


  Sass's behavior for declarations that appear after nested
  rules will be changing to match the behavior specified by CSS in an upcoming
  version. To keep the existing behavior, move the declaration above the nested
  rule. To opt into the new behavior, wrap the declaration in `& {}`.
  
  More info: [4mhttps://sass-lang.com/d/mixed-decls[0m


[33mΓû▓ [43;33m[[43;30mWARNING[43;33m][0m [1mDeprecation[0m [1m[35m[plugin angular-sass][0m

    src/app/shared/styles/_mixins.scss:206:2:
[37m      206 Γöé   [32m[37mcolor: $color-text-inverse;
          Γò╡   [32m^[0m


  Sass's behavior for declarations that appear after nested
  rules will be changing to match the behavior specified by CSS in an upcoming
  version. To keep the existing behavior, move the declaration above the nested
  rule. To opt into the new behavior, wrap the declaration in `& {}`.
  
  More info: [4mhttps://sass-lang.com/d/mixed-decls[0m


[33mΓû▓ [43;33m[[43;30mWARNING[43;33m][0m [1mDeprecation[0m [1m[35m[plugin angular-sass][0m

    src/app/shared/styles/_mixins.scss:206:2:
[37m      206 Γöé   [32m[37mcolor: $color-text-inverse;
          Γò╡   [32m^[0m


  Sass's behavior for declarations that appear after nested
  rules will be changing to match the behavior specified by CSS in an upcoming
  version. To keep the existing behavior, move the declaration above the nested
  rule. To opt into the new behavior, wrap the declaration in `& {}`.
  
  More info: [4mhttps://sass-lang.com/d/mixed-decls[0m


[33mΓû▓ [43;33m[[43;30mWARNING[43;33m][0m [1mDeprecation[0m [1m[35m[plugin angular-sass][0m

    src/app/shared/styles/_mixins.scss:206:2:
[37m      206 Γöé   [32m[37mcolor: $color-text-inverse;
          Γò╡   [32m^[0m


  Sass's behavior for declarations that appear after nested
  rules will be changing to match the behavior specified by CSS in an upcoming
  version. To keep the existing behavior, move the declaration above the nested
  rule. To opt into the new behavior, wrap the declaration in `& {}`.
  
  More info: [4mhttps://sass-lang.com/d/mixed-decls[0m


[33mΓû▓ [43;33m[[43;30mWARNING[43;33m][0m [1mDeprecation[0m [1m[35m[plugin angular-sass][0m

    src/app/shared/styles/_mixins.scss:206:2:
[37m      206 Γöé   [32m[37mcolor: $color-text-inverse;
          Γò╡   [32m^[0m


  Sass's behavior for declarations that appear after nested
  rules will be changing to match the behavior specified by CSS in an upcoming
  version. To keep the existing behavior, move the declaration above the nested
  rule. To opt into the new behavior, wrap the declaration in `& {}`.
  
  More info: [4mhttps://sass-lang.com/d/mixed-decls[0m


[33mΓû▓ [43;33m[[43;30mWARNING[43;33m][0m [1mDeprecation[0m [1m[35m[plugin angular-sass][0m

    src/app/shared/styles/_mixins.scss:206:2:
[37m      206 Γöé   [32m[37mcolor: $color-text-inverse;
          Γò╡   [32m^[0m


  Sass's behavior for declarations that appear after nested
  rules will be changing to match the behavior specified by CSS in an upcoming
  version. To keep the existing behavior, move the declaration above the nested
  rule. To opt into the new behavior, wrap the declaration in `& {}`.
  
  More info: [4mhttps://sass-lang.com/d/mixed-decls[0m


[33mΓû▓ [43;33m[[43;30mWARNING[43;33m][0m [1mDeprecation[0m [1m[35m[plugin angular-sass][0m

    src/app/shared/styles/_mixins.scss:206:2:
[37m      206 Γöé   [32m[37mcolor: $color-text-inverse;
          Γò╡   [32m^[0m


  Sass's behavior for declarations that appear after nested
  rules will be changing to match the behavior specified by CSS in an upcoming
  version. To keep the existing behavior, move the declaration above the nested
  rule. To opt into the new behavior, wrap the declaration in `& {}`.
  
  More info: [4mhttps://sass-lang.com/d/mixed-decls[0m


[33mΓû▓ [43;33m[[43;30mWARNING[43;33m][0m [1mDeprecation[0m [1m[35m[plugin angular-sass][0m

    src/app/shared/styles/_mixins.scss:206:2:
[37m      206 Γöé   [32m[37mcolor: $color-text-inverse;
          Γò╡   [32m^[0m


  Sass's behavior for declarations that appear after nested
  rules will be changing to match the behavior specified by CSS in an upcoming
  version. To keep the existing behavior, move the declaration above the nested
  rule. To opt into the new behavior, wrap the declaration in `& {}`.
  
  More info: [4mhttps://sass-lang.com/d/mixed-decls[0m


[33mΓû▓ [43;33m[[43;30mWARNING[43;33m][0m [1mDeprecation[0m [1m[35m[plugin angular-sass][0m

    src/app/shared/styles/_mixins.scss:206:2:
[37m      206 Γöé   [32m[37mcolor: $color-text-inverse;
          Γò╡   [32m^[0m


  Sass's behavior for declarations that appear after nested
  rules will be changing to match the behavior specified by CSS in an upcoming
  version. To keep the existing behavior, move the declaration above the nested
  rule. To opt into the new behavior, wrap the declaration in `& {}`.
  
  More info: [4mhttps://sass-lang.com/d/mixed-decls[0m


[33mΓû▓ [43;33m[[43;30mWARNING[43;33m][0m [1mDeprecation[0m [1m[35m[plugin angular-sass][0m

    src/app/shared/styles/_mixins.scss:206:2:
[37m      206 Γöé   [32m[37mcolor: $color-text-inverse;
          Γò╡   [32m^[0m


  Sass's behavior for declarations that appear after nested
  rules will be changing to match the behavior specified by CSS in an upcoming
  version. To keep the existing behavior, move the declaration above the nested
  rule. To opt into the new behavior, wrap the declaration in `& {}`.
  
  More info: [4mhttps://sass-lang.com/d/mixed-decls[0m


[33mΓû▓ [43;33m[[43;30mWARNING[43;33m][0m [1mDeprecation[0m [1m[35m[plugin angular-sass][0m

    src/app/shared/styles/_mixins.scss:206:2:
[37m      206 Γöé   [32m[37mcolor: $color-text-inverse;
          Γò╡   [32m^[0m


  Sass's behavior for declarations that appear after nested
  rules will be changing to match the behavior specified by CSS in an upcoming
  version. To keep the existing behavior, move the declaration above the nested
  rule. To opt into the new behavior, wrap the declaration in `& {}`.
  
  More info: [4mhttps://sass-lang.com/d/mixed-decls[0m


[33mΓû▓ [43;33m[[43;30mWARNING[43;33m][0m [1mDeprecation[0m [1m[35m[plugin angular-sass][0m

    src/app/shared/styles/_mixins.scss:206:2:
[37m      206 Γöé   [32m[37mcolor: $color-text-inverse;
          Γò╡   [32m^[0m


  Sass's behavior for declarations that appear after nested
  rules will be changing to match the behavior specified by CSS in an upcoming
  version. To keep the existing behavior, move the declaration above the nested
  rule. To opt into the new behavior, wrap the declaration in `& {}`.
  
  More info: [4mhttps://sass-lang.com/d/mixed-decls[0m


[33mΓû▓ [43;33m[[43;30mWARNING[43;33m][0m [1mDeprecation[0m [1m[35m[plugin angular-sass][0m

    src/app/shared/styles/_mixins.scss:206:2:
[37m      206 Γöé   [32m[37mcolor: $color-text-inverse;
          Γò╡   [32m^[0m


  Sass's behavior for declarations that appear after nested
  rules will be changing to match the behavior specified by CSS in an upcoming
  version. To keep the existing behavior, move the declaration above the nested
  rule. To opt into the new behavior, wrap the declaration in `& {}`.
  
  More info: [4mhttps://sass-lang.com/d/mixed-decls[0m


[33mΓû▓ [43;33m[[43;30mWARNING[43;33m][0m [1mDeprecation[0m [1m[35m[plugin angular-sass][0m

    src/app/shared/styles/_mixins.scss:206:2:
[37m      206 Γöé   [32m[37mcolor: $color-text-inverse;
          Γò╡   [32m^[0m


  Sass's behavior for declarations that appear after nested
  rules will be changing to match the behavior specified by CSS in an upcoming
  version. To keep the existing behavior, move the declaration above the nested
  rule. To opt into the new behavior, wrap the declaration in `& {}`.
  
  More info: [4mhttps://sass-lang.com/d/mixed-decls[0m


[33mΓû▓ [43;33m[[43;30mWARNING[43;33m][0m [1mDeprecation[0m [1m[35m[plugin angular-sass][0m

    src/app/shared/styles/_mixins.scss:206:2:
[37m      206 Γöé   [32m[37mcolor: $color-text-inverse;
          Γò╡   [32m^[0m


  Sass's behavior for declarations that appear after nested
  rules will be changing to match the behavior specified by CSS in an upcoming
  version. To keep the existing behavior, move the declaration above the nested
  rule. To opt into the new behavior, wrap the declaration in `& {}`.
  
  More info: [4mhttps://sass-lang.com/d/mixed-decls[0m


[33mΓû▓ [43;33m[[43;30mWARNING[43;33m][0m [1mDeprecation[0m [1m[35m[plugin angular-sass][0m

    src/app/shared/styles/_mixins.scss:206:2:
[37m      206 Γöé   [32m[37mcolor: $color-text-inverse;
          Γò╡   [32m^[0m


  Sass's behavior for declarations that appear after nested
  rules will be changing to match the behavior specified by CSS in an upcoming
  version. To keep the existing behavior, move the declaration above the nested
  rule. To opt into the new behavior, wrap the declaration in `& {}`.
  
  More info: [4mhttps://sass-lang.com/d/mixed-decls[0m


[33mΓû▓ [43;33m[[43;30mWARNING[43;33m][0m [1mDeprecation[0m [1m[35m[plugin angular-sass][0m

    src/app/shared/styles/_mixins.scss:206:2:
[37m      206 Γöé   [32m[37mcolor: $color-text-inverse;
          Γò╡   [32m^[0m


  Sass's behavior for declarations that appear after nested
  rules will be changing to match the behavior specified by CSS in an upcoming
  version. To keep the existing behavior, move the declaration above the nested
  rule. To opt into the new behavior, wrap the declaration in `& {}`.
  
  More info: [4mhttps://sass-lang.com/d/mixed-decls[0m


[33mΓû▓ [43;33m[[43;30mWARNING[43;33m][0m [1mDeprecation[0m [1m[35m[plugin angular-sass][0m

    src/app/shared/styles/_mixins.scss:206:2:
[37m      206 Γöé   [32m[37mcolor: $color-text-inverse;
          Γò╡   [32m^[0m


  Sass's behavior for declarations that appear after nested
  rules will be changing to match the behavior specified by CSS in an upcoming
  version. To keep the existing behavior, move the declaration above the nested
  rule. To opt into the new behavior, wrap the declaration in `& {}`.
  
  More info: [4mhttps://sass-lang.com/d/mixed-decls[0m


[33mΓû▓ [43;33m[[43;30mWARNING[43;33m][0m [1mDeprecation[0m [1m[35m[plugin angular-sass][0m

    src/app/shared/styles/_mixins.scss:206:2:
[37m      206 Γöé   [32m[37mcolor: $color-text-inverse;
          Γò╡   [32m^[0m


  Sass's behavior for declarations that appear after nested
  rules will be changing to match the behavior specified by CSS in an upcoming
  version. To keep the existing behavior, move the declaration above the nested
  rule. To opt into the new behavior, wrap the declaration in `& {}`.
  
  More info: [4mhttps://sass-lang.com/d/mixed-decls[0m


[33mΓû▓ [43;33m[[43;30mWARNING[43;33m][0m [1mDeprecation[0m [1m[35m[plugin angular-sass][0m

    src/app/shared/styles/_mixins.scss:206:2:
[37m      206 Γöé   [32m[37mcolor: $color-text-inverse;
          Γò╡   [32m^[0m


  Sass's behavior for declarations that appear after nested
  rules will be changing to match the behavior specified by CSS in an upcoming
  version. To keep the existing behavior, move the declaration above the nested
  rule. To opt into the new behavior, wrap the declaration in `& {}`.
  
  More info: [4mhttps://sass-lang.com/d/mixed-decls[0m


[33mΓû▓ [43;33m[[43;30mWARNING[43;33m][0m [1mDeprecation[0m [1m[35m[plugin angular-sass][0m

    src/app/shared/styles/_mixins.scss:206:2:
[37m      206 Γöé   [32m[37mcolor: $color-text-inverse;
          Γò╡   [32m^[0m


  Sass's behavior for declarations that appear after nested
  rules will be changing to match the behavior specified by CSS in an upcoming
  version. To keep the existing behavior, move the declaration above the nested
  rule. To opt into the new behavior, wrap the declaration in `& {}`.
  
  More info: [4mhttps://sass-lang.com/d/mixed-decls[0m


[33mΓû▓ [43;33m[[43;30mWARNING[43;33m][0m [1mDeprecation[0m [1m[35m[plugin angular-sass][0m

    src/app/shared/styles/_mixins.scss:206:2:
[37m      206 Γöé   [32m[37mcolor: $color-text-inverse;
          Γò╡   [32m^[0m


  Sass's behavior for declarations that appear after nested
  rules will be changing to match the behavior specified by CSS in an upcoming
  version. To keep the existing behavior, move the declaration above the nested
  rule. To opt into the new behavior, wrap the declaration in `& {}`.
  
  More info: [4mhttps://sass-lang.com/d/mixed-decls[0m


[33mΓû▓ [43;33m[[43;30mWARNING[43;33m][0m [1mDeprecation[0m [1m[35m[plugin angular-sass][0m

    src/app/shared/styles/_mixins.scss:206:2:
[37m      206 Γöé   [32m[37mcolor: $color-text-inverse;
          Γò╡   [32m^[0m


  Sass's behavior for declarations that appear after nested
  rules will be changing to match the behavior specified by CSS in an upcoming
  version. To keep the existing behavior, move the declaration above the nested
  rule. To opt into the new behavior, wrap the declaration in `& {}`.
  
  More info: [4mhttps://sass-lang.com/d/mixed-decls[0m


[33mΓû▓ [43;33m[[43;30mWARNING[43;33m][0m [1mDeprecation[0m [1m[35m[plugin angular-sass][0m

    src/app/shared/styles/_mixins.scss:206:2:
[37m      206 Γöé   [32m[37mcolor: $color-text-inverse;
          Γò╡   [32m^[0m


  Sass's behavior for declarations that appear after nested
  rules will be changing to match the behavior specified by CSS in an upcoming
  version. To keep the existing behavior, move the declaration above the nested
  rule. To opt into the new behavior, wrap the declaration in `& {}`.
  
  More info: [4mhttps://sass-lang.com/d/mixed-decls[0m


[33mΓû▓ [43;33m[[43;30mWARNING[43;33m][0m [1mDeprecation[0m [1m[35m[plugin angular-sass][0m

    src/app/shared/styles/_mixins.scss:206:2:
[37m      206 Γöé   [32m[37mcolor: $color-text-inverse;
          Γò╡   [32m^[0m


  Sass's behavior for declarations that appear after nested
  rules will be changing to match the behavior specified by CSS in an upcoming
  version. To keep the existing behavior, move the declaration above the nested
  rule. To opt into the new behavior, wrap the declaration in `& {}`.
  
  More info: [4mhttps://sass-lang.com/d/mixed-decls[0m


[33mΓû▓ [43;33m[[43;30mWARNING[43;33m][0m [1mDeprecation[0m [1m[35m[plugin angular-sass][0m

    src/app/shared/styles/_mixins.scss:206:2:
[37m      206 Γöé   [32m[37mcolor: $color-text-inverse;
          Γò╡   [32m^[0m


  Sass's behavior for declarations that appear after nested
  rules will be changing to match the behavior specified by CSS in an upcoming
  version. To keep the existing behavior, move the declaration above the nested
  rule. To opt into the new behavior, wrap the declaration in `& {}`.
  
  More info: [4mhttps://sass-lang.com/d/mixed-decls[0m


[33mΓû▓ [43;33m[[43;30mWARNING[43;33m][0m [1mDeprecation[0m [1m[35m[plugin angular-sass][0m

    src/app/shared/styles/_mixins.scss:206:2:
[37m      206 Γöé   [32m[37mcolor: $color-text-inverse;
          Γò╡   [32m^[0m


  Sass's behavior for declarations that appear after nested
  rules will be changing to match the behavior specified by CSS in an upcoming
  version. To keep the existing behavior, move the declaration above the nested
  rule. To opt into the new behavior, wrap the declaration in `& {}`.
  
  More info: [4mhttps://sass-lang.com/d/mixed-decls[0m


[33mΓû▓ [43;33m[[43;30mWARNING[43;33m][0m [1mDeprecation[0m [1m[35m[plugin angular-sass][0m

    src/app/shared/styles/_mixins.scss:206:2:
[37m      206 Γöé   [32m[37mcolor: $color-text-inverse;
          Γò╡   [32m^[0m


  Sass's behavior for declarations that appear after nested
  rules will be changing to match the behavior specified by CSS in an upcoming
  version. To keep the existing behavior, move the declaration above the nested
  rule. To opt into the new behavior, wrap the declaration in `& {}`.
  
  More info: [4mhttps://sass-lang.com/d/mixed-decls[0m


[33mΓû▓ [43;33m[[43;30mWARNING[43;33m][0m [1mDeprecation[0m [1m[35m[plugin angular-sass][0m

    src/app/shared/styles/_mixins.scss:206:2:
[37m      206 Γöé   [32m[37mcolor: $color-text-inverse;
          Γò╡   [32m^[0m


  Sass's behavior for declarations that appear after nested
  rules will be changing to match the behavior specified by CSS in an upcoming
  version. To keep the existing behavior, move the declaration above the nested
  rule. To opt into the new behavior, wrap the declaration in `& {}`.
  
  More info: [4mhttps://sass-lang.com/d/mixed-decls[0m


[33mΓû▓ [43;33m[[43;30mWARNING[43;33m][0m [1mDeprecation[0m [1m[35m[plugin angular-sass][0m

    src/app/shared/styles/_mixins.scss:206:2:
[37m      206 Γöé   [32m[37mcolor: $color-text-inverse;
          Γò╡   [32m^[0m


  Sass's behavior for declarations that appear after nested
  rules will be changing to match the behavior specified by CSS in an upcoming
  version. To keep the existing behavior, move the declaration above the nested
  rule. To opt into the new behavior, wrap the declaration in `& {}`.
  
  More info: [4mhttps://sass-lang.com/d/mixed-decls[0m


[33mΓû▓ [43;33m[[43;30mWARNING[43;33m][0m [1mDeprecation[0m [1m[35m[plugin angular-sass][0m

    src/app/shared/styles/_mixins.scss:206:2:
[37m      206 Γöé   [32m[37mcolor: $color-text-inverse;
          Γò╡   [32m^[0m


  Sass's behavior for declarations that appear after nested
  rules will be changing to match the behavior specified by CSS in an upcoming
  version. To keep the existing behavior, move the declaration above the nested
  rule. To opt into the new behavior, wrap the declaration in `& {}`.
  
  More info: [4mhttps://sass-lang.com/d/mixed-decls[0m


[33mΓû▓ [43;33m[[43;30mWARNING[43;33m][0m [1mDeprecation[0m [1m[35m[plugin angular-sass][0m

    src/app/shared/styles/_mixins.scss:206:2:
[37m      206 Γöé   [32m[37mcolor: $color-text-inverse;
          Γò╡   [32m^[0m


  Sass's behavior for declarations that appear after nested
  rules will be changing to match the behavior specified by CSS in an upcoming
  version. To keep the existing behavior, move the declaration above the nested
  rule. To opt into the new behavior, wrap the declaration in `& {}`.
  
  More info: [4mhttps://sass-lang.com/d/mixed-decls[0m


[33mΓû▓ [43;33m[[43;30mWARNING[43;33m][0m [1mDeprecation[0m [1m[35m[plugin angular-sass][0m

    src/app/shared/styles/_mixins.scss:206:2:
[37m      206 Γöé   [32m[37mcolor: $color-text-inverse;
          Γò╡   [32m^[0m


  Sass's behavior for declarations that appear after nested
  rules will be changing to match the behavior specified by CSS in an upcoming
  version. To keep the existing behavior, move the declaration above the nested
  rule. To opt into the new behavior, wrap the declaration in `& {}`.
  
  More info: [4mhttps://sass-lang.com/d/mixed-decls[0m


[33mΓû▓ [43;33m[[43;30mWARNING[43;33m][0m [1mDeprecation[0m [1m[35m[plugin angular-sass][0m

    src/app/shared/styles/_mixins.scss:206:2:
[37m      206 Γöé   [32m[37mcolor: $color-text-inverse;
          Γò╡   [32m^[0m


  Sass's behavior for declarations that appear after nested
  rules will be changing to match the behavior specified by CSS in an upcoming
  version. To keep the existing behavior, move the declaration above the nested
  rule. To opt into the new behavior, wrap the declaration in `& {}`.
  
  More info: [4mhttps://sass-lang.com/d/mixed-decls[0m


[33mΓû▓ [43;33m[[43;30mWARNING[43;33m][0m [1mDeprecation[0m [1m[35m[plugin angular-sass][0m

    src/app/shared/styles/_mixins.scss:206:2:
[37m      206 Γöé   [32m[37mcolor: $color-text-inverse;
          Γò╡   [32m^[0m


  Sass's behavior for declarations that appear after nested
  rules will be changing to match the behavior specified by CSS in an upcoming
  version. To keep the existing behavior, move the declaration above the nested
  rule. To opt into the new behavior, wrap the declaration in `& {}`.
  
  More info: [4mhttps://sass-lang.com/d/mixed-decls[0m


[33mΓû▓ [43;33m[[43;30mWARNING[43;33m][0m [1mDeprecation[0m [1m[35m[plugin angular-sass][0m

    src/app/shared/styles/_mixins.scss:206:2:
[37m      206 Γöé   [32m[37mcolor: $color-text-inverse;
          Γò╡   [32m^[0m


  Sass's behavior for declarations that appear after nested
  rules will be changing to match the behavior specified by CSS in an upcoming
  version. To keep the existing behavior, move the declaration above the nested
  rule. To opt into the new behavior, wrap the declaration in `& {}`.
  
  More info: [4mhttps://sass-lang.com/d/mixed-decls[0m


[33mΓû▓ [43;33m[[43;30mWARNING[43;33m][0m [1mDeprecation[0m [1m[35m[plugin angular-sass][0m

    src/app/shared/styles/_mixins.scss:206:2:
[37m      206 Γöé   [32m[37mcolor: $color-text-inverse;
          Γò╡   [32m^[0m


  Sass's behavior for declarations that appear after nested
  rules will be changing to match the behavior specified by CSS in an upcoming
  version. To keep the existing behavior, move the declaration above the nested
  rule. To opt into the new behavior, wrap the declaration in `& {}`.
  
  More info: [4mhttps://sass-lang.com/d/mixed-decls[0m


[33mΓû▓ [43;33m[[43;30mWARNING[43;33m][0m [1mDeprecation[0m [1m[35m[plugin angular-sass][0m

    src/app/shared/styles/_mixins.scss:206:2:
[37m      206 Γöé   [32m[37mcolor: $color-text-inverse;
          Γò╡   [32m^[0m


  Sass's behavior for declarations that appear after nested
  rules will be changing to match the behavior specified by CSS in an upcoming
  version. To keep the existing behavior, move the declaration above the nested
  rule. To opt into the new behavior, wrap the declaration in `& {}`.
  
  More info: [4mhttps://sass-lang.com/d/mixed-decls[0m


[33mΓû▓ [43;33m[[43;30mWARNING[43;33m][0m [1mDeprecation[0m [1m[35m[plugin angular-sass][0m

    src/app/shared/styles/_mixins.scss:206:2:
[37m      206 Γöé   [32m[37mcolor: $color-text-inverse;
          Γò╡   [32m^[0m


  Sass's behavior for declarations that appear after nested
  rules will be changing to match the behavior specified by CSS in an upcoming
  version. To keep the existing behavior, move the declaration above the nested
  rule. To opt into the new behavior, wrap the declaration in `& {}`.
  
  More info: [4mhttps://sass-lang.com/d/mixed-decls[0m


[33mΓû▓ [43;33m[[43;30mWARNING[43;33m][0m [1mDeprecation[0m [1m[35m[plugin angular-sass][0m

    src/app/shared/styles/_mixins.scss:206:2:
[37m      206 Γöé   [32m[37mcolor: $color-text-inverse;
          Γò╡   [32m^[0m


  Sass's behavior for declarations that appear after nested
  rules will be changing to match the behavior specified by CSS in an upcoming
  version. To keep the existing behavior, move the declaration above the nested
  rule. To opt into the new behavior, wrap the declaration in `& {}`.
  
  More info: [4mhttps://sass-lang.com/d/mixed-decls[0m


[33mΓû▓ [43;33m[[43;30mWARNING[43;33m][0m [1mDeprecation[0m [1m[35m[plugin angular-sass][0m

    src/app/shared/styles/_mixins.scss:207:2:
[37m      207 Γöé   [32m[37mborder: none;
          Γò╡   [32m^[0m


  Sass's behavior for declarations that appear after nested
  rules will be changing to match the behavior specified by CSS in an upcoming
  version. To keep the existing behavior, move the declaration above the nested
  rule. To opt into the new behavior, wrap the declaration in `& {}`.
  
  More info: [4mhttps://sass-lang.com/d/mixed-decls[0m


[33mΓû▓ [43;33m[[43;30mWARNING[43;33m][0m [1mDeprecation[0m [1m[35m[plugin angular-sass][0m

    src/app/shared/styles/_mixins.scss:207:2:
[37m      207 Γöé   [32m[37mborder: none;
          Γò╡   [32m^[0m


  Sass's behavior for declarations that appear after nested
  rules will be changing to match the behavior specified by CSS in an upcoming
  version. To keep the existing behavior, move the declaration above the nested
  rule. To opt into the new behavior, wrap the declaration in `& {}`.
  
  More info: [4mhttps://sass-lang.com/d/mixed-decls[0m


[33mΓû▓ [43;33m[[43;30mWARNING[43;33m][0m [1mDeprecation[0m [1m[35m[plugin angular-sass][0m

    src/app/shared/styles/_mixins.scss:207:2:
[37m      207 Γöé   [32m[37mborder: none;
          Γò╡   [32m^[0m


  Sass's behavior for declarations that appear after nested
  rules will be changing to match the behavior specified by CSS in an upcoming
  version. To keep the existing behavior, move the declaration above the nested
  rule. To opt into the new behavior, wrap the declaration in `& {}`.
  
  More info: [4mhttps://sass-lang.com/d/mixed-decls[0m


[33mΓû▓ [43;33m[[43;30mWARNING[43;33m][0m [1mDeprecation[0m [1m[35m[plugin angular-sass][0m

    src/app/shared/styles/_mixins.scss:207:2:
[37m      207 Γöé   [32m[37mborder: none;
          Γò╡   [32m^[0m


  Sass's behavior for declarations that appear after nested
  rules will be changing to match the behavior specified by CSS in an upcoming
  version. To keep the existing behavior, move the declaration above the nested
  rule. To opt into the new behavior, wrap the declaration in `& {}`.
  
  More info: [4mhttps://sass-lang.com/d/mixed-decls[0m


[33mΓû▓ [43;33m[[43;30mWARNING[43;33m][0m [1mDeprecation[0m [1m[35m[plugin angular-sass][0m

    src/app/shared/styles/_mixins.scss:207:2:
[37m      207 Γöé   [32m[37mborder: none;
          Γò╡   [32m^[0m


  Sass's behavior for declarations that appear after nested
  rules will be changing to match the behavior specified by CSS in an upcoming
  version. To keep the existing behavior, move the declaration above the nested
  rule. To opt into the new behavior, wrap the declaration in `& {}`.
  
  More info: [4mhttps://sass-lang.com/d/mixed-decls[0m


[33mΓû▓ [43;33m[[43;30mWARNING[43;33m][0m [1mDeprecation[0m [1m[35m[plugin angular-sass][0m

    src/app/shared/styles/_mixins.scss:207:2:
[37m      207 Γöé   [32m[37mborder: none;
          Γò╡   [32m^[0m


  Sass's behavior for declarations that appear after nested
  rules will be changing to match the behavior specified by CSS in an upcoming
  version. To keep the existing behavior, move the declaration above the nested
  rule. To opt into the new behavior, wrap the declaration in `& {}`.
  
  More info: [4mhttps://sass-lang.com/d/mixed-decls[0m


[33mΓû▓ [43;33m[[43;30mWARNING[43;33m][0m [1mDeprecation[0m [1m[35m[plugin angular-sass][0m

    src/app/shared/styles/_mixins.scss:207:2:
[37m      207 Γöé   [32m[37mborder: none;
          Γò╡   [32m^[0m


  Sass's behavior for declarations that appear after nested
  rules will be changing to match the behavior specified by CSS in an upcoming
  version. To keep the existing behavior, move the declaration above the nested
  rule. To opt into the new behavior, wrap the declaration in `& {}`.
  
  More info: [4mhttps://sass-lang.com/d/mixed-decls[0m


[33mΓû▓ [43;33m[[43;30mWARNING[43;33m][0m [1mDeprecation[0m [1m[35m[plugin angular-sass][0m

    src/app/shared/styles/_mixins.scss:207:2:
[37m      207 Γöé   [32m[37mborder: none;
          Γò╡   [32m^[0m


  Sass's behavior for declarations that appear after nested
  rules will be changing to match the behavior specified by CSS in an upcoming
  version. To keep the existing behavior, move the declaration above the nested
  rule. To opt into the new behavior, wrap the declaration in `& {}`.
  
  More info: [4mhttps://sass-lang.com/d/mixed-decls[0m


[33mΓû▓ [43;33m[[43;30mWARNING[43;33m][0m [1mDeprecation[0m [1m[35m[plugin angular-sass][0m

    src/app/shared/styles/_mixins.scss:207:2:
[37m      207 Γöé   [32m[37mborder: none;
          Γò╡   [32m^[0m


  Sass's behavior for declarations that appear after nested
  rules will be changing to match the behavior specified by CSS in an upcoming
  version. To keep the existing behavior, move the declaration above the nested
  rule. To opt into the new behavior, wrap the declaration in `& {}`.
  
  More info: [4mhttps://sass-lang.com/d/mixed-decls[0m


[33mΓû▓ [43;33m[[43;30mWARNING[43;33m][0m [1mDeprecation[0m [1m[35m[plugin angular-sass][0m

    src/app/shared/styles/_mixins.scss:207:2:
[37m      207 Γöé   [32m[37mborder: none;
          Γò╡   [32m^[0m


  Sass's behavior for declarations that appear after nested
  rules will be changing to match the behavior specified by CSS in an upcoming
  version. To keep the existing behavior, move the declaration above the nested
  rule. To opt into the new behavior, wrap the declaration in `& {}`.
  
  More info: [4mhttps://sass-lang.com/d/mixed-decls[0m


[33mΓû▓ [43;33m[[43;30mWARNING[43;33m][0m [1mDeprecation[0m [1m[35m[plugin angular-sass][0m

    src/app/shared/styles/_mixins.scss:207:2:
[37m      207 Γöé   [32m[37mborder: none;
          Γò╡   [32m^[0m


  Sass's behavior for declarations that appear after nested
  rules will be changing to match the behavior specified by CSS in an upcoming
  version. To keep the existing behavior, move the declaration above the nested
  rule. To opt into the new behavior, wrap the declaration in `& {}`.
  
  More info: [4mhttps://sass-lang.com/d/mixed-decls[0m


[33mΓû▓ [43;33m[[43;30mWARNING[43;33m][0m [1mDeprecation[0m [1m[35m[plugin angular-sass][0m

    src/app/shared/styles/_mixins.scss:207:2:
[37m      207 Γöé   [32m[37mborder: none;
          Γò╡   [32m^[0m


  Sass's behavior for declarations that appear after nested
  rules will be changing to match the behavior specified by CSS in an upcoming
  version. To keep the existing behavior, move the declaration above the nested
  rule. To opt into the new behavior, wrap the declaration in `& {}`.
  
  More info: [4mhttps://sass-lang.com/d/mixed-decls[0m


[33mΓû▓ [43;33m[[43;30mWARNING[43;33m][0m [1mDeprecation[0m [1m[35m[plugin angular-sass][0m

    src/app/shared/styles/_mixins.scss:207:2:
[37m      207 Γöé   [32m[37mborder: none;
          Γò╡   [32m^[0m


  Sass's behavior for declarations that appear after nested
  rules will be changing to match the behavior specified by CSS in an upcoming
  version. To keep the existing behavior, move the declaration above the nested
  rule. To opt into the new behavior, wrap the declaration in `& {}`.
  
  More info: [4mhttps://sass-lang.com/d/mixed-decls[0m


[33mΓû▓ [43;33m[[43;30mWARNING[43;33m][0m [1mDeprecation[0m [1m[35m[plugin angular-sass][0m

    src/app/shared/styles/_mixins.scss:207:2:
[37m      207 Γöé   [32m[37mborder: none;
          Γò╡   [32m^[0m


  Sass's behavior for declarations that appear after nested
  rules will be changing to match the behavior specified by CSS in an upcoming
  version. To keep the existing behavior, move the declaration above the nested
  rule. To opt into the new behavior, wrap the declaration in `& {}`.
  
  More info: [4mhttps://sass-lang.com/d/mixed-decls[0m


[33mΓû▓ [43;33m[[43;30mWARNING[43;33m][0m [1mDeprecation[0m [1m[35m[plugin angular-sass][0m

    src/app/shared/styles/_mixins.scss:207:2:
[37m      207 Γöé   [32m[37mborder: none;
          Γò╡   [32m^[0m


  Sass's behavior for declarations that appear after nested
  rules will be changing to match the behavior specified by CSS in an upcoming
  version. To keep the existing behavior, move the declaration above the nested
  rule. To opt into the new behavior, wrap the declaration in `& {}`.
  
  More info: [4mhttps://sass-lang.com/d/mixed-decls[0m


[33mΓû▓ [43;33m[[43;30mWARNING[43;33m][0m [1mDeprecation[0m [1m[35m[plugin angular-sass][0m

    src/app/shared/styles/_mixins.scss:207:2:
[37m      207 Γöé   [32m[37mborder: none;
          Γò╡   [32m^[0m


  Sass's behavior for declarations that appear after nested
  rules will be changing to match the behavior specified by CSS in an upcoming
  version. To keep the existing behavior, move the declaration above the nested
  rule. To opt into the new behavior, wrap the declaration in `& {}`.
  
  More info: [4mhttps://sass-lang.com/d/mixed-decls[0m


[33mΓû▓ [43;33m[[43;30mWARNING[43;33m][0m [1mDeprecation[0m [1m[35m[plugin angular-sass][0m

    src/app/shared/styles/_mixins.scss:207:2:
[37m      207 Γöé   [32m[37mborder: none;
          Γò╡   [32m^[0m


  Sass's behavior for declarations that appear after nested
  rules will be changing to match the behavior specified by CSS in an upcoming
  version. To keep the existing behavior, move the declaration above the nested
  rule. To opt into the new behavior, wrap the declaration in `& {}`.
  
  More info: [4mhttps://sass-lang.com/d/mixed-decls[0m


[33mΓû▓ [43;33m[[43;30mWARNING[43;33m][0m [1mDeprecation[0m [1m[35m[plugin angular-sass][0m

    src/app/shared/styles/_mixins.scss:207:2:
[37m      207 Γöé   [32m[37mborder: none;
          Γò╡   [32m^[0m


  Sass's behavior for declarations that appear after nested
  rules will be changing to match the behavior specified by CSS in an upcoming
  version. To keep the existing behavior, move the declaration above the nested
  rule. To opt into the new behavior, wrap the declaration in `& {}`.
  
  More info: [4mhttps://sass-lang.com/d/mixed-decls[0m


[33mΓû▓ [43;33m[[43;30mWARNING[43;33m][0m [1mDeprecation[0m [1m[35m[plugin angular-sass][0m

    src/app/shared/styles/_mixins.scss:207:2:
[37m      207 Γöé   [32m[37mborder: none;
          Γò╡   [32m^[0m


  Sass's behavior for declarations that appear after nested
  rules will be changing to match the behavior specified by CSS in an upcoming
  version. To keep the existing behavior, move the declaration above the nested
  rule. To opt into the new behavior, wrap the declaration in `& {}`.
  
  More info: [4mhttps://sass-lang.com/d/mixed-decls[0m


[33mΓû▓ [43;33m[[43;30mWARNING[43;33m][0m [1mDeprecation[0m [1m[35m[plugin angular-sass][0m

    src/app/shared/styles/_mixins.scss:207:2:
[37m      207 Γöé   [32m[37mborder: none;
          Γò╡   [32m^[0m


  Sass's behavior for declarations that appear after nested
  rules will be changing to match the behavior specified by CSS in an upcoming
  version. To keep the existing behavior, move the declaration above the nested
  rule. To opt into the new behavior, wrap the declaration in `& {}`.
  
  More info: [4mhttps://sass-lang.com/d/mixed-decls[0m


[33mΓû▓ [43;33m[[43;30mWARNING[43;33m][0m [1mDeprecation[0m [1m[35m[plugin angular-sass][0m

    src/app/shared/styles/_mixins.scss:207:2:
[37m      207 Γöé   [32m[37mborder: none;
          Γò╡   [32m^[0m


  Sass's behavior for declarations that appear after nested
  rules will be changing to match the behavior specified by CSS in an upcoming
  version. To keep the existing behavior, move the declaration above the nested
  rule. To opt into the new behavior, wrap the declaration in `& {}`.
  
  More info: [4mhttps://sass-lang.com/d/mixed-decls[0m


[33mΓû▓ [43;33m[[43;30mWARNING[43;33m][0m [1mDeprecation[0m [1m[35m[plugin angular-sass][0m

    src/app/shared/styles/_mixins.scss:207:2:
[37m      207 Γöé   [32m[37mborder: none;
          Γò╡   [32m^[0m


  Sass's behavior for declarations that appear after nested
  rules will be changing to match the behavior specified by CSS in an upcoming
  version. To keep the existing behavior, move the declaration above the nested
  rule. To opt into the new behavior, wrap the declaration in `& {}`.
  
  More info: [4mhttps://sass-lang.com/d/mixed-decls[0m


[33mΓû▓ [43;33m[[43;30mWARNING[43;33m][0m [1mDeprecation[0m [1m[35m[plugin angular-sass][0m

    src/app/shared/styles/_mixins.scss:207:2:
[37m      207 Γöé   [32m[37mborder: none;
          Γò╡   [32m^[0m


  Sass's behavior for declarations that appear after nested
  rules will be changing to match the behavior specified by CSS in an upcoming
  version. To keep the existing behavior, move the declaration above the nested
  rule. To opt into the new behavior, wrap the declaration in `& {}`.
  
  More info: [4mhttps://sass-lang.com/d/mixed-decls[0m


[33mΓû▓ [43;33m[[43;30mWARNING[43;33m][0m [1mDeprecation[0m [1m[35m[plugin angular-sass][0m

    src/app/shared/styles/_mixins.scss:207:2:
[37m      207 Γöé   [32m[37mborder: none;
          Γò╡   [32m^[0m


  Sass's behavior for declarations that appear after nested
  rules will be changing to match the behavior specified by CSS in an upcoming
  version. To keep the existing behavior, move the declaration above the nested
  rule. To opt into the new behavior, wrap the declaration in `& {}`.
  
  More info: [4mhttps://sass-lang.com/d/mixed-decls[0m


[33mΓû▓ [43;33m[[43;30mWARNING[43;33m][0m [1mDeprecation[0m [1m[35m[plugin angular-sass][0m

    src/app/shared/styles/_mixins.scss:207:2:
[37m      207 Γöé   [32m[37mborder: none;
          Γò╡   [32m^[0m


  Sass's behavior for declarations that appear after nested
  rules will be changing to match the behavior specified by CSS in an upcoming
  version. To keep the existing behavior, move the declaration above the nested
  rule. To opt into the new behavior, wrap the declaration in `& {}`.
  
  More info: [4mhttps://sass-lang.com/d/mixed-decls[0m


[33mΓû▓ [43;33m[[43;30mWARNING[43;33m][0m [1mDeprecation[0m [1m[35m[plugin angular-sass][0m

    src/app/shared/styles/_mixins.scss:207:2:
[37m      207 Γöé   [32m[37mborder: none;
          Γò╡   [32m^[0m


  Sass's behavior for declarations that appear after nested
  rules will be changing to match the behavior specified by CSS in an upcoming
  version. To keep the existing behavior, move the declaration above the nested
  rule. To opt into the new behavior, wrap the declaration in `& {}`.
  
  More info: [4mhttps://sass-lang.com/d/mixed-decls[0m


[33mΓû▓ [43;33m[[43;30mWARNING[43;33m][0m [1mDeprecation[0m [1m[35m[plugin angular-sass][0m

    src/app/shared/styles/_mixins.scss:207:2:
[37m      207 Γöé   [32m[37mborder: none;
          Γò╡   [32m^[0m


  Sass's behavior for declarations that appear after nested
  rules will be changing to match the behavior specified by CSS in an upcoming
  version. To keep the existing behavior, move the declaration above the nested
  rule. To opt into the new behavior, wrap the declaration in `& {}`.
  
  More info: [4mhttps://sass-lang.com/d/mixed-decls[0m


[33mΓû▓ [43;33m[[43;30mWARNING[43;33m][0m [1mDeprecation[0m [1m[35m[plugin angular-sass][0m

    src/app/shared/styles/_mixins.scss:207:2:
[37m      207 Γöé   [32m[37mborder: none;
          Γò╡   [32m^[0m


  Sass's behavior for declarations that appear after nested
  rules will be changing to match the behavior specified by CSS in an upcoming
  version. To keep the existing behavior, move the declaration above the nested
  rule. To opt into the new behavior, wrap the declaration in `& {}`.
  
  More info: [4mhttps://sass-lang.com/d/mixed-decls[0m


[33mΓû▓ [43;33m[[43;30mWARNING[43;33m][0m [1mDeprecation[0m [1m[35m[plugin angular-sass][0m

    src/app/shared/styles/_mixins.scss:207:2:
[37m      207 Γöé   [32m[37mborder: none;
          Γò╡   [32m^[0m


  Sass's behavior for declarations that appear after nested
  rules will be changing to match the behavior specified by CSS in an upcoming
  version. To keep the existing behavior, move the declaration above the nested
  rule. To opt into the new behavior, wrap the declaration in `& {}`.
  
  More info: [4mhttps://sass-lang.com/d/mixed-decls[0m


[33mΓû▓ [43;33m[[43;30mWARNING[43;33m][0m [1mDeprecation[0m [1m[35m[plugin angular-sass][0m

    src/app/shared/styles/_mixins.scss:207:2:
[37m      207 Γöé   [32m[37mborder: none;
          Γò╡   [32m^[0m


  Sass's behavior for declarations that appear after nested
  rules will be changing to match the behavior specified by CSS in an upcoming
  version. To keep the existing behavior, move the declaration above the nested
  rule. To opt into the new behavior, wrap the declaration in `& {}`.
  
  More info: [4mhttps://sass-lang.com/d/mixed-decls[0m


[33mΓû▓ [43;33m[[43;30mWARNING[43;33m][0m [1mDeprecation[0m [1m[35m[plugin angular-sass][0m

    src/app/shared/styles/_mixins.scss:207:2:
[37m      207 Γöé   [32m[37mborder: none;
          Γò╡   [32m^[0m


  Sass's behavior for declarations that appear after nested
  rules will be changing to match the behavior specified by CSS in an upcoming
  version. To keep the existing behavior, move the declaration above the nested
  rule. To opt into the new behavior, wrap the declaration in `& {}`.
  
  More info: [4mhttps://sass-lang.com/d/mixed-decls[0m


[33mΓû▓ [43;33m[[43;30mWARNING[43;33m][0m [1mDeprecation[0m [1m[35m[plugin angular-sass][0m

    src/app/shared/styles/_mixins.scss:207:2:
[37m      207 Γöé   [32m[37mborder: none;
          Γò╡   [32m^[0m


  Sass's behavior for declarations that appear after nested
  rules will be changing to match the behavior specified by CSS in an upcoming
  version. To keep the existing behavior, move the declaration above the nested
  rule. To opt into the new behavior, wrap the declaration in `& {}`.
  
  More info: [4mhttps://sass-lang.com/d/mixed-decls[0m


[33mΓû▓ [43;33m[[43;30mWARNING[43;33m][0m [1mDeprecation[0m [1m[35m[plugin angular-sass][0m

    src/app/shared/styles/modern-ui.scss:7:8:
[37m      7 Γöé @import [32m[37m'design-tokens';
        Γò╡         [32m^[0m


  Sass @import rules are deprecated and will be removed in Dart Sass 3.0.0.
  
  More info and automated migrator: [4mhttps://sass-lang.com/d/import[0m


[33mΓû▓ [43;33m[[43;30mWARNING[43;33m][0m [1mDeprecation[0m [1m[35m[plugin angular-sass][0m

    src/app/shared/styles/modern-ui.scss:7:8:
[37m      7 Γöé @import [32m[37m'design-tokens';
        Γò╡         [32m^[0m


  Sass @import rules are deprecated and will be removed in Dart Sass 3.0.0.
  
  More info and automated migrator: [4mhttps://sass-lang.com/d/import[0m


[33mΓû▓ [43;33m[[43;30mWARNING[43;33m][0m [1mDeprecation[0m [1m[35m[plugin angular-sass][0m

    src/app/shared/styles/modern-ui.scss:7:8:
[37m      7 Γöé @import [32m[37m'design-tokens';
        Γò╡         [32m^[0m


  Sass @import rules are deprecated and will be removed in Dart Sass 3.0.0.
  
  More info and automated migrator: [4mhttps://sass-lang.com/d/import[0m


[33mΓû▓ [43;33m[[43;30mWARNING[43;33m][0m [1mDeprecation[0m [1m[35m[plugin angular-sass][0m

    src/app/shared/styles/modern-ui.scss:7:8:
[37m      7 Γöé @import [32m[37m'design-tokens';
        Γò╡         [32m^[0m


  Sass @import rules are deprecated and will be removed in Dart Sass 3.0.0.
  
  More info and automated migrator: [4mhttps://sass-lang.com/d/import[0m


[33mΓû▓ [43;33m[[43;30mWARNING[43;33m][0m [1mDeprecation[0m [1m[35m[plugin angular-sass][0m

    src/app/shared/styles/modern-ui.scss:7:8:
[37m      7 Γöé @import [32m[37m'design-tokens';
        Γò╡         [32m^[0m


  Sass @import rules are deprecated and will be removed in Dart Sass 3.0.0.
  
  More info and automated migrator: [4mhttps://sass-lang.com/d/import[0m


[33mΓû▓ [43;33m[[43;30mWARNING[43;33m][0m [1mDeprecation[0m [1m[35m[plugin angular-sass][0m

    src/app/shared/styles/modern-ui.scss:7:8:
[37m      7 Γöé @import [32m[37m'design-tokens';
        Γò╡         [32m^[0m


  Sass @import rules are deprecated and will be removed in Dart Sass 3.0.0.
  
  More info and automated migrator: [4mhttps://sass-lang.com/d/import[0m


[33mΓû▓ [43;33m[[43;30mWARNING[43;33m][0m [1mDeprecation[0m [1m[35m[plugin angular-sass][0m

    src/app/shared/styles/modern-ui.scss:7:8:
[37m      7 Γöé @import [32m[37m'design-tokens';
        Γò╡         [32m^[0m


  Sass @import rules are deprecated and will be removed in Dart Sass 3.0.0.
  
  More info and automated migrator: [4mhttps://sass-lang.com/d/import[0m


[33mΓû▓ [43;33m[[43;30mWARNING[43;33m][0m [1mDeprecation[0m [1m[35m[plugin angular-sass][0m

    src/app/shared/styles/modern-ui.scss:7:8:
[37m      7 Γöé @import [32m[37m'design-tokens';
        Γò╡         [32m^[0m


  Sass @import rules are deprecated and will be removed in Dart Sass 3.0.0.
  
  More info and automated migrator: [4mhttps://sass-lang.com/d/import[0m


[33mΓû▓ [43;33m[[43;30mWARNING[43;33m][0m [1mDeprecation[0m [1m[35m[plugin angular-sass][0m

    src/app/shared/styles/modern-ui.scss:7:8:
[37m      7 Γöé @import [32m[37m'design-tokens';
        Γò╡         [32m^[0m


  Sass @import rules are deprecated and will be removed in Dart Sass 3.0.0.
  
  More info and automated migrator: [4mhttps://sass-lang.com/d/import[0m


[33mΓû▓ [43;33m[[43;30mWARNING[43;33m][0m [1mDeprecation[0m [1m[35m[plugin angular-sass][0m

    src/app/shared/styles/modern-ui.scss:7:8:
[37m      7 Γöé @import [32m[37m'design-tokens';
        Γò╡         [32m^[0m


  Sass @import rules are deprecated and will be removed in Dart Sass 3.0.0.
  
  More info and automated migrator: [4mhttps://sass-lang.com/d/import[0m


[33mΓû▓ [43;33m[[43;30mWARNING[43;33m][0m [1mDeprecation[0m [1m[35m[plugin angular-sass][0m

    src/app/shared/styles/modern-ui.scss:7:8:
[37m      7 Γöé @import [32m[37m'design-tokens';
        Γò╡         [32m^[0m


  Sass @import rules are deprecated and will be removed in Dart Sass 3.0.0.
  
  More info and automated migrator: [4mhttps://sass-lang.com/d/import[0m


[33mΓû▓ [43;33m[[43;30mWARNING[43;33m][0m [1mDeprecation[0m [1m[35m[plugin angular-sass][0m

    src/app/shared/styles/modern-ui.scss:7:8:
[37m      7 Γöé @import [32m[37m'design-tokens';
        Γò╡         [32m^[0m


  Sass @import rules are deprecated and will be removed in Dart Sass 3.0.0.
  
  More info and automated migrator: [4mhttps://sass-lang.com/d/import[0m


[33mΓû▓ [43;33m[[43;30mWARNING[43;33m][0m [1mDeprecation[0m [1m[35m[plugin angular-sass][0m

    src/app/shared/styles/modern-ui.scss:7:8:
[37m      7 Γöé @import [32m[37m'design-tokens';
        Γò╡         [32m^[0m


  Sass @import rules are deprecated and will be removed in Dart Sass 3.0.0.
  
  More info and automated migrator: [4mhttps://sass-lang.com/d/import[0m


[33mΓû▓ [43;33m[[43;30mWARNING[43;33m][0m [1mDeprecation[0m [1m[35m[plugin angular-sass][0m

    src/app/shared/styles/modern-ui.scss:7:8:
[37m      7 Γöé @import [32m[37m'design-tokens';
        Γò╡         [32m^[0m


  Sass @import rules are deprecated and will be removed in Dart Sass 3.0.0.
  
  More info and automated migrator: [4mhttps://sass-lang.com/d/import[0m


[33mΓû▓ [43;33m[[43;30mWARNING[43;33m][0m [1mDeprecation[0m [1m[35m[plugin angular-sass][0m

    src/app/shared/styles/modern-ui.scss:7:8:
[37m      7 Γöé @import [32m[37m'design-tokens';
        Γò╡         [32m^[0m


  Sass @import rules are deprecated and will be removed in Dart Sass 3.0.0.
  
  More info and automated migrator: [4mhttps://sass-lang.com/d/import[0m


[33mΓû▓ [43;33m[[43;30mWARNING[43;33m][0m [1mDeprecation[0m [1m[35m[plugin angular-sass][0m

    src/app/shared/styles/modern-ui.scss:7:8:
[37m      7 Γöé @import [32m[37m'design-tokens';
        Γò╡         [32m^[0m


  Sass @import rules are deprecated and will be removed in Dart Sass 3.0.0.
  
  More info and automated migrator: [4mhttps://sass-lang.com/d/import[0m


[33mΓû▓ [43;33m[[43;30mWARNING[43;33m][0m [1mDeprecation[0m [1m[35m[plugin angular-sass][0m

    src/app/shared/styles/modern-ui.scss:7:8:
[37m      7 Γöé @import [32m[37m'design-tokens';
        Γò╡         [32m^[0m


  Sass @import rules are deprecated and will be removed in Dart Sass 3.0.0.
  
  More info and automated migrator: [4mhttps://sass-lang.com/d/import[0m


[33mΓû▓ [43;33m[[43;30mWARNING[43;33m][0m [1mDeprecation[0m [1m[35m[plugin angular-sass][0m

    src/app/shared/styles/modern-ui.scss:7:8:
[37m      7 Γöé @import [32m[37m'design-tokens';
        Γò╡         [32m^[0m


  Sass @import rules are deprecated and will be removed in Dart Sass 3.0.0.
  
  More info and automated migrator: [4mhttps://sass-lang.com/d/import[0m


[33mΓû▓ [43;33m[[43;30mWARNING[43;33m][0m [1mDeprecation[0m [1m[35m[plugin angular-sass][0m

    src/app/shared/styles/modern-ui.scss:7:8:
[37m      7 Γöé @import [32m[37m'design-tokens';
        Γò╡         [32m^[0m


  Sass @import rules are deprecated and will be removed in Dart Sass 3.0.0.
  
  More info and automated migrator: [4mhttps://sass-lang.com/d/import[0m


[33mΓû▓ [43;33m[[43;30mWARNING[43;33m][0m [1mDeprecation[0m [1m[35m[plugin angular-sass][0m

    src/app/shared/styles/modern-ui.scss:7:8:
[37m      7 Γöé @import [32m[37m'design-tokens';
        Γò╡         [32m^[0m


  Sass @import rules are deprecated and will be removed in Dart Sass 3.0.0.
  
  More info and automated migrator: [4mhttps://sass-lang.com/d/import[0m


[33mΓû▓ [43;33m[[43;30mWARNING[43;33m][0m [1mDeprecation[0m [1m[35m[plugin angular-sass][0m

    src/app/shared/styles/modern-ui.scss:7:8:
[37m      7 Γöé @import [32m[37m'design-tokens';
        Γò╡         [32m^[0m


  Sass @import rules are deprecated and will be removed in Dart Sass 3.0.0.
  
  More info and automated migrator: [4mhttps://sass-lang.com/d/import[0m


[33mΓû▓ [43;33m[[43;30mWARNING[43;33m][0m [1mDeprecation[0m [1m[35m[plugin angular-sass][0m

    src/app/shared/styles/modern-ui.scss:7:8:
[37m      7 Γöé @import [32m[37m'design-tokens';
        Γò╡         [32m^[0m


  Sass @import rules are deprecated and will be removed in Dart Sass 3.0.0.
  
  More info and automated migrator: [4mhttps://sass-lang.com/d/import[0m


[33mΓû▓ [43;33m[[43;30mWARNING[43;33m][0m [1mDeprecation[0m [1m[35m[plugin angular-sass][0m

    src/app/shared/styles/modern-ui.scss:7:8:
[37m      7 Γöé @import [32m[37m'design-tokens';
        Γò╡         [32m^[0m


  Sass @import rules are deprecated and will be removed in Dart Sass 3.0.0.
  
  More info and automated migrator: [4mhttps://sass-lang.com/d/import[0m


[33mΓû▓ [43;33m[[43;30mWARNING[43;33m][0m [1mDeprecation[0m [1m[35m[plugin angular-sass][0m

    src/app/shared/styles/modern-ui.scss:7:8:
[37m      7 Γöé @import [32m[37m'design-tokens';
        Γò╡         [32m^[0m


  Sass @import rules are deprecated and will be removed in Dart Sass 3.0.0.
  
  More info and automated migrator: [4mhttps://sass-lang.com/d/import[0m


[33mΓû▓ [43;33m[[43;30mWARNING[43;33m][0m [1mDeprecation[0m [1m[35m[plugin angular-sass][0m

    src/app/shared/styles/modern-ui.scss:7:8:
[37m      7 Γöé @import [32m[37m'design-tokens';
        Γò╡         [32m^[0m


  Sass @import rules are deprecated and will be removed in Dart Sass 3.0.0.
  
  More info and automated migrator: [4mhttps://sass-lang.com/d/import[0m


[33mΓû▓ [43;33m[[43;30mWARNING[43;33m][0m [1mDeprecation[0m [1m[35m[plugin angular-sass][0m

    src/app/shared/styles/modern-ui.scss:7:8:
[37m      7 Γöé @import [32m[37m'design-tokens';
        Γò╡         [32m^[0m


  Sass @import rules are deprecated and will be removed in Dart Sass 3.0.0.
  
  More info and automated migrator: [4mhttps://sass-lang.com/d/import[0m


[33mΓû▓ [43;33m[[43;30mWARNING[43;33m][0m [1mDeprecation[0m [1m[35m[plugin angular-sass][0m

    src/app/shared/styles/modern-ui.scss:7:8:
[37m      7 Γöé @import [32m[37m'design-tokens';
        Γò╡         [32m^[0m


  Sass @import rules are deprecated and will be removed in Dart Sass 3.0.0.
  
  More info and automated migrator: [4mhttps://sass-lang.com/d/import[0m


[33mΓû▓ [43;33m[[43;30mWARNING[43;33m][0m [1mDeprecation[0m [1m[35m[plugin angular-sass][0m

    src/app/shared/styles/modern-ui.scss:7:8:
[37m      7 Γöé @import [32m[37m'design-tokens';
        Γò╡         [32m^[0m


  Sass @import rules are deprecated and will be removed in Dart Sass 3.0.0.
  
  More info and automated migrator: [4mhttps://sass-lang.com/d/import[0m


[33mΓû▓ [43;33m[[43;30mWARNING[43;33m][0m [1mDeprecation[0m [1m[35m[plugin angular-sass][0m

    src/app/shared/styles/modern-ui.scss:7:8:
[37m      7 Γöé @import [32m[37m'design-tokens';
        Γò╡         [32m^[0m


  Sass @import rules are deprecated and will be removed in Dart Sass 3.0.0.
  
  More info and automated migrator: [4mhttps://sass-lang.com/d/import[0m


[33mΓû▓ [43;33m[[43;30mWARNING[43;33m][0m [1mDeprecation[0m [1m[35m[plugin angular-sass][0m

    src/app/shared/styles/modern-ui.scss:7:8:
[37m      7 Γöé @import [32m[37m'design-tokens';
        Γò╡         [32m^[0m


  Sass @import rules are deprecated and will be removed in Dart Sass 3.0.0.
  
  More info and automated migrator: [4mhttps://sass-lang.com/d/import[0m


[33mΓû▓ [43;33m[[43;30mWARNING[43;33m][0m [1mDeprecation[0m [1m[35m[plugin angular-sass][0m

    src/app/shared/styles/modern-ui.scss:7:8:
[37m      7 Γöé @import [32m[37m'design-tokens';
        Γò╡         [32m^[0m


  Sass @import rules are deprecated and will be removed in Dart Sass 3.0.0.
  
  More info and automated migrator: [4mhttps://sass-lang.com/d/import[0m


[33mΓû▓ [43;33m[[43;30mWARNING[43;33m][0m [1mDeprecation[0m [1m[35m[plugin angular-sass][0m

    src/app/shared/styles/modern-ui.scss:7:8:
[37m      7 Γöé @import [32m[37m'design-tokens';
        Γò╡         [32m^[0m


  Sass @import rules are deprecated and will be removed in Dart Sass 3.0.0.
  
  More info and automated migrator: [4mhttps://sass-lang.com/d/import[0m


[33mΓû▓ [43;33m[[43;30mWARNING[43;33m][0m [1mDeprecation[0m [1m[35m[plugin angular-sass][0m

    src/app/shared/styles/modern-ui.scss:8:8:
[37m      8 Γöé @import [32m[37m'mixins';
        Γò╡         [32m^[0m


  Sass @import rules are deprecated and will be removed in Dart Sass 3.0.0.
  
  More info and automated migrator: [4mhttps://sass-lang.com/d/import[0m


[33mΓû▓ [43;33m[[43;30mWARNING[43;33m][0m [1mDeprecation[0m [1m[35m[plugin angular-sass][0m

    src/app/shared/styles/modern-ui.scss:8:8:
[37m      8 Γöé @import [32m[37m'mixins';
        Γò╡         [32m^[0m


  Sass @import rules are deprecated and will be removed in Dart Sass 3.0.0.
  
  More info and automated migrator: [4mhttps://sass-lang.com/d/import[0m


[33mΓû▓ [43;33m[[43;30mWARNING[43;33m][0m [1mDeprecation[0m [1m[35m[plugin angular-sass][0m

    src/app/shared/styles/modern-ui.scss:8:8:
[37m      8 Γöé @import [32m[37m'mixins';
        Γò╡         [32m^[0m


  Sass @import rules are deprecated and will be removed in Dart Sass 3.0.0.
  
  More info and automated migrator: [4mhttps://sass-lang.com/d/import[0m


[33mΓû▓ [43;33m[[43;30mWARNING[43;33m][0m [1mDeprecation[0m [1m[35m[plugin angular-sass][0m

    src/app/shared/styles/modern-ui.scss:8:8:
[37m      8 Γöé @import [32m[37m'mixins';
        Γò╡         [32m^[0m


  Sass @import rules are deprecated and will be removed in Dart Sass 3.0.0.
  
  More info and automated migrator: [4mhttps://sass-lang.com/d/import[0m


[33mΓû▓ [43;33m[[43;30mWARNING[43;33m][0m [1mDeprecation[0m [1m[35m[plugin angular-sass][0m

    src/app/shared/styles/modern-ui.scss:8:8:
[37m      8 Γöé @import [32m[37m'mixins';
        Γò╡         [32m^[0m


  Sass @import rules are deprecated and will be removed in Dart Sass 3.0.0.
  
  More info and automated migrator: [4mhttps://sass-lang.com/d/import[0m


[33mΓû▓ [43;33m[[43;30mWARNING[43;33m][0m [1mDeprecation[0m [1m[35m[plugin angular-sass][0m

    src/app/shared/styles/modern-ui.scss:8:8:
[37m      8 Γöé @import [32m[37m'mixins';
        Γò╡         [32m^[0m


  Sass @import rules are deprecated and will be removed in Dart Sass 3.0.0.
  
  More info and automated migrator: [4mhttps://sass-lang.com/d/import[0m


[33mΓû▓ [43;33m[[43;30mWARNING[43;33m][0m [1mDeprecation[0m [1m[35m[plugin angular-sass][0m

    src/app/shared/styles/modern-ui.scss:8:8:
[37m      8 Γöé @import [32m[37m'mixins';
        Γò╡         [32m^[0m


  Sass @import rules are deprecated and will be removed in Dart Sass 3.0.0.
  
  More info and automated migrator: [4mhttps://sass-lang.com/d/import[0m


[33mΓû▓ [43;33m[[43;30mWARNING[43;33m][0m [1mDeprecation[0m [1m[35m[plugin angular-sass][0m

    src/app/shared/styles/modern-ui.scss:8:8:
[37m      8 Γöé @import [32m[37m'mixins';
        Γò╡         [32m^[0m


  Sass @import rules are deprecated and will be removed in Dart Sass 3.0.0.
  
  More info and automated migrator: [4mhttps://sass-lang.com/d/import[0m


[33mΓû▓ [43;33m[[43;30mWARNING[43;33m][0m [1mDeprecation[0m [1m[35m[plugin angular-sass][0m

    src/app/shared/styles/modern-ui.scss:8:8:
[37m      8 Γöé @import [32m[37m'mixins';
        Γò╡         [32m^[0m


  Sass @import rules are deprecated and will be removed in Dart Sass 3.0.0.
  
  More info and automated migrator: [4mhttps://sass-lang.com/d/import[0m


[33mΓû▓ [43;33m[[43;30mWARNING[43;33m][0m [1mDeprecation[0m [1m[35m[plugin angular-sass][0m

    src/app/shared/styles/modern-ui.scss:8:8:
[37m      8 Γöé @import [32m[37m'mixins';
        Γò╡         [32m^[0m


  Sass @import rules are deprecated and will be removed in Dart Sass 3.0.0.
  
  More info and automated migrator: [4mhttps://sass-lang.com/d/import[0m


[33mΓû▓ [43;33m[[43;30mWARNING[43;33m][0m [1mDeprecation[0m [1m[35m[plugin angular-sass][0m

    src/app/shared/styles/modern-ui.scss:8:8:
[37m      8 Γöé @import [32m[37m'mixins';
        Γò╡         [32m^[0m


  Sass @import rules are deprecated and will be removed in Dart Sass 3.0.0.
  
  More info and automated migrator: [4mhttps://sass-lang.com/d/import[0m


[33mΓû▓ [43;33m[[43;30mWARNING[43;33m][0m [1mDeprecation[0m [1m[35m[plugin angular-sass][0m

    src/app/shared/styles/modern-ui.scss:8:8:
[37m      8 Γöé @import [32m[37m'mixins';
        Γò╡         [32m^[0m


  Sass @import rules are deprecated and will be removed in Dart Sass 3.0.0.
  
  More info and automated migrator: [4mhttps://sass-lang.com/d/import[0m


[33mΓû▓ [43;33m[[43;30mWARNING[43;33m][0m [1mDeprecation[0m [1m[35m[plugin angular-sass][0m

    src/app/shared/styles/modern-ui.scss:8:8:
[37m      8 Γöé @import [32m[37m'mixins';
        Γò╡         [32m^[0m


  Sass @import rules are deprecated and will be removed in Dart Sass 3.0.0.
  
  More info and automated migrator: [4mhttps://sass-lang.com/d/import[0m


[33mΓû▓ [43;33m[[43;30mWARNING[43;33m][0m [1mDeprecation[0m [1m[35m[plugin angular-sass][0m

    src/app/shared/styles/modern-ui.scss:8:8:
[37m      8 Γöé @import [32m[37m'mixins';
        Γò╡         [32m^[0m


  Sass @import rules are deprecated and will be removed in Dart Sass 3.0.0.
  
  More info and automated migrator: [4mhttps://sass-lang.com/d/import[0m


[33mΓû▓ [43;33m[[43;30mWARNING[43;33m][0m [1mDeprecation[0m [1m[35m[plugin angular-sass][0m

    src/app/shared/styles/modern-ui.scss:8:8:
[37m      8 Γöé @import [32m[37m'mixins';
        Γò╡         [32m^[0m


  Sass @import rules are deprecated and will be removed in Dart Sass 3.0.0.
  
  More info and automated migrator: [4mhttps://sass-lang.com/d/import[0m


[33mΓû▓ [43;33m[[43;30mWARNING[43;33m][0m [1mDeprecation[0m [1m[35m[plugin angular-sass][0m

    src/app/shared/styles/modern-ui.scss:8:8:
[37m      8 Γöé @import [32m[37m'mixins';
        Γò╡         [32m^[0m


  Sass @import rules are deprecated and will be removed in Dart Sass 3.0.0.
  
  More info and automated migrator: [4mhttps://sass-lang.com/d/import[0m


[33mΓû▓ [43;33m[[43;30mWARNING[43;33m][0m [1mDeprecation[0m [1m[35m[plugin angular-sass][0m

    src/app/shared/styles/modern-ui.scss:8:8:
[37m      8 Γöé @import [32m[37m'mixins';
        Γò╡         [32m^[0m


  Sass @import rules are deprecated and will be removed in Dart Sass 3.0.0.
  
  More info and automated migrator: [4mhttps://sass-lang.com/d/import[0m


[33mΓû▓ [43;33m[[43;30mWARNING[43;33m][0m [1mDeprecation[0m [1m[35m[plugin angular-sass][0m

    src/app/shared/styles/modern-ui.scss:8:8:
[37m      8 Γöé @import [32m[37m'mixins';
        Γò╡         [32m^[0m


  Sass @import rules are deprecated and will be removed in Dart Sass 3.0.0.
  
  More info and automated migrator: [4mhttps://sass-lang.com/d/import[0m


[33mΓû▓ [43;33m[[43;30mWARNING[43;33m][0m [1mDeprecation[0m [1m[35m[plugin angular-sass][0m

    src/app/shared/styles/modern-ui.scss:8:8:
[37m      8 Γöé @import [32m[37m'mixins';
        Γò╡         [32m^[0m


  Sass @import rules are deprecated and will be removed in Dart Sass 3.0.0.
  
  More info and automated migrator: [4mhttps://sass-lang.com/d/import[0m


[33mΓû▓ [43;33m[[43;30mWARNING[43;33m][0m [1mDeprecation[0m [1m[35m[plugin angular-sass][0m

    src/app/shared/styles/modern-ui.scss:8:8:
[37m      8 Γöé @import [32m[37m'mixins';
        Γò╡         [32m^[0m


  Sass @import rules are deprecated and will be removed in Dart Sass 3.0.0.
  
  More info and automated migrator: [4mhttps://sass-lang.com/d/import[0m


[33mΓû▓ [43;33m[[43;30mWARNING[43;33m][0m [1mDeprecation[0m [1m[35m[plugin angular-sass][0m

    src/app/shared/styles/modern-ui.scss:8:8:
[37m      8 Γöé @import [32m[37m'mixins';
        Γò╡         [32m^[0m


  Sass @import rules are deprecated and will be removed in Dart Sass 3.0.0.
  
  More info and automated migrator: [4mhttps://sass-lang.com/d/import[0m


[33mΓû▓ [43;33m[[43;30mWARNING[43;33m][0m [1mDeprecation[0m [1m[35m[plugin angular-sass][0m

    src/app/shared/styles/modern-ui.scss:8:8:
[37m      8 Γöé @import [32m[37m'mixins';
        Γò╡         [32m^[0m


  Sass @import rules are deprecated and will be removed in Dart Sass 3.0.0.
  
  More info and automated migrator: [4mhttps://sass-lang.com/d/import[0m


[33mΓû▓ [43;33m[[43;30mWARNING[43;33m][0m [1mDeprecation[0m [1m[35m[plugin angular-sass][0m

    src/app/shared/styles/modern-ui.scss:8:8:
[37m      8 Γöé @import [32m[37m'mixins';
        Γò╡         [32m^[0m


  Sass @import rules are deprecated and will be removed in Dart Sass 3.0.0.
  
  More info and automated migrator: [4mhttps://sass-lang.com/d/import[0m


[33mΓû▓ [43;33m[[43;30mWARNING[43;33m][0m [1mDeprecation[0m [1m[35m[plugin angular-sass][0m

    src/app/shared/styles/modern-ui.scss:8:8:
[37m      8 Γöé @import [32m[37m'mixins';
        Γò╡         [32m^[0m


  Sass @import rules are deprecated and will be removed in Dart Sass 3.0.0.
  
  More info and automated migrator: [4mhttps://sass-lang.com/d/import[0m


[33mΓû▓ [43;33m[[43;30mWARNING[43;33m][0m [1mDeprecation[0m [1m[35m[plugin angular-sass][0m

    src/app/shared/styles/modern-ui.scss:8:8:
[37m      8 Γöé @import [32m[37m'mixins';
        Γò╡         [32m^[0m


  Sass @import rules are deprecated and will be removed in Dart Sass 3.0.0.
  
  More info and automated migrator: [4mhttps://sass-lang.com/d/import[0m


[33mΓû▓ [43;33m[[43;30mWARNING[43;33m][0m [1mDeprecation[0m [1m[35m[plugin angular-sass][0m

    src/app/shared/styles/modern-ui.scss:8:8:
[37m      8 Γöé @import [32m[37m'mixins';
        Γò╡         [32m^[0m


  Sass @import rules are deprecated and will be removed in Dart Sass 3.0.0.
  
  More info and automated migrator: [4mhttps://sass-lang.com/d/import[0m


[33mΓû▓ [43;33m[[43;30mWARNING[43;33m][0m [1mDeprecation[0m [1m[35m[plugin angular-sass][0m

    src/app/shared/styles/modern-ui.scss:8:8:
[37m      8 Γöé @import [32m[37m'mixins';
        Γò╡         [32m^[0m


  Sass @import rules are deprecated and will be removed in Dart Sass 3.0.0.
  
  More info and automated migrator: [4mhttps://sass-lang.com/d/import[0m


[33mΓû▓ [43;33m[[43;30mWARNING[43;33m][0m [1mDeprecation[0m [1m[35m[plugin angular-sass][0m

    src/app/shared/styles/modern-ui.scss:8:8:
[37m      8 Γöé @import [32m[37m'mixins';
        Γò╡         [32m^[0m


  Sass @import rules are deprecated and will be removed in Dart Sass 3.0.0.
  
  More info and automated migrator: [4mhttps://sass-lang.com/d/import[0m


[33mΓû▓ [43;33m[[43;30mWARNING[43;33m][0m [1mDeprecation[0m [1m[35m[plugin angular-sass][0m

    src/app/shared/styles/modern-ui.scss:8:8:
[37m      8 Γöé @import [32m[37m'mixins';
        Γò╡         [32m^[0m


  Sass @import rules are deprecated and will be removed in Dart Sass 3.0.0.
  
  More info and automated migrator: [4mhttps://sass-lang.com/d/import[0m


[33mΓû▓ [43;33m[[43;30mWARNING[43;33m][0m [1mDeprecation[0m [1m[35m[plugin angular-sass][0m

    src/app/shared/styles/modern-ui.scss:8:8:
[37m      8 Γöé @import [32m[37m'mixins';
        Γò╡         [32m^[0m


  Sass @import rules are deprecated and will be removed in Dart Sass 3.0.0.
  
  More info and automated migrator: [4mhttps://sass-lang.com/d/import[0m


[33mΓû▓ [43;33m[[43;30mWARNING[43;33m][0m [1mDeprecation[0m [1m[35m[plugin angular-sass][0m

    src/app/shared/styles/modern-ui.scss:8:8:
[37m      8 Γöé @import [32m[37m'mixins';
        Γò╡         [32m^[0m


  Sass @import rules are deprecated and will be removed in Dart Sass 3.0.0.
  
  More info and automated migrator: [4mhttps://sass-lang.com/d/import[0m


[33mΓû▓ [43;33m[[43;30mWARNING[43;33m][0m [1mDeprecation[0m [1m[35m[plugin angular-sass][0m

    src/app/shared/styles/modern-ui.scss:8:8:
[37m      8 Γöé @import [32m[37m'mixins';
        Γò╡         [32m^[0m


  Sass @import rules are deprecated and will be removed in Dart Sass 3.0.0.
  
  More info and automated migrator: [4mhttps://sass-lang.com/d/import[0m


[33mΓû▓ [43;33m[[43;30mWARNING[43;33m][0m [1m1 repetitive deprecation warnings omitted.
Run in verbose mode to see all warnings.[0m [1m[35m[plugin angular-sass][0m

    angular:styles/global:styles:1:8:
[37m      1 Γöé @import [32m'src/styles.scss'[37m;
        Γò╡         [32m~~~~~~~~~~~~~~~~~[0m

  null


[33mΓû▓ [43;33m[[43;30mWARNING[43;33m][0m [1mDeprecation[0m [1m[35m[plugin angular-sass][0m

    src/app/shared/styles/_mixins.scss:7:8:
[37m      7 Γöé @import [32m[37m'design-tokens';
        Γò╡         [32m^[0m


  Sass @import rules are deprecated and will be removed in Dart Sass 3.0.0.
  
  More info and automated migrator: [4mhttps://sass-lang.com/d/import[0m

  The plugin "angular-sass" was triggered by this import

    angular:styles/global:styles:1:8:
[37m      1 Γöé @import [32m'src/styles.scss'[37m;
        Γò╡         [32m~~~~~~~~~~~~~~~~~[0m


[33mΓû▓ [43;33m[[43;30mWARNING[43;33m][0m [1mDeprecation[0m [1m[35m[plugin angular-sass][0m

    src/app/shared/styles/_mixins.scss:205:2:
[37m      205 Γöé   [32m[37mbackground: $gradient-primary;
          Γò╡   [32m^[0m


  Sass's behavior for declarations that appear after nested
  rules will be changing to match the behavior specified by CSS in an upcoming
  version. To keep the existing behavior, move the declaration above the nested
  rule. To opt into the new behavior, wrap the declaration in `& {}`.
  
  More info: [4mhttps://sass-lang.com/d/mixed-decls[0m

  The plugin "angular-sass" was triggered by this import

    angular:styles/global:styles:1:8:
[37m      1 Γöé @import [32m'src/styles.scss'[37m;
        Γò╡         [32m~~~~~~~~~~~~~~~~~[0m


[33mΓû▓ [43;33m[[43;30mWARNING[43;33m][0m [1mDeprecation[0m [1m[35m[plugin angular-sass][0m

    src/app/shared/styles/_mixins.scss:205:2:
[37m      205 Γöé   [32m[37mbackground: $gradient-primary;
          Γò╡   [32m^[0m


  Sass's behavior for declarations that appear after nested
  rules will be changing to match the behavior specified by CSS in an upcoming
  version. To keep the existing behavior, move the declaration above the nested
  rule. To opt into the new behavior, wrap the declaration in `& {}`.
  
  More info: [4mhttps://sass-lang.com/d/mixed-decls[0m

  The plugin "angular-sass" was triggered by this import

    angular:styles/global:styles:1:8:
[37m      1 Γöé @import [32m'src/styles.scss'[37m;
        Γò╡         [32m~~~~~~~~~~~~~~~~~[0m


[33mΓû▓ [43;33m[[43;30mWARNING[43;33m][0m [1mDeprecation[0m [1m[35m[plugin angular-sass][0m

    src/app/shared/styles/_mixins.scss:206:2:
[37m      206 Γöé   [32m[37mcolor: $color-text-inverse;
          Γò╡   [32m^[0m


  Sass's behavior for declarations that appear after nested
  rules will be changing to match the behavior specified by CSS in an upcoming
  version. To keep the existing behavior, move the declaration above the nested
  rule. To opt into the new behavior, wrap the declaration in `& {}`.
  
  More info: [4mhttps://sass-lang.com/d/mixed-decls[0m

  The plugin "angular-sass" was triggered by this import

    angular:styles/global:styles:1:8:
[37m      1 Γöé @import [32m'src/styles.scss'[37m;
        Γò╡         [32m~~~~~~~~~~~~~~~~~[0m


[33mΓû▓ [43;33m[[43;30mWARNING[43;33m][0m [1mDeprecation[0m [1m[35m[plugin angular-sass][0m

    src/app/shared/styles/_mixins.scss:206:2:
[37m      206 Γöé   [32m[37mcolor: $color-text-inverse;
          Γò╡   [32m^[0m


  Sass's behavior for declarations that appear after nested
  rules will be changing to match the behavior specified by CSS in an upcoming
  version. To keep the existing behavior, move the declaration above the nested
  rule. To opt into the new behavior, wrap the declaration in `& {}`.
  
  More info: [4mhttps://sass-lang.com/d/mixed-decls[0m

  The plugin "angular-sass" was triggered by this import

    angular:styles/global:styles:1:8:
[37m      1 Γöé @import [32m'src/styles.scss'[37m;
        Γò╡         [32m~~~~~~~~~~~~~~~~~[0m


[33mΓû▓ [43;33m[[43;30mWARNING[43;33m][0m [1mDeprecation[0m [1m[35m[plugin angular-sass][0m

    src/app/shared/styles/_mixins.scss:207:2:
[37m      207 Γöé   [32m[37mborder: none;
          Γò╡   [32m^[0m


  Sass's behavior for declarations that appear after nested
  rules will be changing to match the behavior specified by CSS in an upcoming
  version. To keep the existing behavior, move the declaration above the nested
  rule. To opt into the new behavior, wrap the declaration in `& {}`.
  
  More info: [4mhttps://sass-lang.com/d/mixed-decls[0m

  The plugin "angular-sass" was triggered by this import

    angular:styles/global:styles:1:8:
[37m      1 Γöé @import [32m'src/styles.scss'[37m;
        Γò╡         [32m~~~~~~~~~~~~~~~~~[0m


[33mΓû▓ [43;33m[[43;30mWARNING[43;33m][0m [1mDeprecation[0m [1m[35m[plugin angular-sass][0m

    src/app/shared/styles/modern-ui.scss:7:8:
[37m      7 Γöé @import [32m[37m'design-tokens';
        Γò╡         [32m^[0m


  Sass @import rules are deprecated and will be removed in Dart Sass 3.0.0.
  
  More info and automated migrator: [4mhttps://sass-lang.com/d/import[0m

  The plugin "angular-sass" was triggered by this import

    angular:styles/global:styles:1:8:
[37m      1 Γöé @import [32m'src/styles.scss'[37m;
        Γò╡         [32m~~~~~~~~~~~~~~~~~[0m


[33mΓû▓ [43;33m[[43;30mWARNING[43;33m][0m [1mDeprecation[0m [1m[35m[plugin angular-sass][0m

    src/app/shared/styles/modern-ui.scss:8:8:
[37m      8 Γöé @import [32m[37m'mixins';
        Γò╡         [32m^[0m


  Sass @import rules are deprecated and will be removed in Dart Sass 3.0.0.
  
  More info and automated migrator: [4mhttps://sass-lang.com/d/import[0m

  The plugin "angular-sass" was triggered by this import

    angular:styles/global:styles:1:8:
[37m      1 Γöé @import [32m'src/styles.scss'[37m;
        Γò╡         [32m~~~~~~~~~~~~~~~~~[0m

[39m[22m
[1m[31m[31mX [41;31m[[41;97mERROR[41;31m][0m [1mNG9: No overload matches this call.
  Overload 1 of 3, '(value: string | number | Date, format?: string | undefined, timezone?: string | undefined, locale?: string | 
undefined): string | null', gave the following error.
    Argument of type 'DateTime<boolean>' is not assignable to parameter of type 'string | number | Date'.
      Type 'DateTime<boolean>' is missing the following properties from type 'Date': toDateString, toTimeString, toLocaleDateString, 
toLocaleTimeString, and 37 more.
  Overload 2 of 3, '(value: null | undefined, format?: string | undefined, timezone?: string | undefined, locale?: string | undefined): 
null', gave the following error.
    Argument of type 'DateTime<boolean>' is not assignable to parameter of type 'null | undefined'.
  Overload 3 of 3, '(value: string | number | Date | null | undefined, format?: string | undefined, timezone?: string | undefined, locale?: 
string | undefined): string | null', gave the following error.
    Argument of type 'DateTime<boolean>' is not assignable to parameter of type 'string | number | Date | null | undefined'.
      Type 'DateTime<boolean>' is missing the following properties from type 'Date': toDateString, toTimeString, toLocaleDateString, 
toLocaleTimeString, and 37 more.[0m [1m[35m[plugin angular-compiler][0m

    src/app/components/debit-order-management/debit-order-management.component.ts:47:71:
[37m      47 Γöé ...ace-nowrap text-sm">{{ batch.[32mprocessingDate[37m | date:'short' }}</td>
         Γò╡                                 [32m~~~~~~~~~~~~~~[0m


[31mX [41;31m[[41;97mERROR[41;31m][0m [1mNG5: Argument of type 'string | undefined' is not assignable to parameter of type 'string'.
  Type 'undefined' is not assignable to type 'string'.[0m [1m[35m[plugin angular-compiler][0m

    src/app/components/debit-order-management/debit-order-management.component.ts:54:52:
[37m      54 Γöé ...class]="getStatusClass(batch.[32mstatus[37m)" class="px-2 py-1 text-xs ...
         Γò╡                                 [32m~~~~~~[0m


[31mX [41;31m[[41;97mERROR[41;31m][0m [1mNG9: No overload matches this call.
  Overload 1 of 3, '(value: string | number | Date, format?: string | undefined, timezone?: string | undefined, locale?: string | 
undefined): string | null', gave the following error.
    Argument of type 'DateTime<boolean>' is not assignable to parameter of type 'string | number | Date'.
      Type 'DateTime<boolean>' is missing the following properties from type 'Date': toDateString, toTimeString, toLocaleDateString, 
toLocaleTimeString, and 37 more.
  Overload 2 of 3, '(value: null | undefined, format?: string | undefined, timezone?: string | undefined, locale?: string | undefined): 
null', gave the following error.
    Argument of type 'DateTime<boolean>' is not assignable to parameter of type 'null | undefined'.
  Overload 3 of 3, '(value: string | number | Date | null | undefined, format?: string | undefined, timezone?: string | undefined, locale?: 
string | undefined): string | null', gave the following error.
    Argument of type 'DateTime<boolean>' is not assignable to parameter of type 'string | number | Date | null | undefined'.
      Type 'DateTime<boolean>' is missing the following properties from type 'Date': toDateString, toTimeString, toLocaleDateString, 
toLocaleTimeString, and 37 more.[0m [1m[35m[plugin angular-compiler][0m

    src/app/components/tenant-invoices/tenant-invoices.component.ts:52:73:
[37m      52 Γöé ...espace-nowrap text-sm">{{ invoice.[32missueDate[37m | date:'short' }}</td>
         Γò╡                                      [32m~~~~~~~~~[0m


[31mX [41;31m[[41;97mERROR[41;31m][0m [1mNG9: No overload matches this call.
  Overload 1 of 3, '(value: string | number | Date, format?: string | undefined, timezone?: string | undefined, locale?: string | 
undefined): string | null', gave the following error.
    Argument of type 'DateTime<boolean>' is not assignable to parameter of type 'string | number | Date'.
      Type 'DateTime<boolean>' is missing the following properties from type 'Date': toDateString, toTimeString, toLocaleDateString, 
toLocaleTimeString, and 37 more.
  Overload 2 of 3, '(value: null | undefined, format?: string | undefined, timezone?: string | undefined, locale?: string | undefined): 
null', gave the following error.
    Argument of type 'DateTime<boolean>' is not assignable to parameter of type 'null | undefined'.
  Overload 3 of 3, '(value: string | number | Date | null | undefined, format?: string | undefined, timezone?: string | undefined, locale?: 
string | undefined): string | null', gave the following error.
    Argument of type 'DateTime<boolean>' is not assignable to parameter of type 'string | number | Date | null | undefined'.
      Type 'DateTime<boolean>' is missing the following properties from type 'Date': toDateString, toTimeString, toLocaleDateString, 
toLocaleTimeString, and 37 more.[0m [1m[35m[plugin angular-compiler][0m

    src/app/components/tenant-invoices/tenant-invoices.component.ts:53:73:
[37m      53 Γöé ...itespace-nowrap text-sm">{{ invoice.[32mdueDate[37m | date:'short' }}</td>
         Γò╡                                        [32m~~~~~~~[0m


[31mX [41;31m[[41;97mERROR[41;31m][0m [1mNG5: Argument of type 'string | undefined' is not assignable to parameter of type 'string'.
  Type 'undefined' is not assignable to type 'string'.[0m [1m[35m[plugin angular-compiler][0m

    src/app/components/tenant-invoices/tenant-invoices.component.ts:56:54:
[37m      56 Γöé ...ass]="getStatusClass(invoice.[32mstatus[37m)" class="px-2 py-1 text-xs ...
         Γò╡                                 [32m~~~~~~[0m

[39m[22m
