[33mΓ¥»[39m Building...
[32mΓ£ö[39m Building...
Application bundle generation failed. [13.341 seconds]

node.exe : [1m[33m[33mΓû▓ [43;33m[[43;30mWARNING[43;33m][0m [1mDeprecation[0m [1m[35m[plugin angular-sass][0m
At C:\Users\Sfiso\AppData\Roaming\npm\ng.ps1:24 char:5
+     & "node$exe"  "$basedir/node_modules/@angular/cli/bin/ng.js" $arg ...
+     ~~~~~~~~~~~~~~~~~~~~~~~~~~~~~~~~~~~~~~~~~~~~~~~~~~~~~~~~~~~~~~~~~
    + CategoryInfo          : NotSpecified: ([1m[33m[33mΓ...gular-sass][0m:String) [], RemoteException
    + FullyQualifiedErrorId : NativeCommandError
 

    src/app/pages/asset-management/asset-management.component.scss:1:8:
[37m      1 Γöé @import [32m[37m'../../shared/styles/modern-ui.scss';
        Γò╡         [32m^[0m


  Sass @import rules are deprecated and will be removed in Dart Sass 3.0.0.
  
  More info and automated migrator: [4mhttps://sass-lang.com/d/import[0m

  The plugin "angular-compiler" was triggered by this import

    src/app/pages/asset-management/asset-management.component.ts:3:33:
[37m      3 Γöé ...CE__1 from [32m"angular:jit:style:file;./asset-management.component.[37m...
        Γò╡               [32m~~~~~~~~~~~~~~~~~~~~~~~~~~~~~~~~~~~~~~~~~~~~~~~~~~~~~[0m


[33mΓû▓ [43;33m[[43;30mWARNING[43;33m][0m [1m1 repetitive deprecation warnings omitted.
Run in verbose mode to see all warnings.[0m [1m[35m[plugin angular-sass][0m

    src/app/pages/asset-management/asset-management.component.ts:3:33:
[37m      3 Γöé ...CE__1 from [32m"angular:jit:style:file;./asset-management.component.[37m...
        Γò╡               [32m~~~~~~~~~~~~~~~~~~~~~~~~~~~~~~~~~~~~~~~~~~~~~~~~~~~~~[0m

  null


[33mΓû▓ [43;33m[[43;30mWARNING[43;33m][0m [1mDeprecation[0m [1m[35m[plugin angular-sass][0m

    src/app/pages/auth/change-password-dialog/change-password-dialog.component.scss:1:8:
[37m      1 Γöé @import [32m[37m'../../../shared/styles/modern-ui.scss';
        Γò╡         [32m^[0m


  Sass @import rules are deprecated and will be removed in Dart Sass 3.0.0.
  
  More info and automated migrator: [4mhttps://sass-lang.com/d/import[0m

  The plugin "angular-compiler" was triggered by this import

    src/app/pages/auth/change-password-dialog/change-password-dialog.component.ts:3:33:
[37m      3 Γöé ...CE__1 from [32m"angular:jit:style:file;./change-password-dialog.comp[37m...
        Γò╡               [32m~~~~~~~~~~~~~~~~~~~~~~~~~~~~~~~~~~~~~~~~~~~~~~~~~~~~~[0m


[33mΓû▓ [43;33m[[43;30mWARNING[43;33m][0m [1m1 repetitive deprecation warnings omitted.
Run in verbose mode to see all warnings.[0m [1m[35m[plugin angular-sass][0m

    src/app/pages/auth/change-password-dialog/change-password-dialog.component.ts:3:33:
[37m      3 Γöé ...CE__1 from [32m"angular:jit:style:file;./change-password-dialog.comp[37m...
        Γò╡               [32m~~~~~~~~~~~~~~~~~~~~~~~~~~~~~~~~~~~~~~~~~~~~~~~~~~~~~[0m

  null


[33mΓû▓ [43;33m[[43;30mWARNING[43;33m][0m [1mDeprecation[0m [1m[35m[plugin angular-sass][0m

    src/app/pages/auth/forgot-password.component.scss:1:8:
[37m      1 Γöé @import [32m[37m'../../shared/styles/modern-ui.scss';
        Γò╡         [32m^[0m


  Sass @import rules are deprecated and will be removed in Dart Sass 3.0.0.
  
  More info and automated migrator: [4mhttps://sass-lang.com/d/import[0m

  The plugin "angular-compiler" was triggered by this import

    src/app/pages/auth/forgot-password.component.ts:3:33:
[37m      3 Γöé ...CE__1 from [32m"angular:jit:style:file;./forgot-password.component.s[37m...
        Γò╡               [32m~~~~~~~~~~~~~~~~~~~~~~~~~~~~~~~~~~~~~~~~~~~~~~~~~~~~~[0m


[33mΓû▓ [43;33m[[43;30mWARNING[43;33m][0m [1m1 repetitive deprecation warnings omitted.
Run in verbose mode to see all warnings.[0m [1m[35m[plugin angular-sass][0m

    src/app/pages/auth/forgot-password.component.ts:3:33:
[37m      3 Γöé ...CE__1 from [32m"angular:jit:style:file;./forgot-password.component.s[37m...
        Γò╡               [32m~~~~~~~~~~~~~~~~~~~~~~~~~~~~~~~~~~~~~~~~~~~~~~~~~~~~~[0m

  null


[33mΓû▓ [43;33m[[43;30mWARNING[43;33m][0m [1mDeprecation[0m [1m[35m[plugin angular-sass][0m

    src/app/pages/auth/login.component.scss:1:8:
[37m      1 Γöé @import [32m[37m'../../shared/styles/modern-ui.scss';
        Γò╡         [32m^[0m


  Sass @import rules are deprecated and will be removed in Dart Sass 3.0.0.
  
  More info and automated migrator: [4mhttps://sass-lang.com/d/import[0m

  The plugin "angular-compiler" was triggered by this import

    src/app/pages/auth/login.component.ts:3:33:
[37m      3 Γöé ...I_RESOURCE__1 from [32m"angular:jit:style:file;./login.component.scss"[37m;
        Γò╡                       [32m~~~~~~~~~~~~~~~~~~~~~~~~~~~~~~~~~~~~~~~~~~~~~~~[0m


[33mΓû▓ [43;33m[[43;30mWARNING[43;33m][0m [1m1 repetitive deprecation warnings omitted.
Run in verbose mode to see all warnings.[0m [1m[35m[plugin angular-sass][0m

    src/app/pages/auth/login.component.ts:3:33:
[37m      3 Γöé ...I_RESOURCE__1 from [32m"angular:jit:style:file;./login.component.scss"[37m;
        Γò╡                       [32m~~~~~~~~~~~~~~~~~~~~~~~~~~~~~~~~~~~~~~~~~~~~~~~[0m

  null


[33mΓû▓ [43;33m[[43;30mWARNING[43;33m][0m [1mDeprecation[0m [1m[35m[plugin angular-sass][0m

    src/app/pages/auth/member-registration.component.scss:1:8:
[37m      1 Γöé @import [32m[37m'../../shared/styles/modern-ui.scss';
        Γò╡         [32m^[0m


  Sass @import rules are deprecated and will be removed in Dart Sass 3.0.0.
  
  More info and automated migrator: [4mhttps://sass-lang.com/d/import[0m

  The plugin "angular-compiler" was triggered by this import

    src/app/pages/auth/member-registration.component.ts:3:33:
[37m      3 Γöé ...CE__1 from [32m"angular:jit:style:file;./member-registration.compone[37m...
        Γò╡               [32m~~~~~~~~~~~~~~~~~~~~~~~~~~~~~~~~~~~~~~~~~~~~~~~~~~~~~[0m


[33mΓû▓ [43;33m[[43;30mWARNING[43;33m][0m [1m1 repetitive deprecation warnings omitted.
Run in verbose mode to see all warnings.[0m [1m[35m[plugin angular-sass][0m

    src/app/pages/auth/member-registration.component.ts:3:33:
[37m      3 Γöé ...CE__1 from [32m"angular:jit:style:file;./member-registration.compone[37m...
        Γò╡               [32m~~~~~~~~~~~~~~~~~~~~~~~~~~~~~~~~~~~~~~~~~~~~~~~~~~~~~[0m

  null


[33mΓû▓ [43;33m[[43;30mWARNING[43;33m][0m [1mDeprecation[0m [1m[35m[plugin angular-sass][0m

    src/app/pages/auth/register.component.scss:1:8:
[37m      1 Γöé @import [32m[37m'../../shared/styles/modern-ui.scss';
        Γò╡         [32m^[0m


  Sass @import rules are deprecated and will be removed in Dart Sass 3.0.0.
  
  More info and automated migrator: [4mhttps://sass-lang.com/d/import[0m

  The plugin "angular-compiler" was triggered by this import

    src/app/pages/auth/register.component.ts:3:33:
[37m      3 Γöé ...ESOURCE__1 from [32m"angular:jit:style:file;./register.component.scss"[37m;
        Γò╡                    [32m~~~~~~~~~~~~~~~~~~~~~~~~~~~~~~~~~~~~~~~~~~~~~~~~~~[0m


[33mΓû▓ [43;33m[[43;30mWARNING[43;33m][0m [1m1 repetitive deprecation warnings omitted.
Run in verbose mode to see all warnings.[0m [1m[35m[plugin angular-sass][0m

    src/app/pages/auth/register.component.ts:3:33:
[37m      3 Γöé ...ESOURCE__1 from [32m"angular:jit:style:file;./register.component.scss"[37m;
        Γò╡                    [32m~~~~~~~~~~~~~~~~~~~~~~~~~~~~~~~~~~~~~~~~~~~~~~~~~~[0m

  null


[33mΓû▓ [43;33m[[43;30mWARNING[43;33m][0m [1mDeprecation[0m [1m[35m[plugin angular-sass][0m

    src/app/pages/auth/reset-password.component.scss:1:8:
[37m      1 Γöé @import [32m[37m'../../shared/styles/modern-ui.scss';
        Γò╡         [32m^[0m


  Sass @import rules are deprecated and will be removed in Dart Sass 3.0.0.
  
  More info and automated migrator: [4mhttps://sass-lang.com/d/import[0m

  The plugin "angular-compiler" was triggered by this import

    src/app/pages/auth/reset-password.component.ts:3:33:
[37m      3 Γöé ...CE__1 from [32m"angular:jit:style:file;./reset-password.component.sc[37m...
        Γò╡               [32m~~~~~~~~~~~~~~~~~~~~~~~~~~~~~~~~~~~~~~~~~~~~~~~~~~~~~[0m


[33mΓû▓ [43;33m[[43;30mWARNING[43;33m][0m [1m1 repetitive deprecation warnings omitted.
Run in verbose mode to see all warnings.[0m [1m[35m[plugin angular-sass][0m

    src/app/pages/auth/reset-password.component.ts:3:33:
[37m      3 Γöé ...CE__1 from [32m"angular:jit:style:file;./reset-password.component.sc[37m...
        Γò╡               [32m~~~~~~~~~~~~~~~~~~~~~~~~~~~~~~~~~~~~~~~~~~~~~~~~~~~~~[0m

  null


[33mΓû▓ [43;33m[[43;30mWARNING[43;33m][0m [1mDeprecation[0m [1m[35m[plugin angular-sass][0m

    src/app/pages/claims/claims.component.scss:1:8:
[37m      1 Γöé @import [32m[37m'../../shared/styles/modern-ui.scss';
        Γò╡         [32m^[0m


  Sass @import rules are deprecated and will be removed in Dart Sass 3.0.0.
  
  More info and automated migrator: [4mhttps://sass-lang.com/d/import[0m

  The plugin "angular-compiler" was triggered by this import

    src/app/pages/claims/claims.component.ts:3:33:
[37m      3 Γöé ..._RESOURCE__1 from [32m"angular:jit:style:file;./claims.component.scss"[37m;
        Γò╡                      [32m~~~~~~~~~~~~~~~~~~~~~~~~~~~~~~~~~~~~~~~~~~~~~~~~[0m


[33mΓû▓ [43;33m[[43;30mWARNING[43;33m][0m [1m1 repetitive deprecation warnings omitted.
Run in verbose mode to see all warnings.[0m [1m[35m[plugin angular-sass][0m

    src/app/pages/claims/claims.component.ts:3:33:
[37m      3 Γöé ..._RESOURCE__1 from [32m"angular:jit:style:file;./claims.component.scss"[37m;
        Γò╡                      [32m~~~~~~~~~~~~~~~~~~~~~~~~~~~~~~~~~~~~~~~~~~~~~~~~[0m

  null


[33mΓû▓ [43;33m[[43;30mWARNING[43;33m][0m [1mDeprecation[0m [1m[35m[plugin angular-sass][0m

    src/app/pages/dashboard-settings/dashboard-settings.component.scss:1:8:
[37m      1 Γöé @import [32m[37m'../../shared/styles/modern-ui.scss';
        Γò╡         [32m^[0m


  Sass @import rules are deprecated and will be removed in Dart Sass 3.0.0.
  
  More info and automated migrator: [4mhttps://sass-lang.com/d/import[0m

  The plugin "angular-compiler" was triggered by this import

    src/app/pages/dashboard-settings/dashboard-settings.component.ts:3:33:
[37m      3 Γöé ...CE__1 from [32m"angular:jit:style:file;./dashboard-settings.componen[37m...
        Γò╡               [32m~~~~~~~~~~~~~~~~~~~~~~~~~~~~~~~~~~~~~~~~~~~~~~~~~~~~~[0m


[33mΓû▓ [43;33m[[43;30mWARNING[43;33m][0m [1m1 repetitive deprecation warnings omitted.
Run in verbose mode to see all warnings.[0m [1m[35m[plugin angular-sass][0m

    src/app/pages/dashboard-settings/dashboard-settings.component.ts:3:33:
[37m      3 Γöé ...CE__1 from [32m"angular:jit:style:file;./dashboard-settings.componen[37m...
        Γò╡               [32m~~~~~~~~~~~~~~~~~~~~~~~~~~~~~~~~~~~~~~~~~~~~~~~~~~~~~[0m

  null


[33mΓû▓ [43;33m[[43;30mWARNING[43;33m][0m [1mDeprecation[0m [1m[35m[plugin angular-sass][0m

    src/app/pages/dashboard/dashboard.scss:1:8:
[37m      1 Γöé @import [32m[37m'../../shared/styles/modern-ui.scss';
        Γò╡         [32m^[0m


  Sass @import rules are deprecated and will be removed in Dart Sass 3.0.0.
  
  More info and automated migrator: [4mhttps://sass-lang.com/d/import[0m

  The plugin "angular-compiler" was triggered by this import

    src/app/pages/dashboard/dashboard.ts:3:33:
[37m      3 Γöé ..._NG_CLI_RESOURCE__1 from [32m"angular:jit:style:file;./dashboard.scss"[37m;
        Γò╡                             [32m~~~~~~~~~~~~~~~~~~~~~~~~~~~~~~~~~~~~~~~~~[0m


[33mΓû▓ [43;33m[[43;30mWARNING[43;33m][0m [1m1 repetitive deprecation warnings omitted.
Run in verbose mode to see all warnings.[0m [1m[35m[plugin angular-sass][0m

    src/app/pages/dashboard/dashboard.ts:3:33:
[37m      3 Γöé ..._NG_CLI_RESOURCE__1 from [32m"angular:jit:style:file;./dashboard.scss"[37m;
        Γò╡                             [32m~~~~~~~~~~~~~~~~~~~~~~~~~~~~~~~~~~~~~~~~~[0m

  null


[33mΓû▓ [43;33m[[43;30mWARNING[43;33m][0m [1mDeprecation[0m [1m[35m[plugin angular-sass][0m

    src/app/pages/dashboard/widgets/member-growth-widget/member-growth-widget.component.scss:1:8:
[37m      1 Γöé @import [32m[37m'../../../../shared/styles/modern-ui.scss';
        Γò╡         [32m^[0m


  Sass @import rules are deprecated and will be removed in Dart Sass 3.0.0.
  
  More info and automated migrator: [4mhttps://sass-lang.com/d/import[0m

  The plugin "angular-compiler" was triggered by this import

    src/app/pages/dashboard/widgets/member-growth-widget/member-growth-widget.component.ts:3:33:
[37m      3 Γöé ...CE__1 from [32m"angular:jit:style:file;./member-growth-widget.compon[37m...
        Γò╡               [32m~~~~~~~~~~~~~~~~~~~~~~~~~~~~~~~~~~~~~~~~~~~~~~~~~~~~~[0m


[33mΓû▓ [43;33m[[43;30mWARNING[43;33m][0m [1m1 repetitive deprecation warnings omitted.
Run in verbose mode to see all warnings.[0m [1m[35m[plugin angular-sass][0m

    src/app/pages/dashboard/widgets/member-growth-widget/member-growth-widget.component.ts:3:33:
[37m      3 Γöé ...CE__1 from [32m"angular:jit:style:file;./member-growth-widget.compon[37m...
        Γò╡               [32m~~~~~~~~~~~~~~~~~~~~~~~~~~~~~~~~~~~~~~~~~~~~~~~~~~~~~[0m

  null


[33mΓû▓ [43;33m[[43;30mWARNING[43;33m][0m [1mDeprecation[0m [1m[35m[plugin angular-sass][0m

    src/app/pages/dashboard/widgets/recent-claims-widget/recent-claims-widget.component.scss:1:8:
[37m      1 Γöé @import [32m[37m'../../../../shared/styles/modern-ui.scss';
        Γò╡         [32m^[0m


  Sass @import rules are deprecated and will be removed in Dart Sass 3.0.0.
  
  More info and automated migrator: [4mhttps://sass-lang.com/d/import[0m

  The plugin "angular-compiler" was triggered by this import

    src/app/pages/dashboard/widgets/recent-claims-widget/recent-claims-widget.component.ts:3:33:
[37m      3 Γöé ...CE__1 from [32m"angular:jit:style:file;./recent-claims-widget.compon[37m...
        Γò╡               [32m~~~~~~~~~~~~~~~~~~~~~~~~~~~~~~~~~~~~~~~~~~~~~~~~~~~~~[0m


[33mΓû▓ [43;33m[[43;30mWARNING[43;33m][0m [1m1 repetitive deprecation warnings omitted.
Run in verbose mode to see all warnings.[0m [1m[35m[plugin angular-sass][0m

    src/app/pages/dashboard/widgets/recent-claims-widget/recent-claims-widget.component.ts:3:33:
[37m      3 Γöé ...CE__1 from [32m"angular:jit:style:file;./recent-claims-widget.compon[37m...
        Γò╡               [32m~~~~~~~~~~~~~~~~~~~~~~~~~~~~~~~~~~~~~~~~~~~~~~~~~~~~~[0m

  null


[33mΓû▓ [43;33m[[43;30mWARNING[43;33m][0m [1mDeprecation[0m [1m[35m[plugin angular-sass][0m

    src/app/pages/dashboard/widgets/revenue-chart-widget/revenue-chart-widget.component.scss:1:8:
[37m      1 Γöé @import [32m[37m'../../../../shared/styles/modern-ui.scss';
        Γò╡         [32m^[0m


  Sass @import rules are deprecated and will be removed in Dart Sass 3.0.0.
  
  More info and automated migrator: [4mhttps://sass-lang.com/d/import[0m

  The plugin "angular-compiler" was triggered by this import

    src/app/pages/dashboard/widgets/revenue-chart-widget/revenue-chart-widget.component.ts:3:33:
[37m      3 Γöé ...CE__1 from [32m"angular:jit:style:file;./revenue-chart-widget.compon[37m...
        Γò╡               [32m~~~~~~~~~~~~~~~~~~~~~~~~~~~~~~~~~~~~~~~~~~~~~~~~~~~~~[0m


[33mΓû▓ [43;33m[[43;30mWARNING[43;33m][0m [1m1 repetitive deprecation warnings omitted.
Run in verbose mode to see all warnings.[0m [1m[35m[plugin angular-sass][0m

    src/app/pages/dashboard/widgets/revenue-chart-widget/revenue-chart-widget.component.ts:3:33:
[37m      3 Γöé ...CE__1 from [32m"angular:jit:style:file;./revenue-chart-widget.compon[37m...
        Γò╡               [32m~~~~~~~~~~~~~~~~~~~~~~~~~~~~~~~~~~~~~~~~~~~~~~~~~~~~~[0m

  null


[33mΓû▓ [43;33m[[43;30mWARNING[43;33m][0m [1mDeprecation[0m [1m[35m[plugin angular-sass][0m

    src/app/pages/dashboard/widgets/stats-summary-widget/stats-summary-widget.component.scss:1:8:
[37m      1 Γöé @import [32m[37m'../../../../shared/styles/modern-ui.scss';
        Γò╡         [32m^[0m


  Sass @import rules are deprecated and will be removed in Dart Sass 3.0.0.
  
  More info and automated migrator: [4mhttps://sass-lang.com/d/import[0m

  The plugin "angular-compiler" was triggered by this import

    src/app/pages/dashboard/widgets/stats-summary-widget/stats-summary-widget.component.ts:3:33:
[37m      3 Γöé ...CE__1 from [32m"angular:jit:style:file;./stats-summary-widget.compon[37m...
        Γò╡               [32m~~~~~~~~~~~~~~~~~~~~~~~~~~~~~~~~~~~~~~~~~~~~~~~~~~~~~[0m


[33mΓû▓ [43;33m[[43;30mWARNING[43;33m][0m [1m1 repetitive deprecation warnings omitted.
Run in verbose mode to see all warnings.[0m [1m[35m[plugin angular-sass][0m

    src/app/pages/dashboard/widgets/stats-summary-widget/stats-summary-widget.component.ts:3:33:
[37m      3 Γöé ...CE__1 from [32m"angular:jit:style:file;./stats-summary-widget.compon[37m...
        Γò╡               [32m~~~~~~~~~~~~~~~~~~~~~~~~~~~~~~~~~~~~~~~~~~~~~~~~~~~~~[0m

  null


[33mΓû▓ [43;33m[[43;30mWARNING[43;33m][0m [1mDeprecation[0m [1m[35m[plugin angular-sass][0m

    src/app/pages/funeral-events/funeral-events.component.scss:1:8:
[37m      1 Γöé @import [32m[37m'../../shared/styles/modern-ui.scss';
        Γò╡         [32m^[0m


  Sass @import rules are deprecated and will be removed in Dart Sass 3.0.0.
  
  More info and automated migrator: [4mhttps://sass-lang.com/d/import[0m

  The plugin "angular-compiler" was triggered by this import

    src/app/pages/funeral-events/funeral-events.component.ts:3:33:
[37m      3 Γöé ...CE__1 from [32m"angular:jit:style:file;./funeral-events.component.sc[37m...
        Γò╡               [32m~~~~~~~~~~~~~~~~~~~~~~~~~~~~~~~~~~~~~~~~~~~~~~~~~~~~~[0m


[33mΓû▓ [43;33m[[43;30mWARNING[43;33m][0m [1m1 repetitive deprecation warnings omitted.
Run in verbose mode to see all warnings.[0m [1m[35m[plugin angular-sass][0m

    src/app/pages/funeral-events/funeral-events.component.ts:3:33:
[37m      3 Γöé ...CE__1 from [32m"angular:jit:style:file;./funeral-events.component.sc[37m...
        Γò╡               [32m~~~~~~~~~~~~~~~~~~~~~~~~~~~~~~~~~~~~~~~~~~~~~~~~~~~~~[0m

  null


[33mΓû▓ [43;33m[[43;30mWARNING[43;33m][0m [1mDeprecation[0m [1m[35m[plugin angular-sass][0m

    src/app/pages/landing-renderer/landing-page-renderer.component.ts:2:20:
[37m      2 Γöé             @import [32m[37m'../../building-blocks/animations.scss';
        Γò╡                     [32m^[0m


  Sass @import rules are deprecated and will be removed in Dart Sass 3.0.0.
  
  More info and automated migrator: [4mhttps://sass-lang.com/d/import[0m

  The plugin "angular-compiler" was triggered by this import

    src/app/pages/landing-renderer/landing-page-renderer.component.ts:2:33:
[37m      2 Γöé ...CE__0 from [32m"angular:jit:style:inline;CiAgICAgICAgICAgIEBpbXBvcnQ[37m...
        Γò╡               [32m~~~~~~~~~~~~~~~~~~~~~~~~~~~~~~~~~~~~~~~~~~~~~~~~~~~~~[0m


[33mΓû▓ [43;33m[[43;30mWARNING[43;33m][0m [1mDeprecation[0m [1m[35m[plugin angular-sass][0m

    src/app/pages/member-management/member-management.component.scss:1:8:
[37m      1 Γöé @import [32m[37m'../../shared/styles/modern-ui.scss';
        Γò╡         [32m^[0m


  Sass @import rules are deprecated and will be removed in Dart Sass 3.0.0.
  
  More info and automated migrator: [4mhttps://sass-lang.com/d/import[0m

  The plugin "angular-compiler" was triggered by this import

    src/app/pages/member-management/member-management.component.ts:3:33:
[37m      3 Γöé ...CE__1 from [32m"angular:jit:style:file;./member-management.component[37m...
        Γò╡               [32m~~~~~~~~~~~~~~~~~~~~~~~~~~~~~~~~~~~~~~~~~~~~~~~~~~~~~[0m


[33mΓû▓ [43;33m[[43;30mWARNING[43;33m][0m [1m1 repetitive deprecation warnings omitted.
Run in verbose mode to see all warnings.[0m [1m[35m[plugin angular-sass][0m

    src/app/pages/member-management/member-management.component.ts:3:33:
[37m      3 Γöé ...CE__1 from [32m"angular:jit:style:file;./member-management.component[37m...
        Γò╡               [32m~~~~~~~~~~~~~~~~~~~~~~~~~~~~~~~~~~~~~~~~~~~~~~~~~~~~~[0m

  null


[33mΓû▓ [43;33m[[43;30mWARNING[43;33m][0m [1mDeprecation[0m [1m[35m[plugin angular-sass][0m

    src/app/pages/notfound/notfound.scss:1:8:
[37m      1 Γöé @import [32m[37m'../../shared/styles/modern-ui.scss';
        Γò╡         [32m^[0m


  Sass @import rules are deprecated and will be removed in Dart Sass 3.0.0.
  
  More info and automated migrator: [4mhttps://sass-lang.com/d/import[0m

  The plugin "angular-compiler" was triggered by this import

    src/app/pages/notfound/notfound.ts:3:33:
[37m      3 Γöé ...__NG_CLI_RESOURCE__1 from [32m"angular:jit:style:file;./notfound.scss"[37m;
        Γò╡                              [32m~~~~~~~~~~~~~~~~~~~~~~~~~~~~~~~~~~~~~~~~[0m


[33mΓû▓ [43;33m[[43;30mWARNING[43;33m][0m [1m1 repetitive deprecation warnings omitted.
Run in verbose mode to see all warnings.[0m [1m[35m[plugin angular-sass][0m

    src/app/pages/notfound/notfound.ts:3:33:
[37m      3 Γöé ...__NG_CLI_RESOURCE__1 from [32m"angular:jit:style:file;./notfound.scss"[37m;
        Γò╡                              [32m~~~~~~~~~~~~~~~~~~~~~~~~~~~~~~~~~~~~~~~~[0m

  null


[33mΓû▓ [43;33m[[43;30mWARNING[43;33m][0m [1mDeprecation[0m [1m[35m[plugin angular-sass][0m

    src/app/pages/personnel/personnel.component.scss:1:8:
[37m      1 Γöé @import [32m[37m'../../shared/styles/modern-ui.scss';
        Γò╡         [32m^[0m


  Sass @import rules are deprecated and will be removed in Dart Sass 3.0.0.
  
  More info and automated migrator: [4mhttps://sass-lang.com/d/import[0m

  The plugin "angular-compiler" was triggered by this import

    src/app/pages/personnel/personnel.component.ts:3:33:
[37m      3 Γöé ...SOURCE__1 from [32m"angular:jit:style:file;./personnel.component.scss"[37m;
        Γò╡                   [32m~~~~~~~~~~~~~~~~~~~~~~~~~~~~~~~~~~~~~~~~~~~~~~~~~~~[0m


[33mΓû▓ [43;33m[[43;30mWARNING[43;33m][0m [1m1 repetitive deprecation warnings omitted.
Run in verbose mode to see all warnings.[0m [1m[35m[plugin angular-sass][0m

    src/app/pages/personnel/personnel.component.ts:3:33:
[37m      3 Γöé ...SOURCE__1 from [32m"angular:jit:style:file;./personnel.component.scss"[37m;
        Γò╡                   [32m~~~~~~~~~~~~~~~~~~~~~~~~~~~~~~~~~~~~~~~~~~~~~~~~~~~[0m

  null


[33mΓû▓ [43;33m[[43;30mWARNING[43;33m][0m [1mDeprecation[0m [1m[35m[plugin angular-sass][0m

    src/app/pages/policy-attributes/policy-attributes.component.scss:1:8:
[37m      1 Γöé @import [32m[37m'../../shared/styles/modern-ui.scss';
        Γò╡         [32m^[0m


  Sass @import rules are deprecated and will be removed in Dart Sass 3.0.0.
  
  More info and automated migrator: [4mhttps://sass-lang.com/d/import[0m

  The plugin "angular-compiler" was triggered by this import

    src/app/pages/policy-attributes/policy-attributes.component.ts:3:33:
[37m      3 Γöé ...CE__1 from [32m"angular:jit:style:file;./policy-attributes.component[37m...
        Γò╡               [32m~~~~~~~~~~~~~~~~~~~~~~~~~~~~~~~~~~~~~~~~~~~~~~~~~~~~~[0m


[33mΓû▓ [43;33m[[43;30mWARNING[43;33m][0m [1m1 repetitive deprecation warnings omitted.
Run in verbose mode to see all warnings.[0m [1m[35m[plugin angular-sass][0m

    src/app/pages/policy-attributes/policy-attributes.component.ts:3:33:
[37m      3 Γöé ...CE__1 from [32m"angular:jit:style:file;./policy-attributes.component[37m...
        Γò╡               [32m~~~~~~~~~~~~~~~~~~~~~~~~~~~~~~~~~~~~~~~~~~~~~~~~~~~~~[0m

  null


[33mΓû▓ [43;33m[[43;30mWARNING[43;33m][0m [1mDeprecation[0m [1m[35m[plugin angular-sass][0m

    src/app/pages/roles/roles.component.scss:1:8:
[37m      1 Γöé @import [32m[37m'../../shared/styles/modern-ui.scss';
        Γò╡         [32m^[0m


  Sass @import rules are deprecated and will be removed in Dart Sass 3.0.0.
  
  More info and automated migrator: [4mhttps://sass-lang.com/d/import[0m

  The plugin "angular-compiler" was triggered by this import

    src/app/pages/roles/roles.component.ts:3:33:
[37m      3 Γöé ...I_RESOURCE__1 from [32m"angular:jit:style:file;./roles.component.scss"[37m;
        Γò╡                       [32m~~~~~~~~~~~~~~~~~~~~~~~~~~~~~~~~~~~~~~~~~~~~~~~[0m


[33mΓû▓ [43;33m[[43;30mWARNING[43;33m][0m [1m1 repetitive deprecation warnings omitted.
Run in verbose mode to see all warnings.[0m [1m[35m[plugin angular-sass][0m

    src/app/pages/roles/roles.component.ts:3:33:
[37m      3 Γöé ...I_RESOURCE__1 from [32m"angular:jit:style:file;./roles.component.scss"[37m;
        Γò╡                       [32m~~~~~~~~~~~~~~~~~~~~~~~~~~~~~~~~~~~~~~~~~~~~~~~[0m

  null


[33mΓû▓ [43;33m[[43;30mWARNING[43;33m][0m [1mDeprecation[0m [1m[35m[plugin angular-sass][0m

    src/app/pages/timesheets/timesheets.component.scss:1:8:
[37m      1 Γöé @import [32m[37m'../../shared/styles/modern-ui.scss';
        Γò╡         [32m^[0m


  Sass @import rules are deprecated and will be removed in Dart Sass 3.0.0.
  
  More info and automated migrator: [4mhttps://sass-lang.com/d/import[0m

  The plugin "angular-compiler" was triggered by this import

    src/app/pages/timesheets/timesheets.component.ts:3:33:
[37m      3 Γöé ...OURCE__1 from [32m"angular:jit:style:file;./timesheets.component.scss"[37m;
        Γò╡                  [32m~~~~~~~~~~~~~~~~~~~~~~~~~~~~~~~~~~~~~~~~~~~~~~~~~~~~[0m


[33mΓû▓ [43;33m[[43;30mWARNING[43;33m][0m [1m1 repetitive deprecation warnings omitted.
Run in verbose mode to see all warnings.[0m [1m[35m[plugin angular-sass][0m

    src/app/pages/timesheets/timesheets.component.ts:3:33:
[37m      3 Γöé ...OURCE__1 from [32m"angular:jit:style:file;./timesheets.component.scss"[37m;
        Γò╡                  [32m~~~~~~~~~~~~~~~~~~~~~~~~~~~~~~~~~~~~~~~~~~~~~~~~~~~~[0m

  null


[33mΓû▓ [43;33m[[43;30mWARNING[43;33m][0m [1mDeprecation[0m [1m[35m[plugin angular-sass][0m

    src/app/shared/components/identity-verification/identity-verification-form.component.scss:1:8:
[37m      1 Γöé @import [32m[37m'../../styles/modern-ui.scss';
        Γò╡         [32m^[0m


  Sass @import rules are deprecated and will be removed in Dart Sass 3.0.0.
  
  More info and automated migrator: [4mhttps://sass-lang.com/d/import[0m

  The plugin "angular-compiler" was triggered by this import

    src/app/shared/components/identity-verification/identity-verification-form.component.ts:3:33:
[37m      3 Γöé ...CE__1 from [32m"angular:jit:style:file;./identity-verification-form.[37m...
        Γò╡               [32m~~~~~~~~~~~~~~~~~~~~~~~~~~~~~~~~~~~~~~~~~~~~~~~~~~~~~[0m


[33mΓû▓ [43;33m[[43;30mWARNING[43;33m][0m [1m1 repetitive deprecation warnings omitted.
Run in verbose mode to see all warnings.[0m [1m[35m[plugin angular-sass][0m

    src/app/shared/components/identity-verification/identity-verification-form.component.ts:3:33:
[37m      3 Γöé ...CE__1 from [32m"angular:jit:style:file;./identity-verification-form.[37m...
        Γò╡               [32m~~~~~~~~~~~~~~~~~~~~~~~~~~~~~~~~~~~~~~~~~~~~~~~~~~~~~[0m

  null


[33mΓû▓ [43;33m[[43;30mWARNING[43;33m][0m [1mDeprecation[0m [1m[35m[plugin angular-sass][0m

    src/app/shared/components/verification-status/verification-status.component.scss:1:8:
[37m      1 Γöé @import [32m[37m'../../styles/modern-ui.scss';
        Γò╡         [32m^[0m


  Sass @import rules are deprecated and will be removed in Dart Sass 3.0.0.
  
  More info and automated migrator: [4mhttps://sass-lang.com/d/import[0m

  The plugin "angular-compiler" was triggered by this import

    src/app/shared/components/verification-status/verification-status.component.ts:3:33:
[37m      3 Γöé ...CE__1 from [32m"angular:jit:style:file;./verification-status.compone[37m...
        Γò╡               [32m~~~~~~~~~~~~~~~~~~~~~~~~~~~~~~~~~~~~~~~~~~~~~~~~~~~~~[0m


[33mΓû▓ [43;33m[[43;30mWARNING[43;33m][0m [1m1 repetitive deprecation warnings omitted.
Run in verbose mode to see all warnings.[0m [1m[35m[plugin angular-sass][0m

    src/app/shared/components/verification-status/verification-status.component.ts:3:33:
[37m      3 Γöé ...CE__1 from [32m"angular:jit:style:file;./verification-status.compone[37m...
        Γò╡               [32m~~~~~~~~~~~~~~~~~~~~~~~~~~~~~~~~~~~~~~~~~~~~~~~~~~~~~[0m

  null


[33mΓû▓ [43;33m[[43;30mWARNING[43;33m][0m [1mDeprecation[0m [1m[35m[plugin angular-sass][0m

    src/app/shared/styles/_mixins.scss:205:2:
[37m      205 Γöé   [32m[37mbackground: $gradient-primary;
          Γò╡   [32m^[0m


  Sass's behavior for declarations that appear after nested
  rules will be changing to match the behavior specified by CSS in an upcoming
  version. To keep the existing behavior, move the declaration above the nested
  rule. To opt into the new behavior, wrap the declaration in `& {}`.
  
  More info: [4mhttps://sass-lang.com/d/mixed-decls[0m

  The plugin "angular-compiler" was triggered by this import

    src/app/pages/dashboard/dashboard.ts:3:33:
[37m      3 Γöé ..._NG_CLI_RESOURCE__1 from [32m"angular:jit:style:file;./dashboard.scss"[37m;
        Γò╡                             [32m~~~~~~~~~~~~~~~~~~~~~~~~~~~~~~~~~~~~~~~~~[0m


[33mΓû▓ [43;33m[[43;30mWARNING[43;33m][0m [1mDeprecation[0m [1m[35m[plugin angular-sass][0m

    src/app/shared/styles/_mixins.scss:205:2:
[37m      205 Γöé   [32m[37mbackground: $gradient-primary;
          Γò╡   [32m^[0m


  Sass's behavior for declarations that appear after nested
  rules will be changing to match the behavior specified by CSS in an upcoming
  version. To keep the existing behavior, move the declaration above the nested
  rule. To opt into the new behavior, wrap the declaration in `& {}`.
  
  More info: [4mhttps://sass-lang.com/d/mixed-decls[0m

  The plugin "angular-compiler" was triggered by this import

    src/app/pages/dashboard/dashboard.ts:3:33:
[37m      3 Γöé ..._NG_CLI_RESOURCE__1 from [32m"angular:jit:style:file;./dashboard.scss"[37m;
        Γò╡                             [32m~~~~~~~~~~~~~~~~~~~~~~~~~~~~~~~~~~~~~~~~~[0m


[33mΓû▓ [43;33m[[43;30mWARNING[43;33m][0m [1mDeprecation[0m [1m[35m[plugin angular-sass][0m

    src/app/shared/styles/_mixins.scss:205:2:
[37m      205 Γöé   [32m[37mbackground: $gradient-primary;
          Γò╡   [32m^[0m


  Sass's behavior for declarations that appear after nested
  rules will be changing to match the behavior specified by CSS in an upcoming
  version. To keep the existing behavior, move the declaration above the nested
  rule. To opt into the new behavior, wrap the declaration in `& {}`.
  
  More info: [4mhttps://sass-lang.com/d/mixed-decls[0m

  The plugin "angular-compiler" was triggered by this import

    src/app/pages/notfound/notfound.ts:3:33:
[37m      3 Γöé ...__NG_CLI_RESOURCE__1 from [32m"angular:jit:style:file;./notfound.scss"[37m;
        Γò╡                              [32m~~~~~~~~~~~~~~~~~~~~~~~~~~~~~~~~~~~~~~~~[0m


[33mΓû▓ [43;33m[[43;30mWARNING[43;33m][0m [1mDeprecation[0m [1m[35m[plugin angular-sass][0m

    src/app/shared/styles/_mixins.scss:205:2:
[37m      205 Γöé   [32m[37mbackground: $gradient-primary;
          Γò╡   [32m^[0m


  Sass's behavior for declarations that appear after nested
  rules will be changing to match the behavior specified by CSS in an upcoming
  version. To keep the existing behavior, move the declaration above the nested
  rule. To opt into the new behavior, wrap the declaration in `& {}`.
  
  More info: [4mhttps://sass-lang.com/d/mixed-decls[0m

  The plugin "angular-compiler" was triggered by this import

    src/app/pages/notfound/notfound.ts:3:33:
[37m      3 Γöé ...__NG_CLI_RESOURCE__1 from [32m"angular:jit:style:file;./notfound.scss"[37m;
        Γò╡                              [32m~~~~~~~~~~~~~~~~~~~~~~~~~~~~~~~~~~~~~~~~[0m


[33mΓû▓ [43;33m[[43;30mWARNING[43;33m][0m [1mDeprecation[0m [1m[35m[plugin angular-sass][0m

    src/app/shared/styles/_mixins.scss:205:2:
[37m      205 Γöé   [32m[37mbackground: $gradient-primary;
          Γò╡   [32m^[0m


  Sass's behavior for declarations that appear after nested
  rules will be changing to match the behavior specified by CSS in an upcoming
  version. To keep the existing behavior, move the declaration above the nested
  rule. To opt into the new behavior, wrap the declaration in `& {}`.
  
  More info: [4mhttps://sass-lang.com/d/mixed-decls[0m

  The plugin "angular-compiler" was triggered by this import

    src/app/pages/dashboard-settings/dashboard-settings.component.ts:3:33:
[37m      3 Γöé ...CE__1 from [32m"angular:jit:style:file;./dashboard-settings.componen[37m...
        Γò╡               [32m~~~~~~~~~~~~~~~~~~~~~~~~~~~~~~~~~~~~~~~~~~~~~~~~~~~~~[0m


[33mΓû▓ [43;33m[[43;30mWARNING[43;33m][0m [1mDeprecation[0m [1m[35m[plugin angular-sass][0m

    src/app/shared/styles/_mixins.scss:205:2:
[37m      205 Γöé   [32m[37mbackground: $gradient-primary;
          Γò╡   [32m^[0m


  Sass's behavior for declarations that appear after nested
  rules will be changing to match the behavior specified by CSS in an upcoming
  version. To keep the existing behavior, move the declaration above the nested
  rule. To opt into the new behavior, wrap the declaration in `& {}`.
  
  More info: [4mhttps://sass-lang.com/d/mixed-decls[0m

  The plugin "angular-compiler" was triggered by this import

    src/app/pages/dashboard-settings/dashboard-settings.component.ts:3:33:
[37m      3 Γöé ...CE__1 from [32m"angular:jit:style:file;./dashboard-settings.componen[37m...
        Γò╡               [32m~~~~~~~~~~~~~~~~~~~~~~~~~~~~~~~~~~~~~~~~~~~~~~~~~~~~~[0m


[33mΓû▓ [43;33m[[43;30mWARNING[43;33m][0m [1mDeprecation[0m [1m[35m[plugin angular-sass][0m

    src/app/shared/styles/_mixins.scss:205:2:
[37m      205 Γöé   [32m[37mbackground: $gradient-primary;
          Γò╡   [32m^[0m


  Sass's behavior for declarations that appear after nested
  rules will be changing to match the behavior specified by CSS in an upcoming
  version. To keep the existing behavior, move the declaration above the nested
  rule. To opt into the new behavior, wrap the declaration in `& {}`.
  
  More info: [4mhttps://sass-lang.com/d/mixed-decls[0m

  The plugin "angular-compiler" was triggered by this import

    src/app/pages/timesheets/timesheets.component.ts:3:33:
[37m      3 Γöé ...OURCE__1 from [32m"angular:jit:style:file;./timesheets.component.scss"[37m;
        Γò╡                  [32m~~~~~~~~~~~~~~~~~~~~~~~~~~~~~~~~~~~~~~~~~~~~~~~~~~~~[0m


[33mΓû▓ [43;33m[[43;30mWARNING[43;33m][0m [1mDeprecation[0m [1m[35m[plugin angular-sass][0m

    src/app/shared/styles/_mixins.scss:205:2:
[37m      205 Γöé   [32m[37mbackground: $gradient-primary;
          Γò╡   [32m^[0m


  Sass's behavior for declarations that appear after nested
  rules will be changing to match the behavior specified by CSS in an upcoming
  version. To keep the existing behavior, move the declaration above the nested
  rule. To opt into the new behavior, wrap the declaration in `& {}`.
  
  More info: [4mhttps://sass-lang.com/d/mixed-decls[0m

  The plugin "angular-compiler" was triggered by this import

    src/app/pages/timesheets/timesheets.component.ts:3:33:
[37m      3 Γöé ...OURCE__1 from [32m"angular:jit:style:file;./timesheets.component.scss"[37m;
        Γò╡                  [32m~~~~~~~~~~~~~~~~~~~~~~~~~~~~~~~~~~~~~~~~~~~~~~~~~~~~[0m


[33mΓû▓ [43;33m[[43;30mWARNING[43;33m][0m [1mDeprecation[0m [1m[35m[plugin angular-sass][0m

    src/app/shared/styles/_mixins.scss:205:2:
[37m      205 Γöé   [32m[37mbackground: $gradient-primary;
          Γò╡   [32m^[0m


  Sass's behavior for declarations that appear after nested
  rules will be changing to match the behavior specified by CSS in an upcoming
  version. To keep the existing behavior, move the declaration above the nested
  rule. To opt into the new behavior, wrap the declaration in `& {}`.
  
  More info: [4mhttps://sass-lang.com/d/mixed-decls[0m

  The plugin "angular-compiler" was triggered by this import

    src/app/pages/funeral-events/funeral-events.component.ts:3:33:
[37m      3 Γöé ...CE__1 from [32m"angular:jit:style:file;./funeral-events.component.sc[37m...
        Γò╡               [32m~~~~~~~~~~~~~~~~~~~~~~~~~~~~~~~~~~~~~~~~~~~~~~~~~~~~~[0m


[33mΓû▓ [43;33m[[43;30mWARNING[43;33m][0m [1mDeprecation[0m [1m[35m[plugin angular-sass][0m

    src/app/shared/styles/_mixins.scss:205:2:
[37m      205 Γöé   [32m[37mbackground: $gradient-primary;
          Γò╡   [32m^[0m


  Sass's behavior for declarations that appear after nested
  rules will be changing to match the behavior specified by CSS in an upcoming
  version. To keep the existing behavior, move the declaration above the nested
  rule. To opt into the new behavior, wrap the declaration in `& {}`.
  
  More info: [4mhttps://sass-lang.com/d/mixed-decls[0m

  The plugin "angular-compiler" was triggered by this import

    src/app/pages/funeral-events/funeral-events.component.ts:3:33:
[37m      3 Γöé ...CE__1 from [32m"angular:jit:style:file;./funeral-events.component.sc[37m...
        Γò╡               [32m~~~~~~~~~~~~~~~~~~~~~~~~~~~~~~~~~~~~~~~~~~~~~~~~~~~~~[0m


[33mΓû▓ [43;33m[[43;30mWARNING[43;33m][0m [1mDeprecation[0m [1m[35m[plugin angular-sass][0m

    src/app/shared/styles/_mixins.scss:205:2:
[37m      205 Γöé   [32m[37mbackground: $gradient-primary;
          Γò╡   [32m^[0m


  Sass's behavior for declarations that appear after nested
  rules will be changing to match the behavior specified by CSS in an upcoming
  version. To keep the existing behavior, move the declaration above the nested
  rule. To opt into the new behavior, wrap the declaration in `& {}`.
  
  More info: [4mhttps://sass-lang.com/d/mixed-decls[0m

  The plugin "angular-compiler" was triggered by this import

    src/app/pages/claims/claims.component.ts:3:33:
[37m      3 Γöé ..._RESOURCE__1 from [32m"angular:jit:style:file;./claims.component.scss"[37m;
        Γò╡                      [32m~~~~~~~~~~~~~~~~~~~~~~~~~~~~~~~~~~~~~~~~~~~~~~~~[0m


[33mΓû▓ [43;33m[[43;30mWARNING[43;33m][0m [1mDeprecation[0m [1m[35m[plugin angular-sass][0m

    src/app/shared/styles/_mixins.scss:205:2:
[37m      205 Γöé   [32m[37mbackground: $gradient-primary;
          Γò╡   [32m^[0m


  Sass's behavior for declarations that appear after nested
  rules will be changing to match the behavior specified by CSS in an upcoming
  version. To keep the existing behavior, move the declaration above the nested
  rule. To opt into the new behavior, wrap the declaration in `& {}`.
  
  More info: [4mhttps://sass-lang.com/d/mixed-decls[0m

  The plugin "angular-compiler" was triggered by this import

    src/app/pages/claims/claims.component.ts:3:33:
[37m      3 Γöé ..._RESOURCE__1 from [32m"angular:jit:style:file;./claims.component.scss"[37m;
        Γò╡                      [32m~~~~~~~~~~~~~~~~~~~~~~~~~~~~~~~~~~~~~~~~~~~~~~~~[0m


[33mΓû▓ [43;33m[[43;30mWARNING[43;33m][0m [1mDeprecation[0m [1m[35m[plugin angular-sass][0m

    src/app/shared/styles/_mixins.scss:205:2:
[37m      205 Γöé   [32m[37mbackground: $gradient-primary;
          Γò╡   [32m^[0m


  Sass's behavior for declarations that appear after nested
  rules will be changing to match the behavior specified by CSS in an upcoming
  version. To keep the existing behavior, move the declaration above the nested
  rule. To opt into the new behavior, wrap the declaration in `& {}`.
  
  More info: [4mhttps://sass-lang.com/d/mixed-decls[0m

  The plugin "angular-compiler" was triggered by this import

    src/app/pages/auth/register.component.ts:3:33:
[37m      3 Γöé ...ESOURCE__1 from [32m"angular:jit:style:file;./register.component.scss"[37m;
        Γò╡                    [32m~~~~~~~~~~~~~~~~~~~~~~~~~~~~~~~~~~~~~~~~~~~~~~~~~~[0m


[33mΓû▓ [43;33m[[43;30mWARNING[43;33m][0m [1mDeprecation[0m [1m[35m[plugin angular-sass][0m

    src/app/shared/styles/_mixins.scss:205:2:
[37m      205 Γöé   [32m[37mbackground: $gradient-primary;
          Γò╡   [32m^[0m


  Sass's behavior for declarations that appear after nested
  rules will be changing to match the behavior specified by CSS in an upcoming
  version. To keep the existing behavior, move the declaration above the nested
  rule. To opt into the new behavior, wrap the declaration in `& {}`.
  
  More info: [4mhttps://sass-lang.com/d/mixed-decls[0m

  The plugin "angular-compiler" was triggered by this import

    src/app/pages/auth/register.component.ts:3:33:
[37m      3 Γöé ...ESOURCE__1 from [32m"angular:jit:style:file;./register.component.scss"[37m;
        Γò╡                    [32m~~~~~~~~~~~~~~~~~~~~~~~~~~~~~~~~~~~~~~~~~~~~~~~~~~[0m


[33mΓû▓ [43;33m[[43;30mWARNING[43;33m][0m [1mDeprecation[0m [1m[35m[plugin angular-sass][0m

    src/app/shared/styles/_mixins.scss:205:2:
[37m      205 Γöé   [32m[37mbackground: $gradient-primary;
          Γò╡   [32m^[0m


  Sass's behavior for declarations that appear after nested
  rules will be changing to match the behavior specified by CSS in an upcoming
  version. To keep the existing behavior, move the declaration above the nested
  rule. To opt into the new behavior, wrap the declaration in `& {}`.
  
  More info: [4mhttps://sass-lang.com/d/mixed-decls[0m

  The plugin "angular-compiler" was triggered by this import

    src/app/pages/auth/reset-password.component.ts:3:33:
[37m      3 Γöé ...CE__1 from [32m"angular:jit:style:file;./reset-password.component.sc[37m...
        Γò╡               [32m~~~~~~~~~~~~~~~~~~~~~~~~~~~~~~~~~~~~~~~~~~~~~~~~~~~~~[0m


[33mΓû▓ [43;33m[[43;30mWARNING[43;33m][0m [1mDeprecation[0m [1m[35m[plugin angular-sass][0m

    src/app/shared/styles/_mixins.scss:205:2:
[37m      205 Γöé   [32m[37mbackground: $gradient-primary;
          Γò╡   [32m^[0m


  Sass's behavior for declarations that appear after nested
  rules will be changing to match the behavior specified by CSS in an upcoming
  version. To keep the existing behavior, move the declaration above the nested
  rule. To opt into the new behavior, wrap the declaration in `& {}`.
  
  More info: [4mhttps://sass-lang.com/d/mixed-decls[0m

  The plugin "angular-compiler" was triggered by this import

    src/app/pages/auth/reset-password.component.ts:3:33:
[37m      3 Γöé ...CE__1 from [32m"angular:jit:style:file;./reset-password.component.sc[37m...
        Γò╡               [32m~~~~~~~~~~~~~~~~~~~~~~~~~~~~~~~~~~~~~~~~~~~~~~~~~~~~~[0m


[33mΓû▓ [43;33m[[43;30mWARNING[43;33m][0m [1mDeprecation[0m [1m[35m[plugin angular-sass][0m

    src/app/shared/styles/_mixins.scss:205:2:
[37m      205 Γöé   [32m[37mbackground: $gradient-primary;
          Γò╡   [32m^[0m


  Sass's behavior for declarations that appear after nested
  rules will be changing to match the behavior specified by CSS in an upcoming
  version. To keep the existing behavior, move the declaration above the nested
  rule. To opt into the new behavior, wrap the declaration in `& {}`.
  
  More info: [4mhttps://sass-lang.com/d/mixed-decls[0m

  The plugin "angular-compiler" was triggered by this import

    src/app/pages/auth/forgot-password.component.ts:3:33:
[37m      3 Γöé ...CE__1 from [32m"angular:jit:style:file;./forgot-password.component.s[37m...
        Γò╡               [32m~~~~~~~~~~~~~~~~~~~~~~~~~~~~~~~~~~~~~~~~~~~~~~~~~~~~~[0m


[33mΓû▓ [43;33m[[43;30mWARNING[43;33m][0m [1mDeprecation[0m [1m[35m[plugin angular-sass][0m

    src/app/shared/styles/_mixins.scss:205:2:
[37m      205 Γöé   [32m[37mbackground: $gradient-primary;
          Γò╡   [32m^[0m


  Sass's behavior for declarations that appear after nested
  rules will be changing to match the behavior specified by CSS in an upcoming
  version. To keep the existing behavior, move the declaration above the nested
  rule. To opt into the new behavior, wrap the declaration in `& {}`.
  
  More info: [4mhttps://sass-lang.com/d/mixed-decls[0m

  The plugin "angular-compiler" was triggered by this import

    src/app/pages/auth/forgot-password.component.ts:3:33:
[37m      3 Γöé ...CE__1 from [32m"angular:jit:style:file;./forgot-password.component.s[37m...
        Γò╡               [32m~~~~~~~~~~~~~~~~~~~~~~~~~~~~~~~~~~~~~~~~~~~~~~~~~~~~~[0m


[33mΓû▓ [43;33m[[43;30mWARNING[43;33m][0m [1mDeprecation[0m [1m[35m[plugin angular-sass][0m

    src/app/shared/styles/_mixins.scss:205:2:
[37m      205 Γöé   [32m[37mbackground: $gradient-primary;
          Γò╡   [32m^[0m


  Sass's behavior for declarations that appear after nested
  rules will be changing to match the behavior specified by CSS in an upcoming
  version. To keep the existing behavior, move the declaration above the nested
  rule. To opt into the new behavior, wrap the declaration in `& {}`.
  
  More info: [4mhttps://sass-lang.com/d/mixed-decls[0m

  The plugin "angular-compiler" was triggered by this import

    src/app/pages/policy-attributes/policy-attributes.component.ts:3:33:
[37m      3 Γöé ...CE__1 from [32m"angular:jit:style:file;./policy-attributes.component[37m...
        Γò╡               [32m~~~~~~~~~~~~~~~~~~~~~~~~~~~~~~~~~~~~~~~~~~~~~~~~~~~~~[0m


[33mΓû▓ [43;33m[[43;30mWARNING[43;33m][0m [1mDeprecation[0m [1m[35m[plugin angular-sass][0m

    src/app/shared/styles/_mixins.scss:205:2:
[37m      205 Γöé   [32m[37mbackground: $gradient-primary;
          Γò╡   [32m^[0m


  Sass's behavior for declarations that appear after nested
  rules will be changing to match the behavior specified by CSS in an upcoming
  version. To keep the existing behavior, move the declaration above the nested
  rule. To opt into the new behavior, wrap the declaration in `& {}`.
  
  More info: [4mhttps://sass-lang.com/d/mixed-decls[0m

  The plugin "angular-compiler" was triggered by this import

    src/app/pages/policy-attributes/policy-attributes.component.ts:3:33:
[37m      3 Γöé ...CE__1 from [32m"angular:jit:style:file;./policy-attributes.component[37m...
        Γò╡               [32m~~~~~~~~~~~~~~~~~~~~~~~~~~~~~~~~~~~~~~~~~~~~~~~~~~~~~[0m


[33mΓû▓ [43;33m[[43;30mWARNING[43;33m][0m [1mDeprecation[0m [1m[35m[plugin angular-sass][0m

    src/app/shared/styles/_mixins.scss:205:2:
[37m      205 Γöé   [32m[37mbackground: $gradient-primary;
          Γò╡   [32m^[0m


  Sass's behavior for declarations that appear after nested
  rules will be changing to match the behavior specified by CSS in an upcoming
  version. To keep the existing behavior, move the declaration above the nested
  rule. To opt into the new behavior, wrap the declaration in `& {}`.
  
  More info: [4mhttps://sass-lang.com/d/mixed-decls[0m

  The plugin "angular-compiler" was triggered by this import

    src/app/pages/auth/login.component.ts:3:33:
[37m      3 Γöé ...I_RESOURCE__1 from [32m"angular:jit:style:file;./login.component.scss"[37m;
        Γò╡                       [32m~~~~~~~~~~~~~~~~~~~~~~~~~~~~~~~~~~~~~~~~~~~~~~~[0m


[33mΓû▓ [43;33m[[43;30mWARNING[43;33m][0m [1mDeprecation[0m [1m[35m[plugin angular-sass][0m

    src/app/shared/styles/_mixins.scss:205:2:
[37m      205 Γöé   [32m[37mbackground: $gradient-primary;
          Γò╡   [32m^[0m


  Sass's behavior for declarations that appear after nested
  rules will be changing to match the behavior specified by CSS in an upcoming
  version. To keep the existing behavior, move the declaration above the nested
  rule. To opt into the new behavior, wrap the declaration in `& {}`.
  
  More info: [4mhttps://sass-lang.com/d/mixed-decls[0m

  The plugin "angular-compiler" was triggered by this import

    src/app/pages/auth/login.component.ts:3:33:
[37m      3 Γöé ...I_RESOURCE__1 from [32m"angular:jit:style:file;./login.component.scss"[37m;
        Γò╡                       [32m~~~~~~~~~~~~~~~~~~~~~~~~~~~~~~~~~~~~~~~~~~~~~~~[0m


[33mΓû▓ [43;33m[[43;30mWARNING[43;33m][0m [1mDeprecation[0m [1m[35m[plugin angular-sass][0m

    src/app/shared/styles/_mixins.scss:205:2:
[37m      205 Γöé   [32m[37mbackground: $gradient-primary;
          Γò╡   [32m^[0m


  Sass's behavior for declarations that appear after nested
  rules will be changing to match the behavior specified by CSS in an upcoming
  version. To keep the existing behavior, move the declaration above the nested
  rule. To opt into the new behavior, wrap the declaration in `& {}`.
  
  More info: [4mhttps://sass-lang.com/d/mixed-decls[0m

  The plugin "angular-compiler" was triggered by this import

    src/app/shared/components/identity-verification/identity-verification-form.component.ts:3:33:
[37m      3 Γöé ...CE__1 from [32m"angular:jit:style:file;./identity-verification-form.[37m...
        Γò╡               [32m~~~~~~~~~~~~~~~~~~~~~~~~~~~~~~~~~~~~~~~~~~~~~~~~~~~~~[0m


[33mΓû▓ [43;33m[[43;30mWARNING[43;33m][0m [1mDeprecation[0m [1m[35m[plugin angular-sass][0m

    src/app/shared/styles/_mixins.scss:205:2:
[37m      205 Γöé   [32m[37mbackground: $gradient-primary;
          Γò╡   [32m^[0m


  Sass's behavior for declarations that appear after nested
  rules will be changing to match the behavior specified by CSS in an upcoming
  version. To keep the existing behavior, move the declaration above the nested
  rule. To opt into the new behavior, wrap the declaration in `& {}`.
  
  More info: [4mhttps://sass-lang.com/d/mixed-decls[0m

  The plugin "angular-compiler" was triggered by this import

    src/app/shared/components/identity-verification/identity-verification-form.component.ts:3:33:
[37m      3 Γöé ...CE__1 from [32m"angular:jit:style:file;./identity-verification-form.[37m...
        Γò╡               [32m~~~~~~~~~~~~~~~~~~~~~~~~~~~~~~~~~~~~~~~~~~~~~~~~~~~~~[0m


[33mΓû▓ [43;33m[[43;30mWARNING[43;33m][0m [1mDeprecation[0m [1m[35m[plugin angular-sass][0m

    src/app/shared/styles/_mixins.scss:205:2:
[37m      205 Γöé   [32m[37mbackground: $gradient-primary;
          Γò╡   [32m^[0m


  Sass's behavior for declarations that appear after nested
  rules will be changing to match the behavior specified by CSS in an upcoming
  version. To keep the existing behavior, move the declaration above the nested
  rule. To opt into the new behavior, wrap the declaration in `& {}`.
  
  More info: [4mhttps://sass-lang.com/d/mixed-decls[0m

  The plugin "angular-compiler" was triggered by this import

    src/app/pages/auth/member-registration.component.ts:3:33:
[37m      3 Γöé ...CE__1 from [32m"angular:jit:style:file;./member-registration.compone[37m...
        Γò╡               [32m~~~~~~~~~~~~~~~~~~~~~~~~~~~~~~~~~~~~~~~~~~~~~~~~~~~~~[0m


[33mΓû▓ [43;33m[[43;30mWARNING[43;33m][0m [1mDeprecation[0m [1m[35m[plugin angular-sass][0m

    src/app/shared/styles/_mixins.scss:205:2:
[37m      205 Γöé   [32m[37mbackground: $gradient-primary;
          Γò╡   [32m^[0m


  Sass's behavior for declarations that appear after nested
  rules will be changing to match the behavior specified by CSS in an upcoming
  version. To keep the existing behavior, move the declaration above the nested
  rule. To opt into the new behavior, wrap the declaration in `& {}`.
  
  More info: [4mhttps://sass-lang.com/d/mixed-decls[0m

  The plugin "angular-compiler" was triggered by this import

    src/app/pages/auth/member-registration.component.ts:3:33:
[37m      3 Γöé ...CE__1 from [32m"angular:jit:style:file;./member-registration.compone[37m...
        Γò╡               [32m~~~~~~~~~~~~~~~~~~~~~~~~~~~~~~~~~~~~~~~~~~~~~~~~~~~~~[0m


[33mΓû▓ [43;33m[[43;30mWARNING[43;33m][0m [1mDeprecation[0m [1m[35m[plugin angular-sass][0m

    src/app/shared/styles/_mixins.scss:205:2:
[37m      205 Γöé   [32m[37mbackground: $gradient-primary;
          Γò╡   [32m^[0m


  Sass's behavior for declarations that appear after nested
  rules will be changing to match the behavior specified by CSS in an upcoming
  version. To keep the existing behavior, move the declaration above the nested
  rule. To opt into the new behavior, wrap the declaration in `& {}`.
  
  More info: [4mhttps://sass-lang.com/d/mixed-decls[0m

  The plugin "angular-compiler" was triggered by this import

    src/app/pages/roles/roles.component.ts:3:33:
[37m      3 Γöé ...I_RESOURCE__1 from [32m"angular:jit:style:file;./roles.component.scss"[37m;
        Γò╡                       [32m~~~~~~~~~~~~~~~~~~~~~~~~~~~~~~~~~~~~~~~~~~~~~~~[0m


[33mΓû▓ [43;33m[[43;30mWARNING[43;33m][0m [1mDeprecation[0m [1m[35m[plugin angular-sass][0m

    src/app/shared/styles/_mixins.scss:205:2:
[37m      205 Γöé   [32m[37mbackground: $gradient-primary;
          Γò╡   [32m^[0m


  Sass's behavior for declarations that appear after nested
  rules will be changing to match the behavior specified by CSS in an upcoming
  version. To keep the existing behavior, move the declaration above the nested
  rule. To opt into the new behavior, wrap the declaration in `& {}`.
  
  More info: [4mhttps://sass-lang.com/d/mixed-decls[0m

  The plugin "angular-compiler" was triggered by this import

    src/app/pages/roles/roles.component.ts:3:33:
[37m      3 Γöé ...I_RESOURCE__1 from [32m"angular:jit:style:file;./roles.component.scss"[37m;
        Γò╡                       [32m~~~~~~~~~~~~~~~~~~~~~~~~~~~~~~~~~~~~~~~~~~~~~~~[0m


[33mΓû▓ [43;33m[[43;30mWARNING[43;33m][0m [1mDeprecation[0m [1m[35m[plugin angular-sass][0m

    src/app/shared/styles/_mixins.scss:205:2:
[37m      205 Γöé   [32m[37mbackground: $gradient-primary;
          Γò╡   [32m^[0m


  Sass's behavior for declarations that appear after nested
  rules will be changing to match the behavior specified by CSS in an upcoming
  version. To keep the existing behavior, move the declaration above the nested
  rule. To opt into the new behavior, wrap the declaration in `& {}`.
  
  More info: [4mhttps://sass-lang.com/d/mixed-decls[0m

  The plugin "angular-compiler" was triggered by this import

    src/app/pages/dashboard/widgets/stats-summary-widget/stats-summary-widget.component.ts:3:33:
[37m      3 Γöé ...CE__1 from [32m"angular:jit:style:file;./stats-summary-widget.compon[37m...
        Γò╡               [32m~~~~~~~~~~~~~~~~~~~~~~~~~~~~~~~~~~~~~~~~~~~~~~~~~~~~~[0m


[33mΓû▓ [43;33m[[43;30mWARNING[43;33m][0m [1mDeprecation[0m [1m[35m[plugin angular-sass][0m

    src/app/shared/styles/_mixins.scss:205:2:
[37m      205 Γöé   [32m[37mbackground: $gradient-primary;
          Γò╡   [32m^[0m


  Sass's behavior for declarations that appear after nested
  rules will be changing to match the behavior specified by CSS in an upcoming
  version. To keep the existing behavior, move the declaration above the nested
  rule. To opt into the new behavior, wrap the declaration in `& {}`.
  
  More info: [4mhttps://sass-lang.com/d/mixed-decls[0m

  The plugin "angular-compiler" was triggered by this import

    src/app/pages/dashboard/widgets/stats-summary-widget/stats-summary-widget.component.ts:3:33:
[37m      3 Γöé ...CE__1 from [32m"angular:jit:style:file;./stats-summary-widget.compon[37m...
        Γò╡               [32m~~~~~~~~~~~~~~~~~~~~~~~~~~~~~~~~~~~~~~~~~~~~~~~~~~~~~[0m


[33mΓû▓ [43;33m[[43;30mWARNING[43;33m][0m [1mDeprecation[0m [1m[35m[plugin angular-sass][0m

    src/app/shared/styles/_mixins.scss:205:2:
[37m      205 Γöé   [32m[37mbackground: $gradient-primary;
          Γò╡   [32m^[0m


  Sass's behavior for declarations that appear after nested
  rules will be changing to match the behavior specified by CSS in an upcoming
  version. To keep the existing behavior, move the declaration above the nested
  rule. To opt into the new behavior, wrap the declaration in `& {}`.
  
  More info: [4mhttps://sass-lang.com/d/mixed-decls[0m

  The plugin "angular-compiler" was triggered by this import

    src/app/pages/dashboard/widgets/member-growth-widget/member-growth-widget.component.ts:3:33:
[37m      3 Γöé ...CE__1 from [32m"angular:jit:style:file;./member-growth-widget.compon[37m...
        Γò╡               [32m~~~~~~~~~~~~~~~~~~~~~~~~~~~~~~~~~~~~~~~~~~~~~~~~~~~~~[0m


[33mΓû▓ [43;33m[[43;30mWARNING[43;33m][0m [1mDeprecation[0m [1m[35m[plugin angular-sass][0m

    src/app/shared/styles/_mixins.scss:205:2:
[37m      205 Γöé   [32m[37mbackground: $gradient-primary;
          Γò╡   [32m^[0m


  Sass's behavior for declarations that appear after nested
  rules will be changing to match the behavior specified by CSS in an upcoming
  version. To keep the existing behavior, move the declaration above the nested
  rule. To opt into the new behavior, wrap the declaration in `& {}`.
  
  More info: [4mhttps://sass-lang.com/d/mixed-decls[0m

  The plugin "angular-compiler" was triggered by this import

    src/app/pages/dashboard/widgets/member-growth-widget/member-growth-widget.component.ts:3:33:
[37m      3 Γöé ...CE__1 from [32m"angular:jit:style:file;./member-growth-widget.compon[37m...
        Γò╡               [32m~~~~~~~~~~~~~~~~~~~~~~~~~~~~~~~~~~~~~~~~~~~~~~~~~~~~~[0m


[33mΓû▓ [43;33m[[43;30mWARNING[43;33m][0m [1mDeprecation[0m [1m[35m[plugin angular-sass][0m

    src/app/shared/styles/_mixins.scss:205:2:
[37m      205 Γöé   [32m[37mbackground: $gradient-primary;
          Γò╡   [32m^[0m


  Sass's behavior for declarations that appear after nested
  rules will be changing to match the behavior specified by CSS in an upcoming
  version. To keep the existing behavior, move the declaration above the nested
  rule. To opt into the new behavior, wrap the declaration in `& {}`.
  
  More info: [4mhttps://sass-lang.com/d/mixed-decls[0m

  The plugin "angular-compiler" was triggered by this import

    src/app/pages/dashboard/widgets/revenue-chart-widget/revenue-chart-widget.component.ts:3:33:
[37m      3 Γöé ...CE__1 from [32m"angular:jit:style:file;./revenue-chart-widget.compon[37m...
        Γò╡               [32m~~~~~~~~~~~~~~~~~~~~~~~~~~~~~~~~~~~~~~~~~~~~~~~~~~~~~[0m


[33mΓû▓ [43;33m[[43;30mWARNING[43;33m][0m [1mDeprecation[0m [1m[35m[plugin angular-sass][0m

    src/app/shared/styles/_mixins.scss:205:2:
[37m      205 Γöé   [32m[37mbackground: $gradient-primary;
          Γò╡   [32m^[0m


  Sass's behavior for declarations that appear after nested
  rules will be changing to match the behavior specified by CSS in an upcoming
  version. To keep the existing behavior, move the declaration above the nested
  rule. To opt into the new behavior, wrap the declaration in `& {}`.
  
  More info: [4mhttps://sass-lang.com/d/mixed-decls[0m

  The plugin "angular-compiler" was triggered by this import

    src/app/pages/dashboard/widgets/revenue-chart-widget/revenue-chart-widget.component.ts:3:33:
[37m      3 Γöé ...CE__1 from [32m"angular:jit:style:file;./revenue-chart-widget.compon[37m...
        Γò╡               [32m~~~~~~~~~~~~~~~~~~~~~~~~~~~~~~~~~~~~~~~~~~~~~~~~~~~~~[0m


[33mΓû▓ [43;33m[[43;30mWARNING[43;33m][0m [1mDeprecation[0m [1m[35m[plugin angular-sass][0m

    src/app/shared/styles/_mixins.scss:205:2:
[37m      205 Γöé   [32m[37mbackground: $gradient-primary;
          Γò╡   [32m^[0m


  Sass's behavior for declarations that appear after nested
  rules will be changing to match the behavior specified by CSS in an upcoming
  version. To keep the existing behavior, move the declaration above the nested
  rule. To opt into the new behavior, wrap the declaration in `& {}`.
  
  More info: [4mhttps://sass-lang.com/d/mixed-decls[0m

  The plugin "angular-compiler" was triggered by this import

    src/app/pages/dashboard/widgets/recent-claims-widget/recent-claims-widget.component.ts:3:33:
[37m      3 Γöé ...CE__1 from [32m"angular:jit:style:file;./recent-claims-widget.compon[37m...
        Γò╡               [32m~~~~~~~~~~~~~~~~~~~~~~~~~~~~~~~~~~~~~~~~~~~~~~~~~~~~~[0m


[33mΓû▓ [43;33m[[43;30mWARNING[43;33m][0m [1mDeprecation[0m [1m[35m[plugin angular-sass][0m

    src/app/shared/styles/_mixins.scss:205:2:
[37m      205 Γöé   [32m[37mbackground: $gradient-primary;
          Γò╡   [32m^[0m


  Sass's behavior for declarations that appear after nested
  rules will be changing to match the behavior specified by CSS in an upcoming
  version. To keep the existing behavior, move the declaration above the nested
  rule. To opt into the new behavior, wrap the declaration in `& {}`.
  
  More info: [4mhttps://sass-lang.com/d/mixed-decls[0m

  The plugin "angular-compiler" was triggered by this import

    src/app/pages/dashboard/widgets/recent-claims-widget/recent-claims-widget.component.ts:3:33:
[37m      3 Γöé ...CE__1 from [32m"angular:jit:style:file;./recent-claims-widget.compon[37m...
        Γò╡               [32m~~~~~~~~~~~~~~~~~~~~~~~~~~~~~~~~~~~~~~~~~~~~~~~~~~~~~[0m


[33mΓû▓ [43;33m[[43;30mWARNING[43;33m][0m [1mDeprecation[0m [1m[35m[plugin angular-sass][0m

    src/app/shared/styles/_mixins.scss:205:2:
[37m      205 Γöé   [32m[37mbackground: $gradient-primary;
          Γò╡   [32m^[0m


  Sass's behavior for declarations that appear after nested
  rules will be changing to match the behavior specified by CSS in an upcoming
  version. To keep the existing behavior, move the declaration above the nested
  rule. To opt into the new behavior, wrap the declaration in `& {}`.
  
  More info: [4mhttps://sass-lang.com/d/mixed-decls[0m

  The plugin "angular-compiler" was triggered by this import

    src/app/pages/personnel/personnel.component.ts:3:33:
[37m      3 Γöé ...SOURCE__1 from [32m"angular:jit:style:file;./personnel.component.scss"[37m;
        Γò╡                   [32m~~~~~~~~~~~~~~~~~~~~~~~~~~~~~~~~~~~~~~~~~~~~~~~~~~~[0m


[33mΓû▓ [43;33m[[43;30mWARNING[43;33m][0m [1mDeprecation[0m [1m[35m[plugin angular-sass][0m

    src/app/shared/styles/_mixins.scss:205:2:
[37m      205 Γöé   [32m[37mbackground: $gradient-primary;
          Γò╡   [32m^[0m


  Sass's behavior for declarations that appear after nested
  rules will be changing to match the behavior specified by CSS in an upcoming
  version. To keep the existing behavior, move the declaration above the nested
  rule. To opt into the new behavior, wrap the declaration in `& {}`.
  
  More info: [4mhttps://sass-lang.com/d/mixed-decls[0m

  The plugin "angular-compiler" was triggered by this import

    src/app/pages/personnel/personnel.component.ts:3:33:
[37m      3 Γöé ...SOURCE__1 from [32m"angular:jit:style:file;./personnel.component.scss"[37m;
        Γò╡                   [32m~~~~~~~~~~~~~~~~~~~~~~~~~~~~~~~~~~~~~~~~~~~~~~~~~~~[0m


[33mΓû▓ [43;33m[[43;30mWARNING[43;33m][0m [1mDeprecation[0m [1m[35m[plugin angular-sass][0m

    src/app/shared/styles/_mixins.scss:205:2:
[37m      205 Γöé   [32m[37mbackground: $gradient-primary;
          Γò╡   [32m^[0m


  Sass's behavior for declarations that appear after nested
  rules will be changing to match the behavior specified by CSS in an upcoming
  version. To keep the existing behavior, move the declaration above the nested
  rule. To opt into the new behavior, wrap the declaration in `& {}`.
  
  More info: [4mhttps://sass-lang.com/d/mixed-decls[0m

  The plugin "angular-compiler" was triggered by this import

    src/app/pages/asset-management/asset-management.component.ts:3:33:
[37m      3 Γöé ...CE__1 from [32m"angular:jit:style:file;./asset-management.component.[37m...
        Γò╡               [32m~~~~~~~~~~~~~~~~~~~~~~~~~~~~~~~~~~~~~~~~~~~~~~~~~~~~~[0m


[33mΓû▓ [43;33m[[43;30mWARNING[43;33m][0m [1mDeprecation[0m [1m[35m[plugin angular-sass][0m

    src/app/shared/styles/_mixins.scss:205:2:
[37m      205 Γöé   [32m[37mbackground: $gradient-primary;
          Γò╡   [32m^[0m


  Sass's behavior for declarations that appear after nested
  rules will be changing to match the behavior specified by CSS in an upcoming
  version. To keep the existing behavior, move the declaration above the nested
  rule. To opt into the new behavior, wrap the declaration in `& {}`.
  
  More info: [4mhttps://sass-lang.com/d/mixed-decls[0m

  The plugin "angular-compiler" was triggered by this import

    src/app/pages/asset-management/asset-management.component.ts:3:33:
[37m      3 Γöé ...CE__1 from [32m"angular:jit:style:file;./asset-management.component.[37m...
        Γò╡               [32m~~~~~~~~~~~~~~~~~~~~~~~~~~~~~~~~~~~~~~~~~~~~~~~~~~~~~[0m


[33mΓû▓ [43;33m[[43;30mWARNING[43;33m][0m [1mDeprecation[0m [1m[35m[plugin angular-sass][0m

    src/app/shared/styles/_mixins.scss:205:2:
[37m      205 Γöé   [32m[37mbackground: $gradient-primary;
          Γò╡   [32m^[0m


  Sass's behavior for declarations that appear after nested
  rules will be changing to match the behavior specified by CSS in an upcoming
  version. To keep the existing behavior, move the declaration above the nested
  rule. To opt into the new behavior, wrap the declaration in `& {}`.
  
  More info: [4mhttps://sass-lang.com/d/mixed-decls[0m

  The plugin "angular-compiler" was triggered by this import

    src/app/shared/components/verification-status/verification-status.component.ts:3:33:
[37m      3 Γöé ...CE__1 from [32m"angular:jit:style:file;./verification-status.compone[37m...
        Γò╡               [32m~~~~~~~~~~~~~~~~~~~~~~~~~~~~~~~~~~~~~~~~~~~~~~~~~~~~~[0m


[33mΓû▓ [43;33m[[43;30mWARNING[43;33m][0m [1mDeprecation[0m [1m[35m[plugin angular-sass][0m

    src/app/shared/styles/_mixins.scss:205:2:
[37m      205 Γöé   [32m[37mbackground: $gradient-primary;
          Γò╡   [32m^[0m


  Sass's behavior for declarations that appear after nested
  rules will be changing to match the behavior specified by CSS in an upcoming
  version. To keep the existing behavior, move the declaration above the nested
  rule. To opt into the new behavior, wrap the declaration in `& {}`.
  
  More info: [4mhttps://sass-lang.com/d/mixed-decls[0m

  The plugin "angular-compiler" was triggered by this import

    src/app/shared/components/verification-status/verification-status.component.ts:3:33:
[37m      3 Γöé ...CE__1 from [32m"angular:jit:style:file;./verification-status.compone[37m...
        Γò╡               [32m~~~~~~~~~~~~~~~~~~~~~~~~~~~~~~~~~~~~~~~~~~~~~~~~~~~~~[0m


[33mΓû▓ [43;33m[[43;30mWARNING[43;33m][0m [1mDeprecation[0m [1m[35m[plugin angular-sass][0m

    src/app/shared/styles/_mixins.scss:205:2:
[37m      205 Γöé   [32m[37mbackground: $gradient-primary;
          Γò╡   [32m^[0m


  Sass's behavior for declarations that appear after nested
  rules will be changing to match the behavior specified by CSS in an upcoming
  version. To keep the existing behavior, move the declaration above the nested
  rule. To opt into the new behavior, wrap the declaration in `& {}`.
  
  More info: [4mhttps://sass-lang.com/d/mixed-decls[0m

  The plugin "angular-compiler" was triggered by this import

    src/app/pages/auth/change-password-dialog/change-password-dialog.component.ts:3:33:
[37m      3 Γöé ...CE__1 from [32m"angular:jit:style:file;./change-password-dialog.comp[37m...
        Γò╡               [32m~~~~~~~~~~~~~~~~~~~~~~~~~~~~~~~~~~~~~~~~~~~~~~~~~~~~~[0m


[33mΓû▓ [43;33m[[43;30mWARNING[43;33m][0m [1mDeprecation[0m [1m[35m[plugin angular-sass][0m

    src/app/shared/styles/_mixins.scss:205:2:
[37m      205 Γöé   [32m[37mbackground: $gradient-primary;
          Γò╡   [32m^[0m


  Sass's behavior for declarations that appear after nested
  rules will be changing to match the behavior specified by CSS in an upcoming
  version. To keep the existing behavior, move the declaration above the nested
  rule. To opt into the new behavior, wrap the declaration in `& {}`.
  
  More info: [4mhttps://sass-lang.com/d/mixed-decls[0m

  The plugin "angular-compiler" was triggered by this import

    src/app/pages/auth/change-password-dialog/change-password-dialog.component.ts:3:33:
[37m      3 Γöé ...CE__1 from [32m"angular:jit:style:file;./change-password-dialog.comp[37m...
        Γò╡               [32m~~~~~~~~~~~~~~~~~~~~~~~~~~~~~~~~~~~~~~~~~~~~~~~~~~~~~[0m


[33mΓû▓ [43;33m[[43;30mWARNING[43;33m][0m [1mDeprecation[0m [1m[35m[plugin angular-sass][0m

    src/app/shared/styles/_mixins.scss:205:2:
[37m      205 Γöé   [32m[37mbackground: $gradient-primary;
          Γò╡   [32m^[0m


  Sass's behavior for declarations that appear after nested
  rules will be changing to match the behavior specified by CSS in an upcoming
  version. To keep the existing behavior, move the declaration above the nested
  rule. To opt into the new behavior, wrap the declaration in `& {}`.
  
  More info: [4mhttps://sass-lang.com/d/mixed-decls[0m

  The plugin "angular-compiler" was triggered by this import

    src/app/pages/member-management/member-management.component.ts:3:33:
[37m      3 Γöé ...CE__1 from [32m"angular:jit:style:file;./member-management.component[37m...
        Γò╡               [32m~~~~~~~~~~~~~~~~~~~~~~~~~~~~~~~~~~~~~~~~~~~~~~~~~~~~~[0m


[33mΓû▓ [43;33m[[43;30mWARNING[43;33m][0m [1mDeprecation[0m [1m[35m[plugin angular-sass][0m

    src/app/shared/styles/_mixins.scss:205:2:
[37m      205 Γöé   [32m[37mbackground: $gradient-primary;
          Γò╡   [32m^[0m


  Sass's behavior for declarations that appear after nested
  rules will be changing to match the behavior specified by CSS in an upcoming
  version. To keep the existing behavior, move the declaration above the nested
  rule. To opt into the new behavior, wrap the declaration in `& {}`.
  
  More info: [4mhttps://sass-lang.com/d/mixed-decls[0m

  The plugin "angular-compiler" was triggered by this import

    src/app/pages/member-management/member-management.component.ts:3:33:
[37m      3 Γöé ...CE__1 from [32m"angular:jit:style:file;./member-management.component[37m...
        Γò╡               [32m~~~~~~~~~~~~~~~~~~~~~~~~~~~~~~~~~~~~~~~~~~~~~~~~~~~~~[0m


[33mΓû▓ [43;33m[[43;30mWARNING[43;33m][0m [1mDeprecation[0m [1m[35m[plugin angular-sass][0m

    src/app/shared/styles/_mixins.scss:206:2:
[37m      206 Γöé   [32m[37mcolor: $color-text-inverse;
          Γò╡   [32m^[0m


  Sass's behavior for declarations that appear after nested
  rules will be changing to match the behavior specified by CSS in an upcoming
  version. To keep the existing behavior, move the declaration above the nested
  rule. To opt into the new behavior, wrap the declaration in `& {}`.
  
  More info: [4mhttps://sass-lang.com/d/mixed-decls[0m

  The plugin "angular-compiler" was triggered by this import

    src/app/pages/dashboard/dashboard.ts:3:33:
[37m      3 Γöé ..._NG_CLI_RESOURCE__1 from [32m"angular:jit:style:file;./dashboard.scss"[37m;
        Γò╡                             [32m~~~~~~~~~~~~~~~~~~~~~~~~~~~~~~~~~~~~~~~~~[0m


[33mΓû▓ [43;33m[[43;30mWARNING[43;33m][0m [1mDeprecation[0m [1m[35m[plugin angular-sass][0m

    src/app/shared/styles/_mixins.scss:206:2:
[37m      206 Γöé   [32m[37mcolor: $color-text-inverse;
          Γò╡   [32m^[0m


  Sass's behavior for declarations that appear after nested
  rules will be changing to match the behavior specified by CSS in an upcoming
  version. To keep the existing behavior, move the declaration above the nested
  rule. To opt into the new behavior, wrap the declaration in `& {}`.
  
  More info: [4mhttps://sass-lang.com/d/mixed-decls[0m

  The plugin "angular-compiler" was triggered by this import

    src/app/pages/dashboard/dashboard.ts:3:33:
[37m      3 Γöé ..._NG_CLI_RESOURCE__1 from [32m"angular:jit:style:file;./dashboard.scss"[37m;
        Γò╡                             [32m~~~~~~~~~~~~~~~~~~~~~~~~~~~~~~~~~~~~~~~~~[0m


[33mΓû▓ [43;33m[[43;30mWARNING[43;33m][0m [1mDeprecation[0m [1m[35m[plugin angular-sass][0m

    src/app/shared/styles/_mixins.scss:206:2:
[37m      206 Γöé   [32m[37mcolor: $color-text-inverse;
          Γò╡   [32m^[0m


  Sass's behavior for declarations that appear after nested
  rules will be changing to match the behavior specified by CSS in an upcoming
  version. To keep the existing behavior, move the declaration above the nested
  rule. To opt into the new behavior, wrap the declaration in `& {}`.
  
  More info: [4mhttps://sass-lang.com/d/mixed-decls[0m

  The plugin "angular-compiler" was triggered by this import

    src/app/pages/notfound/notfound.ts:3:33:
[37m      3 Γöé ...__NG_CLI_RESOURCE__1 from [32m"angular:jit:style:file;./notfound.scss"[37m;
        Γò╡                              [32m~~~~~~~~~~~~~~~~~~~~~~~~~~~~~~~~~~~~~~~~[0m


[33mΓû▓ [43;33m[[43;30mWARNING[43;33m][0m [1mDeprecation[0m [1m[35m[plugin angular-sass][0m

    src/app/shared/styles/_mixins.scss:206:2:
[37m      206 Γöé   [32m[37mcolor: $color-text-inverse;
          Γò╡   [32m^[0m


  Sass's behavior for declarations that appear after nested
  rules will be changing to match the behavior specified by CSS in an upcoming
  version. To keep the existing behavior, move the declaration above the nested
  rule. To opt into the new behavior, wrap the declaration in `& {}`.
  
  More info: [4mhttps://sass-lang.com/d/mixed-decls[0m

  The plugin "angular-compiler" was triggered by this import

    src/app/pages/notfound/notfound.ts:3:33:
[37m      3 Γöé ...__NG_CLI_RESOURCE__1 from [32m"angular:jit:style:file;./notfound.scss"[37m;
        Γò╡                              [32m~~~~~~~~~~~~~~~~~~~~~~~~~~~~~~~~~~~~~~~~[0m


[33mΓû▓ [43;33m[[43;30mWARNING[43;33m][0m [1mDeprecation[0m [1m[35m[plugin angular-sass][0m

    src/app/shared/styles/_mixins.scss:206:2:
[37m      206 Γöé   [32m[37mcolor: $color-text-inverse;
          Γò╡   [32m^[0m


  Sass's behavior for declarations that appear after nested
  rules will be changing to match the behavior specified by CSS in an upcoming
  version. To keep the existing behavior, move the declaration above the nested
  rule. To opt into the new behavior, wrap the declaration in `& {}`.
  
  More info: [4mhttps://sass-lang.com/d/mixed-decls[0m

  The plugin "angular-compiler" was triggered by this import

    src/app/pages/dashboard-settings/dashboard-settings.component.ts:3:33:
[37m      3 Γöé ...CE__1 from [32m"angular:jit:style:file;./dashboard-settings.componen[37m...
        Γò╡               [32m~~~~~~~~~~~~~~~~~~~~~~~~~~~~~~~~~~~~~~~~~~~~~~~~~~~~~[0m


[33mΓû▓ [43;33m[[43;30mWARNING[43;33m][0m [1mDeprecation[0m [1m[35m[plugin angular-sass][0m

    src/app/shared/styles/_mixins.scss:206:2:
[37m      206 Γöé   [32m[37mcolor: $color-text-inverse;
          Γò╡   [32m^[0m


  Sass's behavior for declarations that appear after nested
  rules will be changing to match the behavior specified by CSS in an upcoming
  version. To keep the existing behavior, move the declaration above the nested
  rule. To opt into the new behavior, wrap the declaration in `& {}`.
  
  More info: [4mhttps://sass-lang.com/d/mixed-decls[0m

  The plugin "angular-compiler" was triggered by this import

    src/app/pages/dashboard-settings/dashboard-settings.component.ts:3:33:
[37m      3 Γöé ...CE__1 from [32m"angular:jit:style:file;./dashboard-settings.componen[37m...
        Γò╡               [32m~~~~~~~~~~~~~~~~~~~~~~~~~~~~~~~~~~~~~~~~~~~~~~~~~~~~~[0m


[33mΓû▓ [43;33m[[43;30mWARNING[43;33m][0m [1mDeprecation[0m [1m[35m[plugin angular-sass][0m

    src/app/shared/styles/_mixins.scss:206:2:
[37m      206 Γöé   [32m[37mcolor: $color-text-inverse;
          Γò╡   [32m^[0m


  Sass's behavior for declarations that appear after nested
  rules will be changing to match the behavior specified by CSS in an upcoming
  version. To keep the existing behavior, move the declaration above the nested
  rule. To opt into the new behavior, wrap the declaration in `& {}`.
  
  More info: [4mhttps://sass-lang.com/d/mixed-decls[0m

  The plugin "angular-compiler" was triggered by this import

    src/app/pages/timesheets/timesheets.component.ts:3:33:
[37m      3 Γöé ...OURCE__1 from [32m"angular:jit:style:file;./timesheets.component.scss"[37m;
        Γò╡                  [32m~~~~~~~~~~~~~~~~~~~~~~~~~~~~~~~~~~~~~~~~~~~~~~~~~~~~[0m


[33mΓû▓ [43;33m[[43;30mWARNING[43;33m][0m [1mDeprecation[0m [1m[35m[plugin angular-sass][0m

    src/app/shared/styles/_mixins.scss:206:2:
[37m      206 Γöé   [32m[37mcolor: $color-text-inverse;
          Γò╡   [32m^[0m


  Sass's behavior for declarations that appear after nested
  rules will be changing to match the behavior specified by CSS in an upcoming
  version. To keep the existing behavior, move the declaration above the nested
  rule. To opt into the new behavior, wrap the declaration in `& {}`.
  
  More info: [4mhttps://sass-lang.com/d/mixed-decls[0m

  The plugin "angular-compiler" was triggered by this import

    src/app/pages/timesheets/timesheets.component.ts:3:33:
[37m      3 Γöé ...OURCE__1 from [32m"angular:jit:style:file;./timesheets.component.scss"[37m;
        Γò╡                  [32m~~~~~~~~~~~~~~~~~~~~~~~~~~~~~~~~~~~~~~~~~~~~~~~~~~~~[0m


[33mΓû▓ [43;33m[[43;30mWARNING[43;33m][0m [1mDeprecation[0m [1m[35m[plugin angular-sass][0m

    src/app/shared/styles/_mixins.scss:206:2:
[37m      206 Γöé   [32m[37mcolor: $color-text-inverse;
          Γò╡   [32m^[0m


  Sass's behavior for declarations that appear after nested
  rules will be changing to match the behavior specified by CSS in an upcoming
  version. To keep the existing behavior, move the declaration above the nested
  rule. To opt into the new behavior, wrap the declaration in `& {}`.
  
  More info: [4mhttps://sass-lang.com/d/mixed-decls[0m

  The plugin "angular-compiler" was triggered by this import

    src/app/pages/funeral-events/funeral-events.component.ts:3:33:
[37m      3 Γöé ...CE__1 from [32m"angular:jit:style:file;./funeral-events.component.sc[37m...
        Γò╡               [32m~~~~~~~~~~~~~~~~~~~~~~~~~~~~~~~~~~~~~~~~~~~~~~~~~~~~~[0m


[33mΓû▓ [43;33m[[43;30mWARNING[43;33m][0m [1mDeprecation[0m [1m[35m[plugin angular-sass][0m

    src/app/shared/styles/_mixins.scss:206:2:
[37m      206 Γöé   [32m[37mcolor: $color-text-inverse;
          Γò╡   [32m^[0m


  Sass's behavior for declarations that appear after nested
  rules will be changing to match the behavior specified by CSS in an upcoming
  version. To keep the existing behavior, move the declaration above the nested
  rule. To opt into the new behavior, wrap the declaration in `& {}`.
  
  More info: [4mhttps://sass-lang.com/d/mixed-decls[0m

  The plugin "angular-compiler" was triggered by this import

    src/app/pages/funeral-events/funeral-events.component.ts:3:33:
[37m      3 Γöé ...CE__1 from [32m"angular:jit:style:file;./funeral-events.component.sc[37m...
        Γò╡               [32m~~~~~~~~~~~~~~~~~~~~~~~~~~~~~~~~~~~~~~~~~~~~~~~~~~~~~[0m


[33mΓû▓ [43;33m[[43;30mWARNING[43;33m][0m [1mDeprecation[0m [1m[35m[plugin angular-sass][0m

    src/app/shared/styles/_mixins.scss:206:2:
[37m      206 Γöé   [32m[37mcolor: $color-text-inverse;
          Γò╡   [32m^[0m


  Sass's behavior for declarations that appear after nested
  rules will be changing to match the behavior specified by CSS in an upcoming
  version. To keep the existing behavior, move the declaration above the nested
  rule. To opt into the new behavior, wrap the declaration in `& {}`.
  
  More info: [4mhttps://sass-lang.com/d/mixed-decls[0m

  The plugin "angular-compiler" was triggered by this import

    src/app/pages/claims/claims.component.ts:3:33:
[37m      3 Γöé ..._RESOURCE__1 from [32m"angular:jit:style:file;./claims.component.scss"[37m;
        Γò╡                      [32m~~~~~~~~~~~~~~~~~~~~~~~~~~~~~~~~~~~~~~~~~~~~~~~~[0m


[33mΓû▓ [43;33m[[43;30mWARNING[43;33m][0m [1mDeprecation[0m [1m[35m[plugin angular-sass][0m

    src/app/shared/styles/_mixins.scss:206:2:
[37m      206 Γöé   [32m[37mcolor: $color-text-inverse;
          Γò╡   [32m^[0m


  Sass's behavior for declarations that appear after nested
  rules will be changing to match the behavior specified by CSS in an upcoming
  version. To keep the existing behavior, move the declaration above the nested
  rule. To opt into the new behavior, wrap the declaration in `& {}`.
  
  More info: [4mhttps://sass-lang.com/d/mixed-decls[0m

  The plugin "angular-compiler" was triggered by this import

    src/app/pages/claims/claims.component.ts:3:33:
[37m      3 Γöé ..._RESOURCE__1 from [32m"angular:jit:style:file;./claims.component.scss"[37m;
        Γò╡                      [32m~~~~~~~~~~~~~~~~~~~~~~~~~~~~~~~~~~~~~~~~~~~~~~~~[0m


[33mΓû▓ [43;33m[[43;30mWARNING[43;33m][0m [1mDeprecation[0m [1m[35m[plugin angular-sass][0m

    src/app/shared/styles/_mixins.scss:206:2:
[37m      206 Γöé   [32m[37mcolor: $color-text-inverse;
          Γò╡   [32m^[0m


  Sass's behavior for declarations that appear after nested
  rules will be changing to match the behavior specified by CSS in an upcoming
  version. To keep the existing behavior, move the declaration above the nested
  rule. To opt into the new behavior, wrap the declaration in `& {}`.
  
  More info: [4mhttps://sass-lang.com/d/mixed-decls[0m

  The plugin "angular-compiler" was triggered by this import

    src/app/pages/auth/register.component.ts:3:33:
[37m      3 Γöé ...ESOURCE__1 from [32m"angular:jit:style:file;./register.component.scss"[37m;
        Γò╡                    [32m~~~~~~~~~~~~~~~~~~~~~~~~~~~~~~~~~~~~~~~~~~~~~~~~~~[0m


[33mΓû▓ [43;33m[[43;30mWARNING[43;33m][0m [1mDeprecation[0m [1m[35m[plugin angular-sass][0m

    src/app/shared/styles/_mixins.scss:206:2:
[37m      206 Γöé   [32m[37mcolor: $color-text-inverse;
          Γò╡   [32m^[0m


  Sass's behavior for declarations that appear after nested
  rules will be changing to match the behavior specified by CSS in an upcoming
  version. To keep the existing behavior, move the declaration above the nested
  rule. To opt into the new behavior, wrap the declaration in `& {}`.
  
  More info: [4mhttps://sass-lang.com/d/mixed-decls[0m

  The plugin "angular-compiler" was triggered by this import

    src/app/pages/auth/register.component.ts:3:33:
[37m      3 Γöé ...ESOURCE__1 from [32m"angular:jit:style:file;./register.component.scss"[37m;
        Γò╡                    [32m~~~~~~~~~~~~~~~~~~~~~~~~~~~~~~~~~~~~~~~~~~~~~~~~~~[0m


[33mΓû▓ [43;33m[[43;30mWARNING[43;33m][0m [1mDeprecation[0m [1m[35m[plugin angular-sass][0m

    src/app/shared/styles/_mixins.scss:206:2:
[37m      206 Γöé   [32m[37mcolor: $color-text-inverse;
          Γò╡   [32m^[0m


  Sass's behavior for declarations that appear after nested
  rules will be changing to match the behavior specified by CSS in an upcoming
  version. To keep the existing behavior, move the declaration above the nested
  rule. To opt into the new behavior, wrap the declaration in `& {}`.
  
  More info: [4mhttps://sass-lang.com/d/mixed-decls[0m

  The plugin "angular-compiler" was triggered by this import

    src/app/pages/auth/reset-password.component.ts:3:33:
[37m      3 Γöé ...CE__1 from [32m"angular:jit:style:file;./reset-password.component.sc[37m...
        Γò╡               [32m~~~~~~~~~~~~~~~~~~~~~~~~~~~~~~~~~~~~~~~~~~~~~~~~~~~~~[0m


[33mΓû▓ [43;33m[[43;30mWARNING[43;33m][0m [1mDeprecation[0m [1m[35m[plugin angular-sass][0m

    src/app/shared/styles/_mixins.scss:206:2:
[37m      206 Γöé   [32m[37mcolor: $color-text-inverse;
          Γò╡   [32m^[0m


  Sass's behavior for declarations that appear after nested
  rules will be changing to match the behavior specified by CSS in an upcoming
  version. To keep the existing behavior, move the declaration above the nested
  rule. To opt into the new behavior, wrap the declaration in `& {}`.
  
  More info: [4mhttps://sass-lang.com/d/mixed-decls[0m

  The plugin "angular-compiler" was triggered by this import

    src/app/pages/auth/reset-password.component.ts:3:33:
[37m      3 Γöé ...CE__1 from [32m"angular:jit:style:file;./reset-password.component.sc[37m...
        Γò╡               [32m~~~~~~~~~~~~~~~~~~~~~~~~~~~~~~~~~~~~~~~~~~~~~~~~~~~~~[0m


[33mΓû▓ [43;33m[[43;30mWARNING[43;33m][0m [1mDeprecation[0m [1m[35m[plugin angular-sass][0m

    src/app/shared/styles/_mixins.scss:206:2:
[37m      206 Γöé   [32m[37mcolor: $color-text-inverse;
          Γò╡   [32m^[0m


  Sass's behavior for declarations that appear after nested
  rules will be changing to match the behavior specified by CSS in an upcoming
  version. To keep the existing behavior, move the declaration above the nested
  rule. To opt into the new behavior, wrap the declaration in `& {}`.
  
  More info: [4mhttps://sass-lang.com/d/mixed-decls[0m

  The plugin "angular-compiler" was triggered by this import

    src/app/pages/auth/forgot-password.component.ts:3:33:
[37m      3 Γöé ...CE__1 from [32m"angular:jit:style:file;./forgot-password.component.s[37m...
        Γò╡               [32m~~~~~~~~~~~~~~~~~~~~~~~~~~~~~~~~~~~~~~~~~~~~~~~~~~~~~[0m


[33mΓû▓ [43;33m[[43;30mWARNING[43;33m][0m [1mDeprecation[0m [1m[35m[plugin angular-sass][0m

    src/app/shared/styles/_mixins.scss:206:2:
[37m      206 Γöé   [32m[37mcolor: $color-text-inverse;
          Γò╡   [32m^[0m


  Sass's behavior for declarations that appear after nested
  rules will be changing to match the behavior specified by CSS in an upcoming
  version. To keep the existing behavior, move the declaration above the nested
  rule. To opt into the new behavior, wrap the declaration in `& {}`.
  
  More info: [4mhttps://sass-lang.com/d/mixed-decls[0m

  The plugin "angular-compiler" was triggered by this import

    src/app/pages/auth/forgot-password.component.ts:3:33:
[37m      3 Γöé ...CE__1 from [32m"angular:jit:style:file;./forgot-password.component.s[37m...
        Γò╡               [32m~~~~~~~~~~~~~~~~~~~~~~~~~~~~~~~~~~~~~~~~~~~~~~~~~~~~~[0m


[33mΓû▓ [43;33m[[43;30mWARNING[43;33m][0m [1mDeprecation[0m [1m[35m[plugin angular-sass][0m

    src/app/shared/styles/_mixins.scss:206:2:
[37m      206 Γöé   [32m[37mcolor: $color-text-inverse;
          Γò╡   [32m^[0m


  Sass's behavior for declarations that appear after nested
  rules will be changing to match the behavior specified by CSS in an upcoming
  version. To keep the existing behavior, move the declaration above the nested
  rule. To opt into the new behavior, wrap the declaration in `& {}`.
  
  More info: [4mhttps://sass-lang.com/d/mixed-decls[0m

  The plugin "angular-compiler" was triggered by this import

    src/app/pages/policy-attributes/policy-attributes.component.ts:3:33:
[37m      3 Γöé ...CE__1 from [32m"angular:jit:style:file;./policy-attributes.component[37m...
        Γò╡               [32m~~~~~~~~~~~~~~~~~~~~~~~~~~~~~~~~~~~~~~~~~~~~~~~~~~~~~[0m


[33mΓû▓ [43;33m[[43;30mWARNING[43;33m][0m [1mDeprecation[0m [1m[35m[plugin angular-sass][0m

    src/app/shared/styles/_mixins.scss:206:2:
[37m      206 Γöé   [32m[37mcolor: $color-text-inverse;
          Γò╡   [32m^[0m


  Sass's behavior for declarations that appear after nested
  rules will be changing to match the behavior specified by CSS in an upcoming
  version. To keep the existing behavior, move the declaration above the nested
  rule. To opt into the new behavior, wrap the declaration in `& {}`.
  
  More info: [4mhttps://sass-lang.com/d/mixed-decls[0m

  The plugin "angular-compiler" was triggered by this import

    src/app/pages/policy-attributes/policy-attributes.component.ts:3:33:
[37m      3 Γöé ...CE__1 from [32m"angular:jit:style:file;./policy-attributes.component[37m...
        Γò╡               [32m~~~~~~~~~~~~~~~~~~~~~~~~~~~~~~~~~~~~~~~~~~~~~~~~~~~~~[0m


[33mΓû▓ [43;33m[[43;30mWARNING[43;33m][0m [1mDeprecation[0m [1m[35m[plugin angular-sass][0m

    src/app/shared/styles/_mixins.scss:206:2:
[37m      206 Γöé   [32m[37mcolor: $color-text-inverse;
          Γò╡   [32m^[0m


  Sass's behavior for declarations that appear after nested
  rules will be changing to match the behavior specified by CSS in an upcoming
  version. To keep the existing behavior, move the declaration above the nested
  rule. To opt into the new behavior, wrap the declaration in `& {}`.
  
  More info: [4mhttps://sass-lang.com/d/mixed-decls[0m

  The plugin "angular-compiler" was triggered by this import

    src/app/pages/auth/login.component.ts:3:33:
[37m      3 Γöé ...I_RESOURCE__1 from [32m"angular:jit:style:file;./login.component.scss"[37m;
        Γò╡                       [32m~~~~~~~~~~~~~~~~~~~~~~~~~~~~~~~~~~~~~~~~~~~~~~~[0m


[33mΓû▓ [43;33m[[43;30mWARNING[43;33m][0m [1mDeprecation[0m [1m[35m[plugin angular-sass][0m

    src/app/shared/styles/_mixins.scss:206:2:
[37m      206 Γöé   [32m[37mcolor: $color-text-inverse;
          Γò╡   [32m^[0m


  Sass's behavior for declarations that appear after nested
  rules will be changing to match the behavior specified by CSS in an upcoming
  version. To keep the existing behavior, move the declaration above the nested
  rule. To opt into the new behavior, wrap the declaration in `& {}`.
  
  More info: [4mhttps://sass-lang.com/d/mixed-decls[0m

  The plugin "angular-compiler" was triggered by this import

    src/app/pages/auth/login.component.ts:3:33:
[37m      3 Γöé ...I_RESOURCE__1 from [32m"angular:jit:style:file;./login.component.scss"[37m;
        Γò╡                       [32m~~~~~~~~~~~~~~~~~~~~~~~~~~~~~~~~~~~~~~~~~~~~~~~[0m


[33mΓû▓ [43;33m[[43;30mWARNING[43;33m][0m [1mDeprecation[0m [1m[35m[plugin angular-sass][0m

    src/app/shared/styles/_mixins.scss:206:2:
[37m      206 Γöé   [32m[37mcolor: $color-text-inverse;
          Γò╡   [32m^[0m


  Sass's behavior for declarations that appear after nested
  rules will be changing to match the behavior specified by CSS in an upcoming
  version. To keep the existing behavior, move the declaration above the nested
  rule. To opt into the new behavior, wrap the declaration in `& {}`.
  
  More info: [4mhttps://sass-lang.com/d/mixed-decls[0m

  The plugin "angular-compiler" was triggered by this import

    src/app/shared/components/identity-verification/identity-verification-form.component.ts:3:33:
[37m      3 Γöé ...CE__1 from [32m"angular:jit:style:file;./identity-verification-form.[37m...
        Γò╡               [32m~~~~~~~~~~~~~~~~~~~~~~~~~~~~~~~~~~~~~~~~~~~~~~~~~~~~~[0m


[33mΓû▓ [43;33m[[43;30mWARNING[43;33m][0m [1mDeprecation[0m [1m[35m[plugin angular-sass][0m

    src/app/shared/styles/_mixins.scss:206:2:
[37m      206 Γöé   [32m[37mcolor: $color-text-inverse;
          Γò╡   [32m^[0m


  Sass's behavior for declarations that appear after nested
  rules will be changing to match the behavior specified by CSS in an upcoming
  version. To keep the existing behavior, move the declaration above the nested
  rule. To opt into the new behavior, wrap the declaration in `& {}`.
  
  More info: [4mhttps://sass-lang.com/d/mixed-decls[0m

  The plugin "angular-compiler" was triggered by this import

    src/app/shared/components/identity-verification/identity-verification-form.component.ts:3:33:
[37m      3 Γöé ...CE__1 from [32m"angular:jit:style:file;./identity-verification-form.[37m...
        Γò╡               [32m~~~~~~~~~~~~~~~~~~~~~~~~~~~~~~~~~~~~~~~~~~~~~~~~~~~~~[0m


[33mΓû▓ [43;33m[[43;30mWARNING[43;33m][0m [1mDeprecation[0m [1m[35m[plugin angular-sass][0m

    src/app/shared/styles/_mixins.scss:206:2:
[37m      206 Γöé   [32m[37mcolor: $color-text-inverse;
          Γò╡   [32m^[0m


  Sass's behavior for declarations that appear after nested
  rules will be changing to match the behavior specified by CSS in an upcoming
  version. To keep the existing behavior, move the declaration above the nested
  rule. To opt into the new behavior, wrap the declaration in `& {}`.
  
  More info: [4mhttps://sass-lang.com/d/mixed-decls[0m

  The plugin "angular-compiler" was triggered by this import

    src/app/pages/auth/member-registration.component.ts:3:33:
[37m      3 Γöé ...CE__1 from [32m"angular:jit:style:file;./member-registration.compone[37m...
        Γò╡               [32m~~~~~~~~~~~~~~~~~~~~~~~~~~~~~~~~~~~~~~~~~~~~~~~~~~~~~[0m


[33mΓû▓ [43;33m[[43;30mWARNING[43;33m][0m [1mDeprecation[0m [1m[35m[plugin angular-sass][0m

    src/app/shared/styles/_mixins.scss:206:2:
[37m      206 Γöé   [32m[37mcolor: $color-text-inverse;
          Γò╡   [32m^[0m


  Sass's behavior for declarations that appear after nested
  rules will be changing to match the behavior specified by CSS in an upcoming
  version. To keep the existing behavior, move the declaration above the nested
  rule. To opt into the new behavior, wrap the declaration in `& {}`.
  
  More info: [4mhttps://sass-lang.com/d/mixed-decls[0m

  The plugin "angular-compiler" was triggered by this import

    src/app/pages/auth/member-registration.component.ts:3:33:
[37m      3 Γöé ...CE__1 from [32m"angular:jit:style:file;./member-registration.compone[37m...
        Γò╡               [32m~~~~~~~~~~~~~~~~~~~~~~~~~~~~~~~~~~~~~~~~~~~~~~~~~~~~~[0m


[33mΓû▓ [43;33m[[43;30mWARNING[43;33m][0m [1mDeprecation[0m [1m[35m[plugin angular-sass][0m

    src/app/shared/styles/_mixins.scss:206:2:
[37m      206 Γöé   [32m[37mcolor: $color-text-inverse;
          Γò╡   [32m^[0m


  Sass's behavior for declarations that appear after nested
  rules will be changing to match the behavior specified by CSS in an upcoming
  version. To keep the existing behavior, move the declaration above the nested
  rule. To opt into the new behavior, wrap the declaration in `& {}`.
  
  More info: [4mhttps://sass-lang.com/d/mixed-decls[0m

  The plugin "angular-compiler" was triggered by this import

    src/app/pages/roles/roles.component.ts:3:33:
[37m      3 Γöé ...I_RESOURCE__1 from [32m"angular:jit:style:file;./roles.component.scss"[37m;
        Γò╡                       [32m~~~~~~~~~~~~~~~~~~~~~~~~~~~~~~~~~~~~~~~~~~~~~~~[0m


[33mΓû▓ [43;33m[[43;30mWARNING[43;33m][0m [1mDeprecation[0m [1m[35m[plugin angular-sass][0m

    src/app/shared/styles/_mixins.scss:206:2:
[37m      206 Γöé   [32m[37mcolor: $color-text-inverse;
          Γò╡   [32m^[0m


  Sass's behavior for declarations that appear after nested
  rules will be changing to match the behavior specified by CSS in an upcoming
  version. To keep the existing behavior, move the declaration above the nested
  rule. To opt into the new behavior, wrap the declaration in `& {}`.
  
  More info: [4mhttps://sass-lang.com/d/mixed-decls[0m

  The plugin "angular-compiler" was triggered by this import

    src/app/pages/roles/roles.component.ts:3:33:
[37m      3 Γöé ...I_RESOURCE__1 from [32m"angular:jit:style:file;./roles.component.scss"[37m;
        Γò╡                       [32m~~~~~~~~~~~~~~~~~~~~~~~~~~~~~~~~~~~~~~~~~~~~~~~[0m


[33mΓû▓ [43;33m[[43;30mWARNING[43;33m][0m [1mDeprecation[0m [1m[35m[plugin angular-sass][0m

    src/app/shared/styles/_mixins.scss:206:2:
[37m      206 Γöé   [32m[37mcolor: $color-text-inverse;
          Γò╡   [32m^[0m


  Sass's behavior for declarations that appear after nested
  rules will be changing to match the behavior specified by CSS in an upcoming
  version. To keep the existing behavior, move the declaration above the nested
  rule. To opt into the new behavior, wrap the declaration in `& {}`.
  
  More info: [4mhttps://sass-lang.com/d/mixed-decls[0m

  The plugin "angular-compiler" was triggered by this import

    src/app/pages/dashboard/widgets/stats-summary-widget/stats-summary-widget.component.ts:3:33:
[37m      3 Γöé ...CE__1 from [32m"angular:jit:style:file;./stats-summary-widget.compon[37m...
        Γò╡               [32m~~~~~~~~~~~~~~~~~~~~~~~~~~~~~~~~~~~~~~~~~~~~~~~~~~~~~[0m


[33mΓû▓ [43;33m[[43;30mWARNING[43;33m][0m [1mDeprecation[0m [1m[35m[plugin angular-sass][0m

    src/app/shared/styles/_mixins.scss:206:2:
[37m      206 Γöé   [32m[37mcolor: $color-text-inverse;
          Γò╡   [32m^[0m


  Sass's behavior for declarations that appear after nested
  rules will be changing to match the behavior specified by CSS in an upcoming
  version. To keep the existing behavior, move the declaration above the nested
  rule. To opt into the new behavior, wrap the declaration in `& {}`.
  
  More info: [4mhttps://sass-lang.com/d/mixed-decls[0m

  The plugin "angular-compiler" was triggered by this import

    src/app/pages/dashboard/widgets/stats-summary-widget/stats-summary-widget.component.ts:3:33:
[37m      3 Γöé ...CE__1 from [32m"angular:jit:style:file;./stats-summary-widget.compon[37m...
        Γò╡               [32m~~~~~~~~~~~~~~~~~~~~~~~~~~~~~~~~~~~~~~~~~~~~~~~~~~~~~[0m


[33mΓû▓ [43;33m[[43;30mWARNING[43;33m][0m [1mDeprecation[0m [1m[35m[plugin angular-sass][0m

    src/app/shared/styles/_mixins.scss:206:2:
[37m      206 Γöé   [32m[37mcolor: $color-text-inverse;
          Γò╡   [32m^[0m


  Sass's behavior for declarations that appear after nested
  rules will be changing to match the behavior specified by CSS in an upcoming
  version. To keep the existing behavior, move the declaration above the nested
  rule. To opt into the new behavior, wrap the declaration in `& {}`.
  
  More info: [4mhttps://sass-lang.com/d/mixed-decls[0m

  The plugin "angular-compiler" was triggered by this import

    src/app/pages/dashboard/widgets/member-growth-widget/member-growth-widget.component.ts:3:33:
[37m      3 Γöé ...CE__1 from [32m"angular:jit:style:file;./member-growth-widget.compon[37m...
        Γò╡               [32m~~~~~~~~~~~~~~~~~~~~~~~~~~~~~~~~~~~~~~~~~~~~~~~~~~~~~[0m


[33mΓû▓ [43;33m[[43;30mWARNING[43;33m][0m [1mDeprecation[0m [1m[35m[plugin angular-sass][0m

    src/app/shared/styles/_mixins.scss:206:2:
[37m      206 Γöé   [32m[37mcolor: $color-text-inverse;
          Γò╡   [32m^[0m


  Sass's behavior for declarations that appear after nested
  rules will be changing to match the behavior specified by CSS in an upcoming
  version. To keep the existing behavior, move the declaration above the nested
  rule. To opt into the new behavior, wrap the declaration in `& {}`.
  
  More info: [4mhttps://sass-lang.com/d/mixed-decls[0m

  The plugin "angular-compiler" was triggered by this import

    src/app/pages/dashboard/widgets/member-growth-widget/member-growth-widget.component.ts:3:33:
[37m      3 Γöé ...CE__1 from [32m"angular:jit:style:file;./member-growth-widget.compon[37m...
        Γò╡               [32m~~~~~~~~~~~~~~~~~~~~~~~~~~~~~~~~~~~~~~~~~~~~~~~~~~~~~[0m


[33mΓû▓ [43;33m[[43;30mWARNING[43;33m][0m [1mDeprecation[0m [1m[35m[plugin angular-sass][0m

    src/app/shared/styles/_mixins.scss:206:2:
[37m      206 Γöé   [32m[37mcolor: $color-text-inverse;
          Γò╡   [32m^[0m


  Sass's behavior for declarations that appear after nested
  rules will be changing to match the behavior specified by CSS in an upcoming
  version. To keep the existing behavior, move the declaration above the nested
  rule. To opt into the new behavior, wrap the declaration in `& {}`.
  
  More info: [4mhttps://sass-lang.com/d/mixed-decls[0m

  The plugin "angular-compiler" was triggered by this import

    src/app/pages/dashboard/widgets/revenue-chart-widget/revenue-chart-widget.component.ts:3:33:
[37m      3 Γöé ...CE__1 from [32m"angular:jit:style:file;./revenue-chart-widget.compon[37m...
        Γò╡               [32m~~~~~~~~~~~~~~~~~~~~~~~~~~~~~~~~~~~~~~~~~~~~~~~~~~~~~[0m


[33mΓû▓ [43;33m[[43;30mWARNING[43;33m][0m [1mDeprecation[0m [1m[35m[plugin angular-sass][0m

    src/app/shared/styles/_mixins.scss:206:2:
[37m      206 Γöé   [32m[37mcolor: $color-text-inverse;
          Γò╡   [32m^[0m


  Sass's behavior for declarations that appear after nested
  rules will be changing to match the behavior specified by CSS in an upcoming
  version. To keep the existing behavior, move the declaration above the nested
  rule. To opt into the new behavior, wrap the declaration in `& {}`.
  
  More info: [4mhttps://sass-lang.com/d/mixed-decls[0m

  The plugin "angular-compiler" was triggered by this import

    src/app/pages/dashboard/widgets/revenue-chart-widget/revenue-chart-widget.component.ts:3:33:
[37m      3 Γöé ...CE__1 from [32m"angular:jit:style:file;./revenue-chart-widget.compon[37m...
        Γò╡               [32m~~~~~~~~~~~~~~~~~~~~~~~~~~~~~~~~~~~~~~~~~~~~~~~~~~~~~[0m


[33mΓû▓ [43;33m[[43;30mWARNING[43;33m][0m [1mDeprecation[0m [1m[35m[plugin angular-sass][0m

    src/app/shared/styles/_mixins.scss:206:2:
[37m      206 Γöé   [32m[37mcolor: $color-text-inverse;
          Γò╡   [32m^[0m


  Sass's behavior for declarations that appear after nested
  rules will be changing to match the behavior specified by CSS in an upcoming
  version. To keep the existing behavior, move the declaration above the nested
  rule. To opt into the new behavior, wrap the declaration in `& {}`.
  
  More info: [4mhttps://sass-lang.com/d/mixed-decls[0m

  The plugin "angular-compiler" was triggered by this import

    src/app/pages/dashboard/widgets/recent-claims-widget/recent-claims-widget.component.ts:3:33:
[37m      3 Γöé ...CE__1 from [32m"angular:jit:style:file;./recent-claims-widget.compon[37m...
        Γò╡               [32m~~~~~~~~~~~~~~~~~~~~~~~~~~~~~~~~~~~~~~~~~~~~~~~~~~~~~[0m


[33mΓû▓ [43;33m[[43;30mWARNING[43;33m][0m [1mDeprecation[0m [1m[35m[plugin angular-sass][0m

    src/app/shared/styles/_mixins.scss:206:2:
[37m      206 Γöé   [32m[37mcolor: $color-text-inverse;
          Γò╡   [32m^[0m


  Sass's behavior for declarations that appear after nested
  rules will be changing to match the behavior specified by CSS in an upcoming
  version. To keep the existing behavior, move the declaration above the nested
  rule. To opt into the new behavior, wrap the declaration in `& {}`.
  
  More info: [4mhttps://sass-lang.com/d/mixed-decls[0m

  The plugin "angular-compiler" was triggered by this import

    src/app/pages/dashboard/widgets/recent-claims-widget/recent-claims-widget.component.ts:3:33:
[37m      3 Γöé ...CE__1 from [32m"angular:jit:style:file;./recent-claims-widget.compon[37m...
        Γò╡               [32m~~~~~~~~~~~~~~~~~~~~~~~~~~~~~~~~~~~~~~~~~~~~~~~~~~~~~[0m


[33mΓû▓ [43;33m[[43;30mWARNING[43;33m][0m [1mDeprecation[0m [1m[35m[plugin angular-sass][0m

    src/app/shared/styles/_mixins.scss:206:2:
[37m      206 Γöé   [32m[37mcolor: $color-text-inverse;
          Γò╡   [32m^[0m


  Sass's behavior for declarations that appear after nested
  rules will be changing to match the behavior specified by CSS in an upcoming
  version. To keep the existing behavior, move the declaration above the nested
  rule. To opt into the new behavior, wrap the declaration in `& {}`.
  
  More info: [4mhttps://sass-lang.com/d/mixed-decls[0m

  The plugin "angular-compiler" was triggered by this import

    src/app/pages/personnel/personnel.component.ts:3:33:
[37m      3 Γöé ...SOURCE__1 from [32m"angular:jit:style:file;./personnel.component.scss"[37m;
        Γò╡                   [32m~~~~~~~~~~~~~~~~~~~~~~~~~~~~~~~~~~~~~~~~~~~~~~~~~~~[0m


[33mΓû▓ [43;33m[[43;30mWARNING[43;33m][0m [1mDeprecation[0m [1m[35m[plugin angular-sass][0m

    src/app/shared/styles/_mixins.scss:206:2:
[37m      206 Γöé   [32m[37mcolor: $color-text-inverse;
          Γò╡   [32m^[0m


  Sass's behavior for declarations that appear after nested
  rules will be changing to match the behavior specified by CSS in an upcoming
  version. To keep the existing behavior, move the declaration above the nested
  rule. To opt into the new behavior, wrap the declaration in `& {}`.
  
  More info: [4mhttps://sass-lang.com/d/mixed-decls[0m

  The plugin "angular-compiler" was triggered by this import

    src/app/pages/personnel/personnel.component.ts:3:33:
[37m      3 Γöé ...SOURCE__1 from [32m"angular:jit:style:file;./personnel.component.scss"[37m;
        Γò╡                   [32m~~~~~~~~~~~~~~~~~~~~~~~~~~~~~~~~~~~~~~~~~~~~~~~~~~~[0m


[33mΓû▓ [43;33m[[43;30mWARNING[43;33m][0m [1mDeprecation[0m [1m[35m[plugin angular-sass][0m

    src/app/shared/styles/_mixins.scss:206:2:
[37m      206 Γöé   [32m[37mcolor: $color-text-inverse;
          Γò╡   [32m^[0m


  Sass's behavior for declarations that appear after nested
  rules will be changing to match the behavior specified by CSS in an upcoming
  version. To keep the existing behavior, move the declaration above the nested
  rule. To opt into the new behavior, wrap the declaration in `& {}`.
  
  More info: [4mhttps://sass-lang.com/d/mixed-decls[0m

  The plugin "angular-compiler" was triggered by this import

    src/app/pages/asset-management/asset-management.component.ts:3:33:
[37m      3 Γöé ...CE__1 from [32m"angular:jit:style:file;./asset-management.component.[37m...
        Γò╡               [32m~~~~~~~~~~~~~~~~~~~~~~~~~~~~~~~~~~~~~~~~~~~~~~~~~~~~~[0m


[33mΓû▓ [43;33m[[43;30mWARNING[43;33m][0m [1mDeprecation[0m [1m[35m[plugin angular-sass][0m

    src/app/shared/styles/_mixins.scss:206:2:
[37m      206 Γöé   [32m[37mcolor: $color-text-inverse;
          Γò╡   [32m^[0m


  Sass's behavior for declarations that appear after nested
  rules will be changing to match the behavior specified by CSS in an upcoming
  version. To keep the existing behavior, move the declaration above the nested
  rule. To opt into the new behavior, wrap the declaration in `& {}`.
  
  More info: [4mhttps://sass-lang.com/d/mixed-decls[0m

  The plugin "angular-compiler" was triggered by this import

    src/app/pages/asset-management/asset-management.component.ts:3:33:
[37m      3 Γöé ...CE__1 from [32m"angular:jit:style:file;./asset-management.component.[37m...
        Γò╡               [32m~~~~~~~~~~~~~~~~~~~~~~~~~~~~~~~~~~~~~~~~~~~~~~~~~~~~~[0m


[33mΓû▓ [43;33m[[43;30mWARNING[43;33m][0m [1mDeprecation[0m [1m[35m[plugin angular-sass][0m

    src/app/shared/styles/_mixins.scss:206:2:
[37m      206 Γöé   [32m[37mcolor: $color-text-inverse;
          Γò╡   [32m^[0m


  Sass's behavior for declarations that appear after nested
  rules will be changing to match the behavior specified by CSS in an upcoming
  version. To keep the existing behavior, move the declaration above the nested
  rule. To opt into the new behavior, wrap the declaration in `& {}`.
  
  More info: [4mhttps://sass-lang.com/d/mixed-decls[0m

  The plugin "angular-compiler" was triggered by this import

    src/app/shared/components/verification-status/verification-status.component.ts:3:33:
[37m      3 Γöé ...CE__1 from [32m"angular:jit:style:file;./verification-status.compone[37m...
        Γò╡               [32m~~~~~~~~~~~~~~~~~~~~~~~~~~~~~~~~~~~~~~~~~~~~~~~~~~~~~[0m


[33mΓû▓ [43;33m[[43;30mWARNING[43;33m][0m [1mDeprecation[0m [1m[35m[plugin angular-sass][0m

    src/app/shared/styles/_mixins.scss:206:2:
[37m      206 Γöé   [32m[37mcolor: $color-text-inverse;
          Γò╡   [32m^[0m


  Sass's behavior for declarations that appear after nested
  rules will be changing to match the behavior specified by CSS in an upcoming
  version. To keep the existing behavior, move the declaration above the nested
  rule. To opt into the new behavior, wrap the declaration in `& {}`.
  
  More info: [4mhttps://sass-lang.com/d/mixed-decls[0m

  The plugin "angular-compiler" was triggered by this import

    src/app/shared/components/verification-status/verification-status.component.ts:3:33:
[37m      3 Γöé ...CE__1 from [32m"angular:jit:style:file;./verification-status.compone[37m...
        Γò╡               [32m~~~~~~~~~~~~~~~~~~~~~~~~~~~~~~~~~~~~~~~~~~~~~~~~~~~~~[0m


[33mΓû▓ [43;33m[[43;30mWARNING[43;33m][0m [1mDeprecation[0m [1m[35m[plugin angular-sass][0m

    src/app/shared/styles/_mixins.scss:206:2:
[37m      206 Γöé   [32m[37mcolor: $color-text-inverse;
          Γò╡   [32m^[0m


  Sass's behavior for declarations that appear after nested
  rules will be changing to match the behavior specified by CSS in an upcoming
  version. To keep the existing behavior, move the declaration above the nested
  rule. To opt into the new behavior, wrap the declaration in `& {}`.
  
  More info: [4mhttps://sass-lang.com/d/mixed-decls[0m

  The plugin "angular-compiler" was triggered by this import

    src/app/pages/auth/change-password-dialog/change-password-dialog.component.ts:3:33:
[37m      3 Γöé ...CE__1 from [32m"angular:jit:style:file;./change-password-dialog.comp[37m...
        Γò╡               [32m~~~~~~~~~~~~~~~~~~~~~~~~~~~~~~~~~~~~~~~~~~~~~~~~~~~~~[0m


[33mΓû▓ [43;33m[[43;30mWARNING[43;33m][0m [1mDeprecation[0m [1m[35m[plugin angular-sass][0m

    src/app/shared/styles/_mixins.scss:206:2:
[37m      206 Γöé   [32m[37mcolor: $color-text-inverse;
          Γò╡   [32m^[0m


  Sass's behavior for declarations that appear after nested
  rules will be changing to match the behavior specified by CSS in an upcoming
  version. To keep the existing behavior, move the declaration above the nested
  rule. To opt into the new behavior, wrap the declaration in `& {}`.
  
  More info: [4mhttps://sass-lang.com/d/mixed-decls[0m

  The plugin "angular-compiler" was triggered by this import

    src/app/pages/auth/change-password-dialog/change-password-dialog.component.ts:3:33:
[37m      3 Γöé ...CE__1 from [32m"angular:jit:style:file;./change-password-dialog.comp[37m...
        Γò╡               [32m~~~~~~~~~~~~~~~~~~~~~~~~~~~~~~~~~~~~~~~~~~~~~~~~~~~~~[0m


[33mΓû▓ [43;33m[[43;30mWARNING[43;33m][0m [1mDeprecation[0m [1m[35m[plugin angular-sass][0m

    src/app/shared/styles/_mixins.scss:206:2:
[37m      206 Γöé   [32m[37mcolor: $color-text-inverse;
          Γò╡   [32m^[0m


  Sass's behavior for declarations that appear after nested
  rules will be changing to match the behavior specified by CSS in an upcoming
  version. To keep the existing behavior, move the declaration above the nested
  rule. To opt into the new behavior, wrap the declaration in `& {}`.
  
  More info: [4mhttps://sass-lang.com/d/mixed-decls[0m

  The plugin "angular-compiler" was triggered by this import

    src/app/pages/member-management/member-management.component.ts:3:33:
[37m      3 Γöé ...CE__1 from [32m"angular:jit:style:file;./member-management.component[37m...
        Γò╡               [32m~~~~~~~~~~~~~~~~~~~~~~~~~~~~~~~~~~~~~~~~~~~~~~~~~~~~~[0m


[33mΓû▓ [43;33m[[43;30mWARNING[43;33m][0m [1mDeprecation[0m [1m[35m[plugin angular-sass][0m

    src/app/shared/styles/_mixins.scss:206:2:
[37m      206 Γöé   [32m[37mcolor: $color-text-inverse;
          Γò╡   [32m^[0m


  Sass's behavior for declarations that appear after nested
  rules will be changing to match the behavior specified by CSS in an upcoming
  version. To keep the existing behavior, move the declaration above the nested
  rule. To opt into the new behavior, wrap the declaration in `& {}`.
  
  More info: [4mhttps://sass-lang.com/d/mixed-decls[0m

  The plugin "angular-compiler" was triggered by this import

    src/app/pages/member-management/member-management.component.ts:3:33:
[37m      3 Γöé ...CE__1 from [32m"angular:jit:style:file;./member-management.component[37m...
        Γò╡               [32m~~~~~~~~~~~~~~~~~~~~~~~~~~~~~~~~~~~~~~~~~~~~~~~~~~~~~[0m


[33mΓû▓ [43;33m[[43;30mWARNING[43;33m][0m [1mDeprecation[0m [1m[35m[plugin angular-sass][0m

    src/app/shared/styles/_mixins.scss:207:2:
[37m      207 Γöé   [32m[37mborder: none;
          Γò╡   [32m^[0m


  Sass's behavior for declarations that appear after nested
  rules will be changing to match the behavior specified by CSS in an upcoming
  version. To keep the existing behavior, move the declaration above the nested
  rule. To opt into the new behavior, wrap the declaration in `& {}`.
  
  More info: [4mhttps://sass-lang.com/d/mixed-decls[0m

  The plugin "angular-compiler" was triggered by this import

    src/app/pages/dashboard/dashboard.ts:3:33:
[37m      3 Γöé ..._NG_CLI_RESOURCE__1 from [32m"angular:jit:style:file;./dashboard.scss"[37m;
        Γò╡                             [32m~~~~~~~~~~~~~~~~~~~~~~~~~~~~~~~~~~~~~~~~~[0m


[33mΓû▓ [43;33m[[43;30mWARNING[43;33m][0m [1mDeprecation[0m [1m[35m[plugin angular-sass][0m

    src/app/shared/styles/_mixins.scss:207:2:
[37m      207 Γöé   [32m[37mborder: none;
          Γò╡   [32m^[0m


  Sass's behavior for declarations that appear after nested
  rules will be changing to match the behavior specified by CSS in an upcoming
  version. To keep the existing behavior, move the declaration above the nested
  rule. To opt into the new behavior, wrap the declaration in `& {}`.
  
  More info: [4mhttps://sass-lang.com/d/mixed-decls[0m

  The plugin "angular-compiler" was triggered by this import

    src/app/pages/notfound/notfound.ts:3:33:
[37m      3 Γöé ...__NG_CLI_RESOURCE__1 from [32m"angular:jit:style:file;./notfound.scss"[37m;
        Γò╡                              [32m~~~~~~~~~~~~~~~~~~~~~~~~~~~~~~~~~~~~~~~~[0m


[33mΓû▓ [43;33m[[43;30mWARNING[43;33m][0m [1mDeprecation[0m [1m[35m[plugin angular-sass][0m

    src/app/shared/styles/_mixins.scss:207:2:
[37m      207 Γöé   [32m[37mborder: none;
          Γò╡   [32m^[0m


  Sass's behavior for declarations that appear after nested
  rules will be changing to match the behavior specified by CSS in an upcoming
  version. To keep the existing behavior, move the declaration above the nested
  rule. To opt into the new behavior, wrap the declaration in `& {}`.
  
  More info: [4mhttps://sass-lang.com/d/mixed-decls[0m

  The plugin "angular-compiler" was triggered by this import

    src/app/pages/dashboard-settings/dashboard-settings.component.ts:3:33:
[37m      3 Γöé ...CE__1 from [32m"angular:jit:style:file;./dashboard-settings.componen[37m...
        Γò╡               [32m~~~~~~~~~~~~~~~~~~~~~~~~~~~~~~~~~~~~~~~~~~~~~~~~~~~~~[0m


[33mΓû▓ [43;33m[[43;30mWARNING[43;33m][0m [1mDeprecation[0m [1m[35m[plugin angular-sass][0m

    src/app/shared/styles/_mixins.scss:207:2:
[37m      207 Γöé   [32m[37mborder: none;
          Γò╡   [32m^[0m


  Sass's behavior for declarations that appear after nested
  rules will be changing to match the behavior specified by CSS in an upcoming
  version. To keep the existing behavior, move the declaration above the nested
  rule. To opt into the new behavior, wrap the declaration in `& {}`.
  
  More info: [4mhttps://sass-lang.com/d/mixed-decls[0m

  The plugin "angular-compiler" was triggered by this import

    src/app/pages/timesheets/timesheets.component.ts:3:33:
[37m      3 Γöé ...OURCE__1 from [32m"angular:jit:style:file;./timesheets.component.scss"[37m;
        Γò╡                  [32m~~~~~~~~~~~~~~~~~~~~~~~~~~~~~~~~~~~~~~~~~~~~~~~~~~~~[0m


[33mΓû▓ [43;33m[[43;30mWARNING[43;33m][0m [1mDeprecation[0m [1m[35m[plugin angular-sass][0m

    src/app/shared/styles/_mixins.scss:207:2:
[37m      207 Γöé   [32m[37mborder: none;
          Γò╡   [32m^[0m


  Sass's behavior for declarations that appear after nested
  rules will be changing to match the behavior specified by CSS in an upcoming
  version. To keep the existing behavior, move the declaration above the nested
  rule. To opt into the new behavior, wrap the declaration in `& {}`.
  
  More info: [4mhttps://sass-lang.com/d/mixed-decls[0m

  The plugin "angular-compiler" was triggered by this import

    src/app/pages/funeral-events/funeral-events.component.ts:3:33:
[37m      3 Γöé ...CE__1 from [32m"angular:jit:style:file;./funeral-events.component.sc[37m...
        Γò╡               [32m~~~~~~~~~~~~~~~~~~~~~~~~~~~~~~~~~~~~~~~~~~~~~~~~~~~~~[0m


[33mΓû▓ [43;33m[[43;30mWARNING[43;33m][0m [1mDeprecation[0m [1m[35m[plugin angular-sass][0m

    src/app/shared/styles/_mixins.scss:207:2:
[37m      207 Γöé   [32m[37mborder: none;
          Γò╡   [32m^[0m


  Sass's behavior for declarations that appear after nested
  rules will be changing to match the behavior specified by CSS in an upcoming
  version. To keep the existing behavior, move the declaration above the nested
  rule. To opt into the new behavior, wrap the declaration in `& {}`.
  
  More info: [4mhttps://sass-lang.com/d/mixed-decls[0m

  The plugin "angular-compiler" was triggered by this import

    src/app/pages/claims/claims.component.ts:3:33:
[37m      3 Γöé ..._RESOURCE__1 from [32m"angular:jit:style:file;./claims.component.scss"[37m;
        Γò╡                      [32m~~~~~~~~~~~~~~~~~~~~~~~~~~~~~~~~~~~~~~~~~~~~~~~~[0m


[33mΓû▓ [43;33m[[43;30mWARNING[43;33m][0m [1mDeprecation[0m [1m[35m[plugin angular-sass][0m

    src/app/shared/styles/_mixins.scss:207:2:
[37m      207 Γöé   [32m[37mborder: none;
          Γò╡   [32m^[0m


  Sass's behavior for declarations that appear after nested
  rules will be changing to match the behavior specified by CSS in an upcoming
  version. To keep the existing behavior, move the declaration above the nested
  rule. To opt into the new behavior, wrap the declaration in `& {}`.
  
  More info: [4mhttps://sass-lang.com/d/mixed-decls[0m

  The plugin "angular-compiler" was triggered by this import

    src/app/pages/auth/register.component.ts:3:33:
[37m      3 Γöé ...ESOURCE__1 from [32m"angular:jit:style:file;./register.component.scss"[37m;
        Γò╡                    [32m~~~~~~~~~~~~~~~~~~~~~~~~~~~~~~~~~~~~~~~~~~~~~~~~~~[0m


[33mΓû▓ [43;33m[[43;30mWARNING[43;33m][0m [1mDeprecation[0m [1m[35m[plugin angular-sass][0m

    src/app/shared/styles/_mixins.scss:207:2:
[37m      207 Γöé   [32m[37mborder: none;
          Γò╡   [32m^[0m


  Sass's behavior for declarations that appear after nested
  rules will be changing to match the behavior specified by CSS in an upcoming
  version. To keep the existing behavior, move the declaration above the nested
  rule. To opt into the new behavior, wrap the declaration in `& {}`.
  
  More info: [4mhttps://sass-lang.com/d/mixed-decls[0m

  The plugin "angular-compiler" was triggered by this import

    src/app/pages/auth/reset-password.component.ts:3:33:
[37m      3 Γöé ...CE__1 from [32m"angular:jit:style:file;./reset-password.component.sc[37m...
        Γò╡               [32m~~~~~~~~~~~~~~~~~~~~~~~~~~~~~~~~~~~~~~~~~~~~~~~~~~~~~[0m


[33mΓû▓ [43;33m[[43;30mWARNING[43;33m][0m [1mDeprecation[0m [1m[35m[plugin angular-sass][0m

    src/app/shared/styles/_mixins.scss:207:2:
[37m      207 Γöé   [32m[37mborder: none;
          Γò╡   [32m^[0m


  Sass's behavior for declarations that appear after nested
  rules will be changing to match the behavior specified by CSS in an upcoming
  version. To keep the existing behavior, move the declaration above the nested
  rule. To opt into the new behavior, wrap the declaration in `& {}`.
  
  More info: [4mhttps://sass-lang.com/d/mixed-decls[0m

  The plugin "angular-compiler" was triggered by this import

    src/app/pages/auth/forgot-password.component.ts:3:33:
[37m      3 Γöé ...CE__1 from [32m"angular:jit:style:file;./forgot-password.component.s[37m...
        Γò╡               [32m~~~~~~~~~~~~~~~~~~~~~~~~~~~~~~~~~~~~~~~~~~~~~~~~~~~~~[0m


[33mΓû▓ [43;33m[[43;30mWARNING[43;33m][0m [1mDeprecation[0m [1m[35m[plugin angular-sass][0m

    src/app/shared/styles/_mixins.scss:207:2:
[37m      207 Γöé   [32m[37mborder: none;
          Γò╡   [32m^[0m


  Sass's behavior for declarations that appear after nested
  rules will be changing to match the behavior specified by CSS in an upcoming
  version. To keep the existing behavior, move the declaration above the nested
  rule. To opt into the new behavior, wrap the declaration in `& {}`.
  
  More info: [4mhttps://sass-lang.com/d/mixed-decls[0m

  The plugin "angular-compiler" was triggered by this import

    src/app/pages/policy-attributes/policy-attributes.component.ts:3:33:
[37m      3 Γöé ...CE__1 from [32m"angular:jit:style:file;./policy-attributes.component[37m...
        Γò╡               [32m~~~~~~~~~~~~~~~~~~~~~~~~~~~~~~~~~~~~~~~~~~~~~~~~~~~~~[0m


[33mΓû▓ [43;33m[[43;30mWARNING[43;33m][0m [1mDeprecation[0m [1m[35m[plugin angular-sass][0m

    src/app/shared/styles/_mixins.scss:207:2:
[37m      207 Γöé   [32m[37mborder: none;
          Γò╡   [32m^[0m


  Sass's behavior for declarations that appear after nested
  rules will be changing to match the behavior specified by CSS in an upcoming
  version. To keep the existing behavior, move the declaration above the nested
  rule. To opt into the new behavior, wrap the declaration in `& {}`.
  
  More info: [4mhttps://sass-lang.com/d/mixed-decls[0m

  The plugin "angular-compiler" was triggered by this import

    src/app/pages/auth/login.component.ts:3:33:
[37m      3 Γöé ...I_RESOURCE__1 from [32m"angular:jit:style:file;./login.component.scss"[37m;
        Γò╡                       [32m~~~~~~~~~~~~~~~~~~~~~~~~~~~~~~~~~~~~~~~~~~~~~~~[0m


[33mΓû▓ [43;33m[[43;30mWARNING[43;33m][0m [1mDeprecation[0m [1m[35m[plugin angular-sass][0m

    src/app/shared/styles/_mixins.scss:207:2:
[37m      207 Γöé   [32m[37mborder: none;
          Γò╡   [32m^[0m


  Sass's behavior for declarations that appear after nested
  rules will be changing to match the behavior specified by CSS in an upcoming
  version. To keep the existing behavior, move the declaration above the nested
  rule. To opt into the new behavior, wrap the declaration in `& {}`.
  
  More info: [4mhttps://sass-lang.com/d/mixed-decls[0m

  The plugin "angular-compiler" was triggered by this import

    src/app/shared/components/identity-verification/identity-verification-form.component.ts:3:33:
[37m      3 Γöé ...CE__1 from [32m"angular:jit:style:file;./identity-verification-form.[37m...
        Γò╡               [32m~~~~~~~~~~~~~~~~~~~~~~~~~~~~~~~~~~~~~~~~~~~~~~~~~~~~~[0m


[33mΓû▓ [43;33m[[43;30mWARNING[43;33m][0m [1mDeprecation[0m [1m[35m[plugin angular-sass][0m

    src/app/shared/styles/_mixins.scss:207:2:
[37m      207 Γöé   [32m[37mborder: none;
          Γò╡   [32m^[0m


  Sass's behavior for declarations that appear after nested
  rules will be changing to match the behavior specified by CSS in an upcoming
  version. To keep the existing behavior, move the declaration above the nested
  rule. To opt into the new behavior, wrap the declaration in `& {}`.
  
  More info: [4mhttps://sass-lang.com/d/mixed-decls[0m

  The plugin "angular-compiler" was triggered by this import

    src/app/pages/auth/member-registration.component.ts:3:33:
[37m      3 Γöé ...CE__1 from [32m"angular:jit:style:file;./member-registration.compone[37m...
        Γò╡               [32m~~~~~~~~~~~~~~~~~~~~~~~~~~~~~~~~~~~~~~~~~~~~~~~~~~~~~[0m


[33mΓû▓ [43;33m[[43;30mWARNING[43;33m][0m [1mDeprecation[0m [1m[35m[plugin angular-sass][0m

    src/app/shared/styles/_mixins.scss:207:2:
[37m      207 Γöé   [32m[37mborder: none;
          Γò╡   [32m^[0m


  Sass's behavior for declarations that appear after nested
  rules will be changing to match the behavior specified by CSS in an upcoming
  version. To keep the existing behavior, move the declaration above the nested
  rule. To opt into the new behavior, wrap the declaration in `& {}`.
  
  More info: [4mhttps://sass-lang.com/d/mixed-decls[0m

  The plugin "angular-compiler" was triggered by this import

    src/app/pages/roles/roles.component.ts:3:33:
[37m      3 Γöé ...I_RESOURCE__1 from [32m"angular:jit:style:file;./roles.component.scss"[37m;
        Γò╡                       [32m~~~~~~~~~~~~~~~~~~~~~~~~~~~~~~~~~~~~~~~~~~~~~~~[0m


[33mΓû▓ [43;33m[[43;30mWARNING[43;33m][0m [1mDeprecation[0m [1m[35m[plugin angular-sass][0m

    src/app/shared/styles/_mixins.scss:207:2:
[37m      207 Γöé   [32m[37mborder: none;
          Γò╡   [32m^[0m


  Sass's behavior for declarations that appear after nested
  rules will be changing to match the behavior specified by CSS in an upcoming
  version. To keep the existing behavior, move the declaration above the nested
  rule. To opt into the new behavior, wrap the declaration in `& {}`.
  
  More info: [4mhttps://sass-lang.com/d/mixed-decls[0m

  The plugin "angular-compiler" was triggered by this import

    src/app/pages/dashboard/widgets/stats-summary-widget/stats-summary-widget.component.ts:3:33:
[37m      3 Γöé ...CE__1 from [32m"angular:jit:style:file;./stats-summary-widget.compon[37m...
        Γò╡               [32m~~~~~~~~~~~~~~~~~~~~~~~~~~~~~~~~~~~~~~~~~~~~~~~~~~~~~[0m


[33mΓû▓ [43;33m[[43;30mWARNING[43;33m][0m [1mDeprecation[0m [1m[35m[plugin angular-sass][0m

    src/app/shared/styles/_mixins.scss:207:2:
[37m      207 Γöé   [32m[37mborder: none;
          Γò╡   [32m^[0m


  Sass's behavior for declarations that appear after nested
  rules will be changing to match the behavior specified by CSS in an upcoming
  version. To keep the existing behavior, move the declaration above the nested
  rule. To opt into the new behavior, wrap the declaration in `& {}`.
  
  More info: [4mhttps://sass-lang.com/d/mixed-decls[0m

  The plugin "angular-compiler" was triggered by this import

    src/app/pages/dashboard/widgets/member-growth-widget/member-growth-widget.component.ts:3:33:
[37m      3 Γöé ...CE__1 from [32m"angular:jit:style:file;./member-growth-widget.compon[37m...
        Γò╡               [32m~~~~~~~~~~~~~~~~~~~~~~~~~~~~~~~~~~~~~~~~~~~~~~~~~~~~~[0m


[33mΓû▓ [43;33m[[43;30mWARNING[43;33m][0m [1mDeprecation[0m [1m[35m[plugin angular-sass][0m

    src/app/shared/styles/_mixins.scss:207:2:
[37m      207 Γöé   [32m[37mborder: none;
          Γò╡   [32m^[0m


  Sass's behavior for declarations that appear after nested
  rules will be changing to match the behavior specified by CSS in an upcoming
  version. To keep the existing behavior, move the declaration above the nested
  rule. To opt into the new behavior, wrap the declaration in `& {}`.
  
  More info: [4mhttps://sass-lang.com/d/mixed-decls[0m

  The plugin "angular-compiler" was triggered by this import

    src/app/pages/dashboard/widgets/revenue-chart-widget/revenue-chart-widget.component.ts:3:33:
[37m      3 Γöé ...CE__1 from [32m"angular:jit:style:file;./revenue-chart-widget.compon[37m...
        Γò╡               [32m~~~~~~~~~~~~~~~~~~~~~~~~~~~~~~~~~~~~~~~~~~~~~~~~~~~~~[0m


[33mΓû▓ [43;33m[[43;30mWARNING[43;33m][0m [1mDeprecation[0m [1m[35m[plugin angular-sass][0m

    src/app/shared/styles/_mixins.scss:207:2:
[37m      207 Γöé   [32m[37mborder: none;
          Γò╡   [32m^[0m


  Sass's behavior for declarations that appear after nested
  rules will be changing to match the behavior specified by CSS in an upcoming
  version. To keep the existing behavior, move the declaration above the nested
  rule. To opt into the new behavior, wrap the declaration in `& {}`.
  
  More info: [4mhttps://sass-lang.com/d/mixed-decls[0m

  The plugin "angular-compiler" was triggered by this import

    src/app/pages/dashboard/widgets/recent-claims-widget/recent-claims-widget.component.ts:3:33:
[37m      3 Γöé ...CE__1 from [32m"angular:jit:style:file;./recent-claims-widget.compon[37m...
        Γò╡               [32m~~~~~~~~~~~~~~~~~~~~~~~~~~~~~~~~~~~~~~~~~~~~~~~~~~~~~[0m


[33mΓû▓ [43;33m[[43;30mWARNING[43;33m][0m [1mDeprecation[0m [1m[35m[plugin angular-sass][0m

    src/app/shared/styles/_mixins.scss:207:2:
[37m      207 Γöé   [32m[37mborder: none;
          Γò╡   [32m^[0m


  Sass's behavior for declarations that appear after nested
  rules will be changing to match the behavior specified by CSS in an upcoming
  version. To keep the existing behavior, move the declaration above the nested
  rule. To opt into the new behavior, wrap the declaration in `& {}`.
  
  More info: [4mhttps://sass-lang.com/d/mixed-decls[0m

  The plugin "angular-compiler" was triggered by this import

    src/app/pages/personnel/personnel.component.ts:3:33:
[37m      3 Γöé ...SOURCE__1 from [32m"angular:jit:style:file;./personnel.component.scss"[37m;
        Γò╡                   [32m~~~~~~~~~~~~~~~~~~~~~~~~~~~~~~~~~~~~~~~~~~~~~~~~~~~[0m


[33mΓû▓ [43;33m[[43;30mWARNING[43;33m][0m [1mDeprecation[0m [1m[35m[plugin angular-sass][0m

    src/app/shared/styles/_mixins.scss:207:2:
[37m      207 Γöé   [32m[37mborder: none;
          Γò╡   [32m^[0m


  Sass's behavior for declarations that appear after nested
  rules will be changing to match the behavior specified by CSS in an upcoming
  version. To keep the existing behavior, move the declaration above the nested
  rule. To opt into the new behavior, wrap the declaration in `& {}`.
  
  More info: [4mhttps://sass-lang.com/d/mixed-decls[0m

  The plugin "angular-compiler" was triggered by this import

    src/app/pages/asset-management/asset-management.component.ts:3:33:
[37m      3 Γöé ...CE__1 from [32m"angular:jit:style:file;./asset-management.component.[37m...
        Γò╡               [32m~~~~~~~~~~~~~~~~~~~~~~~~~~~~~~~~~~~~~~~~~~~~~~~~~~~~~[0m


[33mΓû▓ [43;33m[[43;30mWARNING[43;33m][0m [1mDeprecation[0m [1m[35m[plugin angular-sass][0m

    src/app/shared/styles/_mixins.scss:207:2:
[37m      207 Γöé   [32m[37mborder: none;
          Γò╡   [32m^[0m


  Sass's behavior for declarations that appear after nested
  rules will be changing to match the behavior specified by CSS in an upcoming
  version. To keep the existing behavior, move the declaration above the nested
  rule. To opt into the new behavior, wrap the declaration in `& {}`.
  
  More info: [4mhttps://sass-lang.com/d/mixed-decls[0m

  The plugin "angular-compiler" was triggered by this import

    src/app/shared/components/verification-status/verification-status.component.ts:3:33:
[37m      3 Γöé ...CE__1 from [32m"angular:jit:style:file;./verification-status.compone[37m...
        Γò╡               [32m~~~~~~~~~~~~~~~~~~~~~~~~~~~~~~~~~~~~~~~~~~~~~~~~~~~~~[0m


[33mΓû▓ [43;33m[[43;30mWARNING[43;33m][0m [1mDeprecation[0m [1m[35m[plugin angular-sass][0m

    src/app/shared/styles/_mixins.scss:207:2:
[37m      207 Γöé   [32m[37mborder: none;
          Γò╡   [32m^[0m


  Sass's behavior for declarations that appear after nested
  rules will be changing to match the behavior specified by CSS in an upcoming
  version. To keep the existing behavior, move the declaration above the nested
  rule. To opt into the new behavior, wrap the declaration in `& {}`.
  
  More info: [4mhttps://sass-lang.com/d/mixed-decls[0m

  The plugin "angular-compiler" was triggered by this import

    src/app/pages/auth/change-password-dialog/change-password-dialog.component.ts:3:33:
[37m      3 Γöé ...CE__1 from [32m"angular:jit:style:file;./change-password-dialog.comp[37m...
        Γò╡               [32m~~~~~~~~~~~~~~~~~~~~~~~~~~~~~~~~~~~~~~~~~~~~~~~~~~~~~[0m


[33mΓû▓ [43;33m[[43;30mWARNING[43;33m][0m [1mDeprecation[0m [1m[35m[plugin angular-sass][0m

    src/app/shared/styles/_mixins.scss:207:2:
[37m      207 Γöé   [32m[37mborder: none;
          Γò╡   [32m^[0m


  Sass's behavior for declarations that appear after nested
  rules will be changing to match the behavior specified by CSS in an upcoming
  version. To keep the existing behavior, move the declaration above the nested
  rule. To opt into the new behavior, wrap the declaration in `& {}`.
  
  More info: [4mhttps://sass-lang.com/d/mixed-decls[0m

  The plugin "angular-compiler" was triggered by this import

    src/app/pages/member-management/member-management.component.ts:3:33:
[37m      3 Γöé ...CE__1 from [32m"angular:jit:style:file;./member-management.component[37m...
        Γò╡               [32m~~~~~~~~~~~~~~~~~~~~~~~~~~~~~~~~~~~~~~~~~~~~~~~~~~~~~[0m


[33mΓû▓ [43;33m[[43;30mWARNING[43;33m][0m [1m1 repetitive deprecation warnings omitted.
Run in verbose mode to see all warnings.[0m [1m[35m[plugin angular-sass][0m

    angular:styles/global:styles:1:8:
[37m      1 Γöé @import [32m'src/styles.scss'[37m;
        Γò╡         [32m~~~~~~~~~~~~~~~~~[0m

  null


[33mΓû▓ [43;33m[[43;30mWARNING[43;33m][0m [1mDeprecation[0m [1m[35m[plugin angular-sass][0m

    src/app/shared/styles/_mixins.scss:205:2:
[37m      205 Γöé   [32m[37mbackground: $gradient-primary;
          Γò╡   [32m^[0m


  Sass's behavior for declarations that appear after nested
  rules will be changing to match the behavior specified by CSS in an upcoming
  version. To keep the existing behavior, move the declaration above the nested
  rule. To opt into the new behavior, wrap the declaration in `& {}`.
  
  More info: [4mhttps://sass-lang.com/d/mixed-decls[0m

  The plugin "angular-sass" was triggered by this import

    angular:styles/global:styles:1:8:
[37m      1 Γöé @import [32m'src/styles.scss'[37m;
        Γò╡         [32m~~~~~~~~~~~~~~~~~[0m


[33mΓû▓ [43;33m[[43;30mWARNING[43;33m][0m [1mDeprecation[0m [1m[35m[plugin angular-sass][0m

    src/app/shared/styles/_mixins.scss:205:2:
[37m      205 Γöé   [32m[37mbackground: $gradient-primary;
          Γò╡   [32m^[0m


  Sass's behavior for declarations that appear after nested
  rules will be changing to match the behavior specified by CSS in an upcoming
  version. To keep the existing behavior, move the declaration above the nested
  rule. To opt into the new behavior, wrap the declaration in `& {}`.
  
  More info: [4mhttps://sass-lang.com/d/mixed-decls[0m

  The plugin "angular-sass" was triggered by this import

    angular:styles/global:styles:1:8:
[37m      1 Γöé @import [32m'src/styles.scss'[37m;
        Γò╡         [32m~~~~~~~~~~~~~~~~~[0m


[33mΓû▓ [43;33m[[43;30mWARNING[43;33m][0m [1mDeprecation[0m [1m[35m[plugin angular-sass][0m

    src/app/shared/styles/_mixins.scss:206:2:
[37m      206 Γöé   [32m[37mcolor: $color-text-inverse;
          Γò╡   [32m^[0m


  Sass's behavior for declarations that appear after nested
  rules will be changing to match the behavior specified by CSS in an upcoming
  version. To keep the existing behavior, move the declaration above the nested
  rule. To opt into the new behavior, wrap the declaration in `& {}`.
  
  More info: [4mhttps://sass-lang.com/d/mixed-decls[0m

  The plugin "angular-sass" was triggered by this import

    angular:styles/global:styles:1:8:
[37m      1 Γöé @import [32m'src/styles.scss'[37m;
        Γò╡         [32m~~~~~~~~~~~~~~~~~[0m


[33mΓû▓ [43;33m[[43;30mWARNING[43;33m][0m [1mDeprecation[0m [1m[35m[plugin angular-sass][0m

    src/app/shared/styles/_mixins.scss:206:2:
[37m      206 Γöé   [32m[37mcolor: $color-text-inverse;
          Γò╡   [32m^[0m


  Sass's behavior for declarations that appear after nested
  rules will be changing to match the behavior specified by CSS in an upcoming
  version. To keep the existing behavior, move the declaration above the nested
  rule. To opt into the new behavior, wrap the declaration in `& {}`.
  
  More info: [4mhttps://sass-lang.com/d/mixed-decls[0m

  The plugin "angular-sass" was triggered by this import

    angular:styles/global:styles:1:8:
[37m      1 Γöé @import [32m'src/styles.scss'[37m;
        Γò╡         [32m~~~~~~~~~~~~~~~~~[0m


[33mΓû▓ [43;33m[[43;30mWARNING[43;33m][0m [1mDeprecation[0m [1m[35m[plugin angular-sass][0m

    src/app/shared/styles/_mixins.scss:207:2:
[37m      207 Γöé   [32m[37mborder: none;
          Γò╡   [32m^[0m


  Sass's behavior for declarations that appear after nested
  rules will be changing to match the behavior specified by CSS in an upcoming
  version. To keep the existing behavior, move the declaration above the nested
  rule. To opt into the new behavior, wrap the declaration in `& {}`.
  
  More info: [4mhttps://sass-lang.com/d/mixed-decls[0m

  The plugin "angular-sass" was triggered by this import

    angular:styles/global:styles:1:8:
[37m      1 Γöé @import [32m'src/styles.scss'[37m;
        Γò╡         [32m~~~~~~~~~~~~~~~~~[0m

[39m[22m
[1m[31m[31mX [41;31m[[41;97mERROR[41;31m][0m [1mExpected identifier but found ":"[0m

    src/app/building-blocks/onboarding-multi-submit-step/onboarding-multi-submit-step.component.ts:563:20:
[37m      563 Γöé                     [32m:[37m .canProceed
          Γò╡                     [32m^[0m


[31mX [41;31m[[41;97mERROR[41;31m][0m [1mTS2322: Type 'boolean[]' is not assignable to type '{ record: any; parsed: any; }[]'.
  Type 'boolean' is not assignable to type '{ record: any; parsed: any; }'.[0m [1m[35m[plugin angular-compiler][0m

    src/app/building-blocks/onboarding-multi-submit-step/onboarding-multi-submit-step.component.ts:668:4:
[37m      668 Γöé     [32mthis.viewRecords[37m = (this.records || []).map((r: any) => {
          Γò╡     [32m~~~~~~~~~~~~~~~~[0m


[31mX [41;31m[[41;97mERROR[41;31m][0m [1mTS1434: Unexpected keyword or identifier.[0m [1m[35m[plugin angular-compiler][0m

    src/app/building-blocks/onboarding-multi-submit-step/onboarding-multi-submit-step.component.ts:677:2:
[37m      677 Γöé   [32mget[37m canProceed(): boolean {
          Γò╡   [32m~~~[0m


[31mX [41;31m[[41;97mERROR[41;31m][0m [1mTS2304: Cannot find name 'get'.[0m [1m[35m[plugin angular-compiler][0m

    src/app/building-blocks/onboarding-multi-submit-step/onboarding-multi-submit-step.component.ts:677:2:
[37m      677 Γöé   [32mget[37m canProceed(): boolean {
          Γò╡   [32m~~~[0m


[31mX [41;31m[[41;97mERROR[41;31m][0m [1mTS2304: Cannot find name 'canProceed'.[0m [1m[35m[plugin angular-compiler][0m

    src/app/building-blocks/onboarding-multi-submit-step/onboarding-multi-submit-step.component.ts:677:6:
[37m      677 Γöé   get [32mcanProceed[37m(): boolean {
          Γò╡       [32m~~~~~~~~~~[0m


[31mX [41;31m[[41;97mERROR[41;31m][0m [1mTS1005: ';' expected.[0m [1m[35m[plugin angular-compiler][0m

    src/app/building-blocks/onboarding-multi-submit-step/onboarding-multi-submit-step.component.ts:677:18:
[37m      677 Γöé   get canProceed()[32m:[37m boolean {
          Γò╡                   [32m^[0m


[31mX [41;31m[[41;97mERROR[41;31m][0m [1mTS1434: Unexpected keyword or identifier.[0m [1m[35m[plugin angular-compiler][0m

    src/app/building-blocks/onboarding-multi-submit-step/onboarding-multi-submit-step.component.ts:677:20:
[37m      677 Γöé   get canProceed(): [32mboolean[37m {
          Γò╡                     [32m~~~~~~~[0m


[31mX [41;31m[[41;97mERROR[41;31m][0m [1mTS2693: 'boolean' only refers to a type, but is being used as a value here.[0m [1m[35m[plugin 
angular-compiler][0m

    src/app/building-blocks/onboarding-multi-submit-step/onboarding-multi-submit-step.component.ts:677:20:
[37m      677 Γöé   get canProceed(): [32mboolean[37m {
          Γò╡                     [32m~~~~~~~[0m


[31mX [41;31m[[41;97mERROR[41;31m][0m [1mTS2304: Cannot find name 'onNext'.[0m [1m[35m[plugin angular-compiler][0m

    src/app/building-blocks/onboarding-multi-submit-step/onboarding-multi-submit-step.component.ts:684:2:
[37m      684 Γöé   [32monNext[37m(): void {
          Γò╡   [32m~~~~~~[0m


[31mX [41;31m[[41;97mERROR[41;31m][0m [1mTS1005: ';' expected.[0m [1m[35m[plugin angular-compiler][0m

    src/app/building-blocks/onboarding-multi-submit-step/onboarding-multi-submit-step.component.ts:684:10:
[37m      684 Γöé   onNext()[32m:[37m void {
          Γò╡           [32m^[0m


[31mX [41;31m[[41;97mERROR[41;31m][0m [1mTS1003: Identifier expected.[0m [1m[35m[plugin angular-compiler][0m

    src/app/building-blocks/onboarding-multi-submit-step/onboarding-multi-submit-step.component.ts:685:8:
[37m      685 Γöé     if ([32m![37mthis.canProceed) {
          Γò╡         [32m^[0m


[31mX [41;31m[[41;97mERROR[41;31m][0m [1mTS2680: A 'this' parameter must be the first parameter.[0m [1m[35m[plugin angular-compiler][0m

    src/app/building-blocks/onboarding-multi-submit-step/onboarding-multi-submit-step.component.ts:685:9:
[37m      685 Γöé     if (![32mthis[37m.canProceed) {
          Γò╡          [32m~~~~[0m


[31mX [41;31m[[41;97mERROR[41;31m][0m [1mTS1005: ',' expected.[0m [1m[35m[plugin angular-compiler][0m

    src/app/building-blocks/onboarding-multi-submit-step/onboarding-multi-submit-step.component.ts:685:13:
[37m      685 Γöé     if (!this[32m.[37mcanProceed) {
          Γò╡              [32m^[0m


[31mX [41;31m[[41;97mERROR[41;31m][0m [1mTS1005: ',' expected.[0m [1m[35m[plugin angular-compiler][0m

    src/app/building-blocks/onboarding-multi-submit-step/onboarding-multi-submit-step.component.ts:685:24:
[37m      685 Γöé     if (!this.canProceed[32m)[37m {
          Γò╡                         [32m^[0m


[31mX [41;31m[[41;97mERROR[41;31m][0m [1mTS1005: ';' expected.[0m [1m[35m[plugin angular-compiler][0m

    src/app/building-blocks/onboarding-multi-submit-step/onboarding-multi-submit-step.component.ts:685:26:
[37m      685 Γöé     if (!this.canProceed) [32m{[37m
          Γò╡                           [32m^[0m


[31mX [41;31m[[41;97mERROR[41;31m][0m [1mTS1128: Declaration or statement expected.[0m [1m[35m[plugin angular-compiler][0m

    src/app/building-blocks/onboarding-multi-submit-step/onboarding-multi-submit-step.component.ts:697:4:
[37m      697 Γöé     [32m}[37m);
          Γò╡     [32m^[0m


[31mX [41;31m[[41;97mERROR[41;31m][0m [1mTS1128: Declaration or statement expected.[0m [1m[35m[plugin angular-compiler][0m

    src/app/building-blocks/onboarding-multi-submit-step/onboarding-multi-submit-step.component.ts:697:5:
[37m      697 Γöé     }[32m)[37m;
          Γò╡      [32m^[0m


[31mX [41;31m[[41;97mERROR[41;31m][0m [1mTS1128: Declaration or statement expected.[0m [1m[35m[plugin angular-compiler][0m

    src/app/building-blocks/onboarding-multi-submit-step/onboarding-multi-submit-step.component.ts:698:2:
[37m      698 Γöé   [32m}[37m
          Γò╡   [32m^[0m


[31mX [41;31m[[41;97mERROR[41;31m][0m [1mTS1128: Declaration or statement expected.[0m [1m[35m[plugin angular-compiler][0m

    src/app/building-blocks/onboarding-multi-submit-step/onboarding-multi-submit-step.component.ts:699:0:
[37m      699 Γöé [32m}[37m
          Γò╡ [32m^[0m

[39m[22m
