[33mΓ¥»[39m Building...
[32mΓ£ö[39m Building...
Application bundle generation failed. [13.470 seconds]

node.exe : [1m[33m[33mΓû▓ [43;33m[[43;30mWARNING[43;33m][0m [1m1 
repetitive deprecation warnings omitted.
At line:1 char:1
+ & "C:\Program Files\nodejs/node.exe" "C:\Program Files\nodejs/node_mo ...
+ ~~~~~~~~~~~~~~~~~~~~~~~~~~~~~~~~~~~~~~~~~~~~~~~~~~~~~~~~~~~~~~~~~~~~~
    + CategoryInfo          : NotSpecified: ([1m[33m[33mΓ...rnings omit 
   ted.:String) [], RemoteException
    + FullyQualifiedErrorId : NativeCommandError
 
Run in verbose mode to see all warnings.[0m [1m[35m[plugin 
angular-sass][0m

  null


[33mΓû▓ [43;33m[[43;30mWARNING[43;33m][0m [1m1 repetitive 
deprecation warnings omitted.
Run in verbose mode to see all warnings.[0m [1m[35m[plugin 
angular-sass][0m

  null


[33mΓû▓ [43;33m[[43;30mWARNING[43;33m][0m [1m1 repetitive 
deprecation warnings omitted.
Run in verbose mode to see all warnings.[0m [1m[35m[plugin 
angular-sass][0m

  null


[33mΓû▓ [43;33m[[43;30mWARNING[43;33m][0m [1m1 repetitive 
deprecation warnings omitted.
Run in verbose mode to see all warnings.[0m [1m[35m[plugin 
angular-sass][0m

  null


[33mΓû▓ [43;33m[[43;30mWARNING[43;33m][0m [1m1 repetitive 
deprecation warnings omitted.
Run in verbose mode to see all warnings.[0m [1m[35m[plugin 
angular-sass][0m

  null


[33mΓû▓ [43;33m[[43;30mWARNING[43;33m][0m [1m1 repetitive 
deprecation warnings omitted.
Run in verbose mode to see all warnings.[0m [1m[35m[plugin 
angular-sass][0m

  null


[33mΓû▓ [43;33m[[43;30mWARNING[43;33m][0m [1m1 repetitive 
deprecation warnings omitted.
Run in verbose mode to see all warnings.[0m [1m[35m[plugin 
angular-sass][0m

  null


[33mΓû▓ [43;33m[[43;30mWARNING[43;33m][0m [1m1 repetitive 
deprecation warnings omitted.
Run in verbose mode to see all warnings.[0m [1m[35m[plugin 
angular-sass][0m

  null


[33mΓû▓ [43;33m[[43;30mWARNING[43;33m][0m [1m1 repetitive 
deprecation warnings omitted.
Run in verbose mode to see all warnings.[0m [1m[35m[plugin 
angular-sass][0m

  null


[33mΓû▓ [43;33m[[43;30mWARNING[43;33m][0m [1m1 repetitive 
deprecation warnings omitted.
Run in verbose mode to see all warnings.[0m [1m[35m[plugin 
angular-sass][0m

  null


[33mΓû▓ [43;33m[[43;30mWARNING[43;33m][0m [1m1 repetitive 
deprecation warnings omitted.
Run in verbose mode to see all warnings.[0m [1m[35m[plugin 
angular-sass][0m

  null


[33mΓû▓ [43;33m[[43;30mWARNING[43;33m][0m [1m1 repetitive 
deprecation warnings omitted.
Run in verbose mode to see all warnings.[0m [1m[35m[plugin 
angular-sass][0m

  null


[33mΓû▓ [43;33m[[43;30mWARNING[43;33m][0m [1m1 repetitive 
deprecation warnings omitted.
Run in verbose mode to see all warnings.[0m [1m[35m[plugin 
angular-sass][0m

  null


[33mΓû▓ [43;33m[[43;30mWARNING[43;33m][0m [1m1 repetitive 
deprecation warnings omitted.
Run in verbose mode to see all warnings.[0m [1m[35m[plugin 
angular-sass][0m

  null


[33mΓû▓ [43;33m[[43;30mWARNING[43;33m][0m [1m1 repetitive 
deprecation warnings omitted.
Run in verbose mode to see all warnings.[0m [1m[35m[plugin 
angular-sass][0m

  null


[33mΓû▓ [43;33m[[43;30mWARNING[43;33m][0m [1m1 repetitive 
deprecation warnings omitted.
Run in verbose mode to see all warnings.[0m [1m[35m[plugin 
angular-sass][0m

  null


[33mΓû▓ [43;33m[[43;30mWARNING[43;33m][0m [1m1 repetitive 
deprecation warnings omitted.
Run in verbose mode to see all warnings.[0m [1m[35m[plugin 
angular-sass][0m

  null


[33mΓû▓ [43;33m[[43;30mWARNING[43;33m][0m [1m1 repetitive 
deprecation warnings omitted.
Run in verbose mode to see all warnings.[0m [1m[35m[plugin 
angular-sass][0m

  null


[33mΓû▓ [43;33m[[43;30mWARNING[43;33m][0m [1m1 repetitive 
deprecation warnings omitted.
Run in verbose mode to see all warnings.[0m [1m[35m[plugin 
angular-sass][0m

  null


[33mΓû▓ [43;33m[[43;30mWARNING[43;33m][0m [1m1 repetitive 
deprecation warnings omitted.
Run in verbose mode to see all warnings.[0m [1m[35m[plugin 
angular-sass][0m

  null


[33mΓû▓ [43;33m[[43;30mWARNING[43;33m][0m [1m1 repetitive 
deprecation warnings omitted.
Run in verbose mode to see all warnings.[0m [1m[35m[plugin 
angular-sass][0m

  null


[33mΓû▓ [43;33m[[43;30mWARNING[43;33m][0m [1m1 repetitive 
deprecation warnings omitted.
Run in verbose mode to see all warnings.[0m [1m[35m[plugin 
angular-sass][0m

  null


[33mΓû▓ [43;33m[[43;30mWARNING[43;33m][0m [1m1 repetitive 
deprecation warnings omitted.
Run in verbose mode to see all warnings.[0m [1m[35m[plugin 
angular-sass][0m

  null


[33mΓû▓ [43;33m[[43;30mWARNING[43;33m][0m [1m1 repetitive 
deprecation warnings omitted.
Run in verbose mode to see all warnings.[0m [1m[35m[plugin 
angular-sass][0m

  null


[33mΓû▓ [43;33m[[43;30mWARNING[43;33m][0m [1m1 repetitive 
deprecation warnings omitted.
Run in verbose mode to see all warnings.[0m [1m[35m[plugin 
angular-sass][0m

  null


[33mΓû▓ [43;33m[[43;30mWARNING[43;33m][0m [1m1 repetitive 
deprecation warnings omitted.
Run in verbose mode to see all warnings.[0m [1m[35m[plugin 
angular-sass][0m

  null


[33mΓû▓ [43;33m[[43;30mWARNING[43;33m][0m [1m1 repetitive 
deprecation warnings omitted.
Run in verbose mode to see all warnings.[0m [1m[35m[plugin 
angular-sass][0m

  null


[33mΓû▓ [43;33m[[43;30mWARNING[43;33m][0m [1m1 repetitive 
deprecation warnings omitted.
Run in verbose mode to see all warnings.[0m [1m[35m[plugin 
angular-sass][0m

  null


[33mΓû▓ [43;33m[[43;30mWARNING[43;33m][0m [1m1 repetitive 
deprecation warnings omitted.
Run in verbose mode to see all warnings.[0m [1m[35m[plugin 
angular-sass][0m

  null


[33mΓû▓ [43;33m[[43;30mWARNING[43;33m][0m [1m1 repetitive 
deprecation warnings omitted.
Run in verbose mode to see all warnings.[0m [1m[35m[plugin 
angular-sass][0m

  null


[33mΓû▓ [43;33m[[43;30mWARNING[43;33m][0m [1m1 repetitive 
deprecation warnings omitted.
Run in verbose mode to see all warnings.[0m [1m[35m[plugin 
angular-sass][0m

  null


[33mΓû▓ [43;33m[[43;30mWARNING[43;33m][0m [1m1 repetitive 
deprecation warnings omitted.
Run in verbose mode to see all warnings.[0m [1m[35m[plugin 
angular-sass][0m

  null


[33mΓû▓ [43;33m[[43;30mWARNING[43;33m][0m [1mDeprecation[0m 
[1m[35m[plugin angular-sass][0m

    src/app/pages/asset-management/asset-management.component.scss:1:8:
[37m      1 Γöé @import [32m[37m'../../shared/styles/modern-ui.scss';
        Γò╡         [32m^[0m


  Sass @import rules are deprecated and will be removed in Dart Sass 3.0.0.
  
  More info and automated migrator: [4mhttps://sass-lang.com/d/import[0m


[33mΓû▓ [43;33m[[43;30mWARNING[43;33m][0m [1mDeprecation[0m 
[1m[35m[plugin angular-sass][0m

    src/app/pages/auth/change-password-dialog/change-password-dialog.compon
ent.scss:1:8:
[37m      1 Γöé @import [32m[37m'../../../shared/styles/modern-ui.scss';
        Γò╡         [32m^[0m


  Sass @import rules are deprecated and will be removed in Dart Sass 3.0.0.
  
  More info and automated migrator: [4mhttps://sass-lang.com/d/import[0m


[33mΓû▓ [43;33m[[43;30mWARNING[43;33m][0m [1mDeprecation[0m 
[1m[35m[plugin angular-sass][0m

    src/app/pages/auth/forgot-password.component.scss:1:8:
[37m      1 Γöé @import [32m[37m'../../shared/styles/modern-ui.scss';
        Γò╡         [32m^[0m


  Sass @import rules are deprecated and will be removed in Dart Sass 3.0.0.
  
  More info and automated migrator: [4mhttps://sass-lang.com/d/import[0m


[33mΓû▓ [43;33m[[43;30mWARNING[43;33m][0m [1mDeprecation[0m 
[1m[35m[plugin angular-sass][0m

    src/app/pages/auth/login.component.scss:1:8:
[37m      1 Γöé @import [32m[37m'../../shared/styles/modern-ui.scss';
        Γò╡         [32m^[0m


  Sass @import rules are deprecated and will be removed in Dart Sass 3.0.0.
  
  More info and automated migrator: [4mhttps://sass-lang.com/d/import[0m


[33mΓû▓ [43;33m[[43;30mWARNING[43;33m][0m [1mDeprecation[0m 
[1m[35m[plugin angular-sass][0m

    src/app/pages/auth/member-registration.component.scss:1:8:
[37m      1 Γöé @import [32m[37m'../../shared/styles/modern-ui.scss';
        Γò╡         [32m^[0m


  Sass @import rules are deprecated and will be removed in Dart Sass 3.0.0.
  
  More info and automated migrator: [4mhttps://sass-lang.com/d/import[0m


[33mΓû▓ [43;33m[[43;30mWARNING[43;33m][0m [1mDeprecation[0m 
[1m[35m[plugin angular-sass][0m

    src/app/pages/auth/policy-selection-modal/policy-selection-modal.compon
ent.scss:1:8:
[37m      1 Γöé @import [32m[37m'../../../shared/styles/modern-ui.scss';
        Γò╡         [32m^[0m


  Sass @import rules are deprecated and will be removed in Dart Sass 3.0.0.
  
  More info and automated migrator: [4mhttps://sass-lang.com/d/import[0m


[33mΓû▓ [43;33m[[43;30mWARNING[43;33m][0m [1mDeprecation[0m 
[1m[35m[plugin angular-sass][0m

    src/app/pages/auth/register.component.scss:1:8:
[37m      1 Γöé @import [32m[37m'../../shared/styles/modern-ui.scss';
        Γò╡         [32m^[0m


  Sass @import rules are deprecated and will be removed in Dart Sass 3.0.0.
  
  More info and automated migrator: [4mhttps://sass-lang.com/d/import[0m


[33mΓû▓ [43;33m[[43;30mWARNING[43;33m][0m [1mDeprecation[0m 
[1m[35m[plugin angular-sass][0m

    src/app/pages/auth/reset-password.component.scss:1:8:
[37m      1 Γöé @import [32m[37m'../../shared/styles/modern-ui.scss';
        Γò╡         [32m^[0m


  Sass @import rules are deprecated and will be removed in Dart Sass 3.0.0.
  
  More info and automated migrator: [4mhttps://sass-lang.com/d/import[0m


[33mΓû▓ [43;33m[[43;30mWARNING[43;33m][0m [1mDeprecation[0m 
[1m[35m[plugin angular-sass][0m

    src/app/pages/claims/claims.component.scss:1:8:
[37m      1 Γöé @import [32m[37m'../../shared/styles/modern-ui.scss';
        Γò╡         [32m^[0m


  Sass @import rules are deprecated and will be removed in Dart Sass 3.0.0.
  
  More info and automated migrator: [4mhttps://sass-lang.com/d/import[0m


[33mΓû▓ [43;33m[[43;30mWARNING[43;33m][0m [1mDeprecation[0m 
[1m[35m[plugin angular-sass][0m

    src/app/pages/dashboard-settings/dashboard-settings.component.scss:1:8:
[37m      1 Γöé @import [32m[37m'../../shared/styles/modern-ui.scss';
        Γò╡         [32m^[0m


  Sass @import rules are deprecated and will be removed in Dart Sass 3.0.0.
  
  More info and automated migrator: [4mhttps://sass-lang.com/d/import[0m


[33mΓû▓ [43;33m[[43;30mWARNING[43;33m][0m [1mDeprecation[0m 
[1m[35m[plugin angular-sass][0m

    src/app/pages/dashboard/dashboard.scss:1:8:
[37m      1 Γöé @import [32m[37m'../../shared/styles/modern-ui.scss';
        Γò╡         [32m^[0m


  Sass @import rules are deprecated and will be removed in Dart Sass 3.0.0.
  
  More info and automated migrator: [4mhttps://sass-lang.com/d/import[0m


[33mΓû▓ [43;33m[[43;30mWARNING[43;33m][0m [1mDeprecation[0m 
[1m[35m[plugin angular-sass][0m

    src/app/pages/dashboard/widgets/member-growth-widget/member-growth-widg
et.component.scss:1:8:
[37m      1 Γöé @import 
[32m[37m'../../../../shared/styles/modern-ui.scss';
        Γò╡         [32m^[0m


  Sass @import rules are deprecated and will be removed in Dart Sass 3.0.0.
  
  More info and automated migrator: [4mhttps://sass-lang.com/d/import[0m


[33mΓû▓ [43;33m[[43;30mWARNING[43;33m][0m [1mDeprecation[0m 
[1m[35m[plugin angular-sass][0m

    src/app/pages/dashboard/widgets/recent-claims-widget/recent-claims-widg
et.component.scss:1:8:
[37m      1 Γöé @import 
[32m[37m'../../../../shared/styles/modern-ui.scss';
        Γò╡         [32m^[0m


  Sass @import rules are deprecated and will be removed in Dart Sass 3.0.0.
  
  More info and automated migrator: [4mhttps://sass-lang.com/d/import[0m


[33mΓû▓ [43;33m[[43;30mWARNING[43;33m][0m [1mDeprecation[0m 
[1m[35m[plugin angular-sass][0m

    src/app/pages/dashboard/widgets/revenue-chart-widget/revenue-chart-widg
et.component.scss:1:8:
[37m      1 Γöé @import 
[32m[37m'../../../../shared/styles/modern-ui.scss';
        Γò╡         [32m^[0m


  Sass @import rules are deprecated and will be removed in Dart Sass 3.0.0.
  
  More info and automated migrator: [4mhttps://sass-lang.com/d/import[0m


[33mΓû▓ [43;33m[[43;30mWARNING[43;33m][0m [1mDeprecation[0m 
[1m[35m[plugin angular-sass][0m

    src/app/pages/dashboard/widgets/stats-summary-widget/stats-summary-widg
et.component.scss:1:8:
[37m      1 Γöé @import 
[32m[37m'../../../../shared/styles/modern-ui.scss';
        Γò╡         [32m^[0m


  Sass @import rules are deprecated and will be removed in Dart Sass 3.0.0.
  
  More info and automated migrator: [4mhttps://sass-lang.com/d/import[0m


[33mΓû▓ [43;33m[[43;30mWARNING[43;33m][0m [1mDeprecation[0m 
[1m[35m[plugin angular-sass][0m

    src/app/pages/funeral-events/funeral-events.component.scss:1:8:
[37m      1 Γöé @import [32m[37m'../../shared/styles/modern-ui.scss';
        Γò╡         [32m^[0m


  Sass @import rules are deprecated and will be removed in Dart Sass 3.0.0.
  
  More info and automated migrator: [4mhttps://sass-lang.com/d/import[0m


[33mΓû▓ [43;33m[[43;30mWARNING[43;33m][0m [1mDeprecation[0m 
[1m[35m[plugin angular-sass][0m

    src/app/pages/landing-renderer/landing-page-renderer.component.ts:2:20:
[37m      2 Γöé             @import 
[32m[37m'../../building-blocks/animations.scss';
        Γò╡                     [32m^[0m


  Sass @import rules are deprecated and will be removed in Dart Sass 3.0.0.
  
  More info and automated migrator: [4mhttps://sass-lang.com/d/import[0m


[33mΓû▓ [43;33m[[43;30mWARNING[43;33m][0m [1mDeprecation[0m 
[1m[35m[plugin angular-sass][0m

    src/app/pages/member-management/member-management.component.scss:1:8:
[37m      1 Γöé @import [32m[37m'../../shared/styles/modern-ui.scss';
        Γò╡         [32m^[0m


  Sass @import rules are deprecated and will be removed in Dart Sass 3.0.0.
  
  More info and automated migrator: [4mhttps://sass-lang.com/d/import[0m


[33mΓû▓ [43;33m[[43;30mWARNING[43;33m][0m [1mDeprecation[0m 
[1m[35m[plugin angular-sass][0m

    src/app/pages/member-onboarding/member-onboarding.component.scss:1:8:
[37m      1 Γöé @import [32m[37m'../../shared/styles/modern-ui.scss';
        Γò╡         [32m^[0m


  Sass @import rules are deprecated and will be removed in Dart Sass 3.0.0.
  
  More info and automated migrator: [4mhttps://sass-lang.com/d/import[0m


[33mΓû▓ [43;33m[[43;30mWARNING[43;33m][0m [1mDeprecation[0m 
[1m[35m[plugin angular-sass][0m

    src/app/pages/member-onboarding/steps/banking-details-step.component.sc
ss:1:8:
[37m      1 Γöé @import [32m[37m'../../../shared/styles/modern-ui.scss';
        Γò╡         [32m^[0m


  Sass @import rules are deprecated and will be removed in Dart Sass 3.0.0.
  
  More info and automated migrator: [4mhttps://sass-lang.com/d/import[0m


[33mΓû▓ [43;33m[[43;30mWARNING[43;33m][0m [1mDeprecation[0m 
[1m[35m[plugin angular-sass][0m

    src/app/pages/member-onboarding/steps/personal-info-step.component.scss
:1:8:
[37m      1 Γöé @import [32m[37m'../../../shared/styles/modern-ui.scss';
        Γò╡         [32m^[0m


  Sass @import rules are deprecated and will be removed in Dart Sass 3.0.0.
  
  More info and automated migrator: [4mhttps://sass-lang.com/d/import[0m


[33mΓû▓ [43;33m[[43;30mWARNING[43;33m][0m [1mDeprecation[0m 
[1m[35m[plugin angular-sass][0m

    src/app/pages/member-onboarding/steps/summary-step/summary-step.compone
nt.scss:1:8:
[37m      1 Γöé @import 
[32m[37m'../../../../shared/styles/modern-ui.scss';
        Γò╡         [32m^[0m


  Sass @import rules are deprecated and will be removed in Dart Sass 3.0.0.
  
  More info and automated migrator: [4mhttps://sass-lang.com/d/import[0m


[33mΓû▓ [43;33m[[43;30mWARNING[43;33m][0m [1mDeprecation[0m 
[1m[35m[plugin angular-sass][0m

    src/app/pages/notfound/notfound.scss:1:8:
[37m      1 Γöé @import [32m[37m'../../shared/styles/modern-ui.scss';
        Γò╡         [32m^[0m


  Sass @import rules are deprecated and will be removed in Dart Sass 3.0.0.
  
  More info and automated migrator: [4mhttps://sass-lang.com/d/import[0m


[33mΓû▓ [43;33m[[43;30mWARNING[43;33m][0m [1mDeprecation[0m 
[1m[35m[plugin angular-sass][0m

    src/app/pages/onboarding-settings/field-configuration/field-configurati
on.component.scss:1:8:
[37m      1 Γöé @import [32m[37m'../../../shared/styles/modern-ui.scss';
        Γò╡         [32m^[0m


  Sass @import rules are deprecated and will be removed in Dart Sass 3.0.0.
  
  More info and automated migrator: [4mhttps://sass-lang.com/d/import[0m


[33mΓû▓ [43;33m[[43;30mWARNING[43;33m][0m [1mDeprecation[0m 
[1m[35m[plugin angular-sass][0m

    
src/app/pages/onboarding-settings/onboarding-settings.component.scss:1:8:
[37m      1 Γöé @import [32m[37m'../../shared/styles/modern-ui.scss';
        Γò╡         [32m^[0m


  Sass @import rules are deprecated and will be removed in Dart Sass 3.0.0.
  
  More info and automated migrator: [4mhttps://sass-lang.com/d/import[0m


[33mΓû▓ [43;33m[[43;30mWARNING[43;33m][0m [1mDeprecation[0m 
[1m[35m[plugin angular-sass][0m

    src/app/pages/onboarding-settings/required-documents/required-documents
.component.scss:1:8:
[37m      1 Γöé @import [32m[37m'../../../shared/styles/modern-ui.scss';
        Γò╡         [32m^[0m


  Sass @import rules are deprecated and will be removed in Dart Sass 3.0.0.
  
  More info and automated migrator: [4mhttps://sass-lang.com/d/import[0m


[33mΓû▓ [43;33m[[43;30mWARNING[43;33m][0m [1mDeprecation[0m 
[1m[35m[plugin angular-sass][0m

    src/app/pages/onboarding-settings/terms-management/terms-management.com
ponent.scss:1:8:
[37m      1 Γöé @import [32m[37m'../../../shared/styles/modern-ui.scss';
        Γò╡         [32m^[0m


  Sass @import rules are deprecated and will be removed in Dart Sass 3.0.0.
  
  More info and automated migrator: [4mhttps://sass-lang.com/d/import[0m


[33mΓû▓ [43;33m[[43;30mWARNING[43;33m][0m [1mDeprecation[0m 
[1m[35m[plugin angular-sass][0m

    src/app/pages/personnel/personnel.component.scss:1:8:
[37m      1 Γöé @import [32m[37m'../../shared/styles/modern-ui.scss';
        Γò╡         [32m^[0m


  Sass @import rules are deprecated and will be removed in Dart Sass 3.0.0.
  
  More info and automated migrator: [4mhttps://sass-lang.com/d/import[0m


[33mΓû▓ [43;33m[[43;30mWARNING[43;33m][0m [1mDeprecation[0m 
[1m[35m[plugin angular-sass][0m

    src/app/pages/policy-attributes/policy-attributes.component.scss:1:8:
[37m      1 Γöé @import [32m[37m'../../shared/styles/modern-ui.scss';
        Γò╡         [32m^[0m


  Sass @import rules are deprecated and will be removed in Dart Sass 3.0.0.
  
  More info and automated migrator: [4mhttps://sass-lang.com/d/import[0m


[33mΓû▓ [43;33m[[43;30mWARNING[43;33m][0m [1mDeprecation[0m 
[1m[35m[plugin angular-sass][0m

    src/app/pages/roles/roles.component.scss:1:8:
[37m      1 Γöé @import [32m[37m'../../shared/styles/modern-ui.scss';
        Γò╡         [32m^[0m


  Sass @import rules are deprecated and will be removed in Dart Sass 3.0.0.
  
  More info and automated migrator: [4mhttps://sass-lang.com/d/import[0m


[33mΓû▓ [43;33m[[43;30mWARNING[43;33m][0m [1mNG8107: The left side 
of this optional chain operation does not include 'null' or 'undefined' in 
its type, therefore the '?.' operator can be replaced with the '.' 
operator.[0m [1m[35m[plugin angular-compiler][0m

    src/app/pages/tenant-settings/tenant-settings.component.html:43:104:
[37m      43 Γöé ...t-medium text-gray-700 mb-2">Logo 
{{tenantSettings?.[32mlogo[37m}}</label>
         Γò╡                                                        
[32m~~~~[0m

  Error occurs in the template of component TenantSettingsComponent.

    src/app/pages/tenant-settings/tenant-settings.component.ts:116:17:
[37m      116 Γöé     templateUrl: 
[32m'./tenant-settings.component.html'[37m,
          Γò╡                  [32m~~~~~~~~~~~~~~~~~~~~~~~~~~~~~~~~~~[0m


[33mΓû▓ [43;33m[[43;30mWARNING[43;33m][0m [1mDeprecation[0m 
[1m[35m[plugin angular-sass][0m

    src/app/pages/timesheets/timesheets.component.scss:1:8:
[37m      1 Γöé @import [32m[37m'../../shared/styles/modern-ui.scss';
        Γò╡         [32m^[0m


  Sass @import rules are deprecated and will be removed in Dart Sass 3.0.0.
  
  More info and automated migrator: [4mhttps://sass-lang.com/d/import[0m


[33mΓû▓ [43;33m[[43;30mWARNING[43;33m][0m [1mDeprecation[0m 
[1m[35m[plugin angular-sass][0m

    src/app/shared/components/identity-verification/identity-verification-f
orm.component.scss:1:8:
[37m      1 Γöé @import [32m[37m'../../styles/modern-ui.scss';
        Γò╡         [32m^[0m


  Sass @import rules are deprecated and will be removed in Dart Sass 3.0.0.
  
  More info and automated migrator: [4mhttps://sass-lang.com/d/import[0m


[33mΓû▓ [43;33m[[43;30mWARNING[43;33m][0m [1mDeprecation[0m 
[1m[35m[plugin angular-sass][0m

    src/app/shared/components/verification-status/verification-status.compo
nent.scss:1:8:
[37m      1 Γöé @import [32m[37m'../../styles/modern-ui.scss';
        Γò╡         [32m^[0m


  Sass @import rules are deprecated and will be removed in Dart Sass 3.0.0.
  
  More info and automated migrator: [4mhttps://sass-lang.com/d/import[0m


[33mΓû▓ [43;33m[[43;30mWARNING[43;33m][0m [1mDeprecation[0m 
[1m[35m[plugin angular-sass][0m

    src/app/shared/styles/_mixins.scss:7:8:
[37m      7 Γöé @import [32m[37m'design-tokens';
        Γò╡         [32m^[0m


  Sass @import rules are deprecated and will be removed in Dart Sass 3.0.0.
  
  More info and automated migrator: [4mhttps://sass-lang.com/d/import[0m


[33mΓû▓ [43;33m[[43;30mWARNING[43;33m][0m [1mDeprecation[0m 
[1m[35m[plugin angular-sass][0m

    src/app/shared/styles/_mixins.scss:7:8:
[37m      7 Γöé @import [32m[37m'design-tokens';
        Γò╡         [32m^[0m


  Sass @import rules are deprecated and will be removed in Dart Sass 3.0.0.
  
  More info and automated migrator: [4mhttps://sass-lang.com/d/import[0m


[33mΓû▓ [43;33m[[43;30mWARNING[43;33m][0m [1mDeprecation[0m 
[1m[35m[plugin angular-sass][0m

    src/app/shared/styles/_mixins.scss:7:8:
[37m      7 Γöé @import [32m[37m'design-tokens';
        Γò╡         [32m^[0m


  Sass @import rules are deprecated and will be removed in Dart Sass 3.0.0.
  
  More info and automated migrator: [4mhttps://sass-lang.com/d/import[0m


[33mΓû▓ [43;33m[[43;30mWARNING[43;33m][0m [1mDeprecation[0m 
[1m[35m[plugin angular-sass][0m

    src/app/shared/styles/_mixins.scss:7:8:
[37m      7 Γöé @import [32m[37m'design-tokens';
        Γò╡         [32m^[0m


  Sass @import rules are deprecated and will be removed in Dart Sass 3.0.0.
  
  More info and automated migrator: [4mhttps://sass-lang.com/d/import[0m


[33mΓû▓ [43;33m[[43;30mWARNING[43;33m][0m [1mDeprecation[0m 
[1m[35m[plugin angular-sass][0m

    src/app/shared/styles/_mixins.scss:7:8:
[37m      7 Γöé @import [32m[37m'design-tokens';
        Γò╡         [32m^[0m


  Sass @import rules are deprecated and will be removed in Dart Sass 3.0.0.
  
  More info and automated migrator: [4mhttps://sass-lang.com/d/import[0m


[33mΓû▓ [43;33m[[43;30mWARNING[43;33m][0m [1mDeprecation[0m 
[1m[35m[plugin angular-sass][0m

    src/app/shared/styles/_mixins.scss:7:8:
[37m      7 Γöé @import [32m[37m'design-tokens';
        Γò╡         [32m^[0m


  Sass @import rules are deprecated and will be removed in Dart Sass 3.0.0.
  
  More info and automated migrator: [4mhttps://sass-lang.com/d/import[0m


[33mΓû▓ [43;33m[[43;30mWARNING[43;33m][0m [1mDeprecation[0m 
[1m[35m[plugin angular-sass][0m

    src/app/shared/styles/_mixins.scss:7:8:
[37m      7 Γöé @import [32m[37m'design-tokens';
        Γò╡         [32m^[0m


  Sass @import rules are deprecated and will be removed in Dart Sass 3.0.0.
  
  More info and automated migrator: [4mhttps://sass-lang.com/d/import[0m


[33mΓû▓ [43;33m[[43;30mWARNING[43;33m][0m [1mDeprecation[0m 
[1m[35m[plugin angular-sass][0m

    src/app/shared/styles/_mixins.scss:7:8:
[37m      7 Γöé @import [32m[37m'design-tokens';
        Γò╡         [32m^[0m


  Sass @import rules are deprecated and will be removed in Dart Sass 3.0.0.
  
  More info and automated migrator: [4mhttps://sass-lang.com/d/import[0m


[33mΓû▓ [43;33m[[43;30mWARNING[43;33m][0m [1mDeprecation[0m 
[1m[35m[plugin angular-sass][0m

    src/app/shared/styles/_mixins.scss:7:8:
[37m      7 Γöé @import [32m[37m'design-tokens';
        Γò╡         [32m^[0m


  Sass @import rules are deprecated and will be removed in Dart Sass 3.0.0.
  
  More info and automated migrator: [4mhttps://sass-lang.com/d/import[0m


[33mΓû▓ [43;33m[[43;30mWARNING[43;33m][0m [1mDeprecation[0m 
[1m[35m[plugin angular-sass][0m

    src/app/shared/styles/_mixins.scss:7:8:
[37m      7 Γöé @import [32m[37m'design-tokens';
        Γò╡         [32m^[0m


  Sass @import rules are deprecated and will be removed in Dart Sass 3.0.0.
  
  More info and automated migrator: [4mhttps://sass-lang.com/d/import[0m


[33mΓû▓ [43;33m[[43;30mWARNING[43;33m][0m [1mDeprecation[0m 
[1m[35m[plugin angular-sass][0m

    src/app/shared/styles/_mixins.scss:7:8:
[37m      7 Γöé @import [32m[37m'design-tokens';
        Γò╡         [32m^[0m


  Sass @import rules are deprecated and will be removed in Dart Sass 3.0.0.
  
  More info and automated migrator: [4mhttps://sass-lang.com/d/import[0m


[33mΓû▓ [43;33m[[43;30mWARNING[43;33m][0m [1mDeprecation[0m 
[1m[35m[plugin angular-sass][0m

    src/app/shared/styles/_mixins.scss:7:8:
[37m      7 Γöé @import [32m[37m'design-tokens';
        Γò╡         [32m^[0m


  Sass @import rules are deprecated and will be removed in Dart Sass 3.0.0.
  
  More info and automated migrator: [4mhttps://sass-lang.com/d/import[0m


[33mΓû▓ [43;33m[[43;30mWARNING[43;33m][0m [1mDeprecation[0m 
[1m[35m[plugin angular-sass][0m

    src/app/shared/styles/_mixins.scss:7:8:
[37m      7 Γöé @import [32m[37m'design-tokens';
        Γò╡         [32m^[0m


  Sass @import rules are deprecated and will be removed in Dart Sass 3.0.0.
  
  More info and automated migrator: [4mhttps://sass-lang.com/d/import[0m


[33mΓû▓ [43;33m[[43;30mWARNING[43;33m][0m [1mDeprecation[0m 
[1m[35m[plugin angular-sass][0m

    src/app/shared/styles/_mixins.scss:7:8:
[37m      7 Γöé @import [32m[37m'design-tokens';
        Γò╡         [32m^[0m


  Sass @import rules are deprecated and will be removed in Dart Sass 3.0.0.
  
  More info and automated migrator: [4mhttps://sass-lang.com/d/import[0m


[33mΓû▓ [43;33m[[43;30mWARNING[43;33m][0m [1mDeprecation[0m 
[1m[35m[plugin angular-sass][0m

    src/app/shared/styles/_mixins.scss:7:8:
[37m      7 Γöé @import [32m[37m'design-tokens';
        Γò╡         [32m^[0m


  Sass @import rules are deprecated and will be removed in Dart Sass 3.0.0.
  
  More info and automated migrator: [4mhttps://sass-lang.com/d/import[0m


[33mΓû▓ [43;33m[[43;30mWARNING[43;33m][0m [1mDeprecation[0m 
[1m[35m[plugin angular-sass][0m

    src/app/shared/styles/_mixins.scss:7:8:
[37m      7 Γöé @import [32m[37m'design-tokens';
        Γò╡         [32m^[0m


  Sass @import rules are deprecated and will be removed in Dart Sass 3.0.0.
  
  More info and automated migrator: [4mhttps://sass-lang.com/d/import[0m


[33mΓû▓ [43;33m[[43;30mWARNING[43;33m][0m [1mDeprecation[0m 
[1m[35m[plugin angular-sass][0m

    src/app/shared/styles/_mixins.scss:7:8:
[37m      7 Γöé @import [32m[37m'design-tokens';
        Γò╡         [32m^[0m


  Sass @import rules are deprecated and will be removed in Dart Sass 3.0.0.
  
  More info and automated migrator: [4mhttps://sass-lang.com/d/import[0m


[33mΓû▓ [43;33m[[43;30mWARNING[43;33m][0m [1mDeprecation[0m 
[1m[35m[plugin angular-sass][0m

    src/app/shared/styles/_mixins.scss:7:8:
[37m      7 Γöé @import [32m[37m'design-tokens';
        Γò╡         [32m^[0m


  Sass @import rules are deprecated and will be removed in Dart Sass 3.0.0.
  
  More info and automated migrator: [4mhttps://sass-lang.com/d/import[0m


[33mΓû▓ [43;33m[[43;30mWARNING[43;33m][0m [1mDeprecation[0m 
[1m[35m[plugin angular-sass][0m

    src/app/shared/styles/_mixins.scss:7:8:
[37m      7 Γöé @import [32m[37m'design-tokens';
        Γò╡         [32m^[0m


  Sass @import rules are deprecated and will be removed in Dart Sass 3.0.0.
  
  More info and automated migrator: [4mhttps://sass-lang.com/d/import[0m


[33mΓû▓ [43;33m[[43;30mWARNING[43;33m][0m [1mDeprecation[0m 
[1m[35m[plugin angular-sass][0m

    src/app/shared/styles/_mixins.scss:7:8:
[37m      7 Γöé @import [32m[37m'design-tokens';
        Γò╡         [32m^[0m


  Sass @import rules are deprecated and will be removed in Dart Sass 3.0.0.
  
  More info and automated migrator: [4mhttps://sass-lang.com/d/import[0m


[33mΓû▓ [43;33m[[43;30mWARNING[43;33m][0m [1mDeprecation[0m 
[1m[35m[plugin angular-sass][0m

    src/app/shared/styles/_mixins.scss:7:8:
[37m      7 Γöé @import [32m[37m'design-tokens';
        Γò╡         [32m^[0m


  Sass @import rules are deprecated and will be removed in Dart Sass 3.0.0.
  
  More info and automated migrator: [4mhttps://sass-lang.com/d/import[0m


[33mΓû▓ [43;33m[[43;30mWARNING[43;33m][0m [1mDeprecation[0m 
[1m[35m[plugin angular-sass][0m

    src/app/shared/styles/_mixins.scss:7:8:
[37m      7 Γöé @import [32m[37m'design-tokens';
        Γò╡         [32m^[0m


  Sass @import rules are deprecated and will be removed in Dart Sass 3.0.0.
  
  More info and automated migrator: [4mhttps://sass-lang.com/d/import[0m


[33mΓû▓ [43;33m[[43;30mWARNING[43;33m][0m [1mDeprecation[0m 
[1m[35m[plugin angular-sass][0m

    src/app/shared/styles/_mixins.scss:7:8:
[37m      7 Γöé @import [32m[37m'design-tokens';
        Γò╡         [32m^[0m


  Sass @import rules are deprecated and will be removed in Dart Sass 3.0.0.
  
  More info and automated migrator: [4mhttps://sass-lang.com/d/import[0m


[33mΓû▓ [43;33m[[43;30mWARNING[43;33m][0m [1mDeprecation[0m 
[1m[35m[plugin angular-sass][0m

    src/app/shared/styles/_mixins.scss:7:8:
[37m      7 Γöé @import [32m[37m'design-tokens';
        Γò╡         [32m^[0m


  Sass @import rules are deprecated and will be removed in Dart Sass 3.0.0.
  
  More info and automated migrator: [4mhttps://sass-lang.com/d/import[0m


[33mΓû▓ [43;33m[[43;30mWARNING[43;33m][0m [1mDeprecation[0m 
[1m[35m[plugin angular-sass][0m

    src/app/shared/styles/_mixins.scss:7:8:
[37m      7 Γöé @import [32m[37m'design-tokens';
        Γò╡         [32m^[0m


  Sass @import rules are deprecated and will be removed in Dart Sass 3.0.0.
  
  More info and automated migrator: [4mhttps://sass-lang.com/d/import[0m


[33mΓû▓ [43;33m[[43;30mWARNING[43;33m][0m [1mDeprecation[0m 
[1m[35m[plugin angular-sass][0m

    src/app/shared/styles/_mixins.scss:7:8:
[37m      7 Γöé @import [32m[37m'design-tokens';
        Γò╡         [32m^[0m


  Sass @import rules are deprecated and will be removed in Dart Sass 3.0.0.
  
  More info and automated migrator: [4mhttps://sass-lang.com/d/import[0m


[33mΓû▓ [43;33m[[43;30mWARNING[43;33m][0m [1mDeprecation[0m 
[1m[35m[plugin angular-sass][0m

    src/app/shared/styles/_mixins.scss:7:8:
[37m      7 Γöé @import [32m[37m'design-tokens';
        Γò╡         [32m^[0m


  Sass @import rules are deprecated and will be removed in Dart Sass 3.0.0.
  
  More info and automated migrator: [4mhttps://sass-lang.com/d/import[0m


[33mΓû▓ [43;33m[[43;30mWARNING[43;33m][0m [1mDeprecation[0m 
[1m[35m[plugin angular-sass][0m

    src/app/shared/styles/_mixins.scss:7:8:
[37m      7 Γöé @import [32m[37m'design-tokens';
        Γò╡         [32m^[0m


  Sass @import rules are deprecated and will be removed in Dart Sass 3.0.0.
  
  More info and automated migrator: [4mhttps://sass-lang.com/d/import[0m


[33mΓû▓ [43;33m[[43;30mWARNING[43;33m][0m [1mDeprecation[0m 
[1m[35m[plugin angular-sass][0m

    src/app/shared/styles/_mixins.scss:7:8:
[37m      7 Γöé @import [32m[37m'design-tokens';
        Γò╡         [32m^[0m


  Sass @import rules are deprecated and will be removed in Dart Sass 3.0.0.
  
  More info and automated migrator: [4mhttps://sass-lang.com/d/import[0m


[33mΓû▓ [43;33m[[43;30mWARNING[43;33m][0m [1mDeprecation[0m 
[1m[35m[plugin angular-sass][0m

    src/app/shared/styles/_mixins.scss:7:8:
[37m      7 Γöé @import [32m[37m'design-tokens';
        Γò╡         [32m^[0m


  Sass @import rules are deprecated and will be removed in Dart Sass 3.0.0.
  
  More info and automated migrator: [4mhttps://sass-lang.com/d/import[0m


[33mΓû▓ [43;33m[[43;30mWARNING[43;33m][0m [1mDeprecation[0m 
[1m[35m[plugin angular-sass][0m

    src/app/shared/styles/_mixins.scss:7:8:
[37m      7 Γöé @import [32m[37m'design-tokens';
        Γò╡         [32m^[0m


  Sass @import rules are deprecated and will be removed in Dart Sass 3.0.0.
  
  More info and automated migrator: [4mhttps://sass-lang.com/d/import[0m


[33mΓû▓ [43;33m[[43;30mWARNING[43;33m][0m [1mDeprecation[0m 
[1m[35m[plugin angular-sass][0m

    src/app/shared/styles/_mixins.scss:7:8:
[37m      7 Γöé @import [32m[37m'design-tokens';
        Γò╡         [32m^[0m


  Sass @import rules are deprecated and will be removed in Dart Sass 3.0.0.
  
  More info and automated migrator: [4mhttps://sass-lang.com/d/import[0m


[33mΓû▓ [43;33m[[43;30mWARNING[43;33m][0m [1mDeprecation[0m 
[1m[35m[plugin angular-sass][0m

    src/app/shared/styles/_mixins.scss:205:2:
[37m      205 Γöé   [32m[37mbackground: $gradient-primary;
          Γò╡   [32m^[0m


  Sass's behavior for declarations that appear after nested
  rules will be changing to match the behavior specified by CSS in an 
upcoming
  version. To keep the existing behavior, move the declaration above the 
nested
  rule. To opt into the new behavior, wrap the declaration in `& {}`.
  
  More info: [4mhttps://sass-lang.com/d/mixed-decls[0m


[33mΓû▓ [43;33m[[43;30mWARNING[43;33m][0m [1mDeprecation[0m 
[1m[35m[plugin angular-sass][0m

    src/app/shared/styles/_mixins.scss:205:2:
[37m      205 Γöé   [32m[37mbackground: $gradient-primary;
          Γò╡   [32m^[0m


  Sass's behavior for declarations that appear after nested
  rules will be changing to match the behavior specified by CSS in an 
upcoming
  version. To keep the existing behavior, move the declaration above the 
nested
  rule. To opt into the new behavior, wrap the declaration in `& {}`.
  
  More info: [4mhttps://sass-lang.com/d/mixed-decls[0m


[33mΓû▓ [43;33m[[43;30mWARNING[43;33m][0m [1mDeprecation[0m 
[1m[35m[plugin angular-sass][0m

    src/app/shared/styles/_mixins.scss:205:2:
[37m      205 Γöé   [32m[37mbackground: $gradient-primary;
          Γò╡   [32m^[0m


  Sass's behavior for declarations that appear after nested
  rules will be changing to match the behavior specified by CSS in an 
upcoming
  version. To keep the existing behavior, move the declaration above the 
nested
  rule. To opt into the new behavior, wrap the declaration in `& {}`.
  
  More info: [4mhttps://sass-lang.com/d/mixed-decls[0m


[33mΓû▓ [43;33m[[43;30mWARNING[43;33m][0m [1mDeprecation[0m 
[1m[35m[plugin angular-sass][0m

    src/app/shared/styles/_mixins.scss:205:2:
[37m      205 Γöé   [32m[37mbackground: $gradient-primary;
          Γò╡   [32m^[0m


  Sass's behavior for declarations that appear after nested
  rules will be changing to match the behavior specified by CSS in an 
upcoming
  version. To keep the existing behavior, move the declaration above the 
nested
  rule. To opt into the new behavior, wrap the declaration in `& {}`.
  
  More info: [4mhttps://sass-lang.com/d/mixed-decls[0m


[33mΓû▓ [43;33m[[43;30mWARNING[43;33m][0m [1mDeprecation[0m 
[1m[35m[plugin angular-sass][0m

    src/app/shared/styles/_mixins.scss:205:2:
[37m      205 Γöé   [32m[37mbackground: $gradient-primary;
          Γò╡   [32m^[0m


  Sass's behavior for declarations that appear after nested
  rules will be changing to match the behavior specified by CSS in an 
upcoming
  version. To keep the existing behavior, move the declaration above the 
nested
  rule. To opt into the new behavior, wrap the declaration in `& {}`.
  
  More info: [4mhttps://sass-lang.com/d/mixed-decls[0m


[33mΓû▓ [43;33m[[43;30mWARNING[43;33m][0m [1mDeprecation[0m 
[1m[35m[plugin angular-sass][0m

    src/app/shared/styles/_mixins.scss:205:2:
[37m      205 Γöé   [32m[37mbackground: $gradient-primary;
          Γò╡   [32m^[0m


  Sass's behavior for declarations that appear after nested
  rules will be changing to match the behavior specified by CSS in an 
upcoming
  version. To keep the existing behavior, move the declaration above the 
nested
  rule. To opt into the new behavior, wrap the declaration in `& {}`.
  
  More info: [4mhttps://sass-lang.com/d/mixed-decls[0m


[33mΓû▓ [43;33m[[43;30mWARNING[43;33m][0m [1mDeprecation[0m 
[1m[35m[plugin angular-sass][0m

    src/app/shared/styles/_mixins.scss:205:2:
[37m      205 Γöé   [32m[37mbackground: $gradient-primary;
          Γò╡   [32m^[0m


  Sass's behavior for declarations that appear after nested
  rules will be changing to match the behavior specified by CSS in an 
upcoming
  version. To keep the existing behavior, move the declaration above the 
nested
  rule. To opt into the new behavior, wrap the declaration in `& {}`.
  
  More info: [4mhttps://sass-lang.com/d/mixed-decls[0m


[33mΓû▓ [43;33m[[43;30mWARNING[43;33m][0m [1mDeprecation[0m 
[1m[35m[plugin angular-sass][0m

    src/app/shared/styles/_mixins.scss:205:2:
[37m      205 Γöé   [32m[37mbackground: $gradient-primary;
          Γò╡   [32m^[0m


  Sass's behavior for declarations that appear after nested
  rules will be changing to match the behavior specified by CSS in an 
upcoming
  version. To keep the existing behavior, move the declaration above the 
nested
  rule. To opt into the new behavior, wrap the declaration in `& {}`.
  
  More info: [4mhttps://sass-lang.com/d/mixed-decls[0m


[33mΓû▓ [43;33m[[43;30mWARNING[43;33m][0m [1mDeprecation[0m 
[1m[35m[plugin angular-sass][0m

    src/app/shared/styles/_mixins.scss:205:2:
[37m      205 Γöé   [32m[37mbackground: $gradient-primary;
          Γò╡   [32m^[0m


  Sass's behavior for declarations that appear after nested
  rules will be changing to match the behavior specified by CSS in an 
upcoming
  version. To keep the existing behavior, move the declaration above the 
nested
  rule. To opt into the new behavior, wrap the declaration in `& {}`.
  
  More info: [4mhttps://sass-lang.com/d/mixed-decls[0m


[33mΓû▓ [43;33m[[43;30mWARNING[43;33m][0m [1mDeprecation[0m 
[1m[35m[plugin angular-sass][0m

    src/app/shared/styles/_mixins.scss:205:2:
[37m      205 Γöé   [32m[37mbackground: $gradient-primary;
          Γò╡   [32m^[0m


  Sass's behavior for declarations that appear after nested
  rules will be changing to match the behavior specified by CSS in an 
upcoming
  version. To keep the existing behavior, move the declaration above the 
nested
  rule. To opt into the new behavior, wrap the declaration in `& {}`.
  
  More info: [4mhttps://sass-lang.com/d/mixed-decls[0m


[33mΓû▓ [43;33m[[43;30mWARNING[43;33m][0m [1mDeprecation[0m 
[1m[35m[plugin angular-sass][0m

    src/app/shared/styles/_mixins.scss:205:2:
[37m      205 Γöé   [32m[37mbackground: $gradient-primary;
          Γò╡   [32m^[0m


  Sass's behavior for declarations that appear after nested
  rules will be changing to match the behavior specified by CSS in an 
upcoming
  version. To keep the existing behavior, move the declaration above the 
nested
  rule. To opt into the new behavior, wrap the declaration in `& {}`.
  
  More info: [4mhttps://sass-lang.com/d/mixed-decls[0m


[33mΓû▓ [43;33m[[43;30mWARNING[43;33m][0m [1mDeprecation[0m 
[1m[35m[plugin angular-sass][0m

    src/app/shared/styles/_mixins.scss:205:2:
[37m      205 Γöé   [32m[37mbackground: $gradient-primary;
          Γò╡   [32m^[0m


  Sass's behavior for declarations that appear after nested
  rules will be changing to match the behavior specified by CSS in an 
upcoming
  version. To keep the existing behavior, move the declaration above the 
nested
  rule. To opt into the new behavior, wrap the declaration in `& {}`.
  
  More info: [4mhttps://sass-lang.com/d/mixed-decls[0m


[33mΓû▓ [43;33m[[43;30mWARNING[43;33m][0m [1mDeprecation[0m 
[1m[35m[plugin angular-sass][0m

    src/app/shared/styles/_mixins.scss:205:2:
[37m      205 Γöé   [32m[37mbackground: $gradient-primary;
          Γò╡   [32m^[0m


  Sass's behavior for declarations that appear after nested
  rules will be changing to match the behavior specified by CSS in an 
upcoming
  version. To keep the existing behavior, move the declaration above the 
nested
  rule. To opt into the new behavior, wrap the declaration in `& {}`.
  
  More info: [4mhttps://sass-lang.com/d/mixed-decls[0m


[33mΓû▓ [43;33m[[43;30mWARNING[43;33m][0m [1mDeprecation[0m 
[1m[35m[plugin angular-sass][0m

    src/app/shared/styles/_mixins.scss:205:2:
[37m      205 Γöé   [32m[37mbackground: $gradient-primary;
          Γò╡   [32m^[0m


  Sass's behavior for declarations that appear after nested
  rules will be changing to match the behavior specified by CSS in an 
upcoming
  version. To keep the existing behavior, move the declaration above the 
nested
  rule. To opt into the new behavior, wrap the declaration in `& {}`.
  
  More info: [4mhttps://sass-lang.com/d/mixed-decls[0m


[33mΓû▓ [43;33m[[43;30mWARNING[43;33m][0m [1mDeprecation[0m 
[1m[35m[plugin angular-sass][0m

    src/app/shared/styles/_mixins.scss:205:2:
[37m      205 Γöé   [32m[37mbackground: $gradient-primary;
          Γò╡   [32m^[0m


  Sass's behavior for declarations that appear after nested
  rules will be changing to match the behavior specified by CSS in an 
upcoming
  version. To keep the existing behavior, move the declaration above the 
nested
  rule. To opt into the new behavior, wrap the declaration in `& {}`.
  
  More info: [4mhttps://sass-lang.com/d/mixed-decls[0m


[33mΓû▓ [43;33m[[43;30mWARNING[43;33m][0m [1mDeprecation[0m 
[1m[35m[plugin angular-sass][0m

    src/app/shared/styles/_mixins.scss:205:2:
[37m      205 Γöé   [32m[37mbackground: $gradient-primary;
          Γò╡   [32m^[0m


  Sass's behavior for declarations that appear after nested
  rules will be changing to match the behavior specified by CSS in an 
upcoming
  version. To keep the existing behavior, move the declaration above the 
nested
  rule. To opt into the new behavior, wrap the declaration in `& {}`.
  
  More info: [4mhttps://sass-lang.com/d/mixed-decls[0m


[33mΓû▓ [43;33m[[43;30mWARNING[43;33m][0m [1mDeprecation[0m 
[1m[35m[plugin angular-sass][0m

    src/app/shared/styles/_mixins.scss:205:2:
[37m      205 Γöé   [32m[37mbackground: $gradient-primary;
          Γò╡   [32m^[0m


  Sass's behavior for declarations that appear after nested
  rules will be changing to match the behavior specified by CSS in an 
upcoming
  version. To keep the existing behavior, move the declaration above the 
nested
  rule. To opt into the new behavior, wrap the declaration in `& {}`.
  
  More info: [4mhttps://sass-lang.com/d/mixed-decls[0m


[33mΓû▓ [43;33m[[43;30mWARNING[43;33m][0m [1mDeprecation[0m 
[1m[35m[plugin angular-sass][0m

    src/app/shared/styles/_mixins.scss:205:2:
[37m      205 Γöé   [32m[37mbackground: $gradient-primary;
          Γò╡   [32m^[0m


  Sass's behavior for declarations that appear after nested
  rules will be changing to match the behavior specified by CSS in an 
upcoming
  version. To keep the existing behavior, move the declaration above the 
nested
  rule. To opt into the new behavior, wrap the declaration in `& {}`.
  
  More info: [4mhttps://sass-lang.com/d/mixed-decls[0m


[33mΓû▓ [43;33m[[43;30mWARNING[43;33m][0m [1mDeprecation[0m 
[1m[35m[plugin angular-sass][0m

    src/app/shared/styles/_mixins.scss:205:2:
[37m      205 Γöé   [32m[37mbackground: $gradient-primary;
          Γò╡   [32m^[0m


  Sass's behavior for declarations that appear after nested
  rules will be changing to match the behavior specified by CSS in an 
upcoming
  version. To keep the existing behavior, move the declaration above the 
nested
  rule. To opt into the new behavior, wrap the declaration in `& {}`.
  
  More info: [4mhttps://sass-lang.com/d/mixed-decls[0m


[33mΓû▓ [43;33m[[43;30mWARNING[43;33m][0m [1mDeprecation[0m 
[1m[35m[plugin angular-sass][0m

    src/app/shared/styles/_mixins.scss:205:2:
[37m      205 Γöé   [32m[37mbackground: $gradient-primary;
          Γò╡   [32m^[0m


  Sass's behavior for declarations that appear after nested
  rules will be changing to match the behavior specified by CSS in an 
upcoming
  version. To keep the existing behavior, move the declaration above the 
nested
  rule. To opt into the new behavior, wrap the declaration in `& {}`.
  
  More info: [4mhttps://sass-lang.com/d/mixed-decls[0m


[33mΓû▓ [43;33m[[43;30mWARNING[43;33m][0m [1mDeprecation[0m 
[1m[35m[plugin angular-sass][0m

    src/app/shared/styles/_mixins.scss:205:2:
[37m      205 Γöé   [32m[37mbackground: $gradient-primary;
          Γò╡   [32m^[0m


  Sass's behavior for declarations that appear after nested
  rules will be changing to match the behavior specified by CSS in an 
upcoming
  version. To keep the existing behavior, move the declaration above the 
nested
  rule. To opt into the new behavior, wrap the declaration in `& {}`.
  
  More info: [4mhttps://sass-lang.com/d/mixed-decls[0m


[33mΓû▓ [43;33m[[43;30mWARNING[43;33m][0m [1mDeprecation[0m 
[1m[35m[plugin angular-sass][0m

    src/app/shared/styles/_mixins.scss:205:2:
[37m      205 Γöé   [32m[37mbackground: $gradient-primary;
          Γò╡   [32m^[0m


  Sass's behavior for declarations that appear after nested
  rules will be changing to match the behavior specified by CSS in an 
upcoming
  version. To keep the existing behavior, move the declaration above the 
nested
  rule. To opt into the new behavior, wrap the declaration in `& {}`.
  
  More info: [4mhttps://sass-lang.com/d/mixed-decls[0m


[33mΓû▓ [43;33m[[43;30mWARNING[43;33m][0m [1mDeprecation[0m 
[1m[35m[plugin angular-sass][0m

    src/app/shared/styles/_mixins.scss:205:2:
[37m      205 Γöé   [32m[37mbackground: $gradient-primary;
          Γò╡   [32m^[0m


  Sass's behavior for declarations that appear after nested
  rules will be changing to match the behavior specified by CSS in an 
upcoming
  version. To keep the existing behavior, move the declaration above the 
nested
  rule. To opt into the new behavior, wrap the declaration in `& {}`.
  
  More info: [4mhttps://sass-lang.com/d/mixed-decls[0m


[33mΓû▓ [43;33m[[43;30mWARNING[43;33m][0m [1mDeprecation[0m 
[1m[35m[plugin angular-sass][0m

    src/app/shared/styles/_mixins.scss:205:2:
[37m      205 Γöé   [32m[37mbackground: $gradient-primary;
          Γò╡   [32m^[0m


  Sass's behavior for declarations that appear after nested
  rules will be changing to match the behavior specified by CSS in an 
upcoming
  version. To keep the existing behavior, move the declaration above the 
nested
  rule. To opt into the new behavior, wrap the declaration in `& {}`.
  
  More info: [4mhttps://sass-lang.com/d/mixed-decls[0m


[33mΓû▓ [43;33m[[43;30mWARNING[43;33m][0m [1mDeprecation[0m 
[1m[35m[plugin angular-sass][0m

    src/app/shared/styles/_mixins.scss:205:2:
[37m      205 Γöé   [32m[37mbackground: $gradient-primary;
          Γò╡   [32m^[0m


  Sass's behavior for declarations that appear after nested
  rules will be changing to match the behavior specified by CSS in an 
upcoming
  version. To keep the existing behavior, move the declaration above the 
nested
  rule. To opt into the new behavior, wrap the declaration in `& {}`.
  
  More info: [4mhttps://sass-lang.com/d/mixed-decls[0m


[33mΓû▓ [43;33m[[43;30mWARNING[43;33m][0m [1mDeprecation[0m 
[1m[35m[plugin angular-sass][0m

    src/app/shared/styles/_mixins.scss:205:2:
[37m      205 Γöé   [32m[37mbackground: $gradient-primary;
          Γò╡   [32m^[0m


  Sass's behavior for declarations that appear after nested
  rules will be changing to match the behavior specified by CSS in an 
upcoming
  version. To keep the existing behavior, move the declaration above the 
nested
  rule. To opt into the new behavior, wrap the declaration in `& {}`.
  
  More info: [4mhttps://sass-lang.com/d/mixed-decls[0m


[33mΓû▓ [43;33m[[43;30mWARNING[43;33m][0m [1mDeprecation[0m 
[1m[35m[plugin angular-sass][0m

    src/app/shared/styles/_mixins.scss:205:2:
[37m      205 Γöé   [32m[37mbackground: $gradient-primary;
          Γò╡   [32m^[0m


  Sass's behavior for declarations that appear after nested
  rules will be changing to match the behavior specified by CSS in an 
upcoming
  version. To keep the existing behavior, move the declaration above the 
nested
  rule. To opt into the new behavior, wrap the declaration in `& {}`.
  
  More info: [4mhttps://sass-lang.com/d/mixed-decls[0m


[33mΓû▓ [43;33m[[43;30mWARNING[43;33m][0m [1mDeprecation[0m 
[1m[35m[plugin angular-sass][0m

    src/app/shared/styles/_mixins.scss:205:2:
[37m      205 Γöé   [32m[37mbackground: $gradient-primary;
          Γò╡   [32m^[0m


  Sass's behavior for declarations that appear after nested
  rules will be changing to match the behavior specified by CSS in an 
upcoming
  version. To keep the existing behavior, move the declaration above the 
nested
  rule. To opt into the new behavior, wrap the declaration in `& {}`.
  
  More info: [4mhttps://sass-lang.com/d/mixed-decls[0m


[33mΓû▓ [43;33m[[43;30mWARNING[43;33m][0m [1mDeprecation[0m 
[1m[35m[plugin angular-sass][0m

    src/app/shared/styles/_mixins.scss:205:2:
[37m      205 Γöé   [32m[37mbackground: $gradient-primary;
          Γò╡   [32m^[0m


  Sass's behavior for declarations that appear after nested
  rules will be changing to match the behavior specified by CSS in an 
upcoming
  version. To keep the existing behavior, move the declaration above the 
nested
  rule. To opt into the new behavior, wrap the declaration in `& {}`.
  
  More info: [4mhttps://sass-lang.com/d/mixed-decls[0m


[33mΓû▓ [43;33m[[43;30mWARNING[43;33m][0m [1mDeprecation[0m 
[1m[35m[plugin angular-sass][0m

    src/app/shared/styles/_mixins.scss:205:2:
[37m      205 Γöé   [32m[37mbackground: $gradient-primary;
          Γò╡   [32m^[0m


  Sass's behavior for declarations that appear after nested
  rules will be changing to match the behavior specified by CSS in an 
upcoming
  version. To keep the existing behavior, move the declaration above the 
nested
  rule. To opt into the new behavior, wrap the declaration in `& {}`.
  
  More info: [4mhttps://sass-lang.com/d/mixed-decls[0m


[33mΓû▓ [43;33m[[43;30mWARNING[43;33m][0m [1mDeprecation[0m 
[1m[35m[plugin angular-sass][0m

    src/app/shared/styles/_mixins.scss:205:2:
[37m      205 Γöé   [32m[37mbackground: $gradient-primary;
          Γò╡   [32m^[0m


  Sass's behavior for declarations that appear after nested
  rules will be changing to match the behavior specified by CSS in an 
upcoming
  version. To keep the existing behavior, move the declaration above the 
nested
  rule. To opt into the new behavior, wrap the declaration in `& {}`.
  
  More info: [4mhttps://sass-lang.com/d/mixed-decls[0m


[33mΓû▓ [43;33m[[43;30mWARNING[43;33m][0m [1mDeprecation[0m 
[1m[35m[plugin angular-sass][0m

    src/app/shared/styles/_mixins.scss:205:2:
[37m      205 Γöé   [32m[37mbackground: $gradient-primary;
          Γò╡   [32m^[0m


  Sass's behavior for declarations that appear after nested
  rules will be changing to match the behavior specified by CSS in an 
upcoming
  version. To keep the existing behavior, move the declaration above the 
nested
  rule. To opt into the new behavior, wrap the declaration in `& {}`.
  
  More info: [4mhttps://sass-lang.com/d/mixed-decls[0m


[33mΓû▓ [43;33m[[43;30mWARNING[43;33m][0m [1mDeprecation[0m 
[1m[35m[plugin angular-sass][0m

    src/app/shared/styles/_mixins.scss:205:2:
[37m      205 Γöé   [32m[37mbackground: $gradient-primary;
          Γò╡   [32m^[0m


  Sass's behavior for declarations that appear after nested
  rules will be changing to match the behavior specified by CSS in an 
upcoming
  version. To keep the existing behavior, move the declaration above the 
nested
  rule. To opt into the new behavior, wrap the declaration in `& {}`.
  
  More info: [4mhttps://sass-lang.com/d/mixed-decls[0m


[33mΓû▓ [43;33m[[43;30mWARNING[43;33m][0m [1mDeprecation[0m 
[1m[35m[plugin angular-sass][0m

    src/app/shared/styles/_mixins.scss:205:2:
[37m      205 Γöé   [32m[37mbackground: $gradient-primary;
          Γò╡   [32m^[0m


  Sass's behavior for declarations that appear after nested
  rules will be changing to match the behavior specified by CSS in an 
upcoming
  version. To keep the existing behavior, move the declaration above the 
nested
  rule. To opt into the new behavior, wrap the declaration in `& {}`.
  
  More info: [4mhttps://sass-lang.com/d/mixed-decls[0m


[33mΓû▓ [43;33m[[43;30mWARNING[43;33m][0m [1mDeprecation[0m 
[1m[35m[plugin angular-sass][0m

    src/app/shared/styles/_mixins.scss:205:2:
[37m      205 Γöé   [32m[37mbackground: $gradient-primary;
          Γò╡   [32m^[0m


  Sass's behavior for declarations that appear after nested
  rules will be changing to match the behavior specified by CSS in an 
upcoming
  version. To keep the existing behavior, move the declaration above the 
nested
  rule. To opt into the new behavior, wrap the declaration in `& {}`.
  
  More info: [4mhttps://sass-lang.com/d/mixed-decls[0m


[33mΓû▓ [43;33m[[43;30mWARNING[43;33m][0m [1mDeprecation[0m 
[1m[35m[plugin angular-sass][0m

    src/app/shared/styles/_mixins.scss:205:2:
[37m      205 Γöé   [32m[37mbackground: $gradient-primary;
          Γò╡   [32m^[0m


  Sass's behavior for declarations that appear after nested
  rules will be changing to match the behavior specified by CSS in an 
upcoming
  version. To keep the existing behavior, move the declaration above the 
nested
  rule. To opt into the new behavior, wrap the declaration in `& {}`.
  
  More info: [4mhttps://sass-lang.com/d/mixed-decls[0m


[33mΓû▓ [43;33m[[43;30mWARNING[43;33m][0m [1mDeprecation[0m 
[1m[35m[plugin angular-sass][0m

    src/app/shared/styles/_mixins.scss:205:2:
[37m      205 Γöé   [32m[37mbackground: $gradient-primary;
          Γò╡   [32m^[0m


  Sass's behavior for declarations that appear after nested
  rules will be changing to match the behavior specified by CSS in an 
upcoming
  version. To keep the existing behavior, move the declaration above the 
nested
  rule. To opt into the new behavior, wrap the declaration in `& {}`.
  
  More info: [4mhttps://sass-lang.com/d/mixed-decls[0m


[33mΓû▓ [43;33m[[43;30mWARNING[43;33m][0m [1mDeprecation[0m 
[1m[35m[plugin angular-sass][0m

    src/app/shared/styles/_mixins.scss:205:2:
[37m      205 Γöé   [32m[37mbackground: $gradient-primary;
          Γò╡   [32m^[0m


  Sass's behavior for declarations that appear after nested
  rules will be changing to match the behavior specified by CSS in an 
upcoming
  version. To keep the existing behavior, move the declaration above the 
nested
  rule. To opt into the new behavior, wrap the declaration in `& {}`.
  
  More info: [4mhttps://sass-lang.com/d/mixed-decls[0m


[33mΓû▓ [43;33m[[43;30mWARNING[43;33m][0m [1mDeprecation[0m 
[1m[35m[plugin angular-sass][0m

    src/app/shared/styles/_mixins.scss:205:2:
[37m      205 Γöé   [32m[37mbackground: $gradient-primary;
          Γò╡   [32m^[0m


  Sass's behavior for declarations that appear after nested
  rules will be changing to match the behavior specified by CSS in an 
upcoming
  version. To keep the existing behavior, move the declaration above the 
nested
  rule. To opt into the new behavior, wrap the declaration in `& {}`.
  
  More info: [4mhttps://sass-lang.com/d/mixed-decls[0m


[33mΓû▓ [43;33m[[43;30mWARNING[43;33m][0m [1mDeprecation[0m 
[1m[35m[plugin angular-sass][0m

    src/app/shared/styles/_mixins.scss:205:2:
[37m      205 Γöé   [32m[37mbackground: $gradient-primary;
          Γò╡   [32m^[0m


  Sass's behavior for declarations that appear after nested
  rules will be changing to match the behavior specified by CSS in an 
upcoming
  version. To keep the existing behavior, move the declaration above the 
nested
  rule. To opt into the new behavior, wrap the declaration in `& {}`.
  
  More info: [4mhttps://sass-lang.com/d/mixed-decls[0m


[33mΓû▓ [43;33m[[43;30mWARNING[43;33m][0m [1mDeprecation[0m 
[1m[35m[plugin angular-sass][0m

    src/app/shared/styles/_mixins.scss:205:2:
[37m      205 Γöé   [32m[37mbackground: $gradient-primary;
          Γò╡   [32m^[0m


  Sass's behavior for declarations that appear after nested
  rules will be changing to match the behavior specified by CSS in an 
upcoming
  version. To keep the existing behavior, move the declaration above the 
nested
  rule. To opt into the new behavior, wrap the declaration in `& {}`.
  
  More info: [4mhttps://sass-lang.com/d/mixed-decls[0m


[33mΓû▓ [43;33m[[43;30mWARNING[43;33m][0m [1mDeprecation[0m 
[1m[35m[plugin angular-sass][0m

    src/app/shared/styles/_mixins.scss:205:2:
[37m      205 Γöé   [32m[37mbackground: $gradient-primary;
          Γò╡   [32m^[0m


  Sass's behavior for declarations that appear after nested
  rules will be changing to match the behavior specified by CSS in an 
upcoming
  version. To keep the existing behavior, move the declaration above the 
nested
  rule. To opt into the new behavior, wrap the declaration in `& {}`.
  
  More info: [4mhttps://sass-lang.com/d/mixed-decls[0m


[33mΓû▓ [43;33m[[43;30mWARNING[43;33m][0m [1mDeprecation[0m 
[1m[35m[plugin angular-sass][0m

    src/app/shared/styles/_mixins.scss:205:2:
[37m      205 Γöé   [32m[37mbackground: $gradient-primary;
          Γò╡   [32m^[0m


  Sass's behavior for declarations that appear after nested
  rules will be changing to match the behavior specified by CSS in an 
upcoming
  version. To keep the existing behavior, move the declaration above the 
nested
  rule. To opt into the new behavior, wrap the declaration in `& {}`.
  
  More info: [4mhttps://sass-lang.com/d/mixed-decls[0m


[33mΓû▓ [43;33m[[43;30mWARNING[43;33m][0m [1mDeprecation[0m 
[1m[35m[plugin angular-sass][0m

    src/app/shared/styles/_mixins.scss:205:2:
[37m      205 Γöé   [32m[37mbackground: $gradient-primary;
          Γò╡   [32m^[0m


  Sass's behavior for declarations that appear after nested
  rules will be changing to match the behavior specified by CSS in an 
upcoming
  version. To keep the existing behavior, move the declaration above the 
nested
  rule. To opt into the new behavior, wrap the declaration in `& {}`.
  
  More info: [4mhttps://sass-lang.com/d/mixed-decls[0m


[33mΓû▓ [43;33m[[43;30mWARNING[43;33m][0m [1mDeprecation[0m 
[1m[35m[plugin angular-sass][0m

    src/app/shared/styles/_mixins.scss:205:2:
[37m      205 Γöé   [32m[37mbackground: $gradient-primary;
          Γò╡   [32m^[0m


  Sass's behavior for declarations that appear after nested
  rules will be changing to match the behavior specified by CSS in an 
upcoming
  version. To keep the existing behavior, move the declaration above the 
nested
  rule. To opt into the new behavior, wrap the declaration in `& {}`.
  
  More info: [4mhttps://sass-lang.com/d/mixed-decls[0m


[33mΓû▓ [43;33m[[43;30mWARNING[43;33m][0m [1mDeprecation[0m 
[1m[35m[plugin angular-sass][0m

    src/app/shared/styles/_mixins.scss:205:2:
[37m      205 Γöé   [32m[37mbackground: $gradient-primary;
          Γò╡   [32m^[0m


  Sass's behavior for declarations that appear after nested
  rules will be changing to match the behavior specified by CSS in an 
upcoming
  version. To keep the existing behavior, move the declaration above the 
nested
  rule. To opt into the new behavior, wrap the declaration in `& {}`.
  
  More info: [4mhttps://sass-lang.com/d/mixed-decls[0m


[33mΓû▓ [43;33m[[43;30mWARNING[43;33m][0m [1mDeprecation[0m 
[1m[35m[plugin angular-sass][0m

    src/app/shared/styles/_mixins.scss:205:2:
[37m      205 Γöé   [32m[37mbackground: $gradient-primary;
          Γò╡   [32m^[0m


  Sass's behavior for declarations that appear after nested
  rules will be changing to match the behavior specified by CSS in an 
upcoming
  version. To keep the existing behavior, move the declaration above the 
nested
  rule. To opt into the new behavior, wrap the declaration in `& {}`.
  
  More info: [4mhttps://sass-lang.com/d/mixed-decls[0m


[33mΓû▓ [43;33m[[43;30mWARNING[43;33m][0m [1mDeprecation[0m 
[1m[35m[plugin angular-sass][0m

    src/app/shared/styles/_mixins.scss:205:2:
[37m      205 Γöé   [32m[37mbackground: $gradient-primary;
          Γò╡   [32m^[0m


  Sass's behavior for declarations that appear after nested
  rules will be changing to match the behavior specified by CSS in an 
upcoming
  version. To keep the existing behavior, move the declaration above the 
nested
  rule. To opt into the new behavior, wrap the declaration in `& {}`.
  
  More info: [4mhttps://sass-lang.com/d/mixed-decls[0m


[33mΓû▓ [43;33m[[43;30mWARNING[43;33m][0m [1mDeprecation[0m 
[1m[35m[plugin angular-sass][0m

    src/app/shared/styles/_mixins.scss:205:2:
[37m      205 Γöé   [32m[37mbackground: $gradient-primary;
          Γò╡   [32m^[0m


  Sass's behavior for declarations that appear after nested
  rules will be changing to match the behavior specified by CSS in an 
upcoming
  version. To keep the existing behavior, move the declaration above the 
nested
  rule. To opt into the new behavior, wrap the declaration in `& {}`.
  
  More info: [4mhttps://sass-lang.com/d/mixed-decls[0m


[33mΓû▓ [43;33m[[43;30mWARNING[43;33m][0m [1mDeprecation[0m 
[1m[35m[plugin angular-sass][0m

    src/app/shared/styles/_mixins.scss:205:2:
[37m      205 Γöé   [32m[37mbackground: $gradient-primary;
          Γò╡   [32m^[0m


  Sass's behavior for declarations that appear after nested
  rules will be changing to match the behavior specified by CSS in an 
upcoming
  version. To keep the existing behavior, move the declaration above the 
nested
  rule. To opt into the new behavior, wrap the declaration in `& {}`.
  
  More info: [4mhttps://sass-lang.com/d/mixed-decls[0m


[33mΓû▓ [43;33m[[43;30mWARNING[43;33m][0m [1mDeprecation[0m 
[1m[35m[plugin angular-sass][0m

    src/app/shared/styles/_mixins.scss:205:2:
[37m      205 Γöé   [32m[37mbackground: $gradient-primary;
          Γò╡   [32m^[0m


  Sass's behavior for declarations that appear after nested
  rules will be changing to match the behavior specified by CSS in an 
upcoming
  version. To keep the existing behavior, move the declaration above the 
nested
  rule. To opt into the new behavior, wrap the declaration in `& {}`.
  
  More info: [4mhttps://sass-lang.com/d/mixed-decls[0m


[33mΓû▓ [43;33m[[43;30mWARNING[43;33m][0m [1mDeprecation[0m 
[1m[35m[plugin angular-sass][0m

    src/app/shared/styles/_mixins.scss:205:2:
[37m      205 Γöé   [32m[37mbackground: $gradient-primary;
          Γò╡   [32m^[0m


  Sass's behavior for declarations that appear after nested
  rules will be changing to match the behavior specified by CSS in an 
upcoming
  version. To keep the existing behavior, move the declaration above the 
nested
  rule. To opt into the new behavior, wrap the declaration in `& {}`.
  
  More info: [4mhttps://sass-lang.com/d/mixed-decls[0m


[33mΓû▓ [43;33m[[43;30mWARNING[43;33m][0m [1mDeprecation[0m 
[1m[35m[plugin angular-sass][0m

    src/app/shared/styles/_mixins.scss:205:2:
[37m      205 Γöé   [32m[37mbackground: $gradient-primary;
          Γò╡   [32m^[0m


  Sass's behavior for declarations that appear after nested
  rules will be changing to match the behavior specified by CSS in an 
upcoming
  version. To keep the existing behavior, move the declaration above the 
nested
  rule. To opt into the new behavior, wrap the declaration in `& {}`.
  
  More info: [4mhttps://sass-lang.com/d/mixed-decls[0m


[33mΓû▓ [43;33m[[43;30mWARNING[43;33m][0m [1mDeprecation[0m 
[1m[35m[plugin angular-sass][0m

    src/app/shared/styles/_mixins.scss:205:2:
[37m      205 Γöé   [32m[37mbackground: $gradient-primary;
          Γò╡   [32m^[0m


  Sass's behavior for declarations that appear after nested
  rules will be changing to match the behavior specified by CSS in an 
upcoming
  version. To keep the existing behavior, move the declaration above the 
nested
  rule. To opt into the new behavior, wrap the declaration in `& {}`.
  
  More info: [4mhttps://sass-lang.com/d/mixed-decls[0m


[33mΓû▓ [43;33m[[43;30mWARNING[43;33m][0m [1mDeprecation[0m 
[1m[35m[plugin angular-sass][0m

    src/app/shared/styles/_mixins.scss:205:2:
[37m      205 Γöé   [32m[37mbackground: $gradient-primary;
          Γò╡   [32m^[0m


  Sass's behavior for declarations that appear after nested
  rules will be changing to match the behavior specified by CSS in an 
upcoming
  version. To keep the existing behavior, move the declaration above the 
nested
  rule. To opt into the new behavior, wrap the declaration in `& {}`.
  
  More info: [4mhttps://sass-lang.com/d/mixed-decls[0m


[33mΓû▓ [43;33m[[43;30mWARNING[43;33m][0m [1mDeprecation[0m 
[1m[35m[plugin angular-sass][0m

    src/app/shared/styles/_mixins.scss:205:2:
[37m      205 Γöé   [32m[37mbackground: $gradient-primary;
          Γò╡   [32m^[0m


  Sass's behavior for declarations that appear after nested
  rules will be changing to match the behavior specified by CSS in an 
upcoming
  version. To keep the existing behavior, move the declaration above the 
nested
  rule. To opt into the new behavior, wrap the declaration in `& {}`.
  
  More info: [4mhttps://sass-lang.com/d/mixed-decls[0m


[33mΓû▓ [43;33m[[43;30mWARNING[43;33m][0m [1mDeprecation[0m 
[1m[35m[plugin angular-sass][0m

    src/app/shared/styles/_mixins.scss:205:2:
[37m      205 Γöé   [32m[37mbackground: $gradient-primary;
          Γò╡   [32m^[0m


  Sass's behavior for declarations that appear after nested
  rules will be changing to match the behavior specified by CSS in an 
upcoming
  version. To keep the existing behavior, move the declaration above the 
nested
  rule. To opt into the new behavior, wrap the declaration in `& {}`.
  
  More info: [4mhttps://sass-lang.com/d/mixed-decls[0m


[33mΓû▓ [43;33m[[43;30mWARNING[43;33m][0m [1mDeprecation[0m 
[1m[35m[plugin angular-sass][0m

    src/app/shared/styles/_mixins.scss:205:2:
[37m      205 Γöé   [32m[37mbackground: $gradient-primary;
          Γò╡   [32m^[0m


  Sass's behavior for declarations that appear after nested
  rules will be changing to match the behavior specified by CSS in an 
upcoming
  version. To keep the existing behavior, move the declaration above the 
nested
  rule. To opt into the new behavior, wrap the declaration in `& {}`.
  
  More info: [4mhttps://sass-lang.com/d/mixed-decls[0m


[33mΓû▓ [43;33m[[43;30mWARNING[43;33m][0m [1mDeprecation[0m 
[1m[35m[plugin angular-sass][0m

    src/app/shared/styles/_mixins.scss:205:2:
[37m      205 Γöé   [32m[37mbackground: $gradient-primary;
          Γò╡   [32m^[0m


  Sass's behavior for declarations that appear after nested
  rules will be changing to match the behavior specified by CSS in an 
upcoming
  version. To keep the existing behavior, move the declaration above the 
nested
  rule. To opt into the new behavior, wrap the declaration in `& {}`.
  
  More info: [4mhttps://sass-lang.com/d/mixed-decls[0m


[33mΓû▓ [43;33m[[43;30mWARNING[43;33m][0m [1mDeprecation[0m 
[1m[35m[plugin angular-sass][0m

    src/app/shared/styles/_mixins.scss:205:2:
[37m      205 Γöé   [32m[37mbackground: $gradient-primary;
          Γò╡   [32m^[0m


  Sass's behavior for declarations that appear after nested
  rules will be changing to match the behavior specified by CSS in an 
upcoming
  version. To keep the existing behavior, move the declaration above the 
nested
  rule. To opt into the new behavior, wrap the declaration in `& {}`.
  
  More info: [4mhttps://sass-lang.com/d/mixed-decls[0m


[33mΓû▓ [43;33m[[43;30mWARNING[43;33m][0m [1mDeprecation[0m 
[1m[35m[plugin angular-sass][0m

    src/app/shared/styles/_mixins.scss:205:2:
[37m      205 Γöé   [32m[37mbackground: $gradient-primary;
          Γò╡   [32m^[0m


  Sass's behavior for declarations that appear after nested
  rules will be changing to match the behavior specified by CSS in an 
upcoming
  version. To keep the existing behavior, move the declaration above the 
nested
  rule. To opt into the new behavior, wrap the declaration in `& {}`.
  
  More info: [4mhttps://sass-lang.com/d/mixed-decls[0m


[33mΓû▓ [43;33m[[43;30mWARNING[43;33m][0m [1mDeprecation[0m 
[1m[35m[plugin angular-sass][0m

    src/app/shared/styles/_mixins.scss:205:2:
[37m      205 Γöé   [32m[37mbackground: $gradient-primary;
          Γò╡   [32m^[0m


  Sass's behavior for declarations that appear after nested
  rules will be changing to match the behavior specified by CSS in an 
upcoming
  version. To keep the existing behavior, move the declaration above the 
nested
  rule. To opt into the new behavior, wrap the declaration in `& {}`.
  
  More info: [4mhttps://sass-lang.com/d/mixed-decls[0m


[33mΓû▓ [43;33m[[43;30mWARNING[43;33m][0m [1mDeprecation[0m 
[1m[35m[plugin angular-sass][0m

    src/app/shared/styles/_mixins.scss:205:2:
[37m      205 Γöé   [32m[37mbackground: $gradient-primary;
          Γò╡   [32m^[0m


  Sass's behavior for declarations that appear after nested
  rules will be changing to match the behavior specified by CSS in an 
upcoming
  version. To keep the existing behavior, move the declaration above the 
nested
  rule. To opt into the new behavior, wrap the declaration in `& {}`.
  
  More info: [4mhttps://sass-lang.com/d/mixed-decls[0m


[33mΓû▓ [43;33m[[43;30mWARNING[43;33m][0m [1mDeprecation[0m 
[1m[35m[plugin angular-sass][0m

    src/app/shared/styles/_mixins.scss:205:2:
[37m      205 Γöé   [32m[37mbackground: $gradient-primary;
          Γò╡   [32m^[0m


  Sass's behavior for declarations that appear after nested
  rules will be changing to match the behavior specified by CSS in an 
upcoming
  version. To keep the existing behavior, move the declaration above the 
nested
  rule. To opt into the new behavior, wrap the declaration in `& {}`.
  
  More info: [4mhttps://sass-lang.com/d/mixed-decls[0m


[33mΓû▓ [43;33m[[43;30mWARNING[43;33m][0m [1mDeprecation[0m 
[1m[35m[plugin angular-sass][0m

    src/app/shared/styles/_mixins.scss:206:2:
[37m      206 Γöé   [32m[37mcolor: $color-text-inverse;
          Γò╡   [32m^[0m


  Sass's behavior for declarations that appear after nested
  rules will be changing to match the behavior specified by CSS in an 
upcoming
  version. To keep the existing behavior, move the declaration above the 
nested
  rule. To opt into the new behavior, wrap the declaration in `& {}`.
  
  More info: [4mhttps://sass-lang.com/d/mixed-decls[0m


[33mΓû▓ [43;33m[[43;30mWARNING[43;33m][0m [1mDeprecation[0m 
[1m[35m[plugin angular-sass][0m

    src/app/shared/styles/_mixins.scss:206:2:
[37m      206 Γöé   [32m[37mcolor: $color-text-inverse;
          Γò╡   [32m^[0m


  Sass's behavior for declarations that appear after nested
  rules will be changing to match the behavior specified by CSS in an 
upcoming
  version. To keep the existing behavior, move the declaration above the 
nested
  rule. To opt into the new behavior, wrap the declaration in `& {}`.
  
  More info: [4mhttps://sass-lang.com/d/mixed-decls[0m


[33mΓû▓ [43;33m[[43;30mWARNING[43;33m][0m [1mDeprecation[0m 
[1m[35m[plugin angular-sass][0m

    src/app/shared/styles/_mixins.scss:206:2:
[37m      206 Γöé   [32m[37mcolor: $color-text-inverse;
          Γò╡   [32m^[0m


  Sass's behavior for declarations that appear after nested
  rules will be changing to match the behavior specified by CSS in an 
upcoming
  version. To keep the existing behavior, move the declaration above the 
nested
  rule. To opt into the new behavior, wrap the declaration in `& {}`.
  
  More info: [4mhttps://sass-lang.com/d/mixed-decls[0m


[33mΓû▓ [43;33m[[43;30mWARNING[43;33m][0m [1mDeprecation[0m 
[1m[35m[plugin angular-sass][0m

    src/app/shared/styles/_mixins.scss:206:2:
[37m      206 Γöé   [32m[37mcolor: $color-text-inverse;
          Γò╡   [32m^[0m


  Sass's behavior for declarations that appear after nested
  rules will be changing to match the behavior specified by CSS in an 
upcoming
  version. To keep the existing behavior, move the declaration above the 
nested
  rule. To opt into the new behavior, wrap the declaration in `& {}`.
  
  More info: [4mhttps://sass-lang.com/d/mixed-decls[0m


[33mΓû▓ [43;33m[[43;30mWARNING[43;33m][0m [1mDeprecation[0m 
[1m[35m[plugin angular-sass][0m

    src/app/shared/styles/_mixins.scss:206:2:
[37m      206 Γöé   [32m[37mcolor: $color-text-inverse;
          Γò╡   [32m^[0m


  Sass's behavior for declarations that appear after nested
  rules will be changing to match the behavior specified by CSS in an 
upcoming
  version. To keep the existing behavior, move the declaration above the 
nested
  rule. To opt into the new behavior, wrap the declaration in `& {}`.
  
  More info: [4mhttps://sass-lang.com/d/mixed-decls[0m


[33mΓû▓ [43;33m[[43;30mWARNING[43;33m][0m [1mDeprecation[0m 
[1m[35m[plugin angular-sass][0m

    src/app/shared/styles/_mixins.scss:206:2:
[37m      206 Γöé   [32m[37mcolor: $color-text-inverse;
          Γò╡   [32m^[0m


  Sass's behavior for declarations that appear after nested
  rules will be changing to match the behavior specified by CSS in an 
upcoming
  version. To keep the existing behavior, move the declaration above the 
nested
  rule. To opt into the new behavior, wrap the declaration in `& {}`.
  
  More info: [4mhttps://sass-lang.com/d/mixed-decls[0m


[33mΓû▓ [43;33m[[43;30mWARNING[43;33m][0m [1mDeprecation[0m 
[1m[35m[plugin angular-sass][0m

    src/app/shared/styles/_mixins.scss:206:2:
[37m      206 Γöé   [32m[37mcolor: $color-text-inverse;
          Γò╡   [32m^[0m


  Sass's behavior for declarations that appear after nested
  rules will be changing to match the behavior specified by CSS in an 
upcoming
  version. To keep the existing behavior, move the declaration above the 
nested
  rule. To opt into the new behavior, wrap the declaration in `& {}`.
  
  More info: [4mhttps://sass-lang.com/d/mixed-decls[0m


[33mΓû▓ [43;33m[[43;30mWARNING[43;33m][0m [1mDeprecation[0m 
[1m[35m[plugin angular-sass][0m

    src/app/shared/styles/_mixins.scss:206:2:
[37m      206 Γöé   [32m[37mcolor: $color-text-inverse;
          Γò╡   [32m^[0m


  Sass's behavior for declarations that appear after nested
  rules will be changing to match the behavior specified by CSS in an 
upcoming
  version. To keep the existing behavior, move the declaration above the 
nested
  rule. To opt into the new behavior, wrap the declaration in `& {}`.
  
  More info: [4mhttps://sass-lang.com/d/mixed-decls[0m


[33mΓû▓ [43;33m[[43;30mWARNING[43;33m][0m [1mDeprecation[0m 
[1m[35m[plugin angular-sass][0m

    src/app/shared/styles/_mixins.scss:206:2:
[37m      206 Γöé   [32m[37mcolor: $color-text-inverse;
          Γò╡   [32m^[0m


  Sass's behavior for declarations that appear after nested
  rules will be changing to match the behavior specified by CSS in an 
upcoming
  version. To keep the existing behavior, move the declaration above the 
nested
  rule. To opt into the new behavior, wrap the declaration in `& {}`.
  
  More info: [4mhttps://sass-lang.com/d/mixed-decls[0m


[33mΓû▓ [43;33m[[43;30mWARNING[43;33m][0m [1mDeprecation[0m 
[1m[35m[plugin angular-sass][0m

    src/app/shared/styles/_mixins.scss:206:2:
[37m      206 Γöé   [32m[37mcolor: $color-text-inverse;
          Γò╡   [32m^[0m


  Sass's behavior for declarations that appear after nested
  rules will be changing to match the behavior specified by CSS in an 
upcoming
  version. To keep the existing behavior, move the declaration above the 
nested
  rule. To opt into the new behavior, wrap the declaration in `& {}`.
  
  More info: [4mhttps://sass-lang.com/d/mixed-decls[0m


[33mΓû▓ [43;33m[[43;30mWARNING[43;33m][0m [1mDeprecation[0m 
[1m[35m[plugin angular-sass][0m

    src/app/shared/styles/_mixins.scss:206:2:
[37m      206 Γöé   [32m[37mcolor: $color-text-inverse;
          Γò╡   [32m^[0m


  Sass's behavior for declarations that appear after nested
  rules will be changing to match the behavior specified by CSS in an 
upcoming
  version. To keep the existing behavior, move the declaration above the 
nested
  rule. To opt into the new behavior, wrap the declaration in `& {}`.
  
  More info: [4mhttps://sass-lang.com/d/mixed-decls[0m


[33mΓû▓ [43;33m[[43;30mWARNING[43;33m][0m [1mDeprecation[0m 
[1m[35m[plugin angular-sass][0m

    src/app/shared/styles/_mixins.scss:206:2:
[37m      206 Γöé   [32m[37mcolor: $color-text-inverse;
          Γò╡   [32m^[0m


  Sass's behavior for declarations that appear after nested
  rules will be changing to match the behavior specified by CSS in an 
upcoming
  version. To keep the existing behavior, move the declaration above the 
nested
  rule. To opt into the new behavior, wrap the declaration in `& {}`.
  
  More info: [4mhttps://sass-lang.com/d/mixed-decls[0m


[33mΓû▓ [43;33m[[43;30mWARNING[43;33m][0m [1mDeprecation[0m 
[1m[35m[plugin angular-sass][0m

    src/app/shared/styles/_mixins.scss:206:2:
[37m      206 Γöé   [32m[37mcolor: $color-text-inverse;
          Γò╡   [32m^[0m


  Sass's behavior for declarations that appear after nested
  rules will be changing to match the behavior specified by CSS in an 
upcoming
  version. To keep the existing behavior, move the declaration above the 
nested
  rule. To opt into the new behavior, wrap the declaration in `& {}`.
  
  More info: [4mhttps://sass-lang.com/d/mixed-decls[0m


[33mΓû▓ [43;33m[[43;30mWARNING[43;33m][0m [1mDeprecation[0m 
[1m[35m[plugin angular-sass][0m

    src/app/shared/styles/_mixins.scss:206:2:
[37m      206 Γöé   [32m[37mcolor: $color-text-inverse;
          Γò╡   [32m^[0m


  Sass's behavior for declarations that appear after nested
  rules will be changing to match the behavior specified by CSS in an 
upcoming
  version. To keep the existing behavior, move the declaration above the 
nested
  rule. To opt into the new behavior, wrap the declaration in `& {}`.
  
  More info: [4mhttps://sass-lang.com/d/mixed-decls[0m


[33mΓû▓ [43;33m[[43;30mWARNING[43;33m][0m [1mDeprecation[0m 
[1m[35m[plugin angular-sass][0m

    src/app/shared/styles/_mixins.scss:206:2:
[37m      206 Γöé   [32m[37mcolor: $color-text-inverse;
          Γò╡   [32m^[0m


  Sass's behavior for declarations that appear after nested
  rules will be changing to match the behavior specified by CSS in an 
upcoming
  version. To keep the existing behavior, move the declaration above the 
nested
  rule. To opt into the new behavior, wrap the declaration in `& {}`.
  
  More info: [4mhttps://sass-lang.com/d/mixed-decls[0m


[33mΓû▓ [43;33m[[43;30mWARNING[43;33m][0m [1mDeprecation[0m 
[1m[35m[plugin angular-sass][0m

    src/app/shared/styles/_mixins.scss:206:2:
[37m      206 Γöé   [32m[37mcolor: $color-text-inverse;
          Γò╡   [32m^[0m


  Sass's behavior for declarations that appear after nested
  rules will be changing to match the behavior specified by CSS in an 
upcoming
  version. To keep the existing behavior, move the declaration above the 
nested
  rule. To opt into the new behavior, wrap the declaration in `& {}`.
  
  More info: [4mhttps://sass-lang.com/d/mixed-decls[0m


[33mΓû▓ [43;33m[[43;30mWARNING[43;33m][0m [1mDeprecation[0m 
[1m[35m[plugin angular-sass][0m

    src/app/shared/styles/_mixins.scss:206:2:
[37m      206 Γöé   [32m[37mcolor: $color-text-inverse;
          Γò╡   [32m^[0m


  Sass's behavior for declarations that appear after nested
  rules will be changing to match the behavior specified by CSS in an 
upcoming
  version. To keep the existing behavior, move the declaration above the 
nested
  rule. To opt into the new behavior, wrap the declaration in `& {}`.
  
  More info: [4mhttps://sass-lang.com/d/mixed-decls[0m


[33mΓû▓ [43;33m[[43;30mWARNING[43;33m][0m [1mDeprecation[0m 
[1m[35m[plugin angular-sass][0m

    src/app/shared/styles/_mixins.scss:206:2:
[37m      206 Γöé   [32m[37mcolor: $color-text-inverse;
          Γò╡   [32m^[0m


  Sass's behavior for declarations that appear after nested
  rules will be changing to match the behavior specified by CSS in an 
upcoming
  version. To keep the existing behavior, move the declaration above the 
nested
  rule. To opt into the new behavior, wrap the declaration in `& {}`.
  
  More info: [4mhttps://sass-lang.com/d/mixed-decls[0m


[33mΓû▓ [43;33m[[43;30mWARNING[43;33m][0m [1mDeprecation[0m 
[1m[35m[plugin angular-sass][0m

    src/app/shared/styles/_mixins.scss:206:2:
[37m      206 Γöé   [32m[37mcolor: $color-text-inverse;
          Γò╡   [32m^[0m


  Sass's behavior for declarations that appear after nested
  rules will be changing to match the behavior specified by CSS in an 
upcoming
  version. To keep the existing behavior, move the declaration above the 
nested
  rule. To opt into the new behavior, wrap the declaration in `& {}`.
  
  More info: [4mhttps://sass-lang.com/d/mixed-decls[0m


[33mΓû▓ [43;33m[[43;30mWARNING[43;33m][0m [1mDeprecation[0m 
[1m[35m[plugin angular-sass][0m

    src/app/shared/styles/_mixins.scss:206:2:
[37m      206 Γöé   [32m[37mcolor: $color-text-inverse;
          Γò╡   [32m^[0m


  Sass's behavior for declarations that appear after nested
  rules will be changing to match the behavior specified by CSS in an 
upcoming
  version. To keep the existing behavior, move the declaration above the 
nested
  rule. To opt into the new behavior, wrap the declaration in `& {}`.
  
  More info: [4mhttps://sass-lang.com/d/mixed-decls[0m


[33mΓû▓ [43;33m[[43;30mWARNING[43;33m][0m [1mDeprecation[0m 
[1m[35m[plugin angular-sass][0m

    src/app/shared/styles/_mixins.scss:206:2:
[37m      206 Γöé   [32m[37mcolor: $color-text-inverse;
          Γò╡   [32m^[0m


  Sass's behavior for declarations that appear after nested
  rules will be changing to match the behavior specified by CSS in an 
upcoming
  version. To keep the existing behavior, move the declaration above the 
nested
  rule. To opt into the new behavior, wrap the declaration in `& {}`.
  
  More info: [4mhttps://sass-lang.com/d/mixed-decls[0m


[33mΓû▓ [43;33m[[43;30mWARNING[43;33m][0m [1mDeprecation[0m 
[1m[35m[plugin angular-sass][0m

    src/app/shared/styles/_mixins.scss:206:2:
[37m      206 Γöé   [32m[37mcolor: $color-text-inverse;
          Γò╡   [32m^[0m


  Sass's behavior for declarations that appear after nested
  rules will be changing to match the behavior specified by CSS in an 
upcoming
  version. To keep the existing behavior, move the declaration above the 
nested
  rule. To opt into the new behavior, wrap the declaration in `& {}`.
  
  More info: [4mhttps://sass-lang.com/d/mixed-decls[0m


[33mΓû▓ [43;33m[[43;30mWARNING[43;33m][0m [1mDeprecation[0m 
[1m[35m[plugin angular-sass][0m

    src/app/shared/styles/_mixins.scss:206:2:
[37m      206 Γöé   [32m[37mcolor: $color-text-inverse;
          Γò╡   [32m^[0m


  Sass's behavior for declarations that appear after nested
  rules will be changing to match the behavior specified by CSS in an 
upcoming
  version. To keep the existing behavior, move the declaration above the 
nested
  rule. To opt into the new behavior, wrap the declaration in `& {}`.
  
  More info: [4mhttps://sass-lang.com/d/mixed-decls[0m


[33mΓû▓ [43;33m[[43;30mWARNING[43;33m][0m [1mDeprecation[0m 
[1m[35m[plugin angular-sass][0m

    src/app/shared/styles/_mixins.scss:206:2:
[37m      206 Γöé   [32m[37mcolor: $color-text-inverse;
          Γò╡   [32m^[0m


  Sass's behavior for declarations that appear after nested
  rules will be changing to match the behavior specified by CSS in an 
upcoming
  version. To keep the existing behavior, move the declaration above the 
nested
  rule. To opt into the new behavior, wrap the declaration in `& {}`.
  
  More info: [4mhttps://sass-lang.com/d/mixed-decls[0m


[33mΓû▓ [43;33m[[43;30mWARNING[43;33m][0m [1mDeprecation[0m 
[1m[35m[plugin angular-sass][0m

    src/app/shared/styles/_mixins.scss:206:2:
[37m      206 Γöé   [32m[37mcolor: $color-text-inverse;
          Γò╡   [32m^[0m


  Sass's behavior for declarations that appear after nested
  rules will be changing to match the behavior specified by CSS in an 
upcoming
  version. To keep the existing behavior, move the declaration above the 
nested
  rule. To opt into the new behavior, wrap the declaration in `& {}`.
  
  More info: [4mhttps://sass-lang.com/d/mixed-decls[0m


[33mΓû▓ [43;33m[[43;30mWARNING[43;33m][0m [1mDeprecation[0m 
[1m[35m[plugin angular-sass][0m

    src/app/shared/styles/_mixins.scss:206:2:
[37m      206 Γöé   [32m[37mcolor: $color-text-inverse;
          Γò╡   [32m^[0m


  Sass's behavior for declarations that appear after nested
  rules will be changing to match the behavior specified by CSS in an 
upcoming
  version. To keep the existing behavior, move the declaration above the 
nested
  rule. To opt into the new behavior, wrap the declaration in `& {}`.
  
  More info: [4mhttps://sass-lang.com/d/mixed-decls[0m


[33mΓû▓ [43;33m[[43;30mWARNING[43;33m][0m [1mDeprecation[0m 
[1m[35m[plugin angular-sass][0m

    src/app/shared/styles/_mixins.scss:206:2:
[37m      206 Γöé   [32m[37mcolor: $color-text-inverse;
          Γò╡   [32m^[0m


  Sass's behavior for declarations that appear after nested
  rules will be changing to match the behavior specified by CSS in an 
upcoming
  version. To keep the existing behavior, move the declaration above the 
nested
  rule. To opt into the new behavior, wrap the declaration in `& {}`.
  
  More info: [4mhttps://sass-lang.com/d/mixed-decls[0m


[33mΓû▓ [43;33m[[43;30mWARNING[43;33m][0m [1mDeprecation[0m 
[1m[35m[plugin angular-sass][0m

    src/app/shared/styles/_mixins.scss:206:2:
[37m      206 Γöé   [32m[37mcolor: $color-text-inverse;
          Γò╡   [32m^[0m


  Sass's behavior for declarations that appear after nested
  rules will be changing to match the behavior specified by CSS in an 
upcoming
  version. To keep the existing behavior, move the declaration above the 
nested
  rule. To opt into the new behavior, wrap the declaration in `& {}`.
  
  More info: [4mhttps://sass-lang.com/d/mixed-decls[0m


[33mΓû▓ [43;33m[[43;30mWARNING[43;33m][0m [1mDeprecation[0m 
[1m[35m[plugin angular-sass][0m

    src/app/shared/styles/_mixins.scss:206:2:
[37m      206 Γöé   [32m[37mcolor: $color-text-inverse;
          Γò╡   [32m^[0m


  Sass's behavior for declarations that appear after nested
  rules will be changing to match the behavior specified by CSS in an 
upcoming
  version. To keep the existing behavior, move the declaration above the 
nested
  rule. To opt into the new behavior, wrap the declaration in `& {}`.
  
  More info: [4mhttps://sass-lang.com/d/mixed-decls[0m


[33mΓû▓ [43;33m[[43;30mWARNING[43;33m][0m [1mDeprecation[0m 
[1m[35m[plugin angular-sass][0m

    src/app/shared/styles/_mixins.scss:206:2:
[37m      206 Γöé   [32m[37mcolor: $color-text-inverse;
          Γò╡   [32m^[0m


  Sass's behavior for declarations that appear after nested
  rules will be changing to match the behavior specified by CSS in an 
upcoming
  version. To keep the existing behavior, move the declaration above the 
nested
  rule. To opt into the new behavior, wrap the declaration in `& {}`.
  
  More info: [4mhttps://sass-lang.com/d/mixed-decls[0m


[33mΓû▓ [43;33m[[43;30mWARNING[43;33m][0m [1mDeprecation[0m 
[1m[35m[plugin angular-sass][0m

    src/app/shared/styles/_mixins.scss:206:2:
[37m      206 Γöé   [32m[37mcolor: $color-text-inverse;
          Γò╡   [32m^[0m


  Sass's behavior for declarations that appear after nested
  rules will be changing to match the behavior specified by CSS in an 
upcoming
  version. To keep the existing behavior, move the declaration above the 
nested
  rule. To opt into the new behavior, wrap the declaration in `& {}`.
  
  More info: [4mhttps://sass-lang.com/d/mixed-decls[0m


[33mΓû▓ [43;33m[[43;30mWARNING[43;33m][0m [1mDeprecation[0m 
[1m[35m[plugin angular-sass][0m

    src/app/shared/styles/_mixins.scss:206:2:
[37m      206 Γöé   [32m[37mcolor: $color-text-inverse;
          Γò╡   [32m^[0m


  Sass's behavior for declarations that appear after nested
  rules will be changing to match the behavior specified by CSS in an 
upcoming
  version. To keep the existing behavior, move the declaration above the 
nested
  rule. To opt into the new behavior, wrap the declaration in `& {}`.
  
  More info: [4mhttps://sass-lang.com/d/mixed-decls[0m


[33mΓû▓ [43;33m[[43;30mWARNING[43;33m][0m [1mDeprecation[0m 
[1m[35m[plugin angular-sass][0m

    src/app/shared/styles/_mixins.scss:206:2:
[37m      206 Γöé   [32m[37mcolor: $color-text-inverse;
          Γò╡   [32m^[0m


  Sass's behavior for declarations that appear after nested
  rules will be changing to match the behavior specified by CSS in an 
upcoming
  version. To keep the existing behavior, move the declaration above the 
nested
  rule. To opt into the new behavior, wrap the declaration in `& {}`.
  
  More info: [4mhttps://sass-lang.com/d/mixed-decls[0m


[33mΓû▓ [43;33m[[43;30mWARNING[43;33m][0m [1mDeprecation[0m 
[1m[35m[plugin angular-sass][0m

    src/app/shared/styles/_mixins.scss:206:2:
[37m      206 Γöé   [32m[37mcolor: $color-text-inverse;
          Γò╡   [32m^[0m


  Sass's behavior for declarations that appear after nested
  rules will be changing to match the behavior specified by CSS in an 
upcoming
  version. To keep the existing behavior, move the declaration above the 
nested
  rule. To opt into the new behavior, wrap the declaration in `& {}`.
  
  More info: [4mhttps://sass-lang.com/d/mixed-decls[0m


[33mΓû▓ [43;33m[[43;30mWARNING[43;33m][0m [1mDeprecation[0m 
[1m[35m[plugin angular-sass][0m

    src/app/shared/styles/_mixins.scss:206:2:
[37m      206 Γöé   [32m[37mcolor: $color-text-inverse;
          Γò╡   [32m^[0m


  Sass's behavior for declarations that appear after nested
  rules will be changing to match the behavior specified by CSS in an 
upcoming
  version. To keep the existing behavior, move the declaration above the 
nested
  rule. To opt into the new behavior, wrap the declaration in `& {}`.
  
  More info: [4mhttps://sass-lang.com/d/mixed-decls[0m


[33mΓû▓ [43;33m[[43;30mWARNING[43;33m][0m [1mDeprecation[0m 
[1m[35m[plugin angular-sass][0m

    src/app/shared/styles/_mixins.scss:206:2:
[37m      206 Γöé   [32m[37mcolor: $color-text-inverse;
          Γò╡   [32m^[0m


  Sass's behavior for declarations that appear after nested
  rules will be changing to match the behavior specified by CSS in an 
upcoming
  version. To keep the existing behavior, move the declaration above the 
nested
  rule. To opt into the new behavior, wrap the declaration in `& {}`.
  
  More info: [4mhttps://sass-lang.com/d/mixed-decls[0m


[33mΓû▓ [43;33m[[43;30mWARNING[43;33m][0m [1mDeprecation[0m 
[1m[35m[plugin angular-sass][0m

    src/app/shared/styles/_mixins.scss:206:2:
[37m      206 Γöé   [32m[37mcolor: $color-text-inverse;
          Γò╡   [32m^[0m


  Sass's behavior for declarations that appear after nested
  rules will be changing to match the behavior specified by CSS in an 
upcoming
  version. To keep the existing behavior, move the declaration above the 
nested
  rule. To opt into the new behavior, wrap the declaration in `& {}`.
  
  More info: [4mhttps://sass-lang.com/d/mixed-decls[0m


[33mΓû▓ [43;33m[[43;30mWARNING[43;33m][0m [1mDeprecation[0m 
[1m[35m[plugin angular-sass][0m

    src/app/shared/styles/_mixins.scss:206:2:
[37m      206 Γöé   [32m[37mcolor: $color-text-inverse;
          Γò╡   [32m^[0m


  Sass's behavior for declarations that appear after nested
  rules will be changing to match the behavior specified by CSS in an 
upcoming
  version. To keep the existing behavior, move the declaration above the 
nested
  rule. To opt into the new behavior, wrap the declaration in `& {}`.
  
  More info: [4mhttps://sass-lang.com/d/mixed-decls[0m


[33mΓû▓ [43;33m[[43;30mWARNING[43;33m][0m [1mDeprecation[0m 
[1m[35m[plugin angular-sass][0m

    src/app/shared/styles/_mixins.scss:206:2:
[37m      206 Γöé   [32m[37mcolor: $color-text-inverse;
          Γò╡   [32m^[0m


  Sass's behavior for declarations that appear after nested
  rules will be changing to match the behavior specified by CSS in an 
upcoming
  version. To keep the existing behavior, move the declaration above the 
nested
  rule. To opt into the new behavior, wrap the declaration in `& {}`.
  
  More info: [4mhttps://sass-lang.com/d/mixed-decls[0m


[33mΓû▓ [43;33m[[43;30mWARNING[43;33m][0m [1mDeprecation[0m 
[1m[35m[plugin angular-sass][0m

    src/app/shared/styles/_mixins.scss:206:2:
[37m      206 Γöé   [32m[37mcolor: $color-text-inverse;
          Γò╡   [32m^[0m


  Sass's behavior for declarations that appear after nested
  rules will be changing to match the behavior specified by CSS in an 
upcoming
  version. To keep the existing behavior, move the declaration above the 
nested
  rule. To opt into the new behavior, wrap the declaration in `& {}`.
  
  More info: [4mhttps://sass-lang.com/d/mixed-decls[0m


[33mΓû▓ [43;33m[[43;30mWARNING[43;33m][0m [1mDeprecation[0m 
[1m[35m[plugin angular-sass][0m

    src/app/shared/styles/_mixins.scss:206:2:
[37m      206 Γöé   [32m[37mcolor: $color-text-inverse;
          Γò╡   [32m^[0m


  Sass's behavior for declarations that appear after nested
  rules will be changing to match the behavior specified by CSS in an 
upcoming
  version. To keep the existing behavior, move the declaration above the 
nested
  rule. To opt into the new behavior, wrap the declaration in `& {}`.
  
  More info: [4mhttps://sass-lang.com/d/mixed-decls[0m


[33mΓû▓ [43;33m[[43;30mWARNING[43;33m][0m [1mDeprecation[0m 
[1m[35m[plugin angular-sass][0m

    src/app/shared/styles/_mixins.scss:206:2:
[37m      206 Γöé   [32m[37mcolor: $color-text-inverse;
          Γò╡   [32m^[0m


  Sass's behavior for declarations that appear after nested
  rules will be changing to match the behavior specified by CSS in an 
upcoming
  version. To keep the existing behavior, move the declaration above the 
nested
  rule. To opt into the new behavior, wrap the declaration in `& {}`.
  
  More info: [4mhttps://sass-lang.com/d/mixed-decls[0m


[33mΓû▓ [43;33m[[43;30mWARNING[43;33m][0m [1mDeprecation[0m 
[1m[35m[plugin angular-sass][0m

    src/app/shared/styles/_mixins.scss:206:2:
[37m      206 Γöé   [32m[37mcolor: $color-text-inverse;
          Γò╡   [32m^[0m


  Sass's behavior for declarations that appear after nested
  rules will be changing to match the behavior specified by CSS in an 
upcoming
  version. To keep the existing behavior, move the declaration above the 
nested
  rule. To opt into the new behavior, wrap the declaration in `& {}`.
  
  More info: [4mhttps://sass-lang.com/d/mixed-decls[0m


[33mΓû▓ [43;33m[[43;30mWARNING[43;33m][0m [1mDeprecation[0m 
[1m[35m[plugin angular-sass][0m

    src/app/shared/styles/_mixins.scss:206:2:
[37m      206 Γöé   [32m[37mcolor: $color-text-inverse;
          Γò╡   [32m^[0m


  Sass's behavior for declarations that appear after nested
  rules will be changing to match the behavior specified by CSS in an 
upcoming
  version. To keep the existing behavior, move the declaration above the 
nested
  rule. To opt into the new behavior, wrap the declaration in `& {}`.
  
  More info: [4mhttps://sass-lang.com/d/mixed-decls[0m


[33mΓû▓ [43;33m[[43;30mWARNING[43;33m][0m [1mDeprecation[0m 
[1m[35m[plugin angular-sass][0m

    src/app/shared/styles/_mixins.scss:206:2:
[37m      206 Γöé   [32m[37mcolor: $color-text-inverse;
          Γò╡   [32m^[0m


  Sass's behavior for declarations that appear after nested
  rules will be changing to match the behavior specified by CSS in an 
upcoming
  version. To keep the existing behavior, move the declaration above the 
nested
  rule. To opt into the new behavior, wrap the declaration in `& {}`.
  
  More info: [4mhttps://sass-lang.com/d/mixed-decls[0m


[33mΓû▓ [43;33m[[43;30mWARNING[43;33m][0m [1mDeprecation[0m 
[1m[35m[plugin angular-sass][0m

    src/app/shared/styles/_mixins.scss:206:2:
[37m      206 Γöé   [32m[37mcolor: $color-text-inverse;
          Γò╡   [32m^[0m


  Sass's behavior for declarations that appear after nested
  rules will be changing to match the behavior specified by CSS in an 
upcoming
  version. To keep the existing behavior, move the declaration above the 
nested
  rule. To opt into the new behavior, wrap the declaration in `& {}`.
  
  More info: [4mhttps://sass-lang.com/d/mixed-decls[0m


[33mΓû▓ [43;33m[[43;30mWARNING[43;33m][0m [1mDeprecation[0m 
[1m[35m[plugin angular-sass][0m

    src/app/shared/styles/_mixins.scss:206:2:
[37m      206 Γöé   [32m[37mcolor: $color-text-inverse;
          Γò╡   [32m^[0m


  Sass's behavior for declarations that appear after nested
  rules will be changing to match the behavior specified by CSS in an 
upcoming
  version. To keep the existing behavior, move the declaration above the 
nested
  rule. To opt into the new behavior, wrap the declaration in `& {}`.
  
  More info: [4mhttps://sass-lang.com/d/mixed-decls[0m


[33mΓû▓ [43;33m[[43;30mWARNING[43;33m][0m [1mDeprecation[0m 
[1m[35m[plugin angular-sass][0m

    src/app/shared/styles/_mixins.scss:206:2:
[37m      206 Γöé   [32m[37mcolor: $color-text-inverse;
          Γò╡   [32m^[0m


  Sass's behavior for declarations that appear after nested
  rules will be changing to match the behavior specified by CSS in an 
upcoming
  version. To keep the existing behavior, move the declaration above the 
nested
  rule. To opt into the new behavior, wrap the declaration in `& {}`.
  
  More info: [4mhttps://sass-lang.com/d/mixed-decls[0m


[33mΓû▓ [43;33m[[43;30mWARNING[43;33m][0m [1mDeprecation[0m 
[1m[35m[plugin angular-sass][0m

    src/app/shared/styles/_mixins.scss:206:2:
[37m      206 Γöé   [32m[37mcolor: $color-text-inverse;
          Γò╡   [32m^[0m


  Sass's behavior for declarations that appear after nested
  rules will be changing to match the behavior specified by CSS in an 
upcoming
  version. To keep the existing behavior, move the declaration above the 
nested
  rule. To opt into the new behavior, wrap the declaration in `& {}`.
  
  More info: [4mhttps://sass-lang.com/d/mixed-decls[0m


[33mΓû▓ [43;33m[[43;30mWARNING[43;33m][0m [1mDeprecation[0m 
[1m[35m[plugin angular-sass][0m

    src/app/shared/styles/_mixins.scss:206:2:
[37m      206 Γöé   [32m[37mcolor: $color-text-inverse;
          Γò╡   [32m^[0m


  Sass's behavior for declarations that appear after nested
  rules will be changing to match the behavior specified by CSS in an 
upcoming
  version. To keep the existing behavior, move the declaration above the 
nested
  rule. To opt into the new behavior, wrap the declaration in `& {}`.
  
  More info: [4mhttps://sass-lang.com/d/mixed-decls[0m


[33mΓû▓ [43;33m[[43;30mWARNING[43;33m][0m [1mDeprecation[0m 
[1m[35m[plugin angular-sass][0m

    src/app/shared/styles/_mixins.scss:206:2:
[37m      206 Γöé   [32m[37mcolor: $color-text-inverse;
          Γò╡   [32m^[0m


  Sass's behavior for declarations that appear after nested
  rules will be changing to match the behavior specified by CSS in an 
upcoming
  version. To keep the existing behavior, move the declaration above the 
nested
  rule. To opt into the new behavior, wrap the declaration in `& {}`.
  
  More info: [4mhttps://sass-lang.com/d/mixed-decls[0m


[33mΓû▓ [43;33m[[43;30mWARNING[43;33m][0m [1mDeprecation[0m 
[1m[35m[plugin angular-sass][0m

    src/app/shared/styles/_mixins.scss:206:2:
[37m      206 Γöé   [32m[37mcolor: $color-text-inverse;
          Γò╡   [32m^[0m


  Sass's behavior for declarations that appear after nested
  rules will be changing to match the behavior specified by CSS in an 
upcoming
  version. To keep the existing behavior, move the declaration above the 
nested
  rule. To opt into the new behavior, wrap the declaration in `& {}`.
  
  More info: [4mhttps://sass-lang.com/d/mixed-decls[0m


[33mΓû▓ [43;33m[[43;30mWARNING[43;33m][0m [1mDeprecation[0m 
[1m[35m[plugin angular-sass][0m

    src/app/shared/styles/_mixins.scss:206:2:
[37m      206 Γöé   [32m[37mcolor: $color-text-inverse;
          Γò╡   [32m^[0m


  Sass's behavior for declarations that appear after nested
  rules will be changing to match the behavior specified by CSS in an 
upcoming
  version. To keep the existing behavior, move the declaration above the 
nested
  rule. To opt into the new behavior, wrap the declaration in `& {}`.
  
  More info: [4mhttps://sass-lang.com/d/mixed-decls[0m


[33mΓû▓ [43;33m[[43;30mWARNING[43;33m][0m [1mDeprecation[0m 
[1m[35m[plugin angular-sass][0m

    src/app/shared/styles/_mixins.scss:206:2:
[37m      206 Γöé   [32m[37mcolor: $color-text-inverse;
          Γò╡   [32m^[0m


  Sass's behavior for declarations that appear after nested
  rules will be changing to match the behavior specified by CSS in an 
upcoming
  version. To keep the existing behavior, move the declaration above the 
nested
  rule. To opt into the new behavior, wrap the declaration in `& {}`.
  
  More info: [4mhttps://sass-lang.com/d/mixed-decls[0m


[33mΓû▓ [43;33m[[43;30mWARNING[43;33m][0m [1mDeprecation[0m 
[1m[35m[plugin angular-sass][0m

    src/app/shared/styles/_mixins.scss:206:2:
[37m      206 Γöé   [32m[37mcolor: $color-text-inverse;
          Γò╡   [32m^[0m


  Sass's behavior for declarations that appear after nested
  rules will be changing to match the behavior specified by CSS in an 
upcoming
  version. To keep the existing behavior, move the declaration above the 
nested
  rule. To opt into the new behavior, wrap the declaration in `& {}`.
  
  More info: [4mhttps://sass-lang.com/d/mixed-decls[0m


[33mΓû▓ [43;33m[[43;30mWARNING[43;33m][0m [1mDeprecation[0m 
[1m[35m[plugin angular-sass][0m

    src/app/shared/styles/_mixins.scss:206:2:
[37m      206 Γöé   [32m[37mcolor: $color-text-inverse;
          Γò╡   [32m^[0m


  Sass's behavior for declarations that appear after nested
  rules will be changing to match the behavior specified by CSS in an 
upcoming
  version. To keep the existing behavior, move the declaration above the 
nested
  rule. To opt into the new behavior, wrap the declaration in `& {}`.
  
  More info: [4mhttps://sass-lang.com/d/mixed-decls[0m


[33mΓû▓ [43;33m[[43;30mWARNING[43;33m][0m [1mDeprecation[0m 
[1m[35m[plugin angular-sass][0m

    src/app/shared/styles/_mixins.scss:206:2:
[37m      206 Γöé   [32m[37mcolor: $color-text-inverse;
          Γò╡   [32m^[0m


  Sass's behavior for declarations that appear after nested
  rules will be changing to match the behavior specified by CSS in an 
upcoming
  version. To keep the existing behavior, move the declaration above the 
nested
  rule. To opt into the new behavior, wrap the declaration in `& {}`.
  
  More info: [4mhttps://sass-lang.com/d/mixed-decls[0m


[33mΓû▓ [43;33m[[43;30mWARNING[43;33m][0m [1mDeprecation[0m 
[1m[35m[plugin angular-sass][0m

    src/app/shared/styles/_mixins.scss:206:2:
[37m      206 Γöé   [32m[37mcolor: $color-text-inverse;
          Γò╡   [32m^[0m


  Sass's behavior for declarations that appear after nested
  rules will be changing to match the behavior specified by CSS in an 
upcoming
  version. To keep the existing behavior, move the declaration above the 
nested
  rule. To opt into the new behavior, wrap the declaration in `& {}`.
  
  More info: [4mhttps://sass-lang.com/d/mixed-decls[0m


[33mΓû▓ [43;33m[[43;30mWARNING[43;33m][0m [1mDeprecation[0m 
[1m[35m[plugin angular-sass][0m

    src/app/shared/styles/_mixins.scss:206:2:
[37m      206 Γöé   [32m[37mcolor: $color-text-inverse;
          Γò╡   [32m^[0m


  Sass's behavior for declarations that appear after nested
  rules will be changing to match the behavior specified by CSS in an 
upcoming
  version. To keep the existing behavior, move the declaration above the 
nested
  rule. To opt into the new behavior, wrap the declaration in `& {}`.
  
  More info: [4mhttps://sass-lang.com/d/mixed-decls[0m


[33mΓû▓ [43;33m[[43;30mWARNING[43;33m][0m [1mDeprecation[0m 
[1m[35m[plugin angular-sass][0m

    src/app/shared/styles/_mixins.scss:206:2:
[37m      206 Γöé   [32m[37mcolor: $color-text-inverse;
          Γò╡   [32m^[0m


  Sass's behavior for declarations that appear after nested
  rules will be changing to match the behavior specified by CSS in an 
upcoming
  version. To keep the existing behavior, move the declaration above the 
nested
  rule. To opt into the new behavior, wrap the declaration in `& {}`.
  
  More info: [4mhttps://sass-lang.com/d/mixed-decls[0m


[33mΓû▓ [43;33m[[43;30mWARNING[43;33m][0m [1mDeprecation[0m 
[1m[35m[plugin angular-sass][0m

    src/app/shared/styles/_mixins.scss:206:2:
[37m      206 Γöé   [32m[37mcolor: $color-text-inverse;
          Γò╡   [32m^[0m


  Sass's behavior for declarations that appear after nested
  rules will be changing to match the behavior specified by CSS in an 
upcoming
  version. To keep the existing behavior, move the declaration above the 
nested
  rule. To opt into the new behavior, wrap the declaration in `& {}`.
  
  More info: [4mhttps://sass-lang.com/d/mixed-decls[0m


[33mΓû▓ [43;33m[[43;30mWARNING[43;33m][0m [1mDeprecation[0m 
[1m[35m[plugin angular-sass][0m

    src/app/shared/styles/_mixins.scss:206:2:
[37m      206 Γöé   [32m[37mcolor: $color-text-inverse;
          Γò╡   [32m^[0m


  Sass's behavior for declarations that appear after nested
  rules will be changing to match the behavior specified by CSS in an 
upcoming
  version. To keep the existing behavior, move the declaration above the 
nested
  rule. To opt into the new behavior, wrap the declaration in `& {}`.
  
  More info: [4mhttps://sass-lang.com/d/mixed-decls[0m


[33mΓû▓ [43;33m[[43;30mWARNING[43;33m][0m [1mDeprecation[0m 
[1m[35m[plugin angular-sass][0m

    src/app/shared/styles/_mixins.scss:206:2:
[37m      206 Γöé   [32m[37mcolor: $color-text-inverse;
          Γò╡   [32m^[0m


  Sass's behavior for declarations that appear after nested
  rules will be changing to match the behavior specified by CSS in an 
upcoming
  version. To keep the existing behavior, move the declaration above the 
nested
  rule. To opt into the new behavior, wrap the declaration in `& {}`.
  
  More info: [4mhttps://sass-lang.com/d/mixed-decls[0m


[33mΓû▓ [43;33m[[43;30mWARNING[43;33m][0m [1mDeprecation[0m 
[1m[35m[plugin angular-sass][0m

    src/app/shared/styles/_mixins.scss:206:2:
[37m      206 Γöé   [32m[37mcolor: $color-text-inverse;
          Γò╡   [32m^[0m


  Sass's behavior for declarations that appear after nested
  rules will be changing to match the behavior specified by CSS in an 
upcoming
  version. To keep the existing behavior, move the declaration above the 
nested
  rule. To opt into the new behavior, wrap the declaration in `& {}`.
  
  More info: [4mhttps://sass-lang.com/d/mixed-decls[0m


[33mΓû▓ [43;33m[[43;30mWARNING[43;33m][0m [1mDeprecation[0m 
[1m[35m[plugin angular-sass][0m

    src/app/shared/styles/_mixins.scss:207:2:
[37m      207 Γöé   [32m[37mborder: none;
          Γò╡   [32m^[0m


  Sass's behavior for declarations that appear after nested
  rules will be changing to match the behavior specified by CSS in an 
upcoming
  version. To keep the existing behavior, move the declaration above the 
nested
  rule. To opt into the new behavior, wrap the declaration in `& {}`.
  
  More info: [4mhttps://sass-lang.com/d/mixed-decls[0m


[33mΓû▓ [43;33m[[43;30mWARNING[43;33m][0m [1mDeprecation[0m 
[1m[35m[plugin angular-sass][0m

    src/app/shared/styles/_mixins.scss:207:2:
[37m      207 Γöé   [32m[37mborder: none;
          Γò╡   [32m^[0m


  Sass's behavior for declarations that appear after nested
  rules will be changing to match the behavior specified by CSS in an 
upcoming
  version. To keep the existing behavior, move the declaration above the 
nested
  rule. To opt into the new behavior, wrap the declaration in `& {}`.
  
  More info: [4mhttps://sass-lang.com/d/mixed-decls[0m


[33mΓû▓ [43;33m[[43;30mWARNING[43;33m][0m [1mDeprecation[0m 
[1m[35m[plugin angular-sass][0m

    src/app/shared/styles/_mixins.scss:207:2:
[37m      207 Γöé   [32m[37mborder: none;
          Γò╡   [32m^[0m


  Sass's behavior for declarations that appear after nested
  rules will be changing to match the behavior specified by CSS in an 
upcoming
  version. To keep the existing behavior, move the declaration above the 
nested
  rule. To opt into the new behavior, wrap the declaration in `& {}`.
  
  More info: [4mhttps://sass-lang.com/d/mixed-decls[0m


[33mΓû▓ [43;33m[[43;30mWARNING[43;33m][0m [1mDeprecation[0m 
[1m[35m[plugin angular-sass][0m

    src/app/shared/styles/_mixins.scss:207:2:
[37m      207 Γöé   [32m[37mborder: none;
          Γò╡   [32m^[0m


  Sass's behavior for declarations that appear after nested
  rules will be changing to match the behavior specified by CSS in an 
upcoming
  version. To keep the existing behavior, move the declaration above the 
nested
  rule. To opt into the new behavior, wrap the declaration in `& {}`.
  
  More info: [4mhttps://sass-lang.com/d/mixed-decls[0m


[33mΓû▓ [43;33m[[43;30mWARNING[43;33m][0m [1mDeprecation[0m 
[1m[35m[plugin angular-sass][0m

    src/app/shared/styles/_mixins.scss:207:2:
[37m      207 Γöé   [32m[37mborder: none;
          Γò╡   [32m^[0m


  Sass's behavior for declarations that appear after nested
  rules will be changing to match the behavior specified by CSS in an 
upcoming
  version. To keep the existing behavior, move the declaration above the 
nested
  rule. To opt into the new behavior, wrap the declaration in `& {}`.
  
  More info: [4mhttps://sass-lang.com/d/mixed-decls[0m


[33mΓû▓ [43;33m[[43;30mWARNING[43;33m][0m [1mDeprecation[0m 
[1m[35m[plugin angular-sass][0m

    src/app/shared/styles/_mixins.scss:207:2:
[37m      207 Γöé   [32m[37mborder: none;
          Γò╡   [32m^[0m


  Sass's behavior for declarations that appear after nested
  rules will be changing to match the behavior specified by CSS in an 
upcoming
  version. To keep the existing behavior, move the declaration above the 
nested
  rule. To opt into the new behavior, wrap the declaration in `& {}`.
  
  More info: [4mhttps://sass-lang.com/d/mixed-decls[0m


[33mΓû▓ [43;33m[[43;30mWARNING[43;33m][0m [1mDeprecation[0m 
[1m[35m[plugin angular-sass][0m

    src/app/shared/styles/_mixins.scss:207:2:
[37m      207 Γöé   [32m[37mborder: none;
          Γò╡   [32m^[0m


  Sass's behavior for declarations that appear after nested
  rules will be changing to match the behavior specified by CSS in an 
upcoming
  version. To keep the existing behavior, move the declaration above the 
nested
  rule. To opt into the new behavior, wrap the declaration in `& {}`.
  
  More info: [4mhttps://sass-lang.com/d/mixed-decls[0m


[33mΓû▓ [43;33m[[43;30mWARNING[43;33m][0m [1mDeprecation[0m 
[1m[35m[plugin angular-sass][0m

    src/app/shared/styles/_mixins.scss:207:2:
[37m      207 Γöé   [32m[37mborder: none;
          Γò╡   [32m^[0m


  Sass's behavior for declarations that appear after nested
  rules will be changing to match the behavior specified by CSS in an 
upcoming
  version. To keep the existing behavior, move the declaration above the 
nested
  rule. To opt into the new behavior, wrap the declaration in `& {}`.
  
  More info: [4mhttps://sass-lang.com/d/mixed-decls[0m


[33mΓû▓ [43;33m[[43;30mWARNING[43;33m][0m [1mDeprecation[0m 
[1m[35m[plugin angular-sass][0m

    src/app/shared/styles/_mixins.scss:207:2:
[37m      207 Γöé   [32m[37mborder: none;
          Γò╡   [32m^[0m


  Sass's behavior for declarations that appear after nested
  rules will be changing to match the behavior specified by CSS in an 
upcoming
  version. To keep the existing behavior, move the declaration above the 
nested
  rule. To opt into the new behavior, wrap the declaration in `& {}`.
  
  More info: [4mhttps://sass-lang.com/d/mixed-decls[0m


[33mΓû▓ [43;33m[[43;30mWARNING[43;33m][0m [1mDeprecation[0m 
[1m[35m[plugin angular-sass][0m

    src/app/shared/styles/_mixins.scss:207:2:
[37m      207 Γöé   [32m[37mborder: none;
          Γò╡   [32m^[0m


  Sass's behavior for declarations that appear after nested
  rules will be changing to match the behavior specified by CSS in an 
upcoming
  version. To keep the existing behavior, move the declaration above the 
nested
  rule. To opt into the new behavior, wrap the declaration in `& {}`.
  
  More info: [4mhttps://sass-lang.com/d/mixed-decls[0m


[33mΓû▓ [43;33m[[43;30mWARNING[43;33m][0m [1mDeprecation[0m 
[1m[35m[plugin angular-sass][0m

    src/app/shared/styles/_mixins.scss:207:2:
[37m      207 Γöé   [32m[37mborder: none;
          Γò╡   [32m^[0m


  Sass's behavior for declarations that appear after nested
  rules will be changing to match the behavior specified by CSS in an 
upcoming
  version. To keep the existing behavior, move the declaration above the 
nested
  rule. To opt into the new behavior, wrap the declaration in `& {}`.
  
  More info: [4mhttps://sass-lang.com/d/mixed-decls[0m


[33mΓû▓ [43;33m[[43;30mWARNING[43;33m][0m [1mDeprecation[0m 
[1m[35m[plugin angular-sass][0m

    src/app/shared/styles/_mixins.scss:207:2:
[37m      207 Γöé   [32m[37mborder: none;
          Γò╡   [32m^[0m


  Sass's behavior for declarations that appear after nested
  rules will be changing to match the behavior specified by CSS in an 
upcoming
  version. To keep the existing behavior, move the declaration above the 
nested
  rule. To opt into the new behavior, wrap the declaration in `& {}`.
  
  More info: [4mhttps://sass-lang.com/d/mixed-decls[0m


[33mΓû▓ [43;33m[[43;30mWARNING[43;33m][0m [1mDeprecation[0m 
[1m[35m[plugin angular-sass][0m

    src/app/shared/styles/_mixins.scss:207:2:
[37m      207 Γöé   [32m[37mborder: none;
          Γò╡   [32m^[0m


  Sass's behavior for declarations that appear after nested
  rules will be changing to match the behavior specified by CSS in an 
upcoming
  version. To keep the existing behavior, move the declaration above the 
nested
  rule. To opt into the new behavior, wrap the declaration in `& {}`.
  
  More info: [4mhttps://sass-lang.com/d/mixed-decls[0m


[33mΓû▓ [43;33m[[43;30mWARNING[43;33m][0m [1mDeprecation[0m 
[1m[35m[plugin angular-sass][0m

    src/app/shared/styles/_mixins.scss:207:2:
[37m      207 Γöé   [32m[37mborder: none;
          Γò╡   [32m^[0m


  Sass's behavior for declarations that appear after nested
  rules will be changing to match the behavior specified by CSS in an 
upcoming
  version. To keep the existing behavior, move the declaration above the 
nested
  rule. To opt into the new behavior, wrap the declaration in `& {}`.
  
  More info: [4mhttps://sass-lang.com/d/mixed-decls[0m


[33mΓû▓ [43;33m[[43;30mWARNING[43;33m][0m [1mDeprecation[0m 
[1m[35m[plugin angular-sass][0m

    src/app/shared/styles/_mixins.scss:207:2:
[37m      207 Γöé   [32m[37mborder: none;
          Γò╡   [32m^[0m


  Sass's behavior for declarations that appear after nested
  rules will be changing to match the behavior specified by CSS in an 
upcoming
  version. To keep the existing behavior, move the declaration above the 
nested
  rule. To opt into the new behavior, wrap the declaration in `& {}`.
  
  More info: [4mhttps://sass-lang.com/d/mixed-decls[0m


[33mΓû▓ [43;33m[[43;30mWARNING[43;33m][0m [1mDeprecation[0m 
[1m[35m[plugin angular-sass][0m

    src/app/shared/styles/_mixins.scss:207:2:
[37m      207 Γöé   [32m[37mborder: none;
          Γò╡   [32m^[0m


  Sass's behavior for declarations that appear after nested
  rules will be changing to match the behavior specified by CSS in an 
upcoming
  version. To keep the existing behavior, move the declaration above the 
nested
  rule. To opt into the new behavior, wrap the declaration in `& {}`.
  
  More info: [4mhttps://sass-lang.com/d/mixed-decls[0m


[33mΓû▓ [43;33m[[43;30mWARNING[43;33m][0m [1mDeprecation[0m 
[1m[35m[plugin angular-sass][0m

    src/app/shared/styles/_mixins.scss:207:2:
[37m      207 Γöé   [32m[37mborder: none;
          Γò╡   [32m^[0m


  Sass's behavior for declarations that appear after nested
  rules will be changing to match the behavior specified by CSS in an 
upcoming
  version. To keep the existing behavior, move the declaration above the 
nested
  rule. To opt into the new behavior, wrap the declaration in `& {}`.
  
  More info: [4mhttps://sass-lang.com/d/mixed-decls[0m


[33mΓû▓ [43;33m[[43;30mWARNING[43;33m][0m [1mDeprecation[0m 
[1m[35m[plugin angular-sass][0m

    src/app/shared/styles/_mixins.scss:207:2:
[37m      207 Γöé   [32m[37mborder: none;
          Γò╡   [32m^[0m


  Sass's behavior for declarations that appear after nested
  rules will be changing to match the behavior specified by CSS in an 
upcoming
  version. To keep the existing behavior, move the declaration above the 
nested
  rule. To opt into the new behavior, wrap the declaration in `& {}`.
  
  More info: [4mhttps://sass-lang.com/d/mixed-decls[0m


[33mΓû▓ [43;33m[[43;30mWARNING[43;33m][0m [1mDeprecation[0m 
[1m[35m[plugin angular-sass][0m

    src/app/shared/styles/_mixins.scss:207:2:
[37m      207 Γöé   [32m[37mborder: none;
          Γò╡   [32m^[0m


  Sass's behavior for declarations that appear after nested
  rules will be changing to match the behavior specified by CSS in an 
upcoming
  version. To keep the existing behavior, move the declaration above the 
nested
  rule. To opt into the new behavior, wrap the declaration in `& {}`.
  
  More info: [4mhttps://sass-lang.com/d/mixed-decls[0m


[33mΓû▓ [43;33m[[43;30mWARNING[43;33m][0m [1mDeprecation[0m 
[1m[35m[plugin angular-sass][0m

    src/app/shared/styles/_mixins.scss:207:2:
[37m      207 Γöé   [32m[37mborder: none;
          Γò╡   [32m^[0m


  Sass's behavior for declarations that appear after nested
  rules will be changing to match the behavior specified by CSS in an 
upcoming
  version. To keep the existing behavior, move the declaration above the 
nested
  rule. To opt into the new behavior, wrap the declaration in `& {}`.
  
  More info: [4mhttps://sass-lang.com/d/mixed-decls[0m


[33mΓû▓ [43;33m[[43;30mWARNING[43;33m][0m [1mDeprecation[0m 
[1m[35m[plugin angular-sass][0m

    src/app/shared/styles/_mixins.scss:207:2:
[37m      207 Γöé   [32m[37mborder: none;
          Γò╡   [32m^[0m


  Sass's behavior for declarations that appear after nested
  rules will be changing to match the behavior specified by CSS in an 
upcoming
  version. To keep the existing behavior, move the declaration above the 
nested
  rule. To opt into the new behavior, wrap the declaration in `& {}`.
  
  More info: [4mhttps://sass-lang.com/d/mixed-decls[0m


[33mΓû▓ [43;33m[[43;30mWARNING[43;33m][0m [1mDeprecation[0m 
[1m[35m[plugin angular-sass][0m

    src/app/shared/styles/_mixins.scss:207:2:
[37m      207 Γöé   [32m[37mborder: none;
          Γò╡   [32m^[0m


  Sass's behavior for declarations that appear after nested
  rules will be changing to match the behavior specified by CSS in an 
upcoming
  version. To keep the existing behavior, move the declaration above the 
nested
  rule. To opt into the new behavior, wrap the declaration in `& {}`.
  
  More info: [4mhttps://sass-lang.com/d/mixed-decls[0m


[33mΓû▓ [43;33m[[43;30mWARNING[43;33m][0m [1mDeprecation[0m 
[1m[35m[plugin angular-sass][0m

    src/app/shared/styles/_mixins.scss:207:2:
[37m      207 Γöé   [32m[37mborder: none;
          Γò╡   [32m^[0m


  Sass's behavior for declarations that appear after nested
  rules will be changing to match the behavior specified by CSS in an 
upcoming
  version. To keep the existing behavior, move the declaration above the 
nested
  rule. To opt into the new behavior, wrap the declaration in `& {}`.
  
  More info: [4mhttps://sass-lang.com/d/mixed-decls[0m


[33mΓû▓ [43;33m[[43;30mWARNING[43;33m][0m [1mDeprecation[0m 
[1m[35m[plugin angular-sass][0m

    src/app/shared/styles/_mixins.scss:207:2:
[37m      207 Γöé   [32m[37mborder: none;
          Γò╡   [32m^[0m


  Sass's behavior for declarations that appear after nested
  rules will be changing to match the behavior specified by CSS in an 
upcoming
  version. To keep the existing behavior, move the declaration above the 
nested
  rule. To opt into the new behavior, wrap the declaration in `& {}`.
  
  More info: [4mhttps://sass-lang.com/d/mixed-decls[0m


[33mΓû▓ [43;33m[[43;30mWARNING[43;33m][0m [1mDeprecation[0m 
[1m[35m[plugin angular-sass][0m

    src/app/shared/styles/_mixins.scss:207:2:
[37m      207 Γöé   [32m[37mborder: none;
          Γò╡   [32m^[0m


  Sass's behavior for declarations that appear after nested
  rules will be changing to match the behavior specified by CSS in an 
upcoming
  version. To keep the existing behavior, move the declaration above the 
nested
  rule. To opt into the new behavior, wrap the declaration in `& {}`.
  
  More info: [4mhttps://sass-lang.com/d/mixed-decls[0m


[33mΓû▓ [43;33m[[43;30mWARNING[43;33m][0m [1mDeprecation[0m 
[1m[35m[plugin angular-sass][0m

    src/app/shared/styles/_mixins.scss:207:2:
[37m      207 Γöé   [32m[37mborder: none;
          Γò╡   [32m^[0m


  Sass's behavior for declarations that appear after nested
  rules will be changing to match the behavior specified by CSS in an 
upcoming
  version. To keep the existing behavior, move the declaration above the 
nested
  rule. To opt into the new behavior, wrap the declaration in `& {}`.
  
  More info: [4mhttps://sass-lang.com/d/mixed-decls[0m


[33mΓû▓ [43;33m[[43;30mWARNING[43;33m][0m [1mDeprecation[0m 
[1m[35m[plugin angular-sass][0m

    src/app/shared/styles/_mixins.scss:207:2:
[37m      207 Γöé   [32m[37mborder: none;
          Γò╡   [32m^[0m


  Sass's behavior for declarations that appear after nested
  rules will be changing to match the behavior specified by CSS in an 
upcoming
  version. To keep the existing behavior, move the declaration above the 
nested
  rule. To opt into the new behavior, wrap the declaration in `& {}`.
  
  More info: [4mhttps://sass-lang.com/d/mixed-decls[0m


[33mΓû▓ [43;33m[[43;30mWARNING[43;33m][0m [1mDeprecation[0m 
[1m[35m[plugin angular-sass][0m

    src/app/shared/styles/_mixins.scss:207:2:
[37m      207 Γöé   [32m[37mborder: none;
          Γò╡   [32m^[0m


  Sass's behavior for declarations that appear after nested
  rules will be changing to match the behavior specified by CSS in an 
upcoming
  version. To keep the existing behavior, move the declaration above the 
nested
  rule. To opt into the new behavior, wrap the declaration in `& {}`.
  
  More info: [4mhttps://sass-lang.com/d/mixed-decls[0m


[33mΓû▓ [43;33m[[43;30mWARNING[43;33m][0m [1mDeprecation[0m 
[1m[35m[plugin angular-sass][0m

    src/app/shared/styles/_mixins.scss:207:2:
[37m      207 Γöé   [32m[37mborder: none;
          Γò╡   [32m^[0m


  Sass's behavior for declarations that appear after nested
  rules will be changing to match the behavior specified by CSS in an 
upcoming
  version. To keep the existing behavior, move the declaration above the 
nested
  rule. To opt into the new behavior, wrap the declaration in `& {}`.
  
  More info: [4mhttps://sass-lang.com/d/mixed-decls[0m


[33mΓû▓ [43;33m[[43;30mWARNING[43;33m][0m [1mDeprecation[0m 
[1m[35m[plugin angular-sass][0m

    src/app/shared/styles/_mixins.scss:207:2:
[37m      207 Γöé   [32m[37mborder: none;
          Γò╡   [32m^[0m


  Sass's behavior for declarations that appear after nested
  rules will be changing to match the behavior specified by CSS in an 
upcoming
  version. To keep the existing behavior, move the declaration above the 
nested
  rule. To opt into the new behavior, wrap the declaration in `& {}`.
  
  More info: [4mhttps://sass-lang.com/d/mixed-decls[0m


[33mΓû▓ [43;33m[[43;30mWARNING[43;33m][0m [1mDeprecation[0m 
[1m[35m[plugin angular-sass][0m

    src/app/shared/styles/_mixins.scss:207:2:
[37m      207 Γöé   [32m[37mborder: none;
          Γò╡   [32m^[0m


  Sass's behavior for declarations that appear after nested
  rules will be changing to match the behavior specified by CSS in an 
upcoming
  version. To keep the existing behavior, move the declaration above the 
nested
  rule. To opt into the new behavior, wrap the declaration in `& {}`.
  
  More info: [4mhttps://sass-lang.com/d/mixed-decls[0m


[33mΓû▓ [43;33m[[43;30mWARNING[43;33m][0m [1mDeprecation[0m 
[1m[35m[plugin angular-sass][0m

    src/app/shared/styles/_mixins.scss:207:2:
[37m      207 Γöé   [32m[37mborder: none;
          Γò╡   [32m^[0m


  Sass's behavior for declarations that appear after nested
  rules will be changing to match the behavior specified by CSS in an 
upcoming
  version. To keep the existing behavior, move the declaration above the 
nested
  rule. To opt into the new behavior, wrap the declaration in `& {}`.
  
  More info: [4mhttps://sass-lang.com/d/mixed-decls[0m


[33mΓû▓ [43;33m[[43;30mWARNING[43;33m][0m [1mDeprecation[0m 
[1m[35m[plugin angular-sass][0m

    src/app/shared/styles/modern-ui.scss:7:8:
[37m      7 Γöé @import [32m[37m'design-tokens';
        Γò╡         [32m^[0m


  Sass @import rules are deprecated and will be removed in Dart Sass 3.0.0.
  
  More info and automated migrator: [4mhttps://sass-lang.com/d/import[0m


[33mΓû▓ [43;33m[[43;30mWARNING[43;33m][0m [1mDeprecation[0m 
[1m[35m[plugin angular-sass][0m

    src/app/shared/styles/modern-ui.scss:7:8:
[37m      7 Γöé @import [32m[37m'design-tokens';
        Γò╡         [32m^[0m


  Sass @import rules are deprecated and will be removed in Dart Sass 3.0.0.
  
  More info and automated migrator: [4mhttps://sass-lang.com/d/import[0m


[33mΓû▓ [43;33m[[43;30mWARNING[43;33m][0m [1mDeprecation[0m 
[1m[35m[plugin angular-sass][0m

    src/app/shared/styles/modern-ui.scss:7:8:
[37m      7 Γöé @import [32m[37m'design-tokens';
        Γò╡         [32m^[0m


  Sass @import rules are deprecated and will be removed in Dart Sass 3.0.0.
  
  More info and automated migrator: [4mhttps://sass-lang.com/d/import[0m


[33mΓû▓ [43;33m[[43;30mWARNING[43;33m][0m [1mDeprecation[0m 
[1m[35m[plugin angular-sass][0m

    src/app/shared/styles/modern-ui.scss:7:8:
[37m      7 Γöé @import [32m[37m'design-tokens';
        Γò╡         [32m^[0m


  Sass @import rules are deprecated and will be removed in Dart Sass 3.0.0.
  
  More info and automated migrator: [4mhttps://sass-lang.com/d/import[0m


[33mΓû▓ [43;33m[[43;30mWARNING[43;33m][0m [1mDeprecation[0m 
[1m[35m[plugin angular-sass][0m

    src/app/shared/styles/modern-ui.scss:7:8:
[37m      7 Γöé @import [32m[37m'design-tokens';
        Γò╡         [32m^[0m


  Sass @import rules are deprecated and will be removed in Dart Sass 3.0.0.
  
  More info and automated migrator: [4mhttps://sass-lang.com/d/import[0m


[33mΓû▓ [43;33m[[43;30mWARNING[43;33m][0m [1mDeprecation[0m 
[1m[35m[plugin angular-sass][0m

    src/app/shared/styles/modern-ui.scss:7:8:
[37m      7 Γöé @import [32m[37m'design-tokens';
        Γò╡         [32m^[0m


  Sass @import rules are deprecated and will be removed in Dart Sass 3.0.0.
  
  More info and automated migrator: [4mhttps://sass-lang.com/d/import[0m


[33mΓû▓ [43;33m[[43;30mWARNING[43;33m][0m [1mDeprecation[0m 
[1m[35m[plugin angular-sass][0m

    src/app/shared/styles/modern-ui.scss:7:8:
[37m      7 Γöé @import [32m[37m'design-tokens';
        Γò╡         [32m^[0m


  Sass @import rules are deprecated and will be removed in Dart Sass 3.0.0.
  
  More info and automated migrator: [4mhttps://sass-lang.com/d/import[0m


[33mΓû▓ [43;33m[[43;30mWARNING[43;33m][0m [1mDeprecation[0m 
[1m[35m[plugin angular-sass][0m

    src/app/shared/styles/modern-ui.scss:7:8:
[37m      7 Γöé @import [32m[37m'design-tokens';
        Γò╡         [32m^[0m


  Sass @import rules are deprecated and will be removed in Dart Sass 3.0.0.
  
  More info and automated migrator: [4mhttps://sass-lang.com/d/import[0m


[33mΓû▓ [43;33m[[43;30mWARNING[43;33m][0m [1mDeprecation[0m 
[1m[35m[plugin angular-sass][0m

    src/app/shared/styles/modern-ui.scss:7:8:
[37m      7 Γöé @import [32m[37m'design-tokens';
        Γò╡         [32m^[0m


  Sass @import rules are deprecated and will be removed in Dart Sass 3.0.0.
  
  More info and automated migrator: [4mhttps://sass-lang.com/d/import[0m


[33mΓû▓ [43;33m[[43;30mWARNING[43;33m][0m [1mDeprecation[0m 
[1m[35m[plugin angular-sass][0m

    src/app/shared/styles/modern-ui.scss:7:8:
[37m      7 Γöé @import [32m[37m'design-tokens';
        Γò╡         [32m^[0m


  Sass @import rules are deprecated and will be removed in Dart Sass 3.0.0.
  
  More info and automated migrator: [4mhttps://sass-lang.com/d/import[0m


[33mΓû▓ [43;33m[[43;30mWARNING[43;33m][0m [1mDeprecation[0m 
[1m[35m[plugin angular-sass][0m

    src/app/shared/styles/modern-ui.scss:7:8:
[37m      7 Γöé @import [32m[37m'design-tokens';
        Γò╡         [32m^[0m


  Sass @import rules are deprecated and will be removed in Dart Sass 3.0.0.
  
  More info and automated migrator: [4mhttps://sass-lang.com/d/import[0m


[33mΓû▓ [43;33m[[43;30mWARNING[43;33m][0m [1mDeprecation[0m 
[1m[35m[plugin angular-sass][0m

    src/app/shared/styles/modern-ui.scss:7:8:
[37m      7 Γöé @import [32m[37m'design-tokens';
        Γò╡         [32m^[0m


  Sass @import rules are deprecated and will be removed in Dart Sass 3.0.0.
  
  More info and automated migrator: [4mhttps://sass-lang.com/d/import[0m


[33mΓû▓ [43;33m[[43;30mWARNING[43;33m][0m [1mDeprecation[0m 
[1m[35m[plugin angular-sass][0m

    src/app/shared/styles/modern-ui.scss:7:8:
[37m      7 Γöé @import [32m[37m'design-tokens';
        Γò╡         [32m^[0m


  Sass @import rules are deprecated and will be removed in Dart Sass 3.0.0.
  
  More info and automated migrator: [4mhttps://sass-lang.com/d/import[0m


[33mΓû▓ [43;33m[[43;30mWARNING[43;33m][0m [1mDeprecation[0m 
[1m[35m[plugin angular-sass][0m

    src/app/shared/styles/modern-ui.scss:7:8:
[37m      7 Γöé @import [32m[37m'design-tokens';
        Γò╡         [32m^[0m


  Sass @import rules are deprecated and will be removed in Dart Sass 3.0.0.
  
  More info and automated migrator: [4mhttps://sass-lang.com/d/import[0m


[33mΓû▓ [43;33m[[43;30mWARNING[43;33m][0m [1mDeprecation[0m 
[1m[35m[plugin angular-sass][0m

    src/app/shared/styles/modern-ui.scss:7:8:
[37m      7 Γöé @import [32m[37m'design-tokens';
        Γò╡         [32m^[0m


  Sass @import rules are deprecated and will be removed in Dart Sass 3.0.0.
  
  More info and automated migrator: [4mhttps://sass-lang.com/d/import[0m


[33mΓû▓ [43;33m[[43;30mWARNING[43;33m][0m [1mDeprecation[0m 
[1m[35m[plugin angular-sass][0m

    src/app/shared/styles/modern-ui.scss:7:8:
[37m      7 Γöé @import [32m[37m'design-tokens';
        Γò╡         [32m^[0m


  Sass @import rules are deprecated and will be removed in Dart Sass 3.0.0.
  
  More info and automated migrator: [4mhttps://sass-lang.com/d/import[0m


[33mΓû▓ [43;33m[[43;30mWARNING[43;33m][0m [1mDeprecation[0m 
[1m[35m[plugin angular-sass][0m

    src/app/shared/styles/modern-ui.scss:7:8:
[37m      7 Γöé @import [32m[37m'design-tokens';
        Γò╡         [32m^[0m


  Sass @import rules are deprecated and will be removed in Dart Sass 3.0.0.
  
  More info and automated migrator: [4mhttps://sass-lang.com/d/import[0m


[33mΓû▓ [43;33m[[43;30mWARNING[43;33m][0m [1mDeprecation[0m 
[1m[35m[plugin angular-sass][0m

    src/app/shared/styles/modern-ui.scss:7:8:
[37m      7 Γöé @import [32m[37m'design-tokens';
        Γò╡         [32m^[0m


  Sass @import rules are deprecated and will be removed in Dart Sass 3.0.0.
  
  More info and automated migrator: [4mhttps://sass-lang.com/d/import[0m


[33mΓû▓ [43;33m[[43;30mWARNING[43;33m][0m [1mDeprecation[0m 
[1m[35m[plugin angular-sass][0m

    src/app/shared/styles/modern-ui.scss:7:8:
[37m      7 Γöé @import [32m[37m'design-tokens';
        Γò╡         [32m^[0m


  Sass @import rules are deprecated and will be removed in Dart Sass 3.0.0.
  
  More info and automated migrator: [4mhttps://sass-lang.com/d/import[0m


[33mΓû▓ [43;33m[[43;30mWARNING[43;33m][0m [1mDeprecation[0m 
[1m[35m[plugin angular-sass][0m

    src/app/shared/styles/modern-ui.scss:7:8:
[37m      7 Γöé @import [32m[37m'design-tokens';
        Γò╡         [32m^[0m


  Sass @import rules are deprecated and will be removed in Dart Sass 3.0.0.
  
  More info and automated migrator: [4mhttps://sass-lang.com/d/import[0m


[33mΓû▓ [43;33m[[43;30mWARNING[43;33m][0m [1mDeprecation[0m 
[1m[35m[plugin angular-sass][0m

    src/app/shared/styles/modern-ui.scss:7:8:
[37m      7 Γöé @import [32m[37m'design-tokens';
        Γò╡         [32m^[0m


  Sass @import rules are deprecated and will be removed in Dart Sass 3.0.0.
  
  More info and automated migrator: [4mhttps://sass-lang.com/d/import[0m


[33mΓû▓ [43;33m[[43;30mWARNING[43;33m][0m [1mDeprecation[0m 
[1m[35m[plugin angular-sass][0m

    src/app/shared/styles/modern-ui.scss:7:8:
[37m      7 Γöé @import [32m[37m'design-tokens';
        Γò╡         [32m^[0m


  Sass @import rules are deprecated and will be removed in Dart Sass 3.0.0.
  
  More info and automated migrator: [4mhttps://sass-lang.com/d/import[0m


[33mΓû▓ [43;33m[[43;30mWARNING[43;33m][0m [1mDeprecation[0m 
[1m[35m[plugin angular-sass][0m

    src/app/shared/styles/modern-ui.scss:7:8:
[37m      7 Γöé @import [32m[37m'design-tokens';
        Γò╡         [32m^[0m


  Sass @import rules are deprecated and will be removed in Dart Sass 3.0.0.
  
  More info and automated migrator: [4mhttps://sass-lang.com/d/import[0m


[33mΓû▓ [43;33m[[43;30mWARNING[43;33m][0m [1mDeprecation[0m 
[1m[35m[plugin angular-sass][0m

    src/app/shared/styles/modern-ui.scss:7:8:
[37m      7 Γöé @import [32m[37m'design-tokens';
        Γò╡         [32m^[0m


  Sass @import rules are deprecated and will be removed in Dart Sass 3.0.0.
  
  More info and automated migrator: [4mhttps://sass-lang.com/d/import[0m


[33mΓû▓ [43;33m[[43;30mWARNING[43;33m][0m [1mDeprecation[0m 
[1m[35m[plugin angular-sass][0m

    src/app/shared/styles/modern-ui.scss:7:8:
[37m      7 Γöé @import [32m[37m'design-tokens';
        Γò╡         [32m^[0m


  Sass @import rules are deprecated and will be removed in Dart Sass 3.0.0.
  
  More info and automated migrator: [4mhttps://sass-lang.com/d/import[0m


[33mΓû▓ [43;33m[[43;30mWARNING[43;33m][0m [1mDeprecation[0m 
[1m[35m[plugin angular-sass][0m

    src/app/shared/styles/modern-ui.scss:7:8:
[37m      7 Γöé @import [32m[37m'design-tokens';
        Γò╡         [32m^[0m


  Sass @import rules are deprecated and will be removed in Dart Sass 3.0.0.
  
  More info and automated migrator: [4mhttps://sass-lang.com/d/import[0m


[33mΓû▓ [43;33m[[43;30mWARNING[43;33m][0m [1mDeprecation[0m 
[1m[35m[plugin angular-sass][0m

    src/app/shared/styles/modern-ui.scss:7:8:
[37m      7 Γöé @import [32m[37m'design-tokens';
        Γò╡         [32m^[0m


  Sass @import rules are deprecated and will be removed in Dart Sass 3.0.0.
  
  More info and automated migrator: [4mhttps://sass-lang.com/d/import[0m


[33mΓû▓ [43;33m[[43;30mWARNING[43;33m][0m [1mDeprecation[0m 
[1m[35m[plugin angular-sass][0m

    src/app/shared/styles/modern-ui.scss:7:8:
[37m      7 Γöé @import [32m[37m'design-tokens';
        Γò╡         [32m^[0m


  Sass @import rules are deprecated and will be removed in Dart Sass 3.0.0.
  
  More info and automated migrator: [4mhttps://sass-lang.com/d/import[0m


[33mΓû▓ [43;33m[[43;30mWARNING[43;33m][0m [1mDeprecation[0m 
[1m[35m[plugin angular-sass][0m

    src/app/shared/styles/modern-ui.scss:7:8:
[37m      7 Γöé @import [32m[37m'design-tokens';
        Γò╡         [32m^[0m


  Sass @import rules are deprecated and will be removed in Dart Sass 3.0.0.
  
  More info and automated migrator: [4mhttps://sass-lang.com/d/import[0m


[33mΓû▓ [43;33m[[43;30mWARNING[43;33m][0m [1mDeprecation[0m 
[1m[35m[plugin angular-sass][0m

    src/app/shared/styles/modern-ui.scss:7:8:
[37m      7 Γöé @import [32m[37m'design-tokens';
        Γò╡         [32m^[0m


  Sass @import rules are deprecated and will be removed in Dart Sass 3.0.0.
  
  More info and automated migrator: [4mhttps://sass-lang.com/d/import[0m


[33mΓû▓ [43;33m[[43;30mWARNING[43;33m][0m [1mDeprecation[0m 
[1m[35m[plugin angular-sass][0m

    src/app/shared/styles/modern-ui.scss:7:8:
[37m      7 Γöé @import [32m[37m'design-tokens';
        Γò╡         [32m^[0m


  Sass @import rules are deprecated and will be removed in Dart Sass 3.0.0.
  
  More info and automated migrator: [4mhttps://sass-lang.com/d/import[0m


[33mΓû▓ [43;33m[[43;30mWARNING[43;33m][0m [1mDeprecation[0m 
[1m[35m[plugin angular-sass][0m

    src/app/shared/styles/modern-ui.scss:7:8:
[37m      7 Γöé @import [32m[37m'design-tokens';
        Γò╡         [32m^[0m


  Sass @import rules are deprecated and will be removed in Dart Sass 3.0.0.
  
  More info and automated migrator: [4mhttps://sass-lang.com/d/import[0m


[33mΓû▓ [43;33m[[43;30mWARNING[43;33m][0m [1mDeprecation[0m 
[1m[35m[plugin angular-sass][0m

    src/app/shared/styles/modern-ui.scss:8:8:
[37m      8 Γöé @import [32m[37m'mixins';
        Γò╡         [32m^[0m


  Sass @import rules are deprecated and will be removed in Dart Sass 3.0.0.
  
  More info and automated migrator: [4mhttps://sass-lang.com/d/import[0m


[33mΓû▓ [43;33m[[43;30mWARNING[43;33m][0m [1mDeprecation[0m 
[1m[35m[plugin angular-sass][0m

    src/app/shared/styles/modern-ui.scss:8:8:
[37m      8 Γöé @import [32m[37m'mixins';
        Γò╡         [32m^[0m


  Sass @import rules are deprecated and will be removed in Dart Sass 3.0.0.
  
  More info and automated migrator: [4mhttps://sass-lang.com/d/import[0m


[33mΓû▓ [43;33m[[43;30mWARNING[43;33m][0m [1mDeprecation[0m 
[1m[35m[plugin angular-sass][0m

    src/app/shared/styles/modern-ui.scss:8:8:
[37m      8 Γöé @import [32m[37m'mixins';
        Γò╡         [32m^[0m


  Sass @import rules are deprecated and will be removed in Dart Sass 3.0.0.
  
  More info and automated migrator: [4mhttps://sass-lang.com/d/import[0m


[33mΓû▓ [43;33m[[43;30mWARNING[43;33m][0m [1mDeprecation[0m 
[1m[35m[plugin angular-sass][0m

    src/app/shared/styles/modern-ui.scss:8:8:
[37m      8 Γöé @import [32m[37m'mixins';
        Γò╡         [32m^[0m


  Sass @import rules are deprecated and will be removed in Dart Sass 3.0.0.
  
  More info and automated migrator: [4mhttps://sass-lang.com/d/import[0m


[33mΓû▓ [43;33m[[43;30mWARNING[43;33m][0m [1mDeprecation[0m 
[1m[35m[plugin angular-sass][0m

    src/app/shared/styles/modern-ui.scss:8:8:
[37m      8 Γöé @import [32m[37m'mixins';
        Γò╡         [32m^[0m


  Sass @import rules are deprecated and will be removed in Dart Sass 3.0.0.
  
  More info and automated migrator: [4mhttps://sass-lang.com/d/import[0m


[33mΓû▓ [43;33m[[43;30mWARNING[43;33m][0m [1mDeprecation[0m 
[1m[35m[plugin angular-sass][0m

    src/app/shared/styles/modern-ui.scss:8:8:
[37m      8 Γöé @import [32m[37m'mixins';
        Γò╡         [32m^[0m


  Sass @import rules are deprecated and will be removed in Dart Sass 3.0.0.
  
  More info and automated migrator: [4mhttps://sass-lang.com/d/import[0m


[33mΓû▓ [43;33m[[43;30mWARNING[43;33m][0m [1mDeprecation[0m 
[1m[35m[plugin angular-sass][0m

    src/app/shared/styles/modern-ui.scss:8:8:
[37m      8 Γöé @import [32m[37m'mixins';
        Γò╡         [32m^[0m


  Sass @import rules are deprecated and will be removed in Dart Sass 3.0.0.
  
  More info and automated migrator: [4mhttps://sass-lang.com/d/import[0m


[33mΓû▓ [43;33m[[43;30mWARNING[43;33m][0m [1mDeprecation[0m 
[1m[35m[plugin angular-sass][0m

    src/app/shared/styles/modern-ui.scss:8:8:
[37m      8 Γöé @import [32m[37m'mixins';
        Γò╡         [32m^[0m


  Sass @import rules are deprecated and will be removed in Dart Sass 3.0.0.
  
  More info and automated migrator: [4mhttps://sass-lang.com/d/import[0m


[33mΓû▓ [43;33m[[43;30mWARNING[43;33m][0m [1mDeprecation[0m 
[1m[35m[plugin angular-sass][0m

    src/app/shared/styles/modern-ui.scss:8:8:
[37m      8 Γöé @import [32m[37m'mixins';
        Γò╡         [32m^[0m


  Sass @import rules are deprecated and will be removed in Dart Sass 3.0.0.
  
  More info and automated migrator: [4mhttps://sass-lang.com/d/import[0m


[33mΓû▓ [43;33m[[43;30mWARNING[43;33m][0m [1mDeprecation[0m 
[1m[35m[plugin angular-sass][0m

    src/app/shared/styles/modern-ui.scss:8:8:
[37m      8 Γöé @import [32m[37m'mixins';
        Γò╡         [32m^[0m


  Sass @import rules are deprecated and will be removed in Dart Sass 3.0.0.
  
  More info and automated migrator: [4mhttps://sass-lang.com/d/import[0m


[33mΓû▓ [43;33m[[43;30mWARNING[43;33m][0m [1mDeprecation[0m 
[1m[35m[plugin angular-sass][0m

    src/app/shared/styles/modern-ui.scss:8:8:
[37m      8 Γöé @import [32m[37m'mixins';
        Γò╡         [32m^[0m


  Sass @import rules are deprecated and will be removed in Dart Sass 3.0.0.
  
  More info and automated migrator: [4mhttps://sass-lang.com/d/import[0m


[33mΓû▓ [43;33m[[43;30mWARNING[43;33m][0m [1mDeprecation[0m 
[1m[35m[plugin angular-sass][0m

    src/app/shared/styles/modern-ui.scss:8:8:
[37m      8 Γöé @import [32m[37m'mixins';
        Γò╡         [32m^[0m


  Sass @import rules are deprecated and will be removed in Dart Sass 3.0.0.
  
  More info and automated migrator: [4mhttps://sass-lang.com/d/import[0m


[33mΓû▓ [43;33m[[43;30mWARNING[43;33m][0m [1mDeprecation[0m 
[1m[35m[plugin angular-sass][0m

    src/app/shared/styles/modern-ui.scss:8:8:
[37m      8 Γöé @import [32m[37m'mixins';
        Γò╡         [32m^[0m


  Sass @import rules are deprecated and will be removed in Dart Sass 3.0.0.
  
  More info and automated migrator: [4mhttps://sass-lang.com/d/import[0m


[33mΓû▓ [43;33m[[43;30mWARNING[43;33m][0m [1mDeprecation[0m 
[1m[35m[plugin angular-sass][0m

    src/app/shared/styles/modern-ui.scss:8:8:
[37m      8 Γöé @import [32m[37m'mixins';
        Γò╡         [32m^[0m


  Sass @import rules are deprecated and will be removed in Dart Sass 3.0.0.
  
  More info and automated migrator: [4mhttps://sass-lang.com/d/import[0m


[33mΓû▓ [43;33m[[43;30mWARNING[43;33m][0m [1mDeprecation[0m 
[1m[35m[plugin angular-sass][0m

    src/app/shared/styles/modern-ui.scss:8:8:
[37m      8 Γöé @import [32m[37m'mixins';
        Γò╡         [32m^[0m


  Sass @import rules are deprecated and will be removed in Dart Sass 3.0.0.
  
  More info and automated migrator: [4mhttps://sass-lang.com/d/import[0m


[33mΓû▓ [43;33m[[43;30mWARNING[43;33m][0m [1mDeprecation[0m 
[1m[35m[plugin angular-sass][0m

    src/app/shared/styles/modern-ui.scss:8:8:
[37m      8 Γöé @import [32m[37m'mixins';
        Γò╡         [32m^[0m


  Sass @import rules are deprecated and will be removed in Dart Sass 3.0.0.
  
  More info and automated migrator: [4mhttps://sass-lang.com/d/import[0m


[33mΓû▓ [43;33m[[43;30mWARNING[43;33m][0m [1mDeprecation[0m 
[1m[35m[plugin angular-sass][0m

    src/app/shared/styles/modern-ui.scss:8:8:
[37m      8 Γöé @import [32m[37m'mixins';
        Γò╡         [32m^[0m


  Sass @import rules are deprecated and will be removed in Dart Sass 3.0.0.
  
  More info and automated migrator: [4mhttps://sass-lang.com/d/import[0m


[33mΓû▓ [43;33m[[43;30mWARNING[43;33m][0m [1mDeprecation[0m 
[1m[35m[plugin angular-sass][0m

    src/app/shared/styles/modern-ui.scss:8:8:
[37m      8 Γöé @import [32m[37m'mixins';
        Γò╡         [32m^[0m


  Sass @import rules are deprecated and will be removed in Dart Sass 3.0.0.
  
  More info and automated migrator: [4mhttps://sass-lang.com/d/import[0m


[33mΓû▓ [43;33m[[43;30mWARNING[43;33m][0m [1mDeprecation[0m 
[1m[35m[plugin angular-sass][0m

    src/app/shared/styles/modern-ui.scss:8:8:
[37m      8 Γöé @import [32m[37m'mixins';
        Γò╡         [32m^[0m


  Sass @import rules are deprecated and will be removed in Dart Sass 3.0.0.
  
  More info and automated migrator: [4mhttps://sass-lang.com/d/import[0m


[33mΓû▓ [43;33m[[43;30mWARNING[43;33m][0m [1mDeprecation[0m 
[1m[35m[plugin angular-sass][0m

    src/app/shared/styles/modern-ui.scss:8:8:
[37m      8 Γöé @import [32m[37m'mixins';
        Γò╡         [32m^[0m


  Sass @import rules are deprecated and will be removed in Dart Sass 3.0.0.
  
  More info and automated migrator: [4mhttps://sass-lang.com/d/import[0m


[33mΓû▓ [43;33m[[43;30mWARNING[43;33m][0m [1mDeprecation[0m 
[1m[35m[plugin angular-sass][0m

    src/app/shared/styles/modern-ui.scss:8:8:
[37m      8 Γöé @import [32m[37m'mixins';
        Γò╡         [32m^[0m


  Sass @import rules are deprecated and will be removed in Dart Sass 3.0.0.
  
  More info and automated migrator: [4mhttps://sass-lang.com/d/import[0m


[33mΓû▓ [43;33m[[43;30mWARNING[43;33m][0m [1mDeprecation[0m 
[1m[35m[plugin angular-sass][0m

    src/app/shared/styles/modern-ui.scss:8:8:
[37m      8 Γöé @import [32m[37m'mixins';
        Γò╡         [32m^[0m


  Sass @import rules are deprecated and will be removed in Dart Sass 3.0.0.
  
  More info and automated migrator: [4mhttps://sass-lang.com/d/import[0m


[33mΓû▓ [43;33m[[43;30mWARNING[43;33m][0m [1mDeprecation[0m 
[1m[35m[plugin angular-sass][0m

    src/app/shared/styles/modern-ui.scss:8:8:
[37m      8 Γöé @import [32m[37m'mixins';
        Γò╡         [32m^[0m


  Sass @import rules are deprecated and will be removed in Dart Sass 3.0.0.
  
  More info and automated migrator: [4mhttps://sass-lang.com/d/import[0m


[33mΓû▓ [43;33m[[43;30mWARNING[43;33m][0m [1mDeprecation[0m 
[1m[35m[plugin angular-sass][0m

    src/app/shared/styles/modern-ui.scss:8:8:
[37m      8 Γöé @import [32m[37m'mixins';
        Γò╡         [32m^[0m


  Sass @import rules are deprecated and will be removed in Dart Sass 3.0.0.
  
  More info and automated migrator: [4mhttps://sass-lang.com/d/import[0m


[33mΓû▓ [43;33m[[43;30mWARNING[43;33m][0m [1mDeprecation[0m 
[1m[35m[plugin angular-sass][0m

    src/app/shared/styles/modern-ui.scss:8:8:
[37m      8 Γöé @import [32m[37m'mixins';
        Γò╡         [32m^[0m


  Sass @import rules are deprecated and will be removed in Dart Sass 3.0.0.
  
  More info and automated migrator: [4mhttps://sass-lang.com/d/import[0m


[33mΓû▓ [43;33m[[43;30mWARNING[43;33m][0m [1mDeprecation[0m 
[1m[35m[plugin angular-sass][0m

    src/app/shared/styles/modern-ui.scss:8:8:
[37m      8 Γöé @import [32m[37m'mixins';
        Γò╡         [32m^[0m


  Sass @import rules are deprecated and will be removed in Dart Sass 3.0.0.
  
  More info and automated migrator: [4mhttps://sass-lang.com/d/import[0m


[33mΓû▓ [43;33m[[43;30mWARNING[43;33m][0m [1mDeprecation[0m 
[1m[35m[plugin angular-sass][0m

    src/app/shared/styles/modern-ui.scss:8:8:
[37m      8 Γöé @import [32m[37m'mixins';
        Γò╡         [32m^[0m


  Sass @import rules are deprecated and will be removed in Dart Sass 3.0.0.
  
  More info and automated migrator: [4mhttps://sass-lang.com/d/import[0m


[33mΓû▓ [43;33m[[43;30mWARNING[43;33m][0m [1mDeprecation[0m 
[1m[35m[plugin angular-sass][0m

    src/app/shared/styles/modern-ui.scss:8:8:
[37m      8 Γöé @import [32m[37m'mixins';
        Γò╡         [32m^[0m


  Sass @import rules are deprecated and will be removed in Dart Sass 3.0.0.
  
  More info and automated migrator: [4mhttps://sass-lang.com/d/import[0m


[33mΓû▓ [43;33m[[43;30mWARNING[43;33m][0m [1mDeprecation[0m 
[1m[35m[plugin angular-sass][0m

    src/app/shared/styles/modern-ui.scss:8:8:
[37m      8 Γöé @import [32m[37m'mixins';
        Γò╡         [32m^[0m


  Sass @import rules are deprecated and will be removed in Dart Sass 3.0.0.
  
  More info and automated migrator: [4mhttps://sass-lang.com/d/import[0m


[33mΓû▓ [43;33m[[43;30mWARNING[43;33m][0m [1mDeprecation[0m 
[1m[35m[plugin angular-sass][0m

    src/app/shared/styles/modern-ui.scss:8:8:
[37m      8 Γöé @import [32m[37m'mixins';
        Γò╡         [32m^[0m


  Sass @import rules are deprecated and will be removed in Dart Sass 3.0.0.
  
  More info and automated migrator: [4mhttps://sass-lang.com/d/import[0m


[33mΓû▓ [43;33m[[43;30mWARNING[43;33m][0m [1mDeprecation[0m 
[1m[35m[plugin angular-sass][0m

    src/app/shared/styles/modern-ui.scss:8:8:
[37m      8 Γöé @import [32m[37m'mixins';
        Γò╡         [32m^[0m


  Sass @import rules are deprecated and will be removed in Dart Sass 3.0.0.
  
  More info and automated migrator: [4mhttps://sass-lang.com/d/import[0m


[33mΓû▓ [43;33m[[43;30mWARNING[43;33m][0m [1mDeprecation[0m 
[1m[35m[plugin angular-sass][0m

    src/app/shared/styles/modern-ui.scss:8:8:
[37m      8 Γöé @import [32m[37m'mixins';
        Γò╡         [32m^[0m


  Sass @import rules are deprecated and will be removed in Dart Sass 3.0.0.
  
  More info and automated migrator: [4mhttps://sass-lang.com/d/import[0m


[33mΓû▓ [43;33m[[43;30mWARNING[43;33m][0m [1m1 repetitive 
deprecation warnings omitted.
Run in verbose mode to see all warnings.[0m [1m[35m[plugin 
angular-sass][0m

    angular:styles/global:styles:1:8:
[37m      1 Γöé @import [32m'src/styles.scss'[37m;
        Γò╡         [32m~~~~~~~~~~~~~~~~~[0m

  null


[33mΓû▓ [43;33m[[43;30mWARNING[43;33m][0m [1mDeprecation[0m 
[1m[35m[plugin angular-sass][0m

    src/app/shared/styles/_mixins.scss:7:8:
[37m      7 Γöé @import [32m[37m'design-tokens';
        Γò╡         [32m^[0m


  Sass @import rules are deprecated and will be removed in Dart Sass 3.0.0.
  
  More info and automated migrator: [4mhttps://sass-lang.com/d/import[0m

  The plugin "angular-sass" was triggered by this import

    angular:styles/global:styles:1:8:
[37m      1 Γöé @import [32m'src/styles.scss'[37m;
        Γò╡         [32m~~~~~~~~~~~~~~~~~[0m


[33mΓû▓ [43;33m[[43;30mWARNING[43;33m][0m [1mDeprecation[0m 
[1m[35m[plugin angular-sass][0m

    src/app/shared/styles/_mixins.scss:205:2:
[37m      205 Γöé   [32m[37mbackground: $gradient-primary;
          Γò╡   [32m^[0m


  Sass's behavior for declarations that appear after nested
  rules will be changing to match the behavior specified by CSS in an 
upcoming
  version. To keep the existing behavior, move the declaration above the 
nested
  rule. To opt into the new behavior, wrap the declaration in `& {}`.
  
  More info: [4mhttps://sass-lang.com/d/mixed-decls[0m

  The plugin "angular-sass" was triggered by this import

    angular:styles/global:styles:1:8:
[37m      1 Γöé @import [32m'src/styles.scss'[37m;
        Γò╡         [32m~~~~~~~~~~~~~~~~~[0m


[33mΓû▓ [43;33m[[43;30mWARNING[43;33m][0m [1mDeprecation[0m 
[1m[35m[plugin angular-sass][0m

    src/app/shared/styles/_mixins.scss:205:2:
[37m      205 Γöé   [32m[37mbackground: $gradient-primary;
          Γò╡   [32m^[0m


  Sass's behavior for declarations that appear after nested
  rules will be changing to match the behavior specified by CSS in an 
upcoming
  version. To keep the existing behavior, move the declaration above the 
nested
  rule. To opt into the new behavior, wrap the declaration in `& {}`.
  
  More info: [4mhttps://sass-lang.com/d/mixed-decls[0m

  The plugin "angular-sass" was triggered by this import

    angular:styles/global:styles:1:8:
[37m      1 Γöé @import [32m'src/styles.scss'[37m;
        Γò╡         [32m~~~~~~~~~~~~~~~~~[0m


[33mΓû▓ [43;33m[[43;30mWARNING[43;33m][0m [1mDeprecation[0m 
[1m[35m[plugin angular-sass][0m

    src/app/shared/styles/_mixins.scss:206:2:
[37m      206 Γöé   [32m[37mcolor: $color-text-inverse;
          Γò╡   [32m^[0m


  Sass's behavior for declarations that appear after nested
  rules will be changing to match the behavior specified by CSS in an 
upcoming
  version. To keep the existing behavior, move the declaration above the 
nested
  rule. To opt into the new behavior, wrap the declaration in `& {}`.
  
  More info: [4mhttps://sass-lang.com/d/mixed-decls[0m

  The plugin "angular-sass" was triggered by this import

    angular:styles/global:styles:1:8:
[37m      1 Γöé @import [32m'src/styles.scss'[37m;
        Γò╡         [32m~~~~~~~~~~~~~~~~~[0m


[33mΓû▓ [43;33m[[43;30mWARNING[43;33m][0m [1mDeprecation[0m 
[1m[35m[plugin angular-sass][0m

    src/app/shared/styles/_mixins.scss:206:2:
[37m      206 Γöé   [32m[37mcolor: $color-text-inverse;
          Γò╡   [32m^[0m


  Sass's behavior for declarations that appear after nested
  rules will be changing to match the behavior specified by CSS in an 
upcoming
  version. To keep the existing behavior, move the declaration above the 
nested
  rule. To opt into the new behavior, wrap the declaration in `& {}`.
  
  More info: [4mhttps://sass-lang.com/d/mixed-decls[0m

  The plugin "angular-sass" was triggered by this import

    angular:styles/global:styles:1:8:
[37m      1 Γöé @import [32m'src/styles.scss'[37m;
        Γò╡         [32m~~~~~~~~~~~~~~~~~[0m


[33mΓû▓ [43;33m[[43;30mWARNING[43;33m][0m [1mDeprecation[0m 
[1m[35m[plugin angular-sass][0m

    src/app/shared/styles/_mixins.scss:207:2:
[37m      207 Γöé   [32m[37mborder: none;
          Γò╡   [32m^[0m


  Sass's behavior for declarations that appear after nested
  rules will be changing to match the behavior specified by CSS in an 
upcoming
  version. To keep the existing behavior, move the declaration above the 
nested
  rule. To opt into the new behavior, wrap the declaration in `& {}`.
  
  More info: [4mhttps://sass-lang.com/d/mixed-decls[0m

  The plugin "angular-sass" was triggered by this import

    angular:styles/global:styles:1:8:
[37m      1 Γöé @import [32m'src/styles.scss'[37m;
        Γò╡         [32m~~~~~~~~~~~~~~~~~[0m


[33mΓû▓ [43;33m[[43;30mWARNING[43;33m][0m [1mDeprecation[0m 
[1m[35m[plugin angular-sass][0m

    src/app/shared/styles/modern-ui.scss:7:8:
[37m      7 Γöé @import [32m[37m'design-tokens';
        Γò╡         [32m^[0m


  Sass @import rules are deprecated and will be removed in Dart Sass 3.0.0.
  
  More info and automated migrator: [4mhttps://sass-lang.com/d/import[0m

  The plugin "angular-sass" was triggered by this import

    angular:styles/global:styles:1:8:
[37m      1 Γöé @import [32m'src/styles.scss'[37m;
        Γò╡         [32m~~~~~~~~~~~~~~~~~[0m


[33mΓû▓ [43;33m[[43;30mWARNING[43;33m][0m [1mDeprecation[0m 
[1m[35m[plugin angular-sass][0m

    src/app/shared/styles/modern-ui.scss:8:8:
[37m      8 Γöé @import [32m[37m'mixins';
        Γò╡         [32m^[0m


  Sass @import rules are deprecated and will be removed in Dart Sass 3.0.0.
  
  More info and automated migrator: [4mhttps://sass-lang.com/d/import[0m

  The plugin "angular-sass" was triggered by this import

    angular:styles/global:styles:1:8:
[37m      1 Γöé @import [32m'src/styles.scss'[37m;
        Γò╡         [32m~~~~~~~~~~~~~~~~~[0m

[39m[22m
[1m[31m[31mX [41;31m[[41;97mERROR[41;31m][0m [1mTS4111: Property 
'rows' comes from an index signature, so it must be accessed with 
['rows'].[0m [1m[35m[plugin angular-compiler][0m

    src/app/building-blocks/premium-calculator-widget/premium-calculator-wi
dget.component.ts:228:56:
[37m      228 Γöé         const rows = 
this.settings()?.policyCoverTable?.[32mrows[37m || [];
          Γò╡                                                         
[32m~~~~[0m


[31mX [41;31m[[41;97mERROR[41;31m][0m [1mTS2339: Property 'map' does 
not exist on type '{}'.[0m [1m[35m[plugin angular-compiler][0m

    src/app/building-blocks/premium-calculator-widget/premium-calculator-wi
dget.component.ts:232:33:
[37m      232 Γöé         this.coverOptions = rows.[32mmap[37m((row: 
any) => ({
          Γò╡                                  [32m~~~[0m


[31mX [41;31m[[41;97mERROR[41;31m][0m [1mTS2365: Operator '>=' 
cannot be applied to types 'number' and '{}'.[0m [1m[35m[plugin 
angular-compiler][0m

    src/app/building-blocks/premium-calculator-widget/premium-calculator-wi
dget.component.ts:327:12:
[37m      327 Γöé             [32mtotalDependents >= (t.minDependents || 
0)[37m &&
          Γò╡             
[32m~~~~~~~~~~~~~~~~~~~~~~~~~~~~~~~~~~~~~~~~~[0m


[31mX [41;31m[[41;97mERROR[41;31m][0m [1mTS4111: Property 
'minDependents' comes from an index signature, so it must be accessed with 
['minDependents'].[0m [1m[35m[plugin angular-compiler][0m

    src/app/building-blocks/premium-calculator-widget/premium-calculator-wi
dget.component.ts:327:34:
[37m      327 Γöé             totalDependents >= 
(t.[32mminDependents[37m || 0) &&
          Γò╡                                   [32m~~~~~~~~~~~~~[0m


[31mX [41;31m[[41;97mERROR[41;31m][0m [1mTS4111: Property 
'ageBrackets' comes from an index signature, so it must be accessed with 
['ageBrackets'].[0m [1m[35m[plugin angular-compiler][0m

    src/app/building-blocks/premium-calculator-widget/premium-calculator-wi
dget.component.ts:361:37:
[37m      361 Γöé             const ageBrackets = 
tier.[32mageBrackets[37m;
          Γò╡                                      [32m~~~~~~~~~~~[0m


[31mX [41;31m[[41;97mERROR[41;31m][0m [1mTS4111: Property 'rows' 
comes from an index signature, so it must be accessed with ['rows'].[0m 
[1m[35m[plugin angular-compiler][0m

    src/app/building-blocks/premium-calculator-widget/premium-calculator-wi
dget.component.ts:412:73:
[37m      412 Γöé ...dedFamilyRows = 
this.settings()?.extendedFamilyTable?.[32mrows[37m || [];
          Γò╡                                                          
[32m~~~~[0m


[31mX [41;31m[[41;97mERROR[41;31m][0m [1mTS2339: Property 'length' 
does not exist on type '{}'.[0m [1m[35m[plugin angular-compiler][0m

    src/app/building-blocks/premium-calculator-widget/premium-calculator-wi
dget.component.ts:418:31:
[37m      418 Γöé         if (extendedFamilyRows.[32mlength[37m === 0) {
          Γò╡                                [32m~~~~~~[0m


[31mX [41;31m[[41;97mERROR[41;31m][0m [1mTS2339: Property 'map' does 
not exist on type '{}'.[0m [1m[35m[plugin angular-compiler][0m

    src/app/building-blocks/premium-calculator-widget/premium-calculator-wi
dget.component.ts:440:62:
[37m      440 Γöé ...ndedFamilyBracketInputs = 
extendedFamilyRows.[32mmap[37m((row: any) => ({
          Γò╡                                                 [32m~~~[0m


[31mX [41;31m[[41;97mERROR[41;31m][0m [1mTS2339: Property 'premium' 
does not exist on type '{}'.[0m [1m[35m[plugin angular-compiler][0m

    src/app/building-blocks/premium-calculator-widget/premium-calculator-wi
dget.component.ts:519:92:
[37m      519 Γöé ... = 
this.selectedTier!.ageBrackets![bracket.maxAge]?.[32mpremium[37m || 0;
          Γò╡                                                        
[32m~~~~~~~[0m


[31mX [41;31m[[41;97mERROR[41;31m][0m [1mTS2769: No overload matches 
this call.
  Overload 1 of 2, '(observerOrNext?: Partial<Observer<void>> | ((value: 
void) => void) | undefined): Subscription', gave the following error.
    Type '(settings: DashboardWidgetDto[]) => void' is not assignable to 
type '(value: void) => void'.
      Types of parameters 'settings' and 'value' are incompatible.
        Type 'void' is not assignable to type 'DashboardWidgetDto[]'.
  Overload 2 of 2, '(next?: ((value: void) => void) | null | undefined, 
error?: ((error: any) => void) | null | undefined, complete?: (() => void) 
| null | undefined): Subscription', gave the following error.
    Object literal may only specify known properties, and 'next' does not 
exist in type '(value: void) => void'.[0m [1m[35m[plugin 
angular-compiler][0m

    src/app/pages/dashboard/dashboard.ts:57:12:
[37m      57 Γöé             [32mnext[37m: (settings: 
DashboardWidgetDto[]) => {
         Γò╡             [32m~~~~[0m


[31mX [41;31m[[41;97mERROR[41;31m][0m [1mNG7: This comparison 
appears to be unintentional because the types 'string' and 'number' have 
no overlap.[0m [1m[35m[plugin angular-compiler][0m

    
src/app/pages/member-management/member-management.component.html:202:42:
[37m      202 Γöé ...          <div class="field" 
*ngIf="[32mmember.sourceOfIncome === 4[37m">
          Γò╡                                        
[32m~~~~~~~~~~~~~~~~~~~~~~~~~~~[0m

  Error occurs in the template of component MemberManagementComponent.

    src/app/pages/member-management/member-management.component.ts:53:17:
[37m      53 Γöé     templateUrl: 
[32m'./member-management.component.html'[37m,
         Γò╡                  [32m~~~~~~~~~~~~~~~~~~~~~~~~~~~~~~~~~~~~[0m


[31mX [41;31m[[41;97mERROR[41;31m][0m [1mNG0: Type '{}' is missing 
the following properties from type 'any[]': length, pop, push, concat, and 
29 more.[0m [1m[35m[plugin angular-compiler][0m

    
src/app/pages/member-onboarding/member-onboarding.component.html:300:26:
[37m      300 Γöé                 <p-table 
[[32mvalue[37m]="premiumSettings()!.policyCoverT...
          Γò╡                           [32m~~~~~[0m

  Error occurs in the template of component MemberOnboardingComponent.

    src/app/pages/member-onboarding/member-onboarding.component.ts:51:17:
[37m      51 Γöé     templateUrl: 
[32m'./member-onboarding.component.html'[37m,
         Γò╡                  [32m~~~~~~~~~~~~~~~~~~~~~~~~~~~~~~~~~~~~[0m


[31mX [41;31m[[41;97mERROR[41;31m][0m [1mNG0: Type '{}' is missing 
the following properties from type 'any[]': length, pop, push, concat, and 
29 more.[0m [1m[35m[plugin angular-compiler][0m

    
src/app/pages/member-onboarding/member-onboarding.component.html:325:26:
[37m      325 Γöé                 <p-table 
[[32mvalue[37m]="premiumSettings()!.extendedFami...
          Γò╡                           [32m~~~~~[0m

  Error occurs in the template of component MemberOnboardingComponent.

    src/app/pages/member-onboarding/member-onboarding.component.ts:51:17:
[37m      51 Γöé     templateUrl: 
[32m'./member-onboarding.component.html'[37m,
         Γò╡                  [32m~~~~~~~~~~~~~~~~~~~~~~~~~~~~~~~~~~~~[0m


[31mX [41;31m[[41;97mERROR[41;31m][0m [1mTS2307: Cannot find module 
'../../../core/services/models' or its corresponding type 
declarations.[0m [1m[35m[plugin angular-compiler][0m

    src/app/pages/member-onboarding/steps/banking-details-step.component.ts
:14:7:
[37m      14 Γöé } from [32m'../../../core/services/models'[37m;
         Γò╡        [32m~~~~~~~~~~~~~~~~~~~~~~~~~~~~~~~[0m


[31mX [41;31m[[41;97mERROR[41;31m][0m [1mTS2551: Property 
'getApiMembersGetByIdId' does not exist on type 'MembersService'. Did you 
mean 'getApiMemberMemberGetByIdId'?[0m [1m[35m[plugin 
angular-compiler][0m

    src/app/pages/member-onboarding/steps/personal-info-step.component.ts:1
46:27:
[37m      146 Γöé ...  
this.memberService.[32mgetApiMembersGetByIdId[37m(memberId).subscribe({
          Γò╡                         [32m~~~~~~~~~~~~~~~~~~~~~~[0m

  'getApiMemberMemberGetByIdId' is declared here.

    src/app/core/services/generated/members/members.service.ts:69:1:
[37m      69 Γöé  [32mgetApiMemberMemberGetByIdId[37m<TData = 
MemberDto>(id: string, option...
         Γò╡  [32m~~~~~~~~~~~~~~~~~~~~~~~~~~~[0m


[31mX [41;31m[[41;97mERROR[41;31m][0m [1mTS2358: The left-hand side 
of an 'instanceof' expression must be of type 'any', an object type or a 
type parameter.[0m [1m[35m[plugin angular-compiler][0m

    src/app/pages/member-onboarding/steps/personal-info-step.component.ts:2
94:21:
[37m      294 Γöé                     ([32mmember.dateOfBirth[37m 
instanceof Date ?
          Γò╡                      [32m~~~~~~~~~~~~~~~~~~[0m


[31mX [41;31m[[41;97mERROR[41;31m][0m [1mTS2551: Property 
'putApiMembersUpdateMemberIdMember' does not exist on type 
'MembersService'. Did you mean 'putApiMemberMemberUpdateMemberId'?[0m 
[1m[35m[plugin angular-compiler][0m

    src/app/pages/member-onboarding/steps/personal-info-step.component.ts:3
00:31:
[37m      300 Γöé ....memberService.[32mputApiMembersUpdateMemberIdMember
[37m(memberDto.id,...
          Γò╡                   [32m~~~~~~~~~~~~~~~~~~~~~~~~~~~~~~~~~[0m

  'putApiMemberMemberUpdateMemberId' is declared here.

    src/app/core/services/generated/members/members.service.ts:154:1:
[37m      154 Γöé  [32mputApiMemberMemberUpdateMemberId[37m<TData = 
void>(id: string,
          Γò╡  [32m~~~~~~~~~~~~~~~~~~~~~~~~~~~~~~~~[0m


[31mX [41;31m[[41;97mERROR[41;31m][0m [1mTS2551: Property 
'getApiDocumentRequirementsGetRequiredDocumentsMemberId' does not exist on 
type 'DocumentRequirementsService'. Did you mean 'getApiDocumentRequirement
DocumentRequirementGetRequiredDocumentsMemberId'?[0m [1m[35m[plugin 
angular-compiler][0m

    src/app/pages/member-onboarding/steps/personal-info-step.component.ts:5
19:40:
[37m      519 Γöé ...ntService.[32mgetApiDocumentRequirementsGetRequiredD
ocumentsMember[37m...
          Γò╡              
[32m~~~~~~~~~~~~~~~~~~~~~~~~~~~~~~~~~~~~~~~~~~~~~~~~~~~~[0m

  
'getApiDocumentRequirementDocumentRequirementGetRequiredDocumentsMemberId' 
is declared here.

    src/app/core/services/generated/document-requirements/document-requirem
ents.service.ts:64:1:
[37m      64 Γöé  [32mgetApiDocumentRequirementDocumentRequirementGetRequ
iredDocumentsM[37m...
         Γò╡  
[32m~~~~~~~~~~~~~~~~~~~~~~~~~~~~~~~~~~~~~~~~~~~~~~~~~~~~~~~~~~~~~~~~~[0m


[31mX [41;31m[[41;97mERROR[41;31m][0m [1mTS2724: 
'"../../core/services/service-proxies"' has no exported member named 
'PersonnelServiceProxy'. Did you mean 'PermissionServiceProxy'?[0m 
[1m[35m[plugin angular-compiler][0m

    src/app/pages/personnel/personnel.component.ts:14:9:
[37m      14 Γöé import { [32mPersonnelServiceProxy[37m, 
FuneralEventDto } from '../../core...
         Γò╡          [32m~~~~~~~~~~~~~~~~~~~~~[0m

  'PermissionServiceProxy' is declared here.

    src/app/core/services/service-proxies.ts:7125:13:
[37m      7125 Γöé export class [32mPermissionServiceProxy[37m {
           Γò╡              [32m~~~~~~~~~~~~~~~~~~~~~~[0m


[31mX [41;31m[[41;97mERROR[41;31m][0m [1mTS-992003: No suitable 
injection token for parameter 'personnelService' of class 
'PersonnelComponent'.
  Consider using the @Inject decorator to specify an injection token.[0m 
[1m[35m[plugin angular-compiler][0m

    src/app/pages/personnel/personnel.component.ts:53:16:
[37m      53 Γöé         private [32mpersonnelService[37m: 
PersonnelServiceProxy,
         Γò╡                 [32m~~~~~~~~~~~~~~~~[0m

  This type does not have a value, so it cannot be used as injection token.

    src/app/pages/personnel/personnel.component.ts:53:34:
[37m      53 Γöé         private personnelService: 
[32mPersonnelServiceProxy[37m,
         Γò╡                                   
[32m~~~~~~~~~~~~~~~~~~~~~[0m


[31mX [41;31m[[41;97mERROR[41;31m][0m [1mTS2305: Module 
'"../../core/services/service-proxies"' has no exported member 
'PolicyAttributeDto'.[0m [1m[35m[plugin angular-compiler][0m

    src/app/pages/policy-attributes/policy-attributes.component.ts:20:9:
[37m      20 Γöé import { [32mPolicyAttributeDto[37m, 
PolicyAttributeServiceProxy } from '....
         Γò╡          [32m~~~~~~~~~~~~~~~~~~[0m


[31mX [41;31m[[41;97mERROR[41;31m][0m [1mTS2724: 
'"../../core/services/service-proxies"' has no exported member named 
'PolicyAttributeServiceProxy'. Did you mean 'PolicyServiceProxy'?[0m 
[1m[35m[plugin angular-compiler][0m

    src/app/pages/policy-attributes/policy-attributes.component.ts:20:29:
[37m      20 Γöé ...licyAttributeDto, 
[32mPolicyAttributeServiceProxy[37m } from '../../cor...
         Γò╡                      [32m~~~~~~~~~~~~~~~~~~~~~~~~~~~[0m

  'PolicyServiceProxy' is declared here.

    src/app/core/services/service-proxies.ts:7252:13:
[37m      7252 Γöé export class [32mPolicyServiceProxy[37m {
           Γò╡              [32m~~~~~~~~~~~~~~~~~~[0m


[31mX [41;31m[[41;97mERROR[41;31m][0m [1mTS-992003: No suitable 
injection token for parameter 'policyAttributeService' of class 
'PolicyAttributesComponent'.
  Consider using the @Inject decorator to specify an injection token.[0m 
[1m[35m[plugin angular-compiler][0m

    src/app/pages/policy-attributes/policy-attributes.component.ts:79:16:
[37m      79 Γöé         private [32mpolicyAttributeService[37m: 
PolicyAttributeServiceProxy
         Γò╡                 [32m~~~~~~~~~~~~~~~~~~~~~~[0m

  This type does not have a value, so it cannot be used as injection token.

    src/app/pages/policy-attributes/policy-attributes.component.ts:79:40:
[37m      79 Γöé         private policyAttributeService: 
[32mPolicyAttributeServiceProxy[37m
         Γò╡                                         
[32m~~~~~~~~~~~~~~~~~~~~~~~~~~~[0m


[31mX [41;31m[[41;97mERROR[41;31m][0m [1mTS2304: Cannot find name 
'PolicyAttributeDto'.[0m [1m[35m[plugin angular-compiler][0m

    src/app/pages/policy/policy.component.ts:133:13:
[37m      133 Γöé         } as [32mPolicyAttributeDto[37m;
          Γò╡              [32m~~~~~~~~~~~~~~~~~~[0m


[31mX [41;31m[[41;97mERROR[41;31m][0m [1mTS2304: Cannot find name 
'PolicyAttributeDto'.[0m [1m[35m[plugin angular-compiler][0m

    src/app/pages/policy/policy.component.ts:137:35:
[37m      137 Γöé     editPolicyAttribute(attribute: 
[32mPolicyAttributeDto[37m) {
          Γò╡                                    
[32m~~~~~~~~~~~~~~~~~~[0m


[31mX [41;31m[[41;97mERROR[41;31m][0m [1mTS2305: Module 
'"../../core/services/service-proxies"' has no exported member 'Role'.[0m 
[1m[35m[plugin angular-compiler][0m

    src/app/pages/roles/roles.component.ts:15:27:
[37m      15 Γöé import { RoleServiceProxy, [32mRole[37m, 
PermissionServiceProxy, Permissio...
         Γò╡                            [32m~~~~[0m


[31mX [41;31m[[41;97mERROR[41;31m][0m [1mTS2724: 
'"../../core/services/service-proxies"' has no exported member named 
'Permission'. Did you mean 'PermissionDto'?[0m [1m[35m[plugin 
angular-compiler][0m

    src/app/pages/roles/roles.component.ts:15:57:
[37m      15 Γöé ...e, PermissionServiceProxy, [32mPermission[37m, 
RolePermissionServicePro...
         Γò╡                               [32m~~~~~~~~~~[0m


[31mX [41;31m[[41;97mERROR[41;31m][0m [1mTS2724: 
'"../../core/services/service-proxies"' has no exported member named 
'RolePermissionServiceProxy'. Did you mean 'PermissionServiceProxy'?[0m 
[1m[35m[plugin angular-compiler][0m

    src/app/pages/roles/roles.component.ts:15:69:
[37m      15 Γöé ...Proxy, Permission, 
[32mRolePermissionServiceProxy[37m, RolePermission, ...
         Γò╡                       [32m~~~~~~~~~~~~~~~~~~~~~~~~~~[0m

  'PermissionServiceProxy' is declared here.

    src/app/core/services/service-proxies.ts:7125:13:
[37m      7125 Γöé export class [32mPermissionServiceProxy[37m {
           Γò╡              [32m~~~~~~~~~~~~~~~~~~~~~~[0m


[31mX [41;31m[[41;97mERROR[41;31m][0m [1mTS2305: Module 
'"../../core/services/service-proxies"' has no exported member 
'RolePermission'.[0m [1m[35m[plugin angular-compiler][0m

    src/app/pages/roles/roles.component.ts:15:97:
[37m      15 Γöé ...ePermissionServiceProxy, [32mRolePermission[37m, 
RoleDto, PermissionDto...
         Γò╡                             [32m~~~~~~~~~~~~~~[0m


[31mX [41;31m[[41;97mERROR[41;31m][0m [1mTS2305: Module 
'"../../core/services/service-proxies"' has no exported member 
'RoleInput'.[0m [1m[35m[plugin angular-compiler][0m

    src/app/pages/roles/roles.component.ts:15:137:
[37m      15 Γöé ...n, RoleDto, PermissionDto, [32mRoleInput[37m, 
CreateRolePermissionDto }...
         Γò╡                               [32m~~~~~~~~~[0m


[31mX [41;31m[[41;97mERROR[41;31m][0m [1mTS2305: Module 
'"../../core/services/service-proxies"' has no exported member 
'CreateRolePermissionDto'.[0m [1m[35m[plugin angular-compiler][0m

    src/app/pages/roles/roles.component.ts:15:148:
[37m      15 Γöé ...sionDto, RoleInput, [32mCreateRolePermissionDto[37m 
} from '../../core/...
         Γò╡                        [32m~~~~~~~~~~~~~~~~~~~~~~~[0m


[31mX [41;31m[[41;97mERROR[41;31m][0m [1mTS-992003: No suitable 
injection token for parameter 'rolePermissionService' of class 
'RolesComponent'.
  Consider using the @Inject decorator to specify an injection token.[0m 
[1m[35m[plugin angular-compiler][0m

    src/app/pages/roles/roles.component.ts:49:16:
[37m      49 Γöé         private [32mrolePermissionService[37m: 
RolePermissionServiceProxy
         Γò╡                 [32m~~~~~~~~~~~~~~~~~~~~~[0m

  This type does not have a value, so it cannot be used as injection token.

    src/app/pages/roles/roles.component.ts:49:39:
[37m      49 Γöé         private rolePermissionService: 
[32mRolePermissionServiceProxy[37m
         Γò╡                                        
[32m~~~~~~~~~~~~~~~~~~~~~~~~~~[0m


[31mX [41;31m[[41;97mERROR[41;31m][0m [1mTS2724: 
'"../../core/services/service-proxies"' has no exported member named 
'TimesheetServiceProxy'. Did you mean 'AssetServiceProxy'?[0m 
[1m[35m[plugin angular-compiler][0m

    src/app/pages/timesheets/timesheets.component.ts:16:9:
[37m      16 Γöé import { [32mTimesheetServiceProxy[37m, 
TimesheetEntryDto } from '../../co...
         Γò╡          [32m~~~~~~~~~~~~~~~~~~~~~[0m

  'AssetServiceProxy' is declared here.

    src/app/core/services/service-proxies.ts:732:13:
[37m      732 Γöé export class [32mAssetServiceProxy[37m {
          Γò╡              [32m~~~~~~~~~~~~~~~~~[0m


[31mX [41;31m[[41;97mERROR[41;31m][0m [1mTS2305: Module 
'"../../core/services/service-proxies"' has no exported member 
'TimesheetEntryDto'.[0m [1m[35m[plugin angular-compiler][0m

    src/app/pages/timesheets/timesheets.component.ts:16:32:
[37m      16 Γöé ...TimesheetServiceProxy, [32mTimesheetEntryDto[37m } 
from '../../core/ser...
         Γò╡                           [32m~~~~~~~~~~~~~~~~~[0m


[31mX [41;31m[[41;97mERROR[41;31m][0m [1mTS-992003: No suitable 
injection token for parameter 'timesheetService' of class 
'TimesheetsComponent'.
  Consider using the @Inject decorator to specify an injection token.[0m 
[1m[35m[plugin angular-compiler][0m

    src/app/pages/timesheets/timesheets.component.ts:36:16:
[37m      36 Γöé         private [32mtimesheetService[37m: 
TimesheetServiceProxy,
         Γò╡                 [32m~~~~~~~~~~~~~~~~[0m

  This type does not have a value, so it cannot be used as injection token.

    src/app/pages/timesheets/timesheets.component.ts:36:34:
[37m      36 Γöé         private timesheetService: 
[32mTimesheetServiceProxy[37m,
         Γò╡                                   
[32m~~~~~~~~~~~~~~~~~~~~~[0m

[39m[22m
